Archive member included to satisfy reference by file (symbol)

c:/nxp/mcuxpressoide_10.2.0_759/ide/tools/bin/../lib/gcc/arm-none-eabi/7.2.1/../../../../arm-none-eabi/lib/thumb/v7e-m/fpv4-sp/hard\libcr_c.a(memset.o)
                              ./source/waveGen.o (memset)
c:/nxp/mcuxpressoide_10.2.0_759/ide/tools/bin/../lib/gcc/arm-none-eabi/7.2.1/../../../../arm-none-eabi/lib/thumb/v7e-m/fpv4-sp/hard\libcr_c.a(sin.o)
                              ./source/waveGen.o (sin)
c:/nxp/mcuxpressoide_10.2.0_759/ide/tools/bin/../lib/gcc/arm-none-eabi/7.2.1/../../../../arm-none-eabi/lib/thumb/v7e-m/fpv4-sp/hard\libcr_c.a(_sincos.o)
                              c:/nxp/mcuxpressoide_10.2.0_759/ide/tools/bin/../lib/gcc/arm-none-eabi/7.2.1/../../../../arm-none-eabi/lib/thumb/v7e-m/fpv4-sp/hard\libcr_c.a(sin.o) (_sincos)
c:/nxp/mcuxpressoide_10.2.0_759/ide/tools/bin/../lib/gcc/arm-none-eabi/7.2.1/../../../../arm-none-eabi/lib/thumb/v7e-m/fpv4-sp/hard\libcr_c.a(errno.o)
                              c:/nxp/mcuxpressoide_10.2.0_759/ide/tools/bin/../lib/gcc/arm-none-eabi/7.2.1/../../../../arm-none-eabi/lib/thumb/v7e-m/fpv4-sp/hard\libcr_c.a(_sincos.o) (errno)
c:/nxp/mcuxpressoide_10.2.0_759/ide/tools/bin/../lib/gcc/arm-none-eabi/7.2.1/../../../../arm-none-eabi/lib/thumb/v7e-m/fpv4-sp/hard\libcr_c.a(fabs.o)
                              c:/nxp/mcuxpressoide_10.2.0_759/ide/tools/bin/../lib/gcc/arm-none-eabi/7.2.1/../../../../arm-none-eabi/lib/thumb/v7e-m/fpv4-sp/hard\libcr_c.a(_sincos.o) (fabs)
c:/nxp/mcuxpressoide_10.2.0_759/ide/tools/bin/../lib/gcc/arm-none-eabi/7.2.1/../../../../arm-none-eabi/lib/thumb/v7e-m/fpv4-sp/hard\libcr_c.a(_hugeval.o)
                              c:/nxp/mcuxpressoide_10.2.0_759/ide/tools/bin/../lib/gcc/arm-none-eabi/7.2.1/../../../../arm-none-eabi/lib/thumb/v7e-m/fpv4-sp/hard\libcr_c.a(_sincos.o) (__huge_val)
c:/nxp/mcuxpressoide_10.2.0_759/ide/tools/bin/../lib/gcc/arm-none-eabi/7.2.1/thumb/v7e-m/fpv4-sp/hard\libcr_eabihelpers.a(double.o)
                              ./source/FTM.o (__aeabi_dmul)
c:/nxp/mcuxpressoide_10.2.0_759/ide/tools/bin/../lib/gcc/arm-none-eabi/7.2.1/thumb/v7e-m/fpv4-sp/hard\libcr_eabihelpers.a(float.o)
                              ./source/FTM.o (__aeabi_f2d)
c:/nxp/mcuxpressoide_10.2.0_759/ide/tools/bin/../lib/gcc/arm-none-eabi/7.2.1/thumb/v7e-m/fpv4-sp/hard\libcr_eabihelpers.a(memcpy.o)
                              c:/nxp/mcuxpressoide_10.2.0_759/ide/tools/bin/../lib/gcc/arm-none-eabi/7.2.1/../../../../arm-none-eabi/lib/thumb/v7e-m/fpv4-sp/hard\libcr_c.a(memset.o) (__aeabi_lowlevel_memset)

Discarded input sections

 .group         0x00000000        0xc ./source/ADC.o
 .text          0x00000000        0x0 ./source/ADC.o
 .data          0x00000000        0x0 ./source/ADC.o
 .bss           0x00000000        0x0 ./source/ADC.o
 .debug_info    0x00000000       0x21 ./source/ADC.o
 .debug_abbrev  0x00000000       0x13 ./source/ADC.o
 .debug_aranges
                0x00000000       0x18 ./source/ADC.o
 .debug_macro   0x00000000       0x1b ./source/ADC.o
 .debug_macro   0x00000000      0xa5a ./source/ADC.o
 .debug_line    0x00000000       0x39 ./source/ADC.o
 .debug_str     0x00000000     0x2d16 ./source/ADC.o
 .comment       0x00000000       0x7f ./source/ADC.o
 .ARM.attributes
                0x00000000       0x39 ./source/ADC.o
 .group         0x00000000        0xc ./source/App.o
 .group         0x00000000        0xc ./source/App.o
 .group         0x00000000        0xc ./source/App.o
 .group         0x00000000        0xc ./source/App.o
 .group         0x00000000        0xc ./source/App.o
 .group         0x00000000        0xc ./source/App.o
 .group         0x00000000        0xc ./source/App.o
 .group         0x00000000        0xc ./source/App.o
 .group         0x00000000        0xc ./source/App.o
 .group         0x00000000        0xc ./source/App.o
 .group         0x00000000        0xc ./source/App.o
 .group         0x00000000        0xc ./source/App.o
 .group         0x00000000        0xc ./source/App.o
 .group         0x00000000        0xc ./source/App.o
 .group         0x00000000        0xc ./source/App.o
 .group         0x00000000        0xc ./source/App.o
 .group         0x00000000        0xc ./source/App.o
 .group         0x00000000        0xc ./source/App.o
 .group         0x00000000        0xc ./source/App.o
 .group         0x00000000        0xc ./source/App.o
 .group         0x00000000        0xc ./source/App.o
 .group         0x00000000        0xc ./source/App.o
 .group         0x00000000        0xc ./source/App.o
 .group         0x00000000        0xc ./source/App.o
 .group         0x00000000        0xc ./source/App.o
 .group         0x00000000        0xc ./source/App.o
 .group         0x00000000        0xc ./source/App.o
 .group         0x00000000        0xc ./source/App.o
 .text          0x00000000        0x0 ./source/App.o
 .data          0x00000000        0x0 ./source/App.o
 .bss           0x00000000        0x0 ./source/App.o
[...]
Memory Configuration

Name             Origin             Length             Attributes
PROGRAM_FLASH    0x00000000         0x00100000         xr
SRAM_UPPER       0x20000000         0x00030000         xrw
SRAM_LOWER       0x1fff0000         0x00010000         xrw
FLEX_RAM         0x14000000         0x00001000         xrw
*default*        0x00000000         0xffffffff

Linker script and memory map

LOAD ./source/ADC.o
LOAD ./source/App.o
LOAD ./source/DAC.o
LOAD ./source/FTM.o
LOAD ./source/PIT.o
LOAD ./source/SysTick.o
LOAD ./source/bitStreamQueue.o
LOAD ./source/comController2pc.o
LOAD ./source/gpio.o
LOAD ./source/measureFreq.o
LOAD ./source/timer.o
LOAD ./source/uart.o
LOAD ./source/waveGen.o
LOAD ./SDK/startup/hardware.o
LOAD ./SDK/startup/main.o
LOAD ./SDK/startup/semihost_hardfault.o
LOAD ./SDK/startup/startup_mk64f12.o
LOAD ./SDK/CMSIS/system_MK64F12.o
START GROUP
LOAD c:/nxp/mcuxpressoide_10.2.0_759/ide/tools/bin/../lib/gcc/arm-none-eabi/7.2.1/../../../../arm-none-eabi/lib/thumb/v7e-m/fpv4-sp/hard\libcr_c.a
LOAD c:/nxp/mcuxpressoide_10.2.0_759/ide/tools/bin/../lib/gcc/arm-none-eabi/7.2.1/thumb/v7e-m/fpv4-sp/hard\libcr_eabihelpers.a
END GROUP
                0x00000000                __base_PROGRAM_FLASH = 0x0
                0x00000000                __base_Flash = 0x0
                0x00100000                __top_PROGRAM_FLASH = 0x100000
                0x00100000                __top_Flash = 0x100000
                0x20000000                __base_SRAM_UPPER = 0x20000000
                0x20000000                __base_RAM = 0x20000000
                0x20030000                __top_SRAM_UPPER = 0x20030000
                0x20030000                __top_RAM = 0x20030000
                0x1fff0000                __base_SRAM_LOWER = 0x1fff0000
                0x1fff0000                __base_RAM2 = 0x1fff0000
                0x20000000                __top_SRAM_LOWER = 0x20000000
                0x20000000                __top_RAM2 = 0x20000000
                0x14000000                __base_FLEX_RAM = 0x14000000
                0x14000000                __base_RAM3 = 0x14000000
                0x14001000                __top_FLEX_RAM = 0x14001000
                0x14001000                __top_RAM3 = 0x14001000

.text           0x00000000     0x30b0
 FILL mask 0xff
                0x00000000                __vectors_start__ = ABSOLUTE (.)
 *(SORT_BY_ALIGNMENT(.isr_vector))
 .isr_vector    0x00000000      0x198 ./SDK/startup/startup_mk64f12.o
                0x00000000                g_pfnVectors
                0x00000000                __Vectors
                0x00000198                . = ALIGN (0x4)
                0x00000198                __section_table_start = .
                0x00000198                __data_section_table = .
                0x00000198        0x4 LONG 0x30b0 LOADADDR (.data)
                0x0000019c        0x4 LONG 0x20000000 ADDR (.data)
                0x000001a0        0x4 LONG 0x58 SIZEOF (.data)
                0x000001a4        0x4 LONG 0x30b0 LOADADDR (.data_RAM2)
                0x000001a8        0x4 LONG 0x1fff0000 ADDR (.data_RAM2)
                0x000001ac        0x4 LONG 0x0 SIZEOF (.data_RAM2)
                0x000001b0        0x4 LONG 0x30b0 LOADADDR (.data_RAM3)
                0x000001b4        0x4 LONG 0x14000000 ADDR (.data_RAM3)
                0x000001b8        0x4 LONG 0x0 SIZEOF (.data_RAM3)
                0x000001bc                __data_section_table_end = .
                0x000001bc                __bss_section_table = .
                0x000001bc        0x4 LONG 0x20000058 ADDR (.bss)
                0x000001c0        0x4 LONG 0x8c8 SIZEOF (.bss)
                0x000001c4        0x4 LONG 0x1fff0000 ADDR (.bss_RAM2)
                0x000001c8        0x4 LONG 0x0 SIZEOF (.bss_RAM2)
                0x000001cc        0x4 LONG 0x14000000 ADDR (.bss_RAM3)
                0x000001d0        0x4 LONG 0x0 SIZEOF (.bss_RAM3)
                0x000001d4                __bss_section_table_end = .
                0x000001d4                __section_table_end = .
 *(SORT_BY_ALIGNMENT(.after_vectors*))
 .after_vectors.reset
                0x000001d4       0x4c ./SDK/startup/startup_mk64f12.o
                0x000001d4                ResetISR
 .after_vectors
                0x00000220       0x14 ./SDK/startup/startup_mk64f12.o
                0x00000220                NMI_Handler
                0x00000224                MemManage_Handler
                0x00000226                BusFault_Handler
                0x00000228                UsageFault_Handler
                0x0000022a                SVC_Handler
                0x0000022c                DebugMon_Handler
                0x0000022e                PendSV_Handler
                0x00000232                DMA_Error_DriverIRQHandler
                0x00000232                LPTMR0_DriverIRQHandler
                0x00000232                FTM1_DriverIRQHandler
                0x00000232                FTM2_DriverIRQHandler
                0x00000232                PIT2_DriverIRQHandler
                0x00000232                SDHC_DriverIRQHandler
                0x00000232                I2S0_Tx_DriverIRQHandler
                0x00000232                RTC_Seconds_DriverIRQHandler
                0x00000232                DMA6_DriverIRQHandler
                0x00000232                LLWU_DriverIRQHandler
                0x00000232                MCM_DriverIRQHandler
                0x00000232                MCG_DriverIRQHandler
                0x00000232                ENET_1588_Timer_DriverIRQHandler
                0x00000232                I2C2_DriverIRQHandler
                0x00000232                DAC1_DriverIRQHandler
                0x00000232                SPI1_DriverIRQHandler
                0x00000232                CMP1_DriverIRQHandler
                0x00000232                UART5_RX_TX_DriverIRQHandler
                0x00000232                FTM0_DriverIRQHandler
                0x00000232                IntDefaultHandler
                0x00000232                USB0_DriverIRQHandler
                0x00000232                UART5_ERR_DriverIRQHandler
                0x00000232                PORTC_DriverIRQHandler
                0x00000232                DMA11_DriverIRQHandler
                0x00000232                DAC0_DriverIRQHandler
                0x00000232                DMA10_DriverIRQHandler
                0x00000232                CMP2_DriverIRQHandler
                0x00000232                UART2_ERR_DriverIRQHandler
                0x00000232                SPI2_DriverIRQHandler
                0x00000232                LVD_LVW_DriverIRQHandler
                0x00000232                PIT0_DriverIRQHandler
                0x00000232                RNG_DriverIRQHandler
                0x00000232                DMA5_DriverIRQHandler
                0x00000232                DMA12_DriverIRQHandler
                0x00000232                UART2_RX_TX_DriverIRQHandler
                0x00000232                USBDCD_DriverIRQHandler
                0x00000232                UART3_ERR_DriverIRQHandler
                0x00000232                DMA3_DriverIRQHandler
                0x00000232                DMA8_DriverIRQHandler
                0x00000232                DMA9_DriverIRQHandler
                0x00000232                UART0_ERR_DriverIRQHandler
                0x00000232                CMT_DriverIRQHandler
                0x00000232                Reserved71_DriverIRQHandler
                0x00000232                ADC1_DriverIRQHandler
                0x00000232                PORTA_DriverIRQHandler
                0x00000232                DMA14_DriverIRQHandler
                0x00000232                PIT3_DriverIRQHandler
                0x00000232                PIT1_DriverIRQHandler
                0x00000232                WDOG_EWM_DriverIRQHandler
                0x00000232                PDB0_DriverIRQHandler
                0x00000232                RTC_DriverIRQHandler
                0x00000232                I2S0_Rx_DriverIRQHandler
                0x00000232                Read_Collision_DriverIRQHandler
                0x00000232                SWI_DriverIRQHandler
                0x00000232                UART4_RX_TX_DriverIRQHandler
                0x00000232                UART4_ERR_DriverIRQHandler
                0x00000232                PORTB_DriverIRQHandler
                0x00000232                UART0_LON_DriverIRQHandler
                0x00000232                DMA0_DriverIRQHandler
                0x00000232                DMA1_DriverIRQHandler
                0x00000232                I2C1_DriverIRQHandler
                0x00000232                UART3_RX_TX_DriverIRQHandler
                0x00000232                ENET_Receive_DriverIRQHandler
                0x00000232                DMA13_DriverIRQHandler
                0x00000232                ENET_Error_DriverIRQHandler
                0x00000232                DMA15_DriverIRQHandler
                0x00000232                UART0_RX_TX_DriverIRQHandler
                0x00000232                SPI0_DriverIRQHandler
                0x00000232                ADC0_DriverIRQHandler
                0x00000232                CMP0_DriverIRQHandler
                0x00000232                CAN0_DriverIRQHandler
                0x00000232                FTM3_DriverIRQHandler
                0x00000232                DMA4_DriverIRQHandler
                0x00000232                UART1_ERR_DriverIRQHandler
                0x00000232                DMA2_DriverIRQHandler
                0x00000232                ENET_Transmit_DriverIRQHandler
                0x00000232                PORTD_DriverIRQHandler
                0x00000232                PORTE_DriverIRQHandler
                0x00000232                FTFE_DriverIRQHandler
                0x00000232                I2C0_DriverIRQHandler
                0x00000232                DMA7_DriverIRQHandler
                0x00000232                UART1_RX_TX_DriverIRQHandler
 .after_vectors.init_data
                0x00000234       0x1e ./SDK/startup/startup_mk64f12.o
                0x00000234                data_init
 .after_vectors.init_bss
                0x00000252       0x12 ./SDK/startup/startup_mk64f12.o
                0x00000252                bss_init
                0x00000400                . = 0x400
 *fill*         0x00000264      0x19c ff
                0x00000400                PROVIDE (__FLASH_CONFIG_START__, .)
 *(SORT_BY_ALIGNMENT(.FlashConfig))
 .FlashConfig   0x00000400       0x10 ./SDK/startup/startup_mk64f12.o
                0x00000400                Flash_Config
                0x00000410                PROVIDE (__FLASH_CONFIG_END__, .)
                0x00000001                ASSERT (! ((__FLASH_CONFIG_START__ == __FLASH_CONFIG_END__)), Linker Flash Config Support Enabled, but no .FlashConfig section provided within application)
 *(SORT_BY_ALIGNMENT(.text*))
 .text.senoidalInit
                0x00000410       0xc0 ./source/waveGen.o
                0x00000410                senoidalInit
 .text._sincos  0x000004d0      0x214 c:/nxp/mcuxpressoide_10.2.0_759/ide/tools/bin/../lib/gcc/arm-none-eabi/7.2.1/../../../../arm-none-eabi/lib/thumb/v7e-m/fpv4-sp/hard\libcr_c.a(_sincos.o)
                0x000004d0                _sincos
 .text.FMcallback
                0x000006e4       0x34 ./source/App.o
                0x000006e4                FMcallback
 .text.App_Init
                0x00000718       0x90 ./source/App.o
                0x00000718                App_Init
 .text.App_Run  0x000007a8       0x58 ./source/App.o
                0x000007a8                App_Run
 .text.writeDACdata
                0x00000800       0x24 ./source/DAC.o
                0x00000800                writeDACdata
 .text.shapeValue2DACdata
                0x00000824       0x40 ./source/DAC.o
                0x00000824                shapeValue2DACdata
 .text.DACclockGating
                0x00000864       0x28 ./source/DAC.o
                0x00000864                DACclockGating
 .text.DACinit  0x0000088c      0x104 ./source/DAC.o
                0x0000088c                DACinit
 .text.updateSoftwareTrigger
                0x00000990       0x20 ./source/DAC.o
                0x00000990                updateSoftwareTrigger
 .text.DACgetBFreadPointer
                0x000009b0       0x1c ./source/DAC.o
                0x000009b0                DACgetBFreadPointer
 .text.DAC0_IRQHandler
                0x000009cc       0x54 ./source/DAC.o
                0x000009cc                DAC0_IRQHandler
 .text.__NVIC_EnableIRQ
                0x00000a20       0x3c ./source/FTM.o
 .text.FTMinit  0x00000a5c      0x554 ./source/FTM.o
                0x00000a5c                FTMinit
 .text.setFTMtimer
                0x00000fb0       0xd8 ./source/FTM.o
                0x00000fb0                setFTMtimer
 .text.FTMclockGating
                0x00001088       0x8c ./source/FTM.o
                0x00001088                FTMclockGating
 .text.updatePWMduty
                0x00001114       0x98 ./source/FTM.o
                0x00001114                updatePWMduty
 .text.shapeDuty2cnv
                0x000011ac       0x84 ./source/FTM.o
                0x000011ac                shapeDuty2cnv
 .text.getPWMduty
                0x00001230       0x74 ./source/FTM.o
                0x00001230                getPWMduty
 .text.updatePWMperiod
                0x000012a4       0xb0 ./source/FTM.o
                0x000012a4                updatePWMperiod
 .text.updateCnV
                0x00001354       0x34 ./source/FTM.o
                0x00001354                updateCnV
 .text.getCnV   0x00001388       0x4c ./source/FTM.o
                0x00001388                getCnV
 .text.getMOD_FTM
                0x000013d4       0x44 ./source/FTM.o
                0x000013d4                getMOD_FTM
 .text.enablePinFTM
                0x00001418       0x50 ./source/FTM.o
                0x00001418                enablePinFTM
 .text.getPrescalerFactor
                0x00001468       0x80 ./source/FTM.o
                0x00001468                getPrescalerFactor
 .text.softwareFTMtrigger
                0x000014e8       0x4c ./source/FTM.o
                0x000014e8                softwareFTMtrigger
 .text.FTMx_IRQHandler
                0x00001534       0xe4 ./source/FTM.o
                0x00001534                FTMx_IRQHandler
 .text.PITenableClock
                0x00001618       0x20 ./source/PIT.o
 .text.PITtimerSet
                0x00001638       0x58 ./source/PIT.o
 .text.PITinit  0x00001690      0x114 ./source/PIT.o
                0x00001690                PITinit
 .text.PITmodifyTimer
                0x000017a4       0x1c ./source/PIT.o
                0x000017a4                PITmodifyTimer
 .text.PIT0_IRQHandler
                0x000017c0       0x24 ./source/PIT.o
                0x000017c0                PIT0_IRQHandler
 .text.PIT1_IRQHandler
                0x000017e4       0x24 ./source/PIT.o
                0x000017e4                PIT1_IRQHandler
 .text.PIT2_IRQHandler
                0x00001808       0x24 ./source/PIT.o
                0x00001808                PIT2_IRQHandler
 .text.PIT3_IRQHandler
                0x0000182c       0x24 ./source/PIT.o
                0x0000182c                PIT3_IRQHandler
 .text.SysTick_Init
                0x00001850       0x2c ./source/SysTick.o
                0x00001850                SysTick_Init
 .text.SysTick_Handler
                0x0000187c       0x10 ./source/SysTick.o
                0x0000187c                SysTick_Handler
 .text.PORTX_IRQHandler
                0x0000188c       0x5c ./source/gpio.o
                0x0000188c                PORTX_IRQHandler
 .text.gpioMode
                0x000018e8       0x98 ./source/gpio.o
                0x000018e8                gpioMode
 .text.gpioWrite
                0x00001980       0x40 ./source/gpio.o
                0x00001980                gpioWrite
 .text.measFreqCallback
                0x000019c0       0xec ./source/measureFreq.o
                0x000019c0                measFreqCallback
 .text.initFreqMeasure
                0x00001aac       0x64 ./source/measureFreq.o
                0x00001aac                initFreqMeasure
 .text.getFreqMeasure
                0x00001b10       0x10 ./source/measureFreq.o
                0x00001b10                getFreqMeasure
 .text.isNewMeasReady
                0x00001b20        0xc ./source/measureFreq.o
                0x00001b20                isNewMeasReady
 .text.sysTickCallback
                0x00001b2c       0x34 ./source/timer.o
                0x00001b2c                sysTickCallback
 .text.InitializeTimers
                0x00001b60       0x40 ./source/timer.o
                0x00001b60                InitializeTimers
 .text.SetTimer
                0x00001ba0       0x54 ./source/timer.o
                0x00001ba0                SetTimer
 .text.copyTXmsg
                0x00001bf4       0x50 ./source/uart.o
                0x00001bf4                copyTXmsg
 .text.uartWriteMsg
                0x00001c44       0xbc ./source/uart.o
                0x00001c44                uartWriteMsg
 .text.UARTX_RX_TX_IRQHandler
                0x00001d00      0x118 ./source/uart.o
                0x00001d00                UARTX_RX_TX_IRQHandler
 .text.UART_setBaudRate
                0x00001e18       0x68 ./source/uart.o
                0x00001e18                UART_setBaudRate
 .text.UART_clockGating
                0x00001e80       0x64 ./source/uart.o
                0x00001e80                UART_clockGating
 .text.uartInit
                0x00001ee4      0x1a4 ./source/uart.o
                0x00001ee4                uartInit
 .text.DACcallback
                0x00002088       0x58 ./source/waveGen.o
                0x00002088                DACcallback
 .text.softwareTriggerDAC
                0x000020e0       0x24 ./source/waveGen.o
                0x000020e0                softwareTriggerDAC
 .text.softwareTriggerFTM
                0x00002104       0x50 ./source/waveGen.o
                0x00002104                softwareTriggerFTM
 .text.FTMpwmCallback
                0x00002154       0x50 ./source/waveGen.o
                0x00002154                FTMpwmCallback
 .text.updateWaveFreq
                0x000021a4       0x58 ./source/waveGen.o
                0x000021a4                updateWaveFreq
 .text.sinWaveGen
                0x000021fc       0x88 ./source/waveGen.o
                0x000021fc                sinWaveGen
 .text.pwmSinWaveGen
                0x00002284       0x9c ./source/waveGen.o
                0x00002284                pwmSinWaveGen
 .text.initWaveGen
                0x00002320       0x68 ./source/waveGen.o
                0x00002320                initWaveGen
 .text.hw_Init  0x00002388       0xc0 ./SDK/startup/hardware.o
                0x00002388                hw_Init
 .text.hw_EnableInterrupts
                0x00002448       0x18 ./SDK/startup/hardware.o
                0x00002448                hw_EnableInterrupts
 .text.hw_DisableInterrupts
                0x00002460       0x10 ./SDK/startup/hardware.o
                0x00002460                hw_DisableInterrupts
 .text.SystemInit
                0x00002470       0x34 ./SDK/CMSIS/system_MK64F12.o
                0x00002470                SystemInit
 .text.__aeabi_dmul
                0x000024a4      0x11c c:/nxp/mcuxpressoide_10.2.0_759/ide/tools/bin/../lib/gcc/arm-none-eabi/7.2.1/thumb/v7e-m/fpv4-sp/hard\libcr_eabihelpers.a(double.o)
                0x000024a4                __aeabi_dmul
 .text.__aeabi_ddiv
                0x000025c0      0x138 c:/nxp/mcuxpressoide_10.2.0_759/ide/tools/bin/../lib/gcc/arm-none-eabi/7.2.1/thumb/v7e-m/fpv4-sp/hard\libcr_eabihelpers.a(double.o)
                0x000025c0                __aeabi_ddiv
 .text.__aeabi_dsub
                0x000026f8      0x1b4 c:/nxp/mcuxpressoide_10.2.0_759/ide/tools/bin/../lib/gcc/arm-none-eabi/7.2.1/thumb/v7e-m/fpv4-sp/hard\libcr_eabihelpers.a(double.o)
                0x000026f8                __aeabi_dsub
 .text.__aeabi_dadd
                0x000028ac      0x10c c:/nxp/mcuxpressoide_10.2.0_759/ide/tools/bin/../lib/gcc/arm-none-eabi/7.2.1/thumb/v7e-m/fpv4-sp/hard\libcr_eabihelpers.a(double.o)
                0x000028ac                __aeabi_dadd
 .text.__aeabi_d2f
                0x000029b8       0x54 c:/nxp/mcuxpressoide_10.2.0_759/ide/tools/bin/../lib/gcc/arm-none-eabi/7.2.1/thumb/v7e-m/fpv4-sp/hard\libcr_eabihelpers.a(double.o)
                0x000029b8                __aeabi_d2f
 .text.__aeabi_f2d
                0x00002a0c       0x38 c:/nxp/mcuxpressoide_10.2.0_759/ide/tools/bin/../lib/gcc/arm-none-eabi/7.2.1/thumb/v7e-m/fpv4-sp/hard\libcr_eabihelpers.a(float.o)
                0x00002a0c                __aeabi_f2d
 .text.setFTMprescaler
                0x00002a44       0x34 ./source/FTM.o
                0x00002a44                setFTMprescaler
 .text.FTM0_IRQHandler
                0x00002a78        0xe ./source/FTM.o
                0x00002a78                FTM0_IRQHandler
 .text.FTM1_IRQHandler
                0x00002a86        0xe ./source/FTM.o
                0x00002a86                FTM1_IRQHandler
 .text.FTM2_IRQHandler
                0x00002a94        0xe ./source/FTM.o
                0x00002a94                FTM2_IRQHandler
 .text.PITenable
                0x00002aa2       0x20 ./source/PIT.o
 .text.PITtimerInit
                0x00002ac2       0x3a ./source/PIT.o
 .text.PORTA_IRQHandler
                0x00002afc        0xa ./source/gpio.o
                0x00002afc                PORTA_IRQHandler
 .text.PORTB_IRQHandler
                0x00002b06        0xa ./source/gpio.o
                0x00002b06                PORTB_IRQHandler
 .text.PORTC_IRQHandler
                0x00002b10        0xa ./source/gpio.o
                0x00002b10                PORTC_IRQHandler
 .text.PORTD_IRQHandler
                0x00002b1a        0xa ./source/gpio.o
                0x00002b1a                PORTD_IRQHandler
 .text.PORTE_IRQHandler
                0x00002b24        0xa ./source/gpio.o
                0x00002b24                PORTE_IRQHandler
 .text.isPinValid
                0x00002b2e        0xc ./source/gpio.o
                0x00002b2e                isPinValid
 .text.setPCRmux
                0x00002b3a       0x16 ./source/gpio.o
                0x00002b3a                setPCRmux
 .text.setPCRpullEnable
                0x00002b50        0xe ./source/gpio.o
                0x00002b50                setPCRpullEnable
 .text.setPCRpullUp
                0x00002b5e        0xe ./source/gpio.o
                0x00002b5e                setPCRpullUp
 .text.setPCRpullDown
                0x00002b6c        0xe ./source/gpio.o
                0x00002b6c                setPCRpullDown
 .text.setGPIOddr
                0x00002b7a        0xa ./source/gpio.o
                0x00002b7a                setGPIOddr
 .text.setGPIOdataOut
                0x00002b84       0x16 ./source/gpio.o
                0x00002b84                setGPIOdataOut
 .text.setPCRirqc
                0x00002b9a       0x16 ./source/gpio.o
                0x00002b9a                setPCRirqc
 .text.UART0_LON_IRQHandler
                0x00002bb0        0x2 ./source/uart.o
                0x00002bb0                UART0_LON_IRQHandler
 .text.UART0_RX_TX_IRQHandler
                0x00002bb2        0xa ./source/uart.o
                0x00002bb2                UART0_RX_TX_IRQHandler
 .text.UART0_ERR_IRQHandler
                0x00002bbc        0x2 ./source/uart.o
                0x00002bbc                UART0_ERR_IRQHandler
 .text.UART1_RX_TX_IRQHandler
                0x00002bbe        0xa ./source/uart.o
                0x00002bbe                UART1_RX_TX_IRQHandler
 .text.UART1_ERR_IRQHandler
                0x00002bc8        0x2 ./source/uart.o
                0x00002bc8                UART1_ERR_IRQHandler
 .text.UART2_RX_TX_IRQHandler
                0x00002bca        0xa ./source/uart.o
                0x00002bca                UART2_RX_TX_IRQHandler
 .text.UART2_ERR_IRQHandler
                0x00002bd4        0x2 ./source/uart.o
                0x00002bd4                UART2_ERR_IRQHandler
 .text.UART3_RX_TX_IRQHandler
                0x00002bd6        0xa ./source/uart.o
                0x00002bd6                UART3_RX_TX_IRQHandler
 .text.UART3_ERR_IRQHandler
                0x00002be0        0x2 ./source/uart.o
                0x00002be0                UART3_ERR_IRQHandler
 .text.UART4_RX_TX_IRQHandler
                0x00002be2        0xa ./source/uart.o
                0x00002be2                UART4_RX_TX_IRQHandler
 .text.UART4_ERR_IRQHandler
                0x00002bec        0x2 ./source/uart.o
                0x00002bec                UART4_ERR_IRQHandler
 .text.main     0x00002bee       0x18 ./SDK/startup/main.o
                0x00002bee                main
 .text.HardFault_Handler
                0x00002c06       0x2a ./SDK/startup/semihost_hardfault.o
                0x00002c06                HardFault_Handler
 .text.DMA0_IRQHandler
                0x00002c30        0x8 ./SDK/startup/startup_mk64f12.o
                0x00002c30                DMA0_IRQHandler
 .text.DMA1_IRQHandler
                0x00002c38        0x8 ./SDK/startup/startup_mk64f12.o
                0x00002c38                DMA1_IRQHandler
 .text.DMA2_IRQHandler
                0x00002c40        0x8 ./SDK/startup/startup_mk64f12.o
                0x00002c40                DMA2_IRQHandler
 .text.DMA3_IRQHandler
                0x00002c48        0x8 ./SDK/startup/startup_mk64f12.o
                0x00002c48                DMA3_IRQHandler
 .text.DMA4_IRQHandler
                0x00002c50        0x8 ./SDK/startup/startup_mk64f12.o
                0x00002c50                DMA4_IRQHandler
 .text.DMA5_IRQHandler
                0x00002c58        0x8 ./SDK/startup/startup_mk64f12.o
                0x00002c58                DMA5_IRQHandler
 .text.DMA6_IRQHandler
                0x00002c60        0x8 ./SDK/startup/startup_mk64f12.o
                0x00002c60                DMA6_IRQHandler
 .text.DMA7_IRQHandler
                0x00002c68        0x8 ./SDK/startup/startup_mk64f12.o
                0x00002c68                DMA7_IRQHandler
 .text.DMA8_IRQHandler
                0x00002c70        0x8 ./SDK/startup/startup_mk64f12.o
                0x00002c70                DMA8_IRQHandler
 .text.DMA9_IRQHandler
                0x00002c78        0x8 ./SDK/startup/startup_mk64f12.o
                0x00002c78                DMA9_IRQHandler
 .text.DMA10_IRQHandler
                0x00002c80        0x8 ./SDK/startup/startup_mk64f12.o
                0x00002c80                DMA10_IRQHandler
 .text.DMA11_IRQHandler
                0x00002c88        0x8 ./SDK/startup/startup_mk64f12.o
                0x00002c88                DMA11_IRQHandler
 .text.DMA12_IRQHandler
                0x00002c90        0x8 ./SDK/startup/startup_mk64f12.o
                0x00002c90                DMA12_IRQHandler
 .text.DMA13_IRQHandler
                0x00002c98        0x8 ./SDK/startup/startup_mk64f12.o
                0x00002c98                DMA13_IRQHandler
 .text.DMA14_IRQHandler
                0x00002ca0        0x8 ./SDK/startup/startup_mk64f12.o
                0x00002ca0                DMA14_IRQHandler
 .text.DMA15_IRQHandler
                0x00002ca8        0x8 ./SDK/startup/startup_mk64f12.o
                0x00002ca8                DMA15_IRQHandler
 .text.DMA_Error_IRQHandler
                0x00002cb0        0x8 ./SDK/startup/startup_mk64f12.o
                0x00002cb0                DMA_Error_IRQHandler
 .text.MCM_IRQHandler
                0x00002cb8        0x8 ./SDK/startup/startup_mk64f12.o
                0x00002cb8                MCM_IRQHandler
 .text.FTFE_IRQHandler
                0x00002cc0        0x8 ./SDK/startup/startup_mk64f12.o
                0x00002cc0                FTFE_IRQHandler
 .text.Read_Collision_IRQHandler
                0x00002cc8        0x8 ./SDK/startup/startup_mk64f12.o
                0x00002cc8                Read_Collision_IRQHandler
 .text.LVD_LVW_IRQHandler
                0x00002cd0        0x8 ./SDK/startup/startup_mk64f12.o
                0x00002cd0                LVD_LVW_IRQHandler
 .text.LLWU_IRQHandler
                0x00002cd8        0x8 ./SDK/startup/startup_mk64f12.o
                0x00002cd8                LLWU_IRQHandler
 .text.WDOG_EWM_IRQHandler
                0x00002ce0        0x8 ./SDK/startup/startup_mk64f12.o
                0x00002ce0                WDOG_EWM_IRQHandler
 .text.RNG_IRQHandler
                0x00002ce8        0x8 ./SDK/startup/startup_mk64f12.o
                0x00002ce8                RNG_IRQHandler
 .text.I2C0_IRQHandler
                0x00002cf0        0x8 ./SDK/startup/startup_mk64f12.o
                0x00002cf0                I2C0_IRQHandler
 .text.I2C1_IRQHandler
                0x00002cf8        0x8 ./SDK/startup/startup_mk64f12.o
                0x00002cf8                I2C1_IRQHandler
 .text.SPI0_IRQHandler
                0x00002d00        0x8 ./SDK/startup/startup_mk64f12.o
                0x00002d00                SPI0_IRQHandler
 .text.SPI1_IRQHandler
                0x00002d08        0x8 ./SDK/startup/startup_mk64f12.o
                0x00002d08                SPI1_IRQHandler
 .text.I2S0_Tx_IRQHandler
                0x00002d10        0x8 ./SDK/startup/startup_mk64f12.o
                0x00002d10                I2S0_Tx_IRQHandler
 .text.I2S0_Rx_IRQHandler
                0x00002d18        0x8 ./SDK/startup/startup_mk64f12.o
                0x00002d18                I2S0_Rx_IRQHandler
 .text.ADC0_IRQHandler
                0x00002d20        0x8 ./SDK/startup/startup_mk64f12.o
                0x00002d20                ADC0_IRQHandler
 .text.CMP0_IRQHandler
                0x00002d28        0x8 ./SDK/startup/startup_mk64f12.o
                0x00002d28                CMP0_IRQHandler
 .text.CMP1_IRQHandler
                0x00002d30        0x8 ./SDK/startup/startup_mk64f12.o
                0x00002d30                CMP1_IRQHandler
 .text.CMT_IRQHandler
                0x00002d38        0x8 ./SDK/startup/startup_mk64f12.o
                0x00002d38                CMT_IRQHandler
 .text.RTC_IRQHandler
                0x00002d40        0x8 ./SDK/startup/startup_mk64f12.o
                0x00002d40                RTC_IRQHandler
 .text.RTC_Seconds_IRQHandler
                0x00002d48        0x8 ./SDK/startup/startup_mk64f12.o
                0x00002d48                RTC_Seconds_IRQHandler
 .text.PDB0_IRQHandler
                0x00002d50        0x8 ./SDK/startup/startup_mk64f12.o
                0x00002d50                PDB0_IRQHandler
 .text.USB0_IRQHandler
                0x00002d58        0x8 ./SDK/startup/startup_mk64f12.o
                0x00002d58                USB0_IRQHandler
 .text.USBDCD_IRQHandler
                0x00002d60        0x8 ./SDK/startup/startup_mk64f12.o
                0x00002d60                USBDCD_IRQHandler
 .text.Reserved71_IRQHandler
                0x00002d68        0x8 ./SDK/startup/startup_mk64f12.o
                0x00002d68                Reserved71_IRQHandler
 .text.MCG_IRQHandler
                0x00002d70        0x8 ./SDK/startup/startup_mk64f12.o
                0x00002d70                MCG_IRQHandler
 .text.LPTMR0_IRQHandler
                0x00002d78        0x8 ./SDK/startup/startup_mk64f12.o
                0x00002d78                LPTMR0_IRQHandler
 .text.SWI_IRQHandler
                0x00002d80        0x8 ./SDK/startup/startup_mk64f12.o
                0x00002d80                SWI_IRQHandler
 .text.SPI2_IRQHandler
                0x00002d88        0x8 ./SDK/startup/startup_mk64f12.o
                0x00002d88                SPI2_IRQHandler
 .text.UART5_RX_TX_IRQHandler
                0x00002d90        0x8 ./SDK/startup/startup_mk64f12.o
                0x00002d90                UART5_RX_TX_IRQHandler
 .text.UART5_ERR_IRQHandler
                0x00002d98        0x8 ./SDK/startup/startup_mk64f12.o
                0x00002d98                UART5_ERR_IRQHandler
 .text.CMP2_IRQHandler
                0x00002da0        0x8 ./SDK/startup/startup_mk64f12.o
                0x00002da0                CMP2_IRQHandler
 .text.FTM3_IRQHandler
                0x00002da8        0x8 ./SDK/startup/startup_mk64f12.o
                0x00002da8                FTM3_IRQHandler
 .text.DAC1_IRQHandler
                0x00002db0        0x8 ./SDK/startup/startup_mk64f12.o
                0x00002db0                DAC1_IRQHandler
 .text.ADC1_IRQHandler
                0x00002db8        0x8 ./SDK/startup/startup_mk64f12.o
                0x00002db8                ADC1_IRQHandler
 .text.I2C2_IRQHandler
                0x00002dc0        0x8 ./SDK/startup/startup_mk64f12.o
                0x00002dc0                I2C2_IRQHandler
 .text.CAN0_ORed_Message_buffer_IRQHandler
                0x00002dc8        0x8 ./SDK/startup/startup_mk64f12.o
                0x00002dc8                CAN0_ORed_Message_buffer_IRQHandler
 .text.CAN0_Bus_Off_IRQHandler
                0x00002dd0        0x8 ./SDK/startup/startup_mk64f12.o
                0x00002dd0                CAN0_Bus_Off_IRQHandler
 .text.CAN0_Error_IRQHandler
                0x00002dd8        0x8 ./SDK/startup/startup_mk64f12.o
                0x00002dd8                CAN0_Error_IRQHandler
 .text.CAN0_Tx_Warning_IRQHandler
                0x00002de0        0x8 ./SDK/startup/startup_mk64f12.o
                0x00002de0                CAN0_Tx_Warning_IRQHandler
 .text.CAN0_Rx_Warning_IRQHandler
                0x00002de8        0x8 ./SDK/startup/startup_mk64f12.o
                0x00002de8                CAN0_Rx_Warning_IRQHandler
 .text.CAN0_Wake_Up_IRQHandler
                0x00002df0        0x8 ./SDK/startup/startup_mk64f12.o
                0x00002df0                CAN0_Wake_Up_IRQHandler
 .text.SDHC_IRQHandler
                0x00002df8        0x8 ./SDK/startup/startup_mk64f12.o
                0x00002df8                SDHC_IRQHandler
 .text.ENET_1588_Timer_IRQHandler
                0x00002e00        0x8 ./SDK/startup/startup_mk64f12.o
                0x00002e00                ENET_1588_Timer_IRQHandler
 .text.ENET_Transmit_IRQHandler
                0x00002e08        0x8 ./SDK/startup/startup_mk64f12.o
                0x00002e08                ENET_Transmit_IRQHandler
 .text.ENET_Receive_IRQHandler
                0x00002e10        0x8 ./SDK/startup/startup_mk64f12.o
                0x00002e10                ENET_Receive_IRQHandler
 .text.ENET_Error_IRQHandler
                0x00002e18        0x8 ./SDK/startup/startup_mk64f12.o
                0x00002e18                ENET_Error_IRQHandler
 .text.SystemInitHook
                0x00002e20        0x2 ./SDK/CMSIS/system_MK64F12.o
                0x00002e20                SystemInitHook
 .text.memset   0x00002e22        0x4 c:/nxp/mcuxpressoide_10.2.0_759/ide/tools/bin/../lib/gcc/arm-none-eabi/7.2.1/../../../../arm-none-eabi/lib/thumb/v7e-m/fpv4-sp/hard\libcr_c.a(memset.o)
                0x00002e22                memset
 .text.sin      0x00002e26       0x40 c:/nxp/mcuxpressoide_10.2.0_759/ide/tools/bin/../lib/gcc/arm-none-eabi/7.2.1/../../../../arm-none-eabi/lib/thumb/v7e-m/fpv4-sp/hard\libcr_c.a(sin.o)
                0x00002e26                sin
 .text.fabs     0x00002e66       0x22 c:/nxp/mcuxpressoide_10.2.0_759/ide/tools/bin/../lib/gcc/arm-none-eabi/7.2.1/../../../../arm-none-eabi/lib/thumb/v7e-m/fpv4-sp/hard\libcr_c.a(fabs.o)
                0x00002e66                fabs
 .text.__aeabi_d2iz
                0x00002e88       0x40 c:/nxp/mcuxpressoide_10.2.0_759/ide/tools/bin/../lib/gcc/arm-none-eabi/7.2.1/thumb/v7e-m/fpv4-sp/hard\libcr_eabihelpers.a(double.o)
                0x00002e88                __aeabi_d2iz
 .text.__aeabi_d2uiz
                0x00002ec8       0x30 c:/nxp/mcuxpressoide_10.2.0_759/ide/tools/bin/../lib/gcc/arm-none-eabi/7.2.1/thumb/v7e-m/fpv4-sp/hard\libcr_eabihelpers.a(double.o)
                0x00002ec8                __aeabi_d2uiz
 .text.__bhs_ui2d
                0x00002ef8       0x46 c:/nxp/mcuxpressoide_10.2.0_759/ide/tools/bin/../lib/gcc/arm-none-eabi/7.2.1/thumb/v7e-m/fpv4-sp/hard\libcr_eabihelpers.a(double.o)
                0x00002ef8                __bhs_ui2d
 .text.__aeabi_i2d
                0x00002f3e       0x12 c:/nxp/mcuxpressoide_10.2.0_759/ide/tools/bin/../lib/gcc/arm-none-eabi/7.2.1/thumb/v7e-m/fpv4-sp/hard\libcr_eabihelpers.a(double.o)
                0x00002f3e                __aeabi_i2d
 .text.__aeabi_dcmplt
                0x00002f50       0x58 c:/nxp/mcuxpressoide_10.2.0_759/ide/tools/bin/../lib/gcc/arm-none-eabi/7.2.1/thumb/v7e-m/fpv4-sp/hard\libcr_eabihelpers.a(double.o)
                0x00002f50                __aeabi_dcmplt
 .text.__aeabi_dcmpge
                0x00002fa8       0x58 c:/nxp/mcuxpressoide_10.2.0_759/ide/tools/bin/../lib/gcc/arm-none-eabi/7.2.1/thumb/v7e-m/fpv4-sp/hard\libcr_eabihelpers.a(double.o)
                0x00002fa8                __aeabi_dcmpge
 .text.__aeabi_memset_lowlevel
                0x00003000       0x32 c:/nxp/mcuxpressoide_10.2.0_759/ide/tools/bin/../lib/gcc/arm-none-eabi/7.2.1/thumb/v7e-m/fpv4-sp/hard\libcr_eabihelpers.a(memcpy.o)
                0x00003000                __aeabi_lowlevel_memset
 *(SORT_BY_ALIGNMENT(.rodata) SORT_BY_ALIGNMENT(.rodata.*) SORT_BY_ALIGNMENT(.constdata) SORT_BY_ALIGNMENT(.constdata.*))
 *fill*         0x00003032        0x6 ff
 .rodata.__huge_val
                0x00003038        0x8 c:/nxp/mcuxpressoide_10.2.0_759/ide/tools/bin/../lib/gcc/arm-none-eabi/7.2.1/../../../../arm-none-eabi/lib/thumb/v7e-m/fpv4-sp/hard\libcr_c.a(_hugeval.o)
                0x00003038                __huge_val
 .rodata        0x00003040       0x2d ./source/gpio.o
 *fill*         0x0000306d        0x3 ff
 .rodata        0x00003070       0x2c ./source/uart.o
 .rodata.uartRXpins
                0x0000309c        0x5 ./source/uart.o
 *fill*         0x000030a1        0x3 ff
 .rodata.uartTXpins
                0x000030a4        0x5 ./source/uart.o
                0x000030b0                . = ALIGN (0x8)
 *fill*         0x000030a9        0x7 ff

.glue_7         0x000030b0        0x0
 .glue_7        0x000030b0        0x0 linker stubs

.glue_7t        0x000030b0        0x0
 .glue_7t       0x000030b0        0x0 linker stubs

.vfp11_veneer   0x000030b0        0x0
 .vfp11_veneer  0x000030b0        0x0 linker stubs

.v4_bx          0x000030b0        0x0
 .v4_bx         0x000030b0        0x0 linker stubs

.iplt           0x000030b0        0x0
 .iplt          0x000030b0        0x0 ./source/App.o

.rel.dyn        0x000030b0        0x0
 .rel.iplt      0x000030b0        0x0 ./source/App.o

.ARM.extab
 *(SORT_BY_ALIGNMENT(.ARM.extab*) SORT_BY_ALIGNMENT(.gnu.linkonce.armextab.*))
                0x000030b0                __exidx_start = .

.ARM.exidx
 *(SORT_BY_ALIGNMENT(.ARM.exidx*) SORT_BY_ALIGNMENT(.gnu.linkonce.armexidx.*))
                0x000030b0                __exidx_end = .
                0x000030b0                _etext = .

.m_usb_data
 *(SORT_BY_ALIGNMENT(m_usb_bdt))

.data_RAM2      0x1fff0000        0x0 load address 0x000030b0
 FILL mask 0xff
                [!provide]                PROVIDE (__start_data_RAM2, .)
 *(SORT_BY_ALIGNMENT(.ramfunc.$RAM2))
 *(SORT_BY_ALIGNMENT(.ramfunc.$SRAM_LOWER))
 *(SORT_BY_ALIGNMENT(.data.$RAM2*))
 *(SORT_BY_ALIGNMENT(.data.$SRAM_LOWER*))
                0x1fff0000                . = ALIGN (0x8)
                [!provide]                PROVIDE (__end_data_RAM2, .)

.data_RAM3      0x14000000        0x0 load address 0x000030b0
 FILL mask 0xff
                [!provide]                PROVIDE (__start_data_RAM3, .)
 *(SORT_BY_ALIGNMENT(.ramfunc.$RAM3))
 *(SORT_BY_ALIGNMENT(.ramfunc.$FLEX_RAM))
 *(SORT_BY_ALIGNMENT(.data.$RAM3*))
 *(SORT_BY_ALIGNMENT(.data.$FLEX_RAM*))
                0x14000000                . = ALIGN (0x8)
                [!provide]                PROVIDE (__end_data_RAM3, .)

.uninit_RESERVED
                0x20000000        0x0
 *(SORT_BY_ALIGNMENT(.bss.$RESERVED*))
                0x20000000                . = ALIGN (0x4)
                0x20000000                _end_uninit_RESERVED = .

.data           0x20000000       0x58 load address 0x000030b0
 FILL mask 0xff
                0x20000000                _data = .
 *(SORT_BY_ALIGNMENT(vtable))
 *(SORT_BY_ALIGNMENT(.ramfunc*))
 *(SORT_BY_ALIGNMENT(.data*))
 .data.debugFlag
                0x20000000        0x4 ./source/App.o
                0x20000000                debugFlag
 .data.i.7649   0x20000004        0x4 ./source/App.o
 .data.arrayP2DAC
                0x20000008        0x8 ./source/DAC.o
                0x20000008                arrayP2DAC
 .data.arrayP2FTM
                0x20000010       0x10 ./source/FTM.o
                0x20000010                arrayP2FTM
 .data.arrayFTMirqs
                0x20000020        0x4 ./source/FTM.o
                0x20000020                arrayFTMirqs
 .data.ticksScale
                0x20000024        0x4 ./source/measureFreq.o
                0x20000024                ticksScale
 .data.markersRXbuffer
                0x20000028       0x14 ./source/uart.o
 .data.uartIRQs_ERR
                0x2000003c        0x6 ./source/uart.o
                0x2000003c                uartIRQs_ERR
 *fill*         0x20000042        0x2 ff
 .data.uartIRQs_LON
                0x20000044        0x6 ./source/uart.o
                0x20000044                uartIRQs_LON
 *fill*         0x2000004a        0x2 ff
 .data.uartIRQs_TX_RX
                0x2000004c        0x6 ./source/uart.o
                0x2000004c                uartIRQs_TX_RX
 .data.key      0x20000052        0x1 ./source/App.o
                0x20000052                key
                0x20000058                . = ALIGN (0x8)
 *fill*         0x20000053        0x5 ff
                0x20000058                _edata = .

.igot.plt       0x20000058        0x0 load address 0x00003108
 .igot.plt      0x20000058        0x0 ./source/App.o

.bss_RAM2       0x1fff0000        0x0
                [!provide]                PROVIDE (__start_bss_RAM2, .)
 *(SORT_BY_ALIGNMENT(.bss.$RAM2*))
 *(SORT_BY_ALIGNMENT(.bss.$SRAM_LOWER*))
                0x1fff0000                . = ALIGN ((. != 0x0)?0x8:0x1)
                [!provide]                PROVIDE (__end_bss_RAM2, .)

.bss_RAM3       0x14000000        0x0
                [!provide]                PROVIDE (__start_bss_RAM3, .)
 *(SORT_BY_ALIGNMENT(.bss.$RAM3*))
 *(SORT_BY_ALIGNMENT(.bss.$FLEX_RAM*))
                0x14000000                . = ALIGN ((. != 0x0)?0x8:0x1)
                [!provide]                PROVIDE (__end_bss_RAM3, .)

.bss            0x20000058      0x8c8
                0x20000058                _bss = .
 *(SORT_BY_ALIGNMENT(.bss*))
 .bss.freq      0x20000058        0x4 ./source/App.o
                0x20000058                freq
 .bss.DAC0callback
                0x2000005c        0x4 ./source/DAC.o
                0x2000005c                DAC0callback
 .bss.arrayFTMcallbacks
                0x20000060       0x10 ./source/FTM.o
                0x20000060                arrayFTMcallbacks
 .bss.pitFuns   0x20000070       0x10 ./source/PIT.o
 .bss.timerEnabled
                0x20000080        0x4 ./source/PIT.o
 .bss.timerInChainMode
                0x20000084        0x4 ./source/PIT.o
 .bss.sysTickFun
                0x20000088        0x4 ./source/SysTick.o
                0x20000088                sysTickFun
 .bss.p2irqFunctions
                0x2000008c      0x280 ./source/gpio.o
                0x2000008c                p2irqFunctions
 .bss.dif       0x2000030c        0x4 ./source/measureFreq.o
                0x2000030c                dif
 .bss.difAux.5055
                0x20000310        0x4 ./source/measureFreq.o
 .bss.firstMeasure.5053
                0x20000314        0x4 ./source/measureFreq.o
 .bss.i.5052    0x20000318        0x4 ./source/measureFreq.o
 .bss.measureDataBase
                0x2000031c        0xc ./source/measureFreq.o
                0x2000031c                measureDataBase
 .bss.secondMeasure.5054
                0x20000328        0x4 ./source/measureFreq.o
 .bss.timers    0x2000032c       0x70 ./source/timer.o
 .bss.RXbuffers
                0x2000039c       0x28 ./source/uart.o
 .bss.TXbuffers
                0x200003c4      0x3e8 ./source/uart.o
 .bss.countersRXfailed
                0x200007ac        0x5 ./source/uart.o
 *fill*         0x200007b1        0x3 
 .bss.flagsReading
                0x200007b4        0x5 ./source/uart.o
 *fill*         0x200007b9        0x3 
 .bss.inMarkersTXbuffer
                0x200007bc        0x5 ./source/uart.o
 *fill*         0x200007c1        0x3 
 .bss.lensTXbuffer
                0x200007c4        0x5 ./source/uart.o
 *fill*         0x200007c9        0x3 
 .bss.outMarkersTXbuffer
                0x200007cc        0x5 ./source/uart.o
 *fill*         0x200007d1        0x3 
 .bss.uartMode  0x200007d4        0x5 ./source/uart.o
 *fill*         0x200007d9        0x3 
 .bss.counter.5938
                0x200007dc        0x4 ./source/waveGen.o
 .bss.i.5921    0x200007e0        0x4 ./source/waveGen.o
 .bss.i.5934    0x200007e4        0x4 ./source/waveGen.o
 .bss.pwmSenLUT
                0x200007e8       0x80 ./source/waveGen.o
                0x200007e8                pwmSenLUT
 .bss.rpAux.5922
                0x20000868        0x4 ./source/waveGen.o
 .bss.senLUT    0x2000086c       0x80 ./source/waveGen.o
                0x2000086c                senLUT
 .bss.wavesArray
                0x200008ec       0x24 ./source/waveGen.o
                0x200008ec                wavesArray
 .bss.__LDM_interruptDisableCount
                0x20000910        0x4 ./SDK/startup/hardware.o
 .bss.errno     0x20000914        0x4 c:/nxp/mcuxpressoide_10.2.0_759/ide/tools/bin/../lib/gcc/arm-none-eabi/7.2.1/../../../../arm-none-eabi/lib/thumb/v7e-m/fpv4-sp/hard\libcr_c.a(errno.o)
                0x20000914                errno
 .bss.initialized
                0x20000918        0x1 ./source/timer.o
 *(SORT_BY_ALIGNMENT(COMMON))
                0x20000920                . = ALIGN (0x8)
 *fill*         0x20000919        0x7 
                0x20000920                _ebss = .
                [!provide]                PROVIDE (end, .)

.noinit_RAM2    0x1fff0000        0x0
 *(SORT_BY_ALIGNMENT(.noinit.$RAM2*))
 *(SORT_BY_ALIGNMENT(.noinit.$SRAM_LOWER*))
                0x1fff0000                . = ALIGN (0x8)

.noinit_RAM3    0x14000000        0x0
 *(SORT_BY_ALIGNMENT(.noinit.$RAM3*))
 *(SORT_BY_ALIGNMENT(.noinit.$FLEX_RAM*))
                0x14000000                . = ALIGN (0x8)

.noinit         0x20000920        0x0
                0x20000920                _noinit = .
 *(SORT_BY_ALIGNMENT(.noinit*))
                0x20000920                . = ALIGN (0x8)
                0x20000920                _end_noinit = .
                0x00001000                _HeapSize = 0x1000

.heap           0x20000920     0x1000
                0x20000920                _pvHeapStart = .
                0x20001920                . = (. + _HeapSize)
 *fill*         0x20000920     0x1000 
                0x20001920                . = ALIGN (0x8)
                0x20001920                _pvHeapLimit = .
                0x00001000                _StackSize = 0x1000

.heap2stackfill
                0x20001920     0x1000
                0x20002920                . = (. + _StackSize)
 *fill*         0x20001920     0x1000 

.stack          0x2002f000        0x0
                0x2002f000                _vStackBase = .
                0x2002f000                . = ALIGN (0x8)
                0x20030000                _vStackTop = (. + _StackSize)
                0x00000000                _image_start = LOADADDR (.text)
                0x00003108                _image_end = (LOADADDR (.data) + SIZEOF (.data))
                0x00003108                _image_size = (_image_end - _image_start)
OUTPUT(FTMpwm.axf elf32-littlearm)

.debug_info     0x00000000     0x8ef2
 .debug_info    0x00000000      0xccd ./source/App.o
 .debug_info    0x00000ccd      0xa86 ./source/DAC.o
 .debug_info    0x00001753     0x118d ./source/FTM.o
 .debug_info    0x000028e0      0xa50 ./source/PIT.o
 .debug_info    0x00003330      0x518 ./source/SysTick.o
 .debug_info    0x00003848      0xf57 ./source/gpio.o
 .debug_info    0x0000479f      0x475 ./source/measureFreq.o
 .debug_info    0x00004c14      0x286 ./source/timer.o
 .debug_info    0x00004e9a     0x1266 ./source/uart.o
 .debug_info    0x00006100     0x13a9 ./source/waveGen.o
 .debug_info    0x000074a9      0x675 ./SDK/startup/hardware.o
 .debug_info    0x00007b1e      0x120 ./SDK/startup/main.o
 .debug_info    0x00007c3e       0x3b ./SDK/startup/semihost_hardfault.o
 .debug_info    0x00007c79      0xc71 ./SDK/startup/startup_mk64f12.o
 .debug_info    0x000088ea      0x608 ./SDK/CMSIS/system_MK64F12.o

.debug_abbrev   0x00000000     0x1caf
 .debug_abbrev  0x00000000      0x27d ./source/App.o
 .debug_abbrev  0x0000027d      0x28b ./source/DAC.o
 .debug_abbrev  0x00000508      0x332 ./source/FTM.o
 .debug_abbrev  0x0000083a      0x261 ./source/PIT.o
 .debug_abbrev  0x00000a9b      0x19c ./source/SysTick.o
 .debug_abbrev  0x00000c37      0x305 ./source/gpio.o
 .debug_abbrev  0x00000f3c      0x16a ./source/measureFreq.o
 .debug_abbrev  0x000010a6      0x140 ./source/timer.o
 .debug_abbrev  0x000011e6      0x352 ./source/uart.o
 .debug_abbrev  0x00001538      0x2f0 ./source/waveGen.o
 .debug_abbrev  0x00001828      0x138 ./SDK/startup/hardware.o
 .debug_abbrev  0x00001960       0x9b ./SDK/startup/main.o
 .debug_abbrev  0x000019fb       0x2f ./SDK/startup/semihost_hardfault.o
 .debug_abbrev  0x00001a2a      0x13b ./SDK/startup/startup_mk64f12.o
 .debug_abbrev  0x00001b65      0x14a ./SDK/CMSIS/system_MK64F12.o

.debug_aranges  0x00000000      0x880
 .debug_aranges
                0x00000000       0x30 ./source/App.o
 .debug_aranges
                0x00000030       0x60 ./source/DAC.o
 .debug_aranges
                0x00000090       0xe0 ./source/FTM.o
 .debug_aranges
                0x00000170       0x68 ./source/PIT.o
 .debug_aranges
                0x000001d8       0x28 ./source/SysTick.o
 .debug_aranges
                0x00000200       0xc0 ./source/gpio.o
 .debug_aranges
                0x000002c0       0x40 ./source/measureFreq.o
 .debug_aranges
                0x00000300       0x50 ./source/timer.o
 .debug_aranges
                0x00000350       0xf0 ./source/uart.o
 .debug_aranges
                0x00000440       0x70 ./source/waveGen.o
 .debug_aranges
                0x000004b0       0x30 ./SDK/startup/hardware.o
 .debug_aranges
                0x000004e0       0x20 ./SDK/startup/main.o
 .debug_aranges
                0x00000500       0x20 ./SDK/startup/semihost_hardfault.o
 .debug_aranges
                0x00000520      0x330 ./SDK/startup/startup_mk64f12.o
 .debug_aranges
                0x00000850       0x30 ./SDK/CMSIS/system_MK64F12.o

.debug_ranges   0x00000000      0x7a8
 .debug_ranges  0x00000000       0x20 ./source/App.o
 .debug_ranges  0x00000020       0x50 ./source/DAC.o
 .debug_ranges  0x00000070       0xd0 ./source/FTM.o
 .debug_ranges  0x00000140       0x70 ./source/PIT.o
 .debug_ranges  0x000001b0       0x18 ./source/SysTick.o
 .debug_ranges  0x000001c8       0xb0 ./source/gpio.o
 .debug_ranges  0x00000278       0x30 ./source/measureFreq.o
 .debug_ranges  0x000002a8       0x40 ./source/timer.o
 .debug_ranges  0x000002e8       0xe0 ./source/uart.o
 .debug_ranges  0x000003c8       0x60 ./source/waveGen.o
 .debug_ranges  0x00000428       0x20 ./SDK/startup/hardware.o
 .debug_ranges  0x00000448       0x10 ./SDK/startup/main.o
 .debug_ranges  0x00000458       0x10 ./SDK/startup/semihost_hardfault.o
 .debug_ranges  0x00000468      0x320 ./SDK/startup/startup_mk64f12.o
 .debug_ranges  0x00000788       0x20 ./SDK/CMSIS/system_MK64F12.o

.debug_macro    0x00000000    0x127cb
 .debug_macro   0x00000000      0x18e ./source/App.o
 .debug_macro   0x0000018e      0x34e ./source/App.o
 .debug_macro   0x000004dc       0x40 ./source/App.o
 .debug_macro   0x0000051c       0x16 ./source/App.o
 .debug_macro   0x00000532       0x22 ./source/App.o
 .debug_macro   0x00000554       0x22 ./source/App.o
 .debug_macro   0x00000576       0x52 ./source/App.o
 .debug_macro   0x000005c8       0x17 ./source/App.o
 .debug_macro   0x000005df       0x8d ./source/App.o
 .debug_macro   0x0000066c       0x35 ./source/App.o
 .debug_macro   0x000006a1       0x9c ./source/App.o
 .debug_macro   0x0000073d      0x174 ./source/App.o
 .debug_macro   0x000008b1       0x57 ./source/App.o
 .debug_macro   0x00000908       0x58 ./source/App.o
 .debug_macro   0x00000960       0x1f ./source/App.o
 .debug_macro   0x0000097f       0x43 ./source/App.o
 .debug_macro   0x000009c2       0x20 ./source/App.o
 .debug_macro   0x000009e2      0x18e ./source/App.o
 .debug_macro   0x00000b70      0x330 ./source/App.o
 .debug_macro   0x00000ea0      0x1e1 ./source/App.o
 .debug_macro   0x00001081       0x5c ./source/App.o
 .debug_macro   0x000010dd       0x1c ./source/App.o
 .debug_macro   0x000010f9       0x22 ./source/App.o
 .debug_macro   0x0000111b       0xd9 ./source/App.o
 .debug_macro   0x000011f4      0xecf ./source/App.o
 .debug_macro   0x000020c3       0x48 ./source/App.o
 .debug_macro   0x0000210b     0xe07b ./source/App.o
 .debug_macro   0x00010186       0x3a ./source/App.o
 .debug_macro   0x000101c0       0xa7 ./source/DAC.o
 .debug_macro   0x00010267       0x28 ./source/DAC.o
 .debug_macro   0x0001028f       0xdf ./source/DAC.o
 .debug_macro   0x0001036e       0xb3 ./source/FTM.o
 .debug_macro   0x00010421      0xa5a ./source/FTM.o
 .debug_macro   0x00010e7b       0x1c ./source/FTM.o
 .debug_macro   0x00010e97       0x9e ./source/PIT.o
 .debug_macro   0x00010f35       0x10 ./source/PIT.o
 .debug_macro   0x00010f45       0x96 ./source/SysTick.o
 .debug_macro   0x00010fdb       0xa4 ./source/gpio.o
 .debug_macro   0x0001107f       0x58 ./source/measureFreq.o
 .debug_macro   0x000110d7       0x58 ./source/timer.o
 .debug_macro   0x0001112f       0x10 ./source/timer.o
 .debug_macro   0x0001113f      0x118 ./source/uart.o
 .debug_macro   0x00011257       0x10 ./source/uart.o
 .debug_macro   0x00011267     0x122b ./source/uart.o
 .debug_macro   0x00012492       0x16 ./source/uart.o
 .debug_macro   0x000124a8      0x121 ./source/waveGen.o
 .debug_macro   0x000125c9       0x16 ./source/waveGen.o
 .debug_macro   0x000125df       0x9c ./SDK/startup/hardware.o
 .debug_macro   0x0001267b       0x9c ./SDK/startup/main.o
 .debug_macro   0x00012717       0x11 ./SDK/startup/semihost_hardfault.o
 .debug_macro   0x00012728       0x23 ./SDK/startup/startup_mk64f12.o
 .debug_macro   0x0001274b       0x80 ./SDK/CMSIS/system_MK64F12.o

.debug_line     0x00000000     0x285a
 .debug_line    0x00000000      0x33f ./source/App.o
 .debug_line    0x0000033f      0x219 ./source/DAC.o
 .debug_line    0x00000558      0x44b ./source/FTM.o
 .debug_line    0x000009a3      0x27e ./source/PIT.o
 .debug_line    0x00000c21      0x163 ./source/SysTick.o
 .debug_line    0x00000d84      0x313 ./source/gpio.o
 .debug_line    0x00001097      0x158 ./source/measureFreq.o
 .debug_line    0x000011ef      0x178 ./source/timer.o
 .debug_line    0x00001367      0x510 ./source/uart.o
 .debug_line    0x00001877      0x3a4 ./source/waveGen.o
 .debug_line    0x00001c1b      0x1cb ./SDK/startup/hardware.o
 .debug_line    0x00001de6      0x175 ./SDK/startup/main.o
 .debug_line    0x00001f5b       0x55 ./SDK/startup/semihost_hardfault.o
 .debug_line    0x00001fb0      0x6d8 ./SDK/startup/startup_mk64f12.o
 .debug_line    0x00002688      0x1d2 ./SDK/CMSIS/system_MK64F12.o

.debug_str      0x00000000    0x7d39a
 .debug_str     0x00000000    0x74244 ./source/App.o
                              0x74505 (size before relaxing)
 .debug_str     0x00074244      0x8c8 ./source/DAC.o
                              0x70e66 (size before relaxing)
 .debug_str     0x00074b0c      0x745 ./source/FTM.o
                              0x71216 (size before relaxing)
 .debug_str     0x00075251      0x1b2 ./source/PIT.o
                              0x70c83 (size before relaxing)
 .debug_str     0x00075403       0xab ./source/SysTick.o
                              0x70db1 (size before relaxing)
 .debug_str     0x000754ae      0x2d6 ./source/gpio.o
                              0x70e65 (size before relaxing)
 .debug_str     0x00075784      0x112 ./source/measureFreq.o
                               0x3c4f (size before relaxing)
 .debug_str     0x00075896      0x129 ./source/timer.o
                               0x39f4 (size before relaxing)
 .debug_str     0x000759bf     0x6ffd ./source/uart.o
                              0x77d0f (size before relaxing)
 .debug_str     0x0007c9bc      0x167 ./source/waveGen.o
                               0x7c1a (size before relaxing)
 .debug_str     0x0007cb23      0x16f ./SDK/startup/hardware.o
                              0x771fa (size before relaxing)
 .debug_str     0x0007cc92       0x1b ./SDK/startup/main.o
                              0x77010 (size before relaxing)
 .debug_str     0x0007ccad       0x36 ./SDK/startup/semihost_hardfault.o
                               0x2d34 (size before relaxing)
 .debug_str     0x0007cce3      0x660 ./SDK/startup/startup_mk64f12.o
                               0x35a3 (size before relaxing)
 .debug_str     0x0007d343       0x57 ./SDK/CMSIS/system_MK64F12.o
                              0x77109 (size before relaxing)

.comment        0x00000000       0x7e
 .comment       0x00000000       0x7e ./source/App.o
                                 0x7f (size before relaxing)
 .comment       0x0000007e       0x7f ./source/DAC.o
 .comment       0x0000007e       0x7f ./source/FTM.o
 .comment       0x0000007e       0x7f ./source/PIT.o
 .comment       0x0000007e       0x7f ./source/SysTick.o
 .comment       0x0000007e       0x7f ./source/gpio.o
 .comment       0x0000007e       0x7f ./source/measureFreq.o
 .comment       0x0000007e       0x7f ./source/timer.o
 .comment       0x0000007e       0x7f ./source/uart.o
 .comment       0x0000007e       0x7f ./source/waveGen.o
 .comment       0x0000007e       0x7f ./SDK/startup/hardware.o
 .comment       0x0000007e       0x7f ./SDK/startup/main.o
 .comment       0x0000007e       0x7f ./SDK/startup/semihost_hardfault.o
 .comment       0x0000007e       0x7f ./SDK/startup/startup_mk64f12.o
 .comment       0x0000007e       0x7f ./SDK/CMSIS/system_MK64F12.o
 .comment       0x0000007e       0x7f c:/nxp/mcuxpressoide_10.2.0_759/ide/tools/bin/../lib/gcc/arm-none-eabi/7.2.1/../../../../arm-none-eabi/lib/thumb/v7e-m/fpv4-sp/hard\libcr_c.a(memset.o)
 .comment       0x0000007e       0x7f c:/nxp/mcuxpressoide_10.2.0_759/ide/tools/bin/../lib/gcc/arm-none-eabi/7.2.1/../../../../arm-none-eabi/lib/thumb/v7e-m/fpv4-sp/hard\libcr_c.a(sin.o)
 .comment       0x0000007e       0x7f c:/nxp/mcuxpressoide_10.2.0_759/ide/tools/bin/../lib/gcc/arm-none-eabi/7.2.1/../../../../arm-none-eabi/lib/thumb/v7e-m/fpv4-sp/hard\libcr_c.a(_sincos.o)
 .comment       0x0000007e       0x7f c:/nxp/mcuxpressoide_10.2.0_759/ide/tools/bin/../lib/gcc/arm-none-eabi/7.2.1/../../../../arm-none-eabi/lib/thumb/v7e-m/fpv4-sp/hard\libcr_c.a(errno.o)
 .comment       0x0000007e       0x7f c:/nxp/mcuxpressoide_10.2.0_759/ide/tools/bin/../lib/gcc/arm-none-eabi/7.2.1/../../../../arm-none-eabi/lib/thumb/v7e-m/fpv4-sp/hard\libcr_c.a(fabs.o)
 .comment       0x0000007e       0x7f c:/nxp/mcuxpressoide_10.2.0_759/ide/tools/bin/../lib/gcc/arm-none-eabi/7.2.1/../../../../arm-none-eabi/lib/thumb/v7e-m/fpv4-sp/hard\libcr_c.a(_hugeval.o)
 .comment       0x0000007e       0x7f c:/nxp/mcuxpressoide_10.2.0_759/ide/tools/bin/../lib/gcc/arm-none-eabi/7.2.1/thumb/v7e-m/fpv4-sp/hard\libcr_eabihelpers.a(double.o)
 .comment       0x0000007e       0x7f c:/nxp/mcuxpressoide_10.2.0_759/ide/tools/bin/../lib/gcc/arm-none-eabi/7.2.1/thumb/v7e-m/fpv4-sp/hard\libcr_eabihelpers.a(float.o)

.ARM.attributes
                0x00000000       0x37
 .ARM.attributes
                0x00000000       0x39 ./source/App.o
 .ARM.attributes
                0x00000039       0x39 ./source/DAC.o
 .ARM.attributes
                0x00000072       0x39 ./source/FTM.o
 .ARM.attributes
                0x000000ab       0x39 ./source/PIT.o
 .ARM.attributes
                0x000000e4       0x39 ./source/SysTick.o
 .ARM.attributes
                0x0000011d       0x39 ./source/gpio.o
 .ARM.attributes
                0x00000156       0x39 ./source/measureFreq.o
 .ARM.attributes
                0x0000018f       0x39 ./source/timer.o
 .ARM.attributes
                0x000001c8       0x39 ./source/uart.o
 .ARM.attributes
                0x00000201       0x39 ./source/waveGen.o
 .ARM.attributes
                0x0000023a       0x39 ./SDK/startup/hardware.o
 .ARM.attributes
                0x00000273       0x39 ./SDK/startup/main.o
 .ARM.attributes
                0x000002ac       0x39 ./SDK/startup/semihost_hardfault.o
 .ARM.attributes
                0x000002e5       0x39 ./SDK/startup/startup_mk64f12.o
 .ARM.attributes
                0x0000031e       0x39 ./SDK/CMSIS/system_MK64F12.o
 .ARM.attributes
                0x00000357       0x39 c:/nxp/mcuxpressoide_10.2.0_759/ide/tools/bin/../lib/gcc/arm-none-eabi/7.2.1/../../../../arm-none-eabi/lib/thumb/v7e-m/fpv4-sp/hard\libcr_c.a(memset.o)
 .ARM.attributes
                0x00000390       0x39 c:/nxp/mcuxpressoide_10.2.0_759/ide/tools/bin/../lib/gcc/arm-none-eabi/7.2.1/../../../../arm-none-eabi/lib/thumb/v7e-m/fpv4-sp/hard\libcr_c.a(sin.o)
 .ARM.attributes
                0x000003c9       0x39 c:/nxp/mcuxpressoide_10.2.0_759/ide/tools/bin/../lib/gcc/arm-none-eabi/7.2.1/../../../../arm-none-eabi/lib/thumb/v7e-m/fpv4-sp/hard\libcr_c.a(_sincos.o)
 .ARM.attributes
                0x00000402       0x39 c:/nxp/mcuxpressoide_10.2.0_759/ide/tools/bin/../lib/gcc/arm-none-eabi/7.2.1/../../../../arm-none-eabi/lib/thumb/v7e-m/fpv4-sp/hard\libcr_c.a(errno.o)
 .ARM.attributes
                0x0000043b       0x39 c:/nxp/mcuxpressoide_10.2.0_759/ide/tools/bin/../lib/gcc/arm-none-eabi/7.2.1/../../../../arm-none-eabi/lib/thumb/v7e-m/fpv4-sp/hard\libcr_c.a(fabs.o)
 .ARM.attributes
                0x00000474       0x39 c:/nxp/mcuxpressoide_10.2.0_759/ide/tools/bin/../lib/gcc/arm-none-eabi/7.2.1/../../../../arm-none-eabi/lib/thumb/v7e-m/fpv4-sp/hard\libcr_c.a(_hugeval.o)
 .ARM.attributes
                0x000004ad       0x39 c:/nxp/mcuxpressoide_10.2.0_759/ide/tools/bin/../lib/gcc/arm-none-eabi/7.2.1/thumb/v7e-m/fpv4-sp/hard\libcr_eabihelpers.a(double.o)
 .ARM.attributes
                0x000004e6       0x39 c:/nxp/mcuxpressoide_10.2.0_759/ide/tools/bin/../lib/gcc/arm-none-eabi/7.2.1/thumb/v7e-m/fpv4-sp/hard\libcr_eabihelpers.a(float.o)
 .ARM.attributes
                0x0000051f       0x25 c:/nxp/mcuxpressoide_10.2.0_759/ide/tools/bin/../lib/gcc/arm-none-eabi/7.2.1/thumb/v7e-m/fpv4-sp/hard\libcr_eabihelpers.a(memcpy.o)

.debug_frame    0x00000000     0x172c
 .debug_frame   0x00000000       0x60 ./source/App.o
 .debug_frame   0x00000060       0xb4 ./source/DAC.o
 .debug_frame   0x00000114      0x3b8 ./source/FTM.o
 .debug_frame   0x000004cc       0xf8 ./source/PIT.o
 .debug_frame   0x000005c4       0x38 ./source/SysTick.o
 .debug_frame   0x000005fc      0x230 ./source/gpio.o
 .debug_frame   0x0000082c       0x7c ./source/measureFreq.o
 .debug_frame   0x000008a8       0xa4 ./source/timer.o
 .debug_frame   0x0000094c      0x2b4 ./source/uart.o
 .debug_frame   0x00000c00      0x158 ./source/waveGen.o
 .debug_frame   0x00000d58       0x40 ./SDK/startup/hardware.o
 .debug_frame   0x00000d98       0x28 ./SDK/startup/main.o
 .debug_frame   0x00000dc0       0x20 ./SDK/startup/semihost_hardfault.o
 .debug_frame   0x00000de0      0x904 ./SDK/startup/startup_mk64f12.o
 .debug_frame   0x000016e4       0x48 ./SDK/CMSIS/system_MK64F12.o

.debug_loc      0x00000000     0x1a3c
 .debug_loc     0x00000000      0x263 ./source/DAC.o
 .debug_loc     0x00000263      0x2a0 ./source/PIT.o
 .debug_loc     0x00000503       0x6b ./source/SysTick.o
 .debug_loc     0x0000056e      0x605 ./source/gpio.o
 .debug_loc     0x00000b73       0x5e ./source/measureFreq.o
 .debug_loc     0x00000bd1      0x13b ./source/timer.o
 .debug_loc     0x00000d0c      0x683 ./source/uart.o
 .debug_loc     0x0000138f      0x41d ./source/waveGen.o
 .debug_loc     0x000017ac      0x1e7 ./SDK/startup/startup_mk64f12.o
 .debug_loc     0x00001993       0xa9 ./SDK/CMSIS/system_MK64F12.o
