Archive member included to satisfy reference by file (symbol)

c:/nxp/mcuxpressoide_10.2.0_759/ide/tools/bin/../lib/gcc/arm-none-eabi/7.2.1/../../../../arm-none-eabi/lib/thumb/v7e-m/fpv4-sp/hard\libcr_c.a(sin.o)
                              ./source/waveGen.o (sin)
c:/nxp/mcuxpressoide_10.2.0_759/ide/tools/bin/../lib/gcc/arm-none-eabi/7.2.1/../../../../arm-none-eabi/lib/thumb/v7e-m/fpv4-sp/hard\libcr_c.a(_sincos.o)
                              c:/nxp/mcuxpressoide_10.2.0_759/ide/tools/bin/../lib/gcc/arm-none-eabi/7.2.1/../../../../arm-none-eabi/lib/thumb/v7e-m/fpv4-sp/hard\libcr_c.a(sin.o) (_sincos)
c:/nxp/mcuxpressoide_10.2.0_759/ide/tools/bin/../lib/gcc/arm-none-eabi/7.2.1/../../../../arm-none-eabi/lib/thumb/v7e-m/fpv4-sp/hard\libcr_c.a(errno.o)
                              c:/nxp/mcuxpressoide_10.2.0_759/ide/tools/bin/../lib/gcc/arm-none-eabi/7.2.1/../../../../arm-none-eabi/lib/thumb/v7e-m/fpv4-sp/hard\libcr_c.a(_sincos.o) (errno)
c:/nxp/mcuxpressoide_10.2.0_759/ide/tools/bin/../lib/gcc/arm-none-eabi/7.2.1/../../../../arm-none-eabi/lib/thumb/v7e-m/fpv4-sp/hard\libcr_c.a(fabs.o)
                              c:/nxp/mcuxpressoide_10.2.0_759/ide/tools/bin/../lib/gcc/arm-none-eabi/7.2.1/../../../../arm-none-eabi/lib/thumb/v7e-m/fpv4-sp/hard\libcr_c.a(_sincos.o) (fabs)
c:/nxp/mcuxpressoide_10.2.0_759/ide/tools/bin/../lib/gcc/arm-none-eabi/7.2.1/../../../../arm-none-eabi/lib/thumb/v7e-m/fpv4-sp/hard\libcr_c.a(_hugeval.o)
                              c:/nxp/mcuxpressoide_10.2.0_759/ide/tools/bin/../lib/gcc/arm-none-eabi/7.2.1/../../../../arm-none-eabi/lib/thumb/v7e-m/fpv4-sp/hard\libcr_c.a(_sincos.o) (__huge_val)
c:/nxp/mcuxpressoide_10.2.0_759/ide/tools/bin/../lib/gcc/arm-none-eabi/7.2.1/thumb/v7e-m/fpv4-sp/hard\libcr_eabihelpers.a(double.o)
                              ./source/FSK_Demodulator.o (__aeabi_dmul)
c:/nxp/mcuxpressoide_10.2.0_759/ide/tools/bin/../lib/gcc/arm-none-eabi/7.2.1/thumb/v7e-m/fpv4-sp/hard\libcr_eabihelpers.a(float.o)
                              ./source/FTM.o (__aeabi_f2d)

Discarded input sections

 .group         0x00000000        0xc ./source/ADC.o
 .group         0x00000000        0xc ./source/ADC.o
 .group         0x00000000        0xc ./source/ADC.o
 .group         0x00000000        0xc ./source/ADC.o
 .group         0x00000000        0xc ./source/ADC.o
 .group         0x00000000        0xc ./source/ADC.o
 .group         0x00000000        0xc ./source/ADC.o
 .group         0x00000000        0xc ./source/ADC.o
 .group         0x00000000        0xc ./source/ADC.o
 .group         0x00000000        0xc ./source/ADC.o
 .group         0x00000000        0xc ./source/ADC.o
 .text          0x00000000        0x0 ./source/ADC.o
 .data          0x00000000        0x0 ./source/ADC.o
 .bss           0x00000000        0x0 ./source/ADC.o
 .text.__NVIC_EnableIRQ
                0x00000000       0x3c ./source/ADC.o
 .bss.initialized
                0x00000000        0x1 ./source/ADC.o
 .bss.ADC       0x00000000        0x4 ./source/ADC.o
 .text.ADC_Init
                0x00000000      0x24c ./source/ADC.o
 .text.StartConversion
                0x00000000       0x40 ./source/ADC.o
 .text.SetChannelADC
                0x00000000       0x80 ./source/ADC.o
 .text.SetInterruptCallback
                0x00000000       0x20 ./source/ADC.o
 .text.IsConversionFinished
                0x00000000       0x28 ./source/ADC.o
 .text.GetConversionResult
                0x00000000       0x1c ./source/ADC.o
 .text.InitializeHardwareTrigger
                0x00000000       0x2a ./source/ADC.o
 .group         0x00000000        0xc ./source/App.o
 .text          0x00000000        0x0 ./source/App.o
 .data          0x00000000        0x0 ./source/App.o
 .bss           0x00000000        0x0 ./source/App.o
 .debug_macro   0x00000000      0xa5a ./source/App.o
 .group         0x00000000        0xc ./source/Bell202.o
 .group         0x00000000        0xc ./source/Bell202.o
 .group         0x00000000        0xc ./source/Bell202.o
 .group         0x00000000        0xc ./source/Bell202.o
 .group         0x00000000        0xc ./source/Bell202.o
 .group         0x00000000        0xc ./source/Bell202.o
 .text          0x00000000        0x0 ./source/Bell202.o
 .data          0x00000000        0x0 ./source/Bell202.o
 .bss           0x00000000        0x0 ./source/Bell202.o
 .debug_macro   0x00000000      0xa5a ./source/Bell202.o
 .debug_macro   0x00000000      0x34e ./source/Bell202.o
 .debug_macro   0x00000000       0x22 ./source/Bell202.o
 .group         0x00000000        0xc ./source/CMP.o
 .group         0x00000000        0xc ./source/CMP.o
 .group         0x00000000        0xc ./source/CMP.o
 .group         0x00000000        0xc ./source/CMP.o
 .group         0x00000000        0xc ./source/CMP.o
 .group         0x00000000        0xc ./source/CMP.o
 .group         0x00000000        0xc ./source/CMP.o
 .group         0x00000000        0xc ./source/CMP.o
 .group         0x00000000        0xc ./source/CMP.o
[...]
Memory Configuration

Name             Origin             Length             Attributes
PROGRAM_FLASH    0x00000000         0x00100000         xr
SRAM_UPPER       0x20000000         0x00030000         xrw
SRAM_LOWER       0x1fff0000         0x00010000         xrw
FLEX_RAM         0x14000000         0x00001000         xrw
*default*        0x00000000         0xffffffff

Linker script and memory map

LOAD ./source/ADC.o
LOAD ./source/App.o
LOAD ./source/Bell202.o
LOAD ./source/CMP.o
LOAD ./source/DAC.o
LOAD ./source/DMA.o
LOAD ./source/DMAMUX.o
LOAD ./source/FSK_Demodulator.o
LOAD ./source/FSK_Modulator.o
LOAD ./source/FTM.o
LOAD ./source/PDB.o
LOAD ./source/PIT.o
LOAD ./source/bitStreamQueue.o
LOAD ./source/gpio.o
LOAD ./source/measureFreq.o
LOAD ./source/uart.o
LOAD ./source/waveGen.o
LOAD ./SDK/startup/hardware.o
LOAD ./SDK/startup/main.o
LOAD ./SDK/startup/semihost_hardfault.o
LOAD ./SDK/startup/startup_mk64f12.o
LOAD ./SDK/CMSIS/system_MK64F12.o
START GROUP
LOAD c:/nxp/mcuxpressoide_10.2.0_759/ide/tools/bin/../lib/gcc/arm-none-eabi/7.2.1/../../../../arm-none-eabi/lib/thumb/v7e-m/fpv4-sp/hard\libcr_c.a
LOAD c:/nxp/mcuxpressoide_10.2.0_759/ide/tools/bin/../lib/gcc/arm-none-eabi/7.2.1/thumb/v7e-m/fpv4-sp/hard\libcr_eabihelpers.a
END GROUP
                0x00000000                __base_PROGRAM_FLASH = 0x0
                0x00000000                __base_Flash = 0x0
                0x00100000                __top_PROGRAM_FLASH = 0x100000
                0x00100000                __top_Flash = 0x100000
                0x20000000                __base_SRAM_UPPER = 0x20000000
                0x20000000                __base_RAM = 0x20000000
                0x20030000                __top_SRAM_UPPER = 0x20030000
                0x20030000                __top_RAM = 0x20030000
                0x1fff0000                __base_SRAM_LOWER = 0x1fff0000
                0x1fff0000                __base_RAM2 = 0x1fff0000
                0x20000000                __top_SRAM_LOWER = 0x20000000
                0x20000000                __top_RAM2 = 0x20000000
                0x14000000                __base_FLEX_RAM = 0x14000000
                0x14000000                __base_RAM3 = 0x14000000
                0x14001000                __top_FLEX_RAM = 0x14001000
                0x14001000                __top_RAM3 = 0x14001000

.text           0x00000000     0x1740
 FILL mask 0xff
                0x00000000                __vectors_start__ = ABSOLUTE (.)
 *(SORT_BY_ALIGNMENT(.isr_vector))
 .isr_vector    0x00000000      0x198 ./SDK/startup/startup_mk64f12.o
                0x00000000                g_pfnVectors
                0x00000000                __Vectors
                0x00000198                . = ALIGN (0x4)
                0x00000198                __section_table_start = .
                0x00000198                __data_section_table = .
                0x00000198        0x4 LONG 0x1740 LOADADDR (.data)
                0x0000019c        0x4 LONG 0x20000000 ADDR (.data)
                0x000001a0        0x4 LONG 0x58 SIZEOF (.data)
                0x000001a4        0x4 LONG 0x1740 LOADADDR (.data_RAM2)
                0x000001a8        0x4 LONG 0x1fff0000 ADDR (.data_RAM2)
                0x000001ac        0x4 LONG 0x0 SIZEOF (.data_RAM2)
                0x000001b0        0x4 LONG 0x1740 LOADADDR (.data_RAM3)
                0x000001b4        0x4 LONG 0x14000000 ADDR (.data_RAM3)
                0x000001b8        0x4 LONG 0x0 SIZEOF (.data_RAM3)
                0x000001bc                __data_section_table_end = .
                0x000001bc                __bss_section_table = .
                0x000001bc        0x4 LONG 0x20000058 ADDR (.bss)
                0x000001c0        0x4 LONG 0xe588 SIZEOF (.bss)
                0x000001c4        0x4 LONG 0x1fff0000 ADDR (.bss_RAM2)
                0x000001c8        0x4 LONG 0x0 SIZEOF (.bss_RAM2)
                0x000001cc        0x4 LONG 0x14000000 ADDR (.bss_RAM3)
                0x000001d0        0x4 LONG 0x0 SIZEOF (.bss_RAM3)
                0x000001d4                __bss_section_table_end = .
                0x000001d4                __section_table_end = .
 *(SORT_BY_ALIGNMENT(.after_vectors*))
 .after_vectors.reset
                0x000001d4       0x4c ./SDK/startup/startup_mk64f12.o
                0x000001d4                ResetISR
 .after_vectors.init_data
                0x00000220       0x1e ./SDK/startup/startup_mk64f12.o
                0x00000220                data_init
 .after_vectors.init_bss
                0x0000023e       0x12 ./SDK/startup/startup_mk64f12.o
                0x0000023e                bss_init
 .after_vectors
                0x00000250       0x14 ./SDK/startup/startup_mk64f12.o
                0x00000250                NMI_Handler
                0x00000254                MemManage_Handler
                0x00000256                BusFault_Handler
                0x00000258                UsageFault_Handler
                0x0000025a                SVC_Handler
                0x0000025c                DebugMon_Handler
                0x0000025e                PendSV_Handler
                0x00000260                SysTick_Handler
                0x00000262                DMA_Error_DriverIRQHandler
                0x00000262                LPTMR0_DriverIRQHandler
                0x00000262                FTM1_DriverIRQHandler
                0x00000262                FTM2_DriverIRQHandler
                0x00000262                PIT2_DriverIRQHandler
                0x00000262                SDHC_DriverIRQHandler
                0x00000262                I2S0_Tx_DriverIRQHandler
                0x00000262                RTC_Seconds_DriverIRQHandler
                0x00000262                DMA6_DriverIRQHandler
                0x00000262                LLWU_DriverIRQHandler
                0x00000262                MCM_DriverIRQHandler
                0x00000262                MCG_DriverIRQHandler
                0x00000262                ENET_1588_Timer_DriverIRQHandler
                0x00000262                I2C2_DriverIRQHandler
                0x00000262                DAC1_DriverIRQHandler
                0x00000262                SPI1_DriverIRQHandler
                0x00000262                CMP1_DriverIRQHandler
                0x00000262                UART5_RX_TX_DriverIRQHandler
                0x00000262                FTM0_DriverIRQHandler
                0x00000262                IntDefaultHandler
                0x00000262                USB0_DriverIRQHandler
                0x00000262                UART5_ERR_DriverIRQHandler
                0x00000262                PORTC_DriverIRQHandler
                0x00000262                DMA11_DriverIRQHandler
                0x00000262                DAC0_DriverIRQHandler
                0x00000262                DMA10_DriverIRQHandler
                0x00000262                CMP2_DriverIRQHandler
                0x00000262                UART2_ERR_DriverIRQHandler
                0x00000262                SPI2_DriverIRQHandler
                0x00000262                LVD_LVW_DriverIRQHandler
                0x00000262                PIT0_DriverIRQHandler
                0x00000262                RNG_DriverIRQHandler
                0x00000262                DMA12_DriverIRQHandler
                0x00000262                DMA4_DriverIRQHandler
                0x00000262                UART2_RX_TX_DriverIRQHandler
                0x00000262                USBDCD_DriverIRQHandler
                0x00000262                UART3_ERR_DriverIRQHandler
                0x00000262                DMA3_DriverIRQHandler
                0x00000262                DMA8_DriverIRQHandler
                0x00000262                DMA9_DriverIRQHandler
                0x00000262                UART0_ERR_DriverIRQHandler
                0x00000262                CMT_DriverIRQHandler
                0x00000262                Reserved71_DriverIRQHandler
                0x00000262                ADC1_DriverIRQHandler
                0x00000262                PORTA_DriverIRQHandler
                0x00000262                DMA14_DriverIRQHandler
                0x00000262                PIT3_DriverIRQHandler
                0x00000262                PIT1_DriverIRQHandler
                0x00000262                WDOG_EWM_DriverIRQHandler
                0x00000262                PDB0_DriverIRQHandler
                0x00000262                RTC_DriverIRQHandler
                0x00000262                I2S0_Rx_DriverIRQHandler
                0x00000262                Read_Collision_DriverIRQHandler
                0x00000262                SWI_DriverIRQHandler
                0x00000262                UART4_RX_TX_DriverIRQHandler
                0x00000262                UART4_ERR_DriverIRQHandler
                0x00000262                PORTB_DriverIRQHandler
                0x00000262                UART0_LON_DriverIRQHandler
                0x00000262                DMA0_DriverIRQHandler
                0x00000262                DMA1_DriverIRQHandler
                0x00000262                I2C1_DriverIRQHandler
                0x00000262                UART3_RX_TX_DriverIRQHandler
                0x00000262                ENET_Receive_DriverIRQHandler
                0x00000262                DMA13_DriverIRQHandler
                0x00000262                ENET_Error_DriverIRQHandler
                0x00000262                DMA15_DriverIRQHandler
                0x00000262                UART0_RX_TX_DriverIRQHandler
                0x00000262                SPI0_DriverIRQHandler
                0x00000262                ADC0_DriverIRQHandler
                0x00000262                CMP0_DriverIRQHandler
                0x00000262                CAN0_DriverIRQHandler
                0x00000262                FTM3_DriverIRQHandler
                0x00000262                DMA5_DriverIRQHandler
                0x00000262                UART1_ERR_DriverIRQHandler
                0x00000262                DMA2_DriverIRQHandler
                0x00000262                ENET_Transmit_DriverIRQHandler
                0x00000262                PORTD_DriverIRQHandler
                0x00000262                PORTE_DriverIRQHandler
                0x00000262                FTFE_DriverIRQHandler
                0x00000262                I2C0_DriverIRQHandler
                0x00000262                DMA7_DriverIRQHandler
                0x00000262                UART1_RX_TX_DriverIRQHandler
                0x00000400                . = 0x400
 *fill*         0x00000264      0x19c ff
                0x00000400                PROVIDE (__FLASH_CONFIG_START__, .)
 *(SORT_BY_ALIGNMENT(.FlashConfig))
 .FlashConfig   0x00000400       0x10 ./SDK/startup/startup_mk64f12.o
                0x00000400                Flash_Config
                0x00000410                PROVIDE (__FLASH_CONFIG_END__, .)
                0x00000001                ASSERT (! ((__FLASH_CONFIG_START__ == __FLASH_CONFIG_END__)), Linker Flash Config Support Enabled, but no .FlashConfig section provided within application)
 *(SORT_BY_ALIGNMENT(.text*))
 .text.ADC0_IRQHandler
                0x00000410       0x14 ./source/ADC.o
                0x00000410                ADC0_IRQHandler
 .text.ADC1_IRQHandler
                0x00000424       0x14 ./source/ADC.o
                0x00000424                ADC1_IRQHandler
 .text.ModemRun
                0x00000438       0x50 ./source/Bell202.o
                0x00000438                ModemRun
 .text.CMP0_IRQHandler
                0x00000488       0x2c ./source/CMP.o
                0x00000488                CMP0_IRQHandler
 .text.DAC0_IRQHandler
                0x000004b4       0x6c ./source/DAC.o
                0x000004b4                DAC0_IRQHandler
 .text.DMA0_IRQHandler
                0x00000520       0x28 ./source/DMA.o
                0x00000520                DMA0_IRQHandler
 .text.DMA1_IRQHandler
                0x00000548       0x28 ./source/DMA.o
                0x00000548                DMA1_IRQHandler
 .text.DMA2_IRQHandler
                0x00000570       0x28 ./source/DMA.o
                0x00000570                DMA2_IRQHandler
 .text.DMA3_IRQHandler
                0x00000598       0x28 ./source/DMA.o
                0x00000598                DMA3_IRQHandler
 .text.FTMx_IRQHandler
                0x000005c0       0xe4 ./source/FTM.o
                0x000005c0                FTMx_IRQHandler
 .text.PIT0_IRQHandler
                0x000006a4       0x30 ./source/PIT.o
                0x000006a4                PIT0_IRQHandler
 .text.PIT1_IRQHandler
                0x000006d4       0x30 ./source/PIT.o
                0x000006d4                PIT1_IRQHandler
 .text.PIT2_IRQHandler
                0x00000704       0x30 ./source/PIT.o
                0x00000704                PIT2_IRQHandler
 .text.PIT3_IRQHandler
                0x00000734       0x30 ./source/PIT.o
                0x00000734                PIT3_IRQHandler
 .text.bitStreamQueueInit
                0x00000764       0x34 ./source/bitStreamQueue.o
                0x00000764                bitStreamQueueInit
 .text.PORTX_IRQHandler
                0x00000798       0xbc ./source/gpio.o
                0x00000798                PORTX_IRQHandler
 .text.gpioWrite
                0x00000854       0x80 ./source/gpio.o
                0x00000854                gpioWrite
 .text.__NVIC_EnableIRQ
                0x000008d4       0x3c ./source/uart.o
 .text.uartInit
                0x00000910      0x250 ./source/uart.o
                0x00000910                uartInit
 .text.uartIsRxMsg
                0x00000b60       0xa4 ./source/uart.o
                0x00000b60                uartIsRxMsg
 .text.uartReadMsg
                0x00000c04      0x184 ./source/uart.o
                0x00000c04                uartReadMsg
 .text.UARTX_RX_TX_IRQHandler
                0x00000d88      0x1e0 ./source/uart.o
                0x00000d88                UARTX_RX_TX_IRQHandler
 .text.UART_setBaudRate
                0x00000f68       0xb0 ./source/uart.o
                0x00000f68                UART_setBaudRate
 .text.UART_clockGating
                0x00001018       0xc4 ./source/uart.o
                0x00001018                UART_clockGating
 .text.hw_Init  0x000010dc      0x10c ./SDK/startup/hardware.o
                0x000010dc                hw_Init
 .text.hw_EnableInterrupts
                0x000011e8       0x30 ./SDK/startup/hardware.o
                0x000011e8                hw_EnableInterrupts
 .text.hw_DisableInterrupts
                0x00001218       0x20 ./SDK/startup/hardware.o
                0x00001218                hw_DisableInterrupts
 .text.SystemInit
                0x00001238       0x3c ./SDK/CMSIS/system_MK64F12.o
                0x00001238                SystemInit
 .text.App_Init
                0x00001274        0xc ./source/App.o
                0x00001274                App_Init
 .text.App_Run  0x00001280        0xc ./source/App.o
                0x00001280                App_Run
 .text.ModemInit
                0x0000128c       0x3a ./source/Bell202.o
                0x0000128c                ModemInit
 .text.FTM0_IRQHandler
                0x000012c6        0xe ./source/FTM.o
                0x000012c6                FTM0_IRQHandler
 .text.FTM1_IRQHandler
                0x000012d4        0xe ./source/FTM.o
                0x000012d4                FTM1_IRQHandler
 .text.FTM2_IRQHandler
                0x000012e2        0xe ./source/FTM.o
                0x000012e2                FTM2_IRQHandler
 .text.PORTA_IRQHandler
                0x000012f0        0xe ./source/gpio.o
                0x000012f0                PORTA_IRQHandler
 .text.PORTB_IRQHandler
                0x000012fe        0xe ./source/gpio.o
                0x000012fe                PORTB_IRQHandler
 .text.PORTC_IRQHandler
                0x0000130c        0xe ./source/gpio.o
                0x0000130c                PORTC_IRQHandler
 .text.PORTD_IRQHandler
                0x0000131a        0xe ./source/gpio.o
                0x0000131a                PORTD_IRQHandler
 .text.PORTE_IRQHandler
                0x00001328        0xe ./source/gpio.o
                0x00001328                PORTE_IRQHandler
 .text.setPCRmux
                0x00001336       0x46 ./source/gpio.o
                0x00001336                setPCRmux
 .text.setGPIOdataOut
                0x0000137c       0x4a ./source/gpio.o
                0x0000137c                setGPIOdataOut
 .text.setPCRirqc
                0x000013c6       0x46 ./source/gpio.o
                0x000013c6                setPCRirqc
 .text.UARTX_LON_IRQHandler
                0x0000140c       0x16 ./source/uart.o
                0x0000140c                UARTX_LON_IRQHandler
 .text.UARTX_ERR_IRQHandler
                0x00001422       0x16 ./source/uart.o
                0x00001422                UARTX_ERR_IRQHandler
 .text.UART0_LON_IRQHandler
                0x00001438        0xe ./source/uart.o
                0x00001438                UART0_LON_IRQHandler
 .text.UART0_RX_TX_IRQHandler
                0x00001446        0xe ./source/uart.o
                0x00001446                UART0_RX_TX_IRQHandler
 .text.UART0_ERR_IRQHandler
                0x00001454        0xe ./source/uart.o
                0x00001454                UART0_ERR_IRQHandler
 .text.UART1_RX_TX_IRQHandler
                0x00001462        0xe ./source/uart.o
                0x00001462                UART1_RX_TX_IRQHandler
 .text.UART1_ERR_IRQHandler
                0x00001470        0xe ./source/uart.o
                0x00001470                UART1_ERR_IRQHandler
 .text.UART2_RX_TX_IRQHandler
                0x0000147e        0xe ./source/uart.o
                0x0000147e                UART2_RX_TX_IRQHandler
 .text.UART2_ERR_IRQHandler
                0x0000148c        0xe ./source/uart.o
                0x0000148c                UART2_ERR_IRQHandler
 .text.UART3_RX_TX_IRQHandler
                0x0000149a        0xe ./source/uart.o
                0x0000149a                UART3_RX_TX_IRQHandler
 .text.UART3_ERR_IRQHandler
                0x000014a8        0xe ./source/uart.o
                0x000014a8                UART3_ERR_IRQHandler
 .text.UART4_RX_TX_IRQHandler
                0x000014b6        0xe ./source/uart.o
                0x000014b6                UART4_RX_TX_IRQHandler
 .text.UART4_ERR_IRQHandler
                0x000014c4        0xe ./source/uart.o
                0x000014c4                UART4_ERR_IRQHandler
 .text.main     0x000014d2       0x1a ./SDK/startup/main.o
                0x000014d2                main
 .text.HardFault_Handler
                0x000014ec       0x2c ./SDK/startup/semihost_hardfault.o
                0x000014ec                HardFault_Handler
 .text.DMA4_IRQHandler
                0x00001518        0x8 ./SDK/startup/startup_mk64f12.o
                0x00001518                DMA4_IRQHandler
 .text.DMA5_IRQHandler
                0x00001520        0x8 ./SDK/startup/startup_mk64f12.o
                0x00001520                DMA5_IRQHandler
 .text.DMA6_IRQHandler
                0x00001528        0x8 ./SDK/startup/startup_mk64f12.o
                0x00001528                DMA6_IRQHandler
 .text.DMA7_IRQHandler
                0x00001530        0x8 ./SDK/startup/startup_mk64f12.o
                0x00001530                DMA7_IRQHandler
 .text.DMA8_IRQHandler
                0x00001538        0x8 ./SDK/startup/startup_mk64f12.o
                0x00001538                DMA8_IRQHandler
 .text.DMA9_IRQHandler
                0x00001540        0x8 ./SDK/startup/startup_mk64f12.o
                0x00001540                DMA9_IRQHandler
 .text.DMA10_IRQHandler
                0x00001548        0x8 ./SDK/startup/startup_mk64f12.o
                0x00001548                DMA10_IRQHandler
 .text.DMA11_IRQHandler
                0x00001550        0x8 ./SDK/startup/startup_mk64f12.o
                0x00001550                DMA11_IRQHandler
 .text.DMA12_IRQHandler
                0x00001558        0x8 ./SDK/startup/startup_mk64f12.o
                0x00001558                DMA12_IRQHandler
 .text.DMA13_IRQHandler
                0x00001560        0x8 ./SDK/startup/startup_mk64f12.o
                0x00001560                DMA13_IRQHandler
 .text.DMA14_IRQHandler
                0x00001568        0x8 ./SDK/startup/startup_mk64f12.o
                0x00001568                DMA14_IRQHandler
 .text.DMA15_IRQHandler
                0x00001570        0x8 ./SDK/startup/startup_mk64f12.o
                0x00001570                DMA15_IRQHandler
 .text.DMA_Error_IRQHandler
                0x00001578        0x8 ./SDK/startup/startup_mk64f12.o
                0x00001578                DMA_Error_IRQHandler
 .text.MCM_IRQHandler
                0x00001580        0x8 ./SDK/startup/startup_mk64f12.o
                0x00001580                MCM_IRQHandler
 .text.FTFE_IRQHandler
                0x00001588        0x8 ./SDK/startup/startup_mk64f12.o
                0x00001588                FTFE_IRQHandler
 .text.Read_Collision_IRQHandler
                0x00001590        0x8 ./SDK/startup/startup_mk64f12.o
                0x00001590                Read_Collision_IRQHandler
 .text.LVD_LVW_IRQHandler
                0x00001598        0x8 ./SDK/startup/startup_mk64f12.o
                0x00001598                LVD_LVW_IRQHandler
 .text.LLWU_IRQHandler
                0x000015a0        0x8 ./SDK/startup/startup_mk64f12.o
                0x000015a0                LLWU_IRQHandler
 .text.WDOG_EWM_IRQHandler
                0x000015a8        0x8 ./SDK/startup/startup_mk64f12.o
                0x000015a8                WDOG_EWM_IRQHandler
 .text.RNG_IRQHandler
                0x000015b0        0x8 ./SDK/startup/startup_mk64f12.o
                0x000015b0                RNG_IRQHandler
 .text.I2C0_IRQHandler
                0x000015b8        0x8 ./SDK/startup/startup_mk64f12.o
                0x000015b8                I2C0_IRQHandler
 .text.I2C1_IRQHandler
                0x000015c0        0x8 ./SDK/startup/startup_mk64f12.o
                0x000015c0                I2C1_IRQHandler
 .text.SPI0_IRQHandler
                0x000015c8        0x8 ./SDK/startup/startup_mk64f12.o
                0x000015c8                SPI0_IRQHandler
 .text.SPI1_IRQHandler
                0x000015d0        0x8 ./SDK/startup/startup_mk64f12.o
                0x000015d0                SPI1_IRQHandler
 .text.I2S0_Tx_IRQHandler
                0x000015d8        0x8 ./SDK/startup/startup_mk64f12.o
                0x000015d8                I2S0_Tx_IRQHandler
 .text.I2S0_Rx_IRQHandler
                0x000015e0        0x8 ./SDK/startup/startup_mk64f12.o
                0x000015e0                I2S0_Rx_IRQHandler
 .text.CMP1_IRQHandler
                0x000015e8        0x8 ./SDK/startup/startup_mk64f12.o
                0x000015e8                CMP1_IRQHandler
 .text.CMT_IRQHandler
                0x000015f0        0x8 ./SDK/startup/startup_mk64f12.o
                0x000015f0                CMT_IRQHandler
 .text.RTC_IRQHandler
                0x000015f8        0x8 ./SDK/startup/startup_mk64f12.o
                0x000015f8                RTC_IRQHandler
 .text.RTC_Seconds_IRQHandler
                0x00001600        0x8 ./SDK/startup/startup_mk64f12.o
                0x00001600                RTC_Seconds_IRQHandler
 .text.PDB0_IRQHandler
                0x00001608        0x8 ./SDK/startup/startup_mk64f12.o
                0x00001608                PDB0_IRQHandler
 .text.USB0_IRQHandler
                0x00001610        0x8 ./SDK/startup/startup_mk64f12.o
                0x00001610                USB0_IRQHandler
 .text.USBDCD_IRQHandler
                0x00001618        0x8 ./SDK/startup/startup_mk64f12.o
                0x00001618                USBDCD_IRQHandler
 .text.Reserved71_IRQHandler
                0x00001620        0x8 ./SDK/startup/startup_mk64f12.o
                0x00001620                Reserved71_IRQHandler
 .text.MCG_IRQHandler
                0x00001628        0x8 ./SDK/startup/startup_mk64f12.o
                0x00001628                MCG_IRQHandler
 .text.LPTMR0_IRQHandler
                0x00001630        0x8 ./SDK/startup/startup_mk64f12.o
                0x00001630                LPTMR0_IRQHandler
 .text.SWI_IRQHandler
                0x00001638        0x8 ./SDK/startup/startup_mk64f12.o
                0x00001638                SWI_IRQHandler
 .text.SPI2_IRQHandler
                0x00001640        0x8 ./SDK/startup/startup_mk64f12.o
                0x00001640                SPI2_IRQHandler
 .text.UART5_RX_TX_IRQHandler
                0x00001648        0x8 ./SDK/startup/startup_mk64f12.o
                0x00001648                UART5_RX_TX_IRQHandler
 .text.UART5_ERR_IRQHandler
                0x00001650        0x8 ./SDK/startup/startup_mk64f12.o
                0x00001650                UART5_ERR_IRQHandler
 .text.CMP2_IRQHandler
                0x00001658        0x8 ./SDK/startup/startup_mk64f12.o
                0x00001658                CMP2_IRQHandler
 .text.FTM3_IRQHandler
                0x00001660        0x8 ./SDK/startup/startup_mk64f12.o
                0x00001660                FTM3_IRQHandler
 .text.DAC1_IRQHandler
                0x00001668        0x8 ./SDK/startup/startup_mk64f12.o
                0x00001668                DAC1_IRQHandler
 .text.I2C2_IRQHandler
                0x00001670        0x8 ./SDK/startup/startup_mk64f12.o
                0x00001670                I2C2_IRQHandler
 .text.CAN0_ORed_Message_buffer_IRQHandler
                0x00001678        0x8 ./SDK/startup/startup_mk64f12.o
                0x00001678                CAN0_ORed_Message_buffer_IRQHandler
 .text.CAN0_Bus_Off_IRQHandler
                0x00001680        0x8 ./SDK/startup/startup_mk64f12.o
                0x00001680                CAN0_Bus_Off_IRQHandler
 .text.CAN0_Error_IRQHandler
                0x00001688        0x8 ./SDK/startup/startup_mk64f12.o
                0x00001688                CAN0_Error_IRQHandler
 .text.CAN0_Tx_Warning_IRQHandler
                0x00001690        0x8 ./SDK/startup/startup_mk64f12.o
                0x00001690                CAN0_Tx_Warning_IRQHandler
 .text.CAN0_Rx_Warning_IRQHandler
                0x00001698        0x8 ./SDK/startup/startup_mk64f12.o
                0x00001698                CAN0_Rx_Warning_IRQHandler
 .text.CAN0_Wake_Up_IRQHandler
                0x000016a0        0x8 ./SDK/startup/startup_mk64f12.o
                0x000016a0                CAN0_Wake_Up_IRQHandler
 .text.SDHC_IRQHandler
                0x000016a8        0x8 ./SDK/startup/startup_mk64f12.o
                0x000016a8                SDHC_IRQHandler
 .text.ENET_1588_Timer_IRQHandler
                0x000016b0        0x8 ./SDK/startup/startup_mk64f12.o
                0x000016b0                ENET_1588_Timer_IRQHandler
 .text.ENET_Transmit_IRQHandler
                0x000016b8        0x8 ./SDK/startup/startup_mk64f12.o
                0x000016b8                ENET_Transmit_IRQHandler
 .text.ENET_Receive_IRQHandler
                0x000016c0        0x8 ./SDK/startup/startup_mk64f12.o
                0x000016c0                ENET_Receive_IRQHandler
 .text.ENET_Error_IRQHandler
                0x000016c8        0x8 ./SDK/startup/startup_mk64f12.o
                0x000016c8                ENET_Error_IRQHandler
 .text.SystemInitHook
                0x000016d0        0xe ./SDK/CMSIS/system_MK64F12.o
                0x000016d0                SystemInitHook
 *(SORT_BY_ALIGNMENT(.rodata) SORT_BY_ALIGNMENT(.rodata.*) SORT_BY_ALIGNMENT(.constdata) SORT_BY_ALIGNMENT(.constdata.*))
 *fill*         0x000016de        0x2 ff
 .rodata        0x000016e0       0x30 ./source/gpio.o
 .rodata        0x00001710       0x2c ./source/uart.o
                0x00001740                . = ALIGN (0x8)
 *fill*         0x0000173c        0x4 ff

.glue_7         0x00001740        0x0
 .glue_7        0x00001740        0x0 linker stubs

.glue_7t        0x00001740        0x0
 .glue_7t       0x00001740        0x0 linker stubs

.vfp11_veneer   0x00001740        0x0
 .vfp11_veneer  0x00001740        0x0 linker stubs

.v4_bx          0x00001740        0x0
 .v4_bx         0x00001740        0x0 linker stubs

.iplt           0x00001740        0x0
 .iplt          0x00001740        0x0 ./source/ADC.o

.rel.dyn        0x00001740        0x0
 .rel.iplt      0x00001740        0x0 ./source/ADC.o

.ARM.extab
 *(SORT_BY_ALIGNMENT(.ARM.extab*) SORT_BY_ALIGNMENT(.gnu.linkonce.armextab.*))
                0x00001740                __exidx_start = .

.ARM.exidx
 *(SORT_BY_ALIGNMENT(.ARM.exidx*) SORT_BY_ALIGNMENT(.gnu.linkonce.armexidx.*))
                0x00001740                __exidx_end = .
                0x00001740                _etext = .

.m_usb_data
 *(SORT_BY_ALIGNMENT(m_usb_bdt))

.data_RAM2      0x1fff0000        0x0 load address 0x00001740
 FILL mask 0xff
                [!provide]                PROVIDE (__start_data_RAM2, .)
 *(SORT_BY_ALIGNMENT(.ramfunc.$RAM2))
 *(SORT_BY_ALIGNMENT(.ramfunc.$SRAM_LOWER))
 *(SORT_BY_ALIGNMENT(.data.$RAM2*))
 *(SORT_BY_ALIGNMENT(.data.$SRAM_LOWER*))
                0x1fff0000                . = ALIGN (0x8)
                [!provide]                PROVIDE (__end_data_RAM2, .)

.data_RAM3      0x14000000        0x0 load address 0x00001740
 FILL mask 0xff
                [!provide]                PROVIDE (__start_data_RAM3, .)
 *(SORT_BY_ALIGNMENT(.ramfunc.$RAM3))
 *(SORT_BY_ALIGNMENT(.ramfunc.$FLEX_RAM))
 *(SORT_BY_ALIGNMENT(.data.$RAM3*))
 *(SORT_BY_ALIGNMENT(.data.$FLEX_RAM*))
                0x14000000                . = ALIGN (0x8)
                [!provide]                PROVIDE (__end_data_RAM3, .)

.uninit_RESERVED
                0x20000000        0x0
 *(SORT_BY_ALIGNMENT(.bss.$RESERVED*))
                0x20000000                . = ALIGN (0x4)
                0x20000000                _end_uninit_RESERVED = .

.data           0x20000000       0x58 load address 0x00001740
 FILL mask 0xff
                0x20000000                _data = .
 *(SORT_BY_ALIGNMENT(vtable))
 *(SORT_BY_ALIGNMENT(.ramfunc*))
 *(SORT_BY_ALIGNMENT(.data*))
 .data.arrayP2CMP
                0x20000000        0xc ./source/CMP.o
                0x20000000                arrayP2CMP
 .data.arrayP2FTM
                0x2000000c       0x10 ./source/FTM.o
                0x2000000c                arrayP2FTM
 .data.uartRXpins
                0x2000001c        0x5 ./source/uart.o
 *fill*         0x20000021        0x3 ff
 .data.uartTXpins
                0x20000024        0x5 ./source/uart.o
 *fill*         0x20000029        0x3 ff
 .data.markersRXbuffer
                0x2000002c       0x14 ./source/uart.o
 .data.uartIRQs_TX_RX
                0x20000040        0x6 ./source/uart.o
                0x20000040                uartIRQs_TX_RX
 *fill*         0x20000046        0x2 ff
 .data.uartIRQs_ERR
                0x20000048        0x6 ./source/uart.o
                0x20000048                uartIRQs_ERR
 *fill*         0x2000004e        0x2 ff
 .data.uartIRQs_LON
                0x20000050        0x6 ./source/uart.o
                0x20000050                uartIRQs_LON
                0x20000058                . = ALIGN (0x8)
 *fill*         0x20000056        0x2 ff
                0x20000058                _edata = .

.igot.plt       0x20000058        0x0 load address 0x00001798
 .igot.plt      0x20000058        0x0 ./source/ADC.o

.bss_RAM2       0x1fff0000        0x0
                [!provide]                PROVIDE (__start_bss_RAM2, .)
 *(SORT_BY_ALIGNMENT(.bss.$RAM2*))
 *(SORT_BY_ALIGNMENT(.bss.$SRAM_LOWER*))
                0x1fff0000                . = ALIGN ((. != 0x0)?0x8:0x1)
                [!provide]                PROVIDE (__end_bss_RAM2, .)

.bss_RAM3       0x14000000        0x0
                [!provide]                PROVIDE (__start_bss_RAM3, .)
 *(SORT_BY_ALIGNMENT(.bss.$RAM3*))
 *(SORT_BY_ALIGNMENT(.bss.$FLEX_RAM*))
                0x14000000                . = ALIGN ((. != 0x0)?0x8:0x1)
                [!provide]                PROVIDE (__end_bss_RAM3, .)

.bss            0x20000058     0xe588
                0x20000058                _bss = .
 *(SORT_BY_ALIGNMENT(.bss*))
 .bss.func      0x20000058        0x4 ./source/ADC.o
 .bss.i         0x2000005c        0x4 ./source/Bell202.o
 .bss.DAC0callback
                0x20000060        0x4 ./source/DAC.o
                0x20000060                DAC0callback
 .bss.dmaFuns   0x20000064       0x10 ./source/DMA.o
 .bss.arrayFTMcallbacks
                0x20000074       0x10 ./source/FTM.o
                0x20000074                arrayFTMcallbacks
 .bss.pitFuns   0x20000084       0x10 ./source/PIT.o
 .bss.queue     0x20000094     0x1f48 ./source/bitStreamQueue.o
 .bss.p2irqFunctions
                0x20001fdc      0x280 ./source/gpio.o
                0x20001fdc                p2irqFunctions
 .bss.uartMode  0x2000225c        0x5 ./source/uart.o
 *fill*         0x20002261        0x3 
 .bss.RXbuffers
                0x20002264     0x9c40 ./source/uart.o
 .bss.flagsReading
                0x2000bea4        0x5 ./source/uart.o
 *fill*         0x2000bea9        0x3 
 .bss.countersRXfailed
                0x2000beac        0x5 ./source/uart.o
 *fill*         0x2000beb1        0x3 
 .bss.TXbuffers
                0x2000beb4     0x2710 ./source/uart.o
 .bss.outMarkersTXbuffer
                0x2000e5c4        0x5 ./source/uart.o
 *fill*         0x2000e5c9        0x3 
 .bss.lensTXbuffer
                0x2000e5cc        0x5 ./source/uart.o
 *fill*         0x2000e5d1        0x3 
 .bss.__LDM_interruptDisableCount
                0x2000e5d4        0x4 ./SDK/startup/hardware.o
 .bss.frame_ready
                0x2000e5d8        0x1 ./source/bitStreamQueue.o
 *(SORT_BY_ALIGNMENT(COMMON))
                0x2000e5e0                . = ALIGN (0x8)
 *fill*         0x2000e5d9        0x7 
                0x2000e5e0                _ebss = .
                [!provide]                PROVIDE (end, .)

.noinit_RAM2    0x1fff0000        0x0
 *(SORT_BY_ALIGNMENT(.noinit.$RAM2*))
 *(SORT_BY_ALIGNMENT(.noinit.$SRAM_LOWER*))
                0x1fff0000                . = ALIGN (0x8)

.noinit_RAM3    0x14000000        0x0
 *(SORT_BY_ALIGNMENT(.noinit.$RAM3*))
 *(SORT_BY_ALIGNMENT(.noinit.$FLEX_RAM*))
                0x14000000                . = ALIGN (0x8)

.noinit         0x2000e5e0        0x0
                0x2000e5e0                _noinit = .
 *(SORT_BY_ALIGNMENT(.noinit*))
                0x2000e5e0                . = ALIGN (0x8)
                0x2000e5e0                _end_noinit = .
                0x00001000                _HeapSize = 0x1000

.heap           0x2000e5e0     0x1000
                0x2000e5e0                _pvHeapStart = .
                0x2000f5e0                . = (. + _HeapSize)
 *fill*         0x2000e5e0     0x1000 
                0x2000f5e0                . = ALIGN (0x8)
                0x2000f5e0                _pvHeapLimit = .
                0x00001000                _StackSize = 0x1000

.heap2stackfill
                0x2000f5e0     0x1000
                0x200105e0                . = (. + _StackSize)
 *fill*         0x2000f5e0     0x1000 

.stack          0x2002f000        0x0
                0x2002f000                _vStackBase = .
                0x2002f000                . = ALIGN (0x8)
                0x20030000                _vStackTop = (. + _StackSize)
                0x00000000                _image_start = LOADADDR (.text)
                0x00001798                _image_end = (LOADADDR (.data) + SIZEOF (.data))
                0x00001798                _image_size = (_image_end - _image_start)
OUTPUT(FSK.axf elf32-littlearm)

.debug_info     0x00000000     0x8121
 .debug_info    0x00000000      0xc80 ./source/ADC.o
 .debug_info    0x00000c80       0x4c ./source/App.o
 .debug_info    0x00000ccc      0x1a9 ./source/Bell202.o
 .debug_info    0x00000e75      0x84a ./source/CMP.o
 .debug_info    0x000016bf      0xa46 ./source/DAC.o
 .debug_info    0x00002105      0xb89 ./source/DMA.o
 .debug_info    0x00002c8e     0x1229 ./source/FTM.o
 .debug_info    0x00003eb7      0xa70 ./source/PIT.o
 .debug_info    0x00004927      0x329 ./source/bitStreamQueue.o
 .debug_info    0x00004c50      0xdf4 ./source/gpio.o
 .debug_info    0x00005a44     0x10ca ./source/uart.o
 .debug_info    0x00006b0e      0x675 ./SDK/startup/hardware.o
 .debug_info    0x00007183       0xb7 ./SDK/startup/main.o
 .debug_info    0x0000723a       0x3b ./SDK/startup/semihost_hardfault.o
 .debug_info    0x00007275      0x8b0 ./SDK/startup/startup_mk64f12.o
 .debug_info    0x00007b25      0x5fc ./SDK/CMSIS/system_MK64F12.o

.debug_abbrev   0x00000000     0x1a1a
 .debug_abbrev  0x00000000      0x263 ./source/ADC.o
 .debug_abbrev  0x00000263       0x2f ./source/App.o
 .debug_abbrev  0x00000292       0xdb ./source/Bell202.o
 .debug_abbrev  0x0000036d      0x1d5 ./source/CMP.o
 .debug_abbrev  0x00000542      0x245 ./source/DAC.o
 .debug_abbrev  0x00000787      0x237 ./source/DMA.o
 .debug_abbrev  0x000009be      0x2eb ./source/FTM.o
 .debug_abbrev  0x00000ca9      0x23d ./source/PIT.o
 .debug_abbrev  0x00000ee6      0x177 ./source/bitStreamQueue.o
 .debug_abbrev  0x0000105d      0x290 ./source/gpio.o
 .debug_abbrev  0x000012ed      0x2ae ./source/uart.o
 .debug_abbrev  0x0000159b      0x138 ./SDK/startup/hardware.o
 .debug_abbrev  0x000016d3       0x7d ./SDK/startup/main.o
 .debug_abbrev  0x00001750       0x2f ./SDK/startup/semihost_hardfault.o
 .debug_abbrev  0x0000177f      0x15c ./SDK/startup/startup_mk64f12.o
 .debug_abbrev  0x000018db      0x13f ./SDK/CMSIS/system_MK64F12.o

.debug_aranges  0x00000000      0x958
 .debug_aranges
                0x00000000       0x68 ./source/ADC.o
 .debug_aranges
                0x00000068       0x28 ./source/App.o
 .debug_aranges
                0x00000090       0x28 ./source/Bell202.o
 .debug_aranges
                0x000000b8       0x50 ./source/CMP.o
 .debug_aranges
                0x00000108       0x68 ./source/DAC.o
 .debug_aranges
                0x00000170       0x60 ./source/DMA.o
 .debug_aranges
                0x000001d0       0xf0 ./source/FTM.o
 .debug_aranges
                0x000002c0       0xa0 ./source/PIT.o
 .debug_aranges
                0x00000360       0x68 ./source/bitStreamQueue.o
 .debug_aranges
                0x000003c8       0xc8 ./source/gpio.o
 .debug_aranges
                0x00000490       0xf8 ./source/uart.o
 .debug_aranges
                0x00000588       0x30 ./SDK/startup/hardware.o
 .debug_aranges
                0x000005b8       0x20 ./SDK/startup/main.o
 .debug_aranges
                0x000005d8       0x20 ./SDK/startup/semihost_hardfault.o
 .debug_aranges
                0x000005f8      0x330 ./SDK/startup/startup_mk64f12.o
 .debug_aranges
                0x00000928       0x30 ./SDK/CMSIS/system_MK64F12.o

.debug_ranges   0x00000000      0x858
 .debug_ranges  0x00000000       0x58 ./source/ADC.o
 .debug_ranges  0x00000058       0x18 ./source/App.o
 .debug_ranges  0x00000070       0x18 ./source/Bell202.o
 .debug_ranges  0x00000088       0x40 ./source/CMP.o
 .debug_ranges  0x000000c8       0x58 ./source/DAC.o
 .debug_ranges  0x00000120       0x50 ./source/DMA.o
 .debug_ranges  0x00000170       0xe0 ./source/FTM.o
 .debug_ranges  0x00000250       0x90 ./source/PIT.o
 .debug_ranges  0x000002e0       0x58 ./source/bitStreamQueue.o
 .debug_ranges  0x00000338       0xb8 ./source/gpio.o
 .debug_ranges  0x000003f0       0xe8 ./source/uart.o
 .debug_ranges  0x000004d8       0x20 ./SDK/startup/hardware.o
 .debug_ranges  0x000004f8       0x10 ./SDK/startup/main.o
 .debug_ranges  0x00000508       0x10 ./SDK/startup/semihost_hardfault.o
 .debug_ranges  0x00000518      0x320 ./SDK/startup/startup_mk64f12.o
 .debug_ranges  0x00000838       0x20 ./SDK/CMSIS/system_MK64F12.o

.debug_macro    0x00000000    0x11ad8
 .debug_macro   0x00000000       0x96 ./source/ADC.o
 .debug_macro   0x00000096      0xa5a ./source/ADC.o
 .debug_macro   0x00000af0       0x22 ./source/ADC.o
 .debug_macro   0x00000b12      0x34e ./source/ADC.o
 .debug_macro   0x00000e60       0x5c ./source/ADC.o
 .debug_macro   0x00000ebc       0x1c ./source/ADC.o
 .debug_macro   0x00000ed8       0x22 ./source/ADC.o
 .debug_macro   0x00000efa       0xdf ./source/ADC.o
 .debug_macro   0x00000fd9      0xecf ./source/ADC.o
 .debug_macro   0x00001ea8       0x48 ./source/ADC.o
 .debug_macro   0x00001ef0     0xe07b ./source/ADC.o
 .debug_macro   0x0000ff6b       0x16 ./source/ADC.o
 .debug_macro   0x0000ff81       0x33 ./source/App.o
 .debug_macro   0x0000ffb4       0x7e ./source/Bell202.o
 .debug_macro   0x00010032       0x40 ./source/Bell202.o
 .debug_macro   0x00010072       0x10 ./source/Bell202.o
 .debug_macro   0x00010082       0x10 ./source/Bell202.o
 .debug_macro   0x00010092       0xae ./source/CMP.o
 .debug_macro   0x00010140       0x3a ./source/CMP.o
 .debug_macro   0x0001017a       0xa7 ./source/DAC.o
 .debug_macro   0x00010221       0x28 ./source/DAC.o
 .debug_macro   0x00010249       0x96 ./source/DMA.o
 .debug_macro   0x000102df       0x22 ./source/DMA.o
 .debug_macro   0x00010301       0xb3 ./source/FTM.o
 .debug_macro   0x000103b4       0x1c ./source/FTM.o
 .debug_macro   0x000103d0       0x9e ./source/PIT.o
 .debug_macro   0x0001046e       0x10 ./source/PIT.o
 .debug_macro   0x0001047e       0x5b ./source/bitStreamQueue.o
 .debug_macro   0x000104d9       0xa4 ./source/gpio.o
 .debug_macro   0x0001057d      0x118 ./source/uart.o
 .debug_macro   0x00010695       0x10 ./source/uart.o
 .debug_macro   0x000106a5     0x122b ./source/uart.o
 .debug_macro   0x000118d0       0x16 ./source/uart.o
 .debug_macro   0x000118e6       0x9c ./SDK/startup/hardware.o
 .debug_macro   0x00011982       0x9c ./SDK/startup/main.o
 .debug_macro   0x00011a1e       0x11 ./SDK/startup/semihost_hardfault.o
 .debug_macro   0x00011a2f       0x29 ./SDK/startup/startup_mk64f12.o
 .debug_macro   0x00011a58       0x80 ./SDK/CMSIS/system_MK64F12.o

.debug_line     0x00000000     0x2822
 .debug_line    0x00000000      0x226 ./source/ADC.o
 .debug_line    0x00000226       0x61 ./source/App.o
 .debug_line    0x00000287      0x139 ./source/Bell202.o
 .debug_line    0x000003c0      0x1c5 ./source/CMP.o
 .debug_line    0x00000585      0x22c ./source/DAC.o
 .debug_line    0x000007b1      0x242 ./source/DMA.o
 .debug_line    0x000009f3      0x490 ./source/FTM.o
 .debug_line    0x00000e83      0x2fe ./source/PIT.o
 .debug_line    0x00001181      0x1ce ./source/bitStreamQueue.o
 .debug_line    0x0000134f      0x347 ./source/gpio.o
 .debug_line    0x00001696      0x54b ./source/uart.o
 .debug_line    0x00001be1      0x1d4 ./SDK/startup/hardware.o
 .debug_line    0x00001db5      0x175 ./SDK/startup/main.o
 .debug_line    0x00001f2a       0x59 ./SDK/startup/semihost_hardfault.o
 .debug_line    0x00001f83      0x6d8 ./SDK/startup/startup_mk64f12.o
 .debug_line    0x0000265b      0x1c7 ./SDK/CMSIS/system_MK64F12.o

.debug_str      0x00000000    0x79d5e
 .debug_str     0x00000000    0x70d7e ./source/ADC.o
                              0x70f72 (size before relaxing)
 .debug_str     0x00070d7e       0xa7 ./source/App.o
                               0x2d9e (size before relaxing)
 .debug_str     0x00070e25      0x1ff ./source/Bell202.o
                               0x3a2f (size before relaxing)
 .debug_str     0x00071024      0x2d7 ./source/CMP.o
                              0x70d03 (size before relaxing)
 .debug_str     0x000712fb      0x2da ./source/DAC.o
                              0x70e5f (size before relaxing)
 .debug_str     0x000715d5      0x364 ./source/DMA.o
                              0x70e1c (size before relaxing)
 .debug_str     0x00071939      0x64e ./source/FTM.o
                              0x71229 (size before relaxing)
 .debug_str     0x00071f87      0x1ea ./source/PIT.o
                              0x70d19 (size before relaxing)
 .debug_str     0x00072171      0x158 ./source/bitStreamQueue.o
                               0x3991 (size before relaxing)
 .debug_str     0x000722c9      0x25e ./source/gpio.o
                              0x70e5e (size before relaxing)
 .debug_str     0x00072527     0x7011 ./source/uart.o
                              0x77d00 (size before relaxing)
 .debug_str     0x00079538      0x16f ./SDK/startup/hardware.o
                              0x771f3 (size before relaxing)
 .debug_str     0x000796a7       0x1b ./SDK/startup/main.o
                              0x76fc7 (size before relaxing)
 .debug_str     0x000796c2       0x36 ./SDK/startup/semihost_hardfault.o
                               0x2d2d (size before relaxing)
 .debug_str     0x000796f8      0x604 ./SDK/startup/startup_mk64f12.o
                               0x359b (size before relaxing)
 .debug_str     0x00079cfc       0x62 ./SDK/CMSIS/system_MK64F12.o
                              0x77102 (size before relaxing)

.comment        0x00000000       0x7e
 .comment       0x00000000       0x7e ./source/ADC.o
                                 0x7f (size before relaxing)
 .comment       0x0000007e       0x7f ./source/App.o
 .comment       0x0000007e       0x7f ./source/Bell202.o
 .comment       0x0000007e       0x7f ./source/CMP.o
 .comment       0x0000007e       0x7f ./source/DAC.o
 .comment       0x0000007e       0x7f ./source/DMA.o
 .comment       0x0000007e       0x7f ./source/FTM.o
 .comment       0x0000007e       0x7f ./source/PIT.o
 .comment       0x0000007e       0x7f ./source/bitStreamQueue.o
 .comment       0x0000007e       0x7f ./source/gpio.o
 .comment       0x0000007e       0x7f ./source/uart.o
 .comment       0x0000007e       0x7f ./SDK/startup/hardware.o
 .comment       0x0000007e       0x7f ./SDK/startup/main.o
 .comment       0x0000007e       0x7f ./SDK/startup/semihost_hardfault.o
 .comment       0x0000007e       0x7f ./SDK/startup/startup_mk64f12.o
 .comment       0x0000007e       0x7f ./SDK/CMSIS/system_MK64F12.o

.ARM.attributes
                0x00000000       0x39
 .ARM.attributes
                0x00000000       0x39 ./source/ADC.o
 .ARM.attributes
                0x00000039       0x39 ./source/App.o
 .ARM.attributes
                0x00000072       0x39 ./source/Bell202.o
 .ARM.attributes
                0x000000ab       0x39 ./source/CMP.o
 .ARM.attributes
                0x000000e4       0x39 ./source/DAC.o
 .ARM.attributes
                0x0000011d       0x39 ./source/DMA.o
 .ARM.attributes
                0x00000156       0x39 ./source/FTM.o
 .ARM.attributes
                0x0000018f       0x39 ./source/PIT.o
 .ARM.attributes
                0x000001c8       0x39 ./source/bitStreamQueue.o
 .ARM.attributes
                0x00000201       0x39 ./source/gpio.o
 .ARM.attributes
                0x0000023a       0x39 ./source/uart.o
 .ARM.attributes
                0x00000273       0x39 ./SDK/startup/hardware.o
 .ARM.attributes
                0x000002ac       0x39 ./SDK/startup/main.o
 .ARM.attributes
                0x000002e5       0x39 ./SDK/startup/semihost_hardfault.o
 .ARM.attributes
                0x0000031e       0x39 ./SDK/startup/startup_mk64f12.o
 .ARM.attributes
                0x00000357       0x39 ./SDK/CMSIS/system_MK64F12.o

.debug_frame    0x00000000     0x1f50
 .debug_frame   0x00000000      0x170 ./source/ADC.o
 .debug_frame   0x00000170       0x48 ./source/App.o
 .debug_frame   0x000001b8       0x58 ./source/Bell202.o
 .debug_frame   0x00000210      0x10c ./source/CMP.o
 .debug_frame   0x0000031c      0x188 ./source/DAC.o
 .debug_frame   0x000004a4      0x134 ./source/DMA.o
 .debug_frame   0x000005d8      0x408 ./source/FTM.o
 .debug_frame   0x000009e0      0x270 ./source/PIT.o
 .debug_frame   0x00000c50      0x170 ./source/bitStreamQueue.o
 .debug_frame   0x00000dc0      0x350 ./source/gpio.o
 .debug_frame   0x00001110      0x40c ./source/uart.o
 .debug_frame   0x0000151c       0x70 ./SDK/startup/hardware.o
 .debug_frame   0x0000158c       0x2c ./SDK/startup/main.o
 .debug_frame   0x000015b8       0x20 ./SDK/startup/semihost_hardfault.o
 .debug_frame   0x000015d8      0x904 ./SDK/startup/startup_mk64f12.o
 .debug_frame   0x00001edc       0x74 ./SDK/CMSIS/system_MK64F12.o
