Archive member included to satisfy reference by file (symbol)

c:/nxp/mcuxpressoide_10.2.0_759/ide/tools/bin/../lib/gcc/arm-none-eabi/7.2.1/../../../../arm-none-eabi/lib/thumb/v7e-m/fpv4-sp/hard\libcr_c.a(sin.o)
                              ./source/waveGen.o (sin)
c:/nxp/mcuxpressoide_10.2.0_759/ide/tools/bin/../lib/gcc/arm-none-eabi/7.2.1/../../../../arm-none-eabi/lib/thumb/v7e-m/fpv4-sp/hard\libcr_c.a(_sincos.o)
                              c:/nxp/mcuxpressoide_10.2.0_759/ide/tools/bin/../lib/gcc/arm-none-eabi/7.2.1/../../../../arm-none-eabi/lib/thumb/v7e-m/fpv4-sp/hard\libcr_c.a(sin.o) (_sincos)
c:/nxp/mcuxpressoide_10.2.0_759/ide/tools/bin/../lib/gcc/arm-none-eabi/7.2.1/../../../../arm-none-eabi/lib/thumb/v7e-m/fpv4-sp/hard\libcr_c.a(errno.o)
                              c:/nxp/mcuxpressoide_10.2.0_759/ide/tools/bin/../lib/gcc/arm-none-eabi/7.2.1/../../../../arm-none-eabi/lib/thumb/v7e-m/fpv4-sp/hard\libcr_c.a(_sincos.o) (errno)
c:/nxp/mcuxpressoide_10.2.0_759/ide/tools/bin/../lib/gcc/arm-none-eabi/7.2.1/../../../../arm-none-eabi/lib/thumb/v7e-m/fpv4-sp/hard\libcr_c.a(fabs.o)
                              c:/nxp/mcuxpressoide_10.2.0_759/ide/tools/bin/../lib/gcc/arm-none-eabi/7.2.1/../../../../arm-none-eabi/lib/thumb/v7e-m/fpv4-sp/hard\libcr_c.a(_sincos.o) (fabs)
c:/nxp/mcuxpressoide_10.2.0_759/ide/tools/bin/../lib/gcc/arm-none-eabi/7.2.1/../../../../arm-none-eabi/lib/thumb/v7e-m/fpv4-sp/hard\libcr_c.a(_hugeval.o)
                              c:/nxp/mcuxpressoide_10.2.0_759/ide/tools/bin/../lib/gcc/arm-none-eabi/7.2.1/../../../../arm-none-eabi/lib/thumb/v7e-m/fpv4-sp/hard\libcr_c.a(_sincos.o) (__huge_val)
c:/nxp/mcuxpressoide_10.2.0_759/ide/tools/bin/../lib/gcc/arm-none-eabi/7.2.1/thumb/v7e-m/fpv4-sp/hard\libcr_eabihelpers.a(double.o)
                              ./source/FSK_Demodulator.o (__aeabi_dmul)
c:/nxp/mcuxpressoide_10.2.0_759/ide/tools/bin/../lib/gcc/arm-none-eabi/7.2.1/thumb/v7e-m/fpv4-sp/hard\libcr_eabihelpers.a(float.o)
                              ./source/FTM.o (__aeabi_f2d)

Discarded input sections

 .group         0x00000000        0xc ./source/ADC.o
 .group         0x00000000        0xc ./source/ADC.o
 .group         0x00000000        0xc ./source/ADC.o
 .group         0x00000000        0xc ./source/ADC.o
 .group         0x00000000        0xc ./source/ADC.o
 .group         0x00000000        0xc ./source/ADC.o
 .group         0x00000000        0xc ./source/ADC.o
 .group         0x00000000        0xc ./source/ADC.o
 .group         0x00000000        0xc ./source/ADC.o
 .group         0x00000000        0xc ./source/ADC.o
 .group         0x00000000        0xc ./source/ADC.o
 .text          0x00000000        0x0 ./source/ADC.o
 .data          0x00000000        0x0 ./source/ADC.o
 .bss           0x00000000        0x0 ./source/ADC.o
 .text.StartConversion
                0x00000000       0x40 ./source/ADC.o
 .text.SetInterruptCallback
                0x00000000       0x20 ./source/ADC.o
 .group         0x00000000        0xc ./source/App.o
 .text          0x00000000        0x0 ./source/App.o
 .data          0x00000000        0x0 ./source/App.o
 .bss           0x00000000        0x0 ./source/App.o
 .debug_macro   0x00000000      0xa5a ./source/App.o
 .group         0x00000000        0xc ./source/Bell202.o
 .group         0x00000000        0xc ./source/Bell202.o
 .group         0x00000000        0xc ./source/Bell202.o
 .group         0x00000000        0xc ./source/Bell202.o
 .group         0x00000000        0xc ./source/Bell202.o
 .group         0x00000000        0xc ./source/Bell202.o
 .text          0x00000000        0x0 ./source/Bell202.o
 .data          0x00000000        0x0 ./source/Bell202.o
 .bss           0x00000000        0x0 ./source/Bell202.o
 .debug_macro   0x00000000      0xa5a ./source/Bell202.o
 .debug_macro   0x00000000      0x34e ./source/Bell202.o
 .debug_macro   0x00000000       0x22 ./source/Bell202.o
 .group         0x00000000        0xc ./source/DAC.o
 .group         0x00000000        0xc ./source/DAC.o
 .group         0x00000000        0xc ./source/DAC.o
 .group         0x00000000        0xc ./source/DAC.o
 .group         0x00000000        0xc ./source/DAC.o
 .group         0x00000000        0xc ./source/DAC.o
 .group         0x00000000        0xc ./source/DAC.o
 .group         0x00000000        0xc ./source/DAC.o
 .group         0x00000000        0xc ./source/DAC.o
 .group         0x00000000        0xc ./source/DAC.o
 .group         0x00000000        0xc ./source/DAC.o
 .group         0x00000000        0xc ./source/DAC.o
 .text          0x00000000        0x0 ./source/DAC.o
 .data          0x00000000        0x0 ./source/DAC.o
 .bss           0x00000000        0x0 ./source/DAC.o
 .text.writeDACvalue
                0x00000000       0x9c ./source/DAC.o
 .text.DACincBFreadPointer
                0x00000000       0x70 ./source/DAC.o
 .debug_macro   0x00000000      0xa5a ./source/DAC.o
 .debug_macro   0x00000000      0x34e ./source/DAC.o
[...]
Memory Configuration

Name             Origin             Length             Attributes
PROGRAM_FLASH    0x00000000         0x00100000         xr
SRAM_UPPER       0x20000000         0x00030000         xrw
SRAM_LOWER       0x1fff0000         0x00010000         xrw
FLEX_RAM         0x14000000         0x00001000         xrw
*default*        0x00000000         0xffffffff

Linker script and memory map

LOAD ./source/ADC.o
LOAD ./source/App.o
LOAD ./source/Bell202.o
LOAD ./source/DAC.o
LOAD ./source/FSK_Demodulator.o
LOAD ./source/FSK_Modulator.o
LOAD ./source/FTM.o
LOAD ./source/PIT.o
LOAD ./source/SysTick.o
LOAD ./source/bitStreamQueue.o
LOAD ./source/gpio.o
LOAD ./source/measureFreq.o
LOAD ./source/timer.o
LOAD ./source/uart.o
LOAD ./source/waveGen.o
LOAD ./SDK/startup/hardware.o
LOAD ./SDK/startup/main.o
LOAD ./SDK/startup/semihost_hardfault.o
LOAD ./SDK/startup/startup_mk64f12.o
LOAD ./SDK/CMSIS/system_MK64F12.o
START GROUP
LOAD c:/nxp/mcuxpressoide_10.2.0_759/ide/tools/bin/../lib/gcc/arm-none-eabi/7.2.1/../../../../arm-none-eabi/lib/thumb/v7e-m/fpv4-sp/hard\libcr_c.a
LOAD c:/nxp/mcuxpressoide_10.2.0_759/ide/tools/bin/../lib/gcc/arm-none-eabi/7.2.1/thumb/v7e-m/fpv4-sp/hard\libcr_eabihelpers.a
END GROUP
                0x00000000                __base_PROGRAM_FLASH = 0x0
                0x00000000                __base_Flash = 0x0
                0x00100000                __top_PROGRAM_FLASH = 0x100000
                0x00100000                __top_Flash = 0x100000
                0x20000000                __base_SRAM_UPPER = 0x20000000
                0x20000000                __base_RAM = 0x20000000
                0x20030000                __top_SRAM_UPPER = 0x20030000
                0x20030000                __top_RAM = 0x20030000
                0x1fff0000                __base_SRAM_LOWER = 0x1fff0000
                0x1fff0000                __base_RAM2 = 0x1fff0000
                0x20000000                __top_SRAM_LOWER = 0x20000000
                0x20000000                __top_RAM2 = 0x20000000
                0x14000000                __base_FLEX_RAM = 0x14000000
                0x14000000                __base_RAM3 = 0x14000000
                0x14001000                __top_FLEX_RAM = 0x14001000
                0x14001000                __top_RAM3 = 0x14001000

.text           0x00000000     0x4178
 FILL mask 0xff
                0x00000000                __vectors_start__ = ABSOLUTE (.)
 *(SORT_BY_ALIGNMENT(.isr_vector))
 .isr_vector    0x00000000      0x198 ./SDK/startup/startup_mk64f12.o
                0x00000000                g_pfnVectors
                0x00000000                __Vectors
                0x00000198                . = ALIGN (0x4)
                0x00000198                __section_table_start = .
                0x00000198                __data_section_table = .
                0x00000198        0x4 LONG 0x4178 LOADADDR (.data)
                0x0000019c        0x4 LONG 0x20000000 ADDR (.data)
                0x000001a0        0x4 LONG 0xa8 SIZEOF (.data)
                0x000001a4        0x4 LONG 0x4178 LOADADDR (.data_RAM2)
                0x000001a8        0x4 LONG 0x1fff0000 ADDR (.data_RAM2)
                0x000001ac        0x4 LONG 0x0 SIZEOF (.data_RAM2)
                0x000001b0        0x4 LONG 0x4178 LOADADDR (.data_RAM3)
                0x000001b4        0x4 LONG 0x14000000 ADDR (.data_RAM3)
                0x000001b8        0x4 LONG 0x0 SIZEOF (.data_RAM3)
                0x000001bc                __data_section_table_end = .
                0x000001bc                __bss_section_table = .
                0x000001bc        0x4 LONG 0x200000a8 ADDR (.bss)
                0x000001c0        0x4 LONG 0x990 SIZEOF (.bss)
                0x000001c4        0x4 LONG 0x1fff0000 ADDR (.bss_RAM2)
                0x000001c8        0x4 LONG 0x0 SIZEOF (.bss_RAM2)
                0x000001cc        0x4 LONG 0x14000000 ADDR (.bss_RAM3)
                0x000001d0        0x4 LONG 0x0 SIZEOF (.bss_RAM3)
                0x000001d4                __bss_section_table_end = .
                0x000001d4                __section_table_end = .
 *(SORT_BY_ALIGNMENT(.after_vectors*))
 .after_vectors.reset
                0x000001d4       0x4c ./SDK/startup/startup_mk64f12.o
                0x000001d4                ResetISR
 .after_vectors.init_data
                0x00000220       0x1e ./SDK/startup/startup_mk64f12.o
                0x00000220                data_init
 .after_vectors.init_bss
                0x0000023e       0x12 ./SDK/startup/startup_mk64f12.o
                0x0000023e                bss_init
 .after_vectors
                0x00000250       0x14 ./SDK/startup/startup_mk64f12.o
                0x00000250                NMI_Handler
                0x00000254                MemManage_Handler
                0x00000256                BusFault_Handler
                0x00000258                UsageFault_Handler
                0x0000025a                SVC_Handler
                0x0000025c                DebugMon_Handler
                0x0000025e                PendSV_Handler
                0x00000262                DMA_Error_DriverIRQHandler
                0x00000262                LPTMR0_DriverIRQHandler
                0x00000262                FTM1_DriverIRQHandler
                0x00000262                FTM2_DriverIRQHandler
                0x00000262                PIT2_DriverIRQHandler
                0x00000262                SDHC_DriverIRQHandler
                0x00000262                I2S0_Tx_DriverIRQHandler
                0x00000262                RTC_Seconds_DriverIRQHandler
                0x00000262                DMA6_DriverIRQHandler
                0x00000262                LLWU_DriverIRQHandler
                0x00000262                MCM_DriverIRQHandler
                0x00000262                MCG_DriverIRQHandler
                0x00000262                ENET_1588_Timer_DriverIRQHandler
                0x00000262                I2C2_DriverIRQHandler
                0x00000262                DAC1_DriverIRQHandler
                0x00000262                SPI1_DriverIRQHandler
                0x00000262                CMP1_DriverIRQHandler
                0x00000262                UART5_RX_TX_DriverIRQHandler
                0x00000262                FTM0_DriverIRQHandler
                0x00000262                IntDefaultHandler
                0x00000262                USB0_DriverIRQHandler
                0x00000262                UART5_ERR_DriverIRQHandler
                0x00000262                PORTC_DriverIRQHandler
                0x00000262                DMA11_DriverIRQHandler
                0x00000262                DAC0_DriverIRQHandler
                0x00000262                DMA10_DriverIRQHandler
                0x00000262                CMP2_DriverIRQHandler
                0x00000262                UART2_ERR_DriverIRQHandler
                0x00000262                SPI2_DriverIRQHandler
                0x00000262                LVD_LVW_DriverIRQHandler
                0x00000262                PIT0_DriverIRQHandler
                0x00000262                RNG_DriverIRQHandler
                0x00000262                DMA5_DriverIRQHandler
                0x00000262                DMA12_DriverIRQHandler
                0x00000262                UART2_RX_TX_DriverIRQHandler
                0x00000262                USBDCD_DriverIRQHandler
                0x00000262                UART3_ERR_DriverIRQHandler
                0x00000262                DMA3_DriverIRQHandler
                0x00000262                DMA8_DriverIRQHandler
                0x00000262                DMA9_DriverIRQHandler
                0x00000262                UART0_ERR_DriverIRQHandler
                0x00000262                CMT_DriverIRQHandler
                0x00000262                Reserved71_DriverIRQHandler
                0x00000262                ADC1_DriverIRQHandler
                0x00000262                PORTA_DriverIRQHandler
                0x00000262                DMA14_DriverIRQHandler
                0x00000262                PIT3_DriverIRQHandler
                0x00000262                PIT1_DriverIRQHandler
                0x00000262                WDOG_EWM_DriverIRQHandler
                0x00000262                PDB0_DriverIRQHandler
                0x00000262                RTC_DriverIRQHandler
                0x00000262                I2S0_Rx_DriverIRQHandler
                0x00000262                Read_Collision_DriverIRQHandler
                0x00000262                SWI_DriverIRQHandler
                0x00000262                UART4_RX_TX_DriverIRQHandler
                0x00000262                UART4_ERR_DriverIRQHandler
                0x00000262                PORTB_DriverIRQHandler
                0x00000262                UART0_LON_DriverIRQHandler
                0x00000262                DMA0_DriverIRQHandler
                0x00000262                DMA1_DriverIRQHandler
                0x00000262                I2C1_DriverIRQHandler
                0x00000262                UART3_RX_TX_DriverIRQHandler
                0x00000262                ENET_Receive_DriverIRQHandler
                0x00000262                DMA13_DriverIRQHandler
                0x00000262                ENET_Error_DriverIRQHandler
                0x00000262                DMA15_DriverIRQHandler
                0x00000262                UART0_RX_TX_DriverIRQHandler
                0x00000262                SPI0_DriverIRQHandler
                0x00000262                ADC0_DriverIRQHandler
                0x00000262                CMP0_DriverIRQHandler
                0x00000262                CAN0_DriverIRQHandler
                0x00000262                FTM3_DriverIRQHandler
                0x00000262                DMA4_DriverIRQHandler
                0x00000262                UART1_ERR_DriverIRQHandler
                0x00000262                DMA2_DriverIRQHandler
                0x00000262                ENET_Transmit_DriverIRQHandler
                0x00000262                PORTD_DriverIRQHandler
                0x00000262                PORTE_DriverIRQHandler
                0x00000262                FTFE_DriverIRQHandler
                0x00000262                I2C0_DriverIRQHandler
                0x00000262                DMA7_DriverIRQHandler
                0x00000262                UART1_RX_TX_DriverIRQHandler
                0x00000400                . = 0x400
 *fill*         0x00000264      0x19c ff
                0x00000400                PROVIDE (__FLASH_CONFIG_START__, .)
 *(SORT_BY_ALIGNMENT(.FlashConfig))
 .FlashConfig   0x00000400       0x10 ./SDK/startup/startup_mk64f12.o
                0x00000400                Flash_Config
                0x00000410                PROVIDE (__FLASH_CONFIG_END__, .)
                0x00000001                ASSERT (! ((__FLASH_CONFIG_START__ == __FLASH_CONFIG_END__)), Linker Flash Config Support Enabled, but no .FlashConfig section provided within application)
 *(SORT_BY_ALIGNMENT(.text*))
 .text.DemodulatorInit
                0x00000410       0x74 ./source/FSK_Demodulator.o
                0x00000410                DemodulatorInit
 *fill*         0x00000484        0x4 ff
 .text.senoidalInit
                0x00000488      0x128 ./source/waveGen.o
                0x00000488                senoidalInit
 .text._sincos  0x000005b0      0x214 c:/nxp/mcuxpressoide_10.2.0_759/ide/tools/bin/../lib/gcc/arm-none-eabi/7.2.1/../../../../arm-none-eabi/lib/thumb/v7e-m/fpv4-sp/hard\libcr_c.a(_sincos.o)
                0x000005b0                _sincos
 .text.__NVIC_EnableIRQ
                0x000007c4       0x3c ./source/ADC.o
 .text.ADC_Init
                0x00000800      0x24c ./source/ADC.o
                0x00000800                ADC_Init
 .text.SetChannelADC
                0x00000a4c       0x80 ./source/ADC.o
                0x00000a4c                SetChannelADC
 .text.IsConversionFinished
                0x00000acc       0x28 ./source/ADC.o
                0x00000acc                IsConversionFinished
 .text.GetConversionResult
                0x00000af4       0x1c ./source/ADC.o
                0x00000af4                GetConversionResult
 .text.ADC0_IRQHandler
                0x00000b10       0x14 ./source/ADC.o
                0x00000b10                ADC0_IRQHandler
 .text.ADC1_IRQHandler
                0x00000b24       0x14 ./source/ADC.o
                0x00000b24                ADC1_IRQHandler
 .text.__NVIC_EnableIRQ
                0x00000b38       0x3c ./source/DAC.o
 .text.DACinit  0x00000b74      0x194 ./source/DAC.o
                0x00000b74                DACinit
 .text.writeDACdata
                0x00000d08       0x58 ./source/DAC.o
                0x00000d08                writeDACdata
 .text.shapeValue2DACdata
                0x00000d60       0x64 ./source/DAC.o
                0x00000d60                shapeValue2DACdata
 .text.DACclockGating
                0x00000dc4       0x5c ./source/DAC.o
                0x00000dc4                DACclockGating
 .text.updateSoftwareTrigger
                0x00000e20       0x40 ./source/DAC.o
                0x00000e20                updateSoftwareTrigger
 .text.DACgetBFreadPointer
                0x00000e60       0x44 ./source/DAC.o
                0x00000e60                DACgetBFreadPointer
 .text.DAC0_IRQHandler
                0x00000ea4       0x6c ./source/DAC.o
                0x00000ea4                DAC0_IRQHandler
 .text.DemodulateSignal
                0x00000f10      0x144 ./source/FSK_Demodulator.o
                0x00000f10                DemodulateSignal
 .text.ApplyFIR
                0x00001054       0xfc ./source/FSK_Demodulator.o
                0x00001054                ApplyFIR
 .text.ReconstructSignal
                0x00001150      0x118 ./source/FSK_Demodulator.o
                0x00001150                ReconstructSignal
 .text.ModulatorInit
                0x00001268       0x78 ./source/FSK_Modulator.o
                0x00001268                ModulatorInit
 .text.ModulateFSK
                0x000012e0       0xfc ./source/FSK_Modulator.o
                0x000012e0                ModulateFSK
 .text.__NVIC_EnableIRQ
                0x000013dc       0x3c ./source/FTM.o
 .text.FTMinit  0x00001418      0x3d8 ./source/FTM.o
                0x00001418                FTMinit
 .text.setFTMtimer
                0x000017f0       0xf0 ./source/FTM.o
                0x000017f0                setFTMtimer
 .text.FTMclockGating
                0x000018e0       0x8c ./source/FTM.o
                0x000018e0                FTMclockGating
 .text.updatePWMduty
                0x0000196c       0x98 ./source/FTM.o
                0x0000196c                updatePWMduty
 .text.shapeDuty2cnv
                0x00001a04       0x84 ./source/FTM.o
                0x00001a04                shapeDuty2cnv
 .text.getPWMduty
                0x00001a88       0x74 ./source/FTM.o
                0x00001a88                getPWMduty
 .text.updatePWMperiod
                0x00001afc       0xb0 ./source/FTM.o
                0x00001afc                updatePWMperiod
 .text.enablePinFTM
                0x00001bac       0x50 ./source/FTM.o
                0x00001bac                enablePinFTM
 .text.getPrescalerFactor
                0x00001bfc       0x80 ./source/FTM.o
                0x00001bfc                getPrescalerFactor
 .text.FTMx_IRQHandler
                0x00001c7c       0xd4 ./source/FTM.o
                0x00001c7c                FTMx_IRQHandler
 .text.__NVIC_EnableIRQ
                0x00001d50       0x3c ./source/PIT.o
 .text.PITinit  0x00001d8c       0x8c ./source/PIT.o
                0x00001d8c                PITinit
 .text.PITmodifyTimer
                0x00001e18       0x38 ./source/PIT.o
                0x00001e18                PITmodifyTimer
 .text.PITstartTimer
                0x00001e50      0x114 ./source/PIT.o
                0x00001e50                PITstartTimer
 .text.PITenableClock
                0x00001f64       0x3c ./source/PIT.o
 .text.PITtimerInit
                0x00001fa0       0x74 ./source/PIT.o
 .text.PITtimerSet
                0x00002014       0x9c ./source/PIT.o
 .text.PIT0_IRQHandler
                0x000020b0       0x30 ./source/PIT.o
                0x000020b0                PIT0_IRQHandler
 .text.PIT1_IRQHandler
                0x000020e0       0x30 ./source/PIT.o
                0x000020e0                PIT1_IRQHandler
 .text.PIT2_IRQHandler
                0x00002110       0x30 ./source/PIT.o
                0x00002110                PIT2_IRQHandler
 .text.PIT3_IRQHandler
                0x00002140       0x30 ./source/PIT.o
                0x00002140                PIT3_IRQHandler
 .text.SysTick_Handler
                0x00002170       0x14 ./source/SysTick.o
                0x00002170                SysTick_Handler
 .text.recursiveStore
                0x00002184       0x4c ./source/bitStreamQueue.o
 .text.bitStreamQueueInit
                0x000021d0       0x50 ./source/bitStreamQueue.o
                0x000021d0                bitStreamQueueInit
 .text.pushChar
                0x00002220       0x3c ./source/bitStreamQueue.o
                0x00002220                pushChar
 .text.isQueueEmpty
                0x0000225c       0x24 ./source/bitStreamQueue.o
                0x0000225c                isQueueEmpty
 .text.popBit   0x00002280       0x78 ./source/bitStreamQueue.o
                0x00002280                popBit
 .text.PushBit  0x000022f8       0x58 ./source/bitStreamQueue.o
                0x000022f8                PushBit
 .text.IsFrameReady
                0x00002350       0x18 ./source/bitStreamQueue.o
                0x00002350                IsFrameReady
 .text.GetFrame
                0x00002368       0xa0 ./source/bitStreamQueue.o
                0x00002368                GetFrame
 .text.PORTX_IRQHandler
                0x00002408       0xbc ./source/gpio.o
                0x00002408                PORTX_IRQHandler
 .text.__NVIC_EnableIRQ
                0x000024c4       0x3c ./source/uart.o
 .text.uartInit
                0x00002500      0x250 ./source/uart.o
                0x00002500                uartInit
 .text.uartIsRxMsg
                0x00002750       0xa4 ./source/uart.o
                0x00002750                uartIsRxMsg
 .text.uartReadMsg
                0x000027f4      0x170 ./source/uart.o
                0x000027f4                uartReadMsg
 .text.uartWriteMsg
                0x00002964      0x134 ./source/uart.o
                0x00002964                uartWriteMsg
 .text.copyTXmsg
                0x00002a98       0x90 ./source/uart.o
                0x00002a98                copyTXmsg
 .text.UARTX_RX_TX_IRQHandler
                0x00002b28      0x1e8 ./source/uart.o
                0x00002b28                UARTX_RX_TX_IRQHandler
 .text.UART_setBaudRate
                0x00002d10       0xb0 ./source/uart.o
                0x00002d10                UART_setBaudRate
 .text.UART_clockGating
                0x00002dc0       0xc4 ./source/uart.o
                0x00002dc0                UART_clockGating
 .text.initWaveGen
                0x00002e84       0xa4 ./source/waveGen.o
                0x00002e84                initWaveGen
 .text.updateWaveFreq
                0x00002f28       0xa4 ./source/waveGen.o
                0x00002f28                updateWaveFreq
 .text.sinWaveGen
                0x00002fcc       0x9c ./source/waveGen.o
                0x00002fcc                sinWaveGen
 .text.pwmSinWaveGen
                0x00003068       0x50 ./source/waveGen.o
                0x00003068                pwmSinWaveGen
 .text.DACcallback
                0x000030b8       0x90 ./source/waveGen.o
                0x000030b8                DACcallback
 .text.softwareTriggerDAC
                0x00003148       0x2c ./source/waveGen.o
                0x00003148                softwareTriggerDAC
 .text.FTMpwmCallback
                0x00003174       0x68 ./source/waveGen.o
                0x00003174                FTMpwmCallback
 .text.hw_Init  0x000031dc      0x10c ./SDK/startup/hardware.o
                0x000031dc                hw_Init
 .text.hw_EnableInterrupts
                0x000032e8       0x30 ./SDK/startup/hardware.o
                0x000032e8                hw_EnableInterrupts
 .text.hw_DisableInterrupts
                0x00003318       0x20 ./SDK/startup/hardware.o
                0x00003318                hw_DisableInterrupts
 .text.SystemInit
                0x00003338       0x3c ./SDK/CMSIS/system_MK64F12.o
                0x00003338                SystemInit
 .text.__aeabi_dmul
                0x00003374      0x11c c:/nxp/mcuxpressoide_10.2.0_759/ide/tools/bin/../lib/gcc/arm-none-eabi/7.2.1/thumb/v7e-m/fpv4-sp/hard\libcr_eabihelpers.a(double.o)
                0x00003374                __aeabi_dmul
 .text.__aeabi_ddiv
                0x00003490      0x138 c:/nxp/mcuxpressoide_10.2.0_759/ide/tools/bin/../lib/gcc/arm-none-eabi/7.2.1/thumb/v7e-m/fpv4-sp/hard\libcr_eabihelpers.a(double.o)
                0x00003490                __aeabi_ddiv
 .text.__aeabi_dsub
                0x000035c8      0x1b4 c:/nxp/mcuxpressoide_10.2.0_759/ide/tools/bin/../lib/gcc/arm-none-eabi/7.2.1/thumb/v7e-m/fpv4-sp/hard\libcr_eabihelpers.a(double.o)
                0x000035c8                __aeabi_dsub
 .text.__aeabi_dadd
                0x0000377c      0x10c c:/nxp/mcuxpressoide_10.2.0_759/ide/tools/bin/../lib/gcc/arm-none-eabi/7.2.1/thumb/v7e-m/fpv4-sp/hard\libcr_eabihelpers.a(double.o)
                0x0000377c                __aeabi_dadd
 .text.__aeabi_d2f
                0x00003888       0x54 c:/nxp/mcuxpressoide_10.2.0_759/ide/tools/bin/../lib/gcc/arm-none-eabi/7.2.1/thumb/v7e-m/fpv4-sp/hard\libcr_eabihelpers.a(double.o)
                0x00003888                __aeabi_d2f
 .text.__aeabi_f2d
                0x000038dc       0x38 c:/nxp/mcuxpressoide_10.2.0_759/ide/tools/bin/../lib/gcc/arm-none-eabi/7.2.1/thumb/v7e-m/fpv4-sp/hard\libcr_eabihelpers.a(float.o)
                0x000038dc                __aeabi_f2d
 .text.InitializeHardwareTrigger
                0x00003914       0x2a ./source/ADC.o
                0x00003914                InitializeHardwareTrigger
 .text.App_Init
                0x0000393e        0xc ./source/App.o
                0x0000393e                App_Init
 .text.App_Run  0x0000394a        0xc ./source/App.o
                0x0000394a                App_Run
 .text.ModemInit
                0x00003956       0x42 ./source/Bell202.o
                0x00003956                ModemInit
 .text.ModemRun
                0x00003998       0x6e ./source/Bell202.o
                0x00003998                ModemRun
 .text.NeedDemodulation
                0x00003a06        0xe ./source/FSK_Demodulator.o
                0x00003a06                NeedDemodulation
 .text.InitializeHardware
                0x00003a14       0x46 ./source/FSK_Demodulator.o
                0x00003a14                InitializeHardware
 .text.setFTMprescaler
                0x00003a5a       0x34 ./source/FTM.o
                0x00003a5a                setFTMprescaler
 .text.FTM0_IRQHandler
                0x00003a8e        0xe ./source/FTM.o
                0x00003a8e                FTM0_IRQHandler
 .text.FTM1_IRQHandler
                0x00003a9c        0xe ./source/FTM.o
                0x00003a9c                FTM1_IRQHandler
 .text.FTM2_IRQHandler
                0x00003aaa        0xe ./source/FTM.o
                0x00003aaa                FTM2_IRQHandler
 .text.PITenable
                0x00003ab8       0x4e ./source/PIT.o
 .text.pushString
                0x00003b06       0x50 ./source/bitStreamQueue.o
                0x00003b06                pushString
 .text.PORTA_IRQHandler
                0x00003b56        0xe ./source/gpio.o
                0x00003b56                PORTA_IRQHandler
 .text.PORTB_IRQHandler
                0x00003b64        0xe ./source/gpio.o
                0x00003b64                PORTB_IRQHandler
 .text.PORTC_IRQHandler
                0x00003b72        0xe ./source/gpio.o
                0x00003b72                PORTC_IRQHandler
 .text.PORTD_IRQHandler
                0x00003b80        0xe ./source/gpio.o
                0x00003b80                PORTD_IRQHandler
 .text.PORTE_IRQHandler
                0x00003b8e        0xe ./source/gpio.o
                0x00003b8e                PORTE_IRQHandler
 .text.setPCRmux
                0x00003b9c       0x46 ./source/gpio.o
                0x00003b9c                setPCRmux
 .text.setPCRirqc
                0x00003be2       0x46 ./source/gpio.o
                0x00003be2                setPCRirqc
 .text.UARTX_LON_IRQHandler
                0x00003c28       0x16 ./source/uart.o
                0x00003c28                UARTX_LON_IRQHandler
 .text.UARTX_ERR_IRQHandler
                0x00003c3e       0x16 ./source/uart.o
                0x00003c3e                UARTX_ERR_IRQHandler
 .text.UART0_LON_IRQHandler
                0x00003c54        0xe ./source/uart.o
                0x00003c54                UART0_LON_IRQHandler
 .text.UART0_RX_TX_IRQHandler
                0x00003c62        0xe ./source/uart.o
                0x00003c62                UART0_RX_TX_IRQHandler
 .text.UART0_ERR_IRQHandler
                0x00003c70        0xe ./source/uart.o
                0x00003c70                UART0_ERR_IRQHandler
 .text.UART1_RX_TX_IRQHandler
                0x00003c7e        0xe ./source/uart.o
                0x00003c7e                UART1_RX_TX_IRQHandler
 .text.UART1_ERR_IRQHandler
                0x00003c8c        0xe ./source/uart.o
                0x00003c8c                UART1_ERR_IRQHandler
 .text.UART2_RX_TX_IRQHandler
                0x00003c9a        0xe ./source/uart.o
                0x00003c9a                UART2_RX_TX_IRQHandler
 .text.UART2_ERR_IRQHandler
                0x00003ca8        0xe ./source/uart.o
                0x00003ca8                UART2_ERR_IRQHandler
 .text.UART3_RX_TX_IRQHandler
                0x00003cb6        0xe ./source/uart.o
                0x00003cb6                UART3_RX_TX_IRQHandler
 .text.UART3_ERR_IRQHandler
                0x00003cc4        0xe ./source/uart.o
                0x00003cc4                UART3_ERR_IRQHandler
 .text.UART4_RX_TX_IRQHandler
                0x00003cd2        0xe ./source/uart.o
                0x00003cd2                UART4_RX_TX_IRQHandler
 .text.UART4_ERR_IRQHandler
                0x00003ce0        0xe ./source/uart.o
                0x00003ce0                UART4_ERR_IRQHandler
 .text.main     0x00003cee       0x1a ./SDK/startup/main.o
                0x00003cee                main
 .text.HardFault_Handler
                0x00003d08       0x2c ./SDK/startup/semihost_hardfault.o
                0x00003d08                HardFault_Handler
 .text.DMA0_IRQHandler
                0x00003d34        0x8 ./SDK/startup/startup_mk64f12.o
                0x00003d34                DMA0_IRQHandler
 .text.DMA1_IRQHandler
                0x00003d3c        0x8 ./SDK/startup/startup_mk64f12.o
                0x00003d3c                DMA1_IRQHandler
 .text.DMA2_IRQHandler
                0x00003d44        0x8 ./SDK/startup/startup_mk64f12.o
                0x00003d44                DMA2_IRQHandler
 .text.DMA3_IRQHandler
                0x00003d4c        0x8 ./SDK/startup/startup_mk64f12.o
                0x00003d4c                DMA3_IRQHandler
 .text.DMA4_IRQHandler
                0x00003d54        0x8 ./SDK/startup/startup_mk64f12.o
                0x00003d54                DMA4_IRQHandler
 .text.DMA5_IRQHandler
                0x00003d5c        0x8 ./SDK/startup/startup_mk64f12.o
                0x00003d5c                DMA5_IRQHandler
 .text.DMA6_IRQHandler
                0x00003d64        0x8 ./SDK/startup/startup_mk64f12.o
                0x00003d64                DMA6_IRQHandler
 .text.DMA7_IRQHandler
                0x00003d6c        0x8 ./SDK/startup/startup_mk64f12.o
                0x00003d6c                DMA7_IRQHandler
 .text.DMA8_IRQHandler
                0x00003d74        0x8 ./SDK/startup/startup_mk64f12.o
                0x00003d74                DMA8_IRQHandler
 .text.DMA9_IRQHandler
                0x00003d7c        0x8 ./SDK/startup/startup_mk64f12.o
                0x00003d7c                DMA9_IRQHandler
 .text.DMA10_IRQHandler
                0x00003d84        0x8 ./SDK/startup/startup_mk64f12.o
                0x00003d84                DMA10_IRQHandler
 .text.DMA11_IRQHandler
                0x00003d8c        0x8 ./SDK/startup/startup_mk64f12.o
                0x00003d8c                DMA11_IRQHandler
 .text.DMA12_IRQHandler
                0x00003d94        0x8 ./SDK/startup/startup_mk64f12.o
                0x00003d94                DMA12_IRQHandler
 .text.DMA13_IRQHandler
                0x00003d9c        0x8 ./SDK/startup/startup_mk64f12.o
                0x00003d9c                DMA13_IRQHandler
 .text.DMA14_IRQHandler
                0x00003da4        0x8 ./SDK/startup/startup_mk64f12.o
                0x00003da4                DMA14_IRQHandler
 .text.DMA15_IRQHandler
                0x00003dac        0x8 ./SDK/startup/startup_mk64f12.o
                0x00003dac                DMA15_IRQHandler
 .text.DMA_Error_IRQHandler
                0x00003db4        0x8 ./SDK/startup/startup_mk64f12.o
                0x00003db4                DMA_Error_IRQHandler
 .text.MCM_IRQHandler
                0x00003dbc        0x8 ./SDK/startup/startup_mk64f12.o
                0x00003dbc                MCM_IRQHandler
 .text.FTFE_IRQHandler
                0x00003dc4        0x8 ./SDK/startup/startup_mk64f12.o
                0x00003dc4                FTFE_IRQHandler
 .text.Read_Collision_IRQHandler
                0x00003dcc        0x8 ./SDK/startup/startup_mk64f12.o
                0x00003dcc                Read_Collision_IRQHandler
 .text.LVD_LVW_IRQHandler
                0x00003dd4        0x8 ./SDK/startup/startup_mk64f12.o
                0x00003dd4                LVD_LVW_IRQHandler
 .text.LLWU_IRQHandler
                0x00003ddc        0x8 ./SDK/startup/startup_mk64f12.o
                0x00003ddc                LLWU_IRQHandler
 .text.WDOG_EWM_IRQHandler
                0x00003de4        0x8 ./SDK/startup/startup_mk64f12.o
                0x00003de4                WDOG_EWM_IRQHandler
 .text.RNG_IRQHandler
                0x00003dec        0x8 ./SDK/startup/startup_mk64f12.o
                0x00003dec                RNG_IRQHandler
 .text.I2C0_IRQHandler
                0x00003df4        0x8 ./SDK/startup/startup_mk64f12.o
                0x00003df4                I2C0_IRQHandler
 .text.I2C1_IRQHandler
                0x00003dfc        0x8 ./SDK/startup/startup_mk64f12.o
                0x00003dfc                I2C1_IRQHandler
 .text.SPI0_IRQHandler
                0x00003e04        0x8 ./SDK/startup/startup_mk64f12.o
                0x00003e04                SPI0_IRQHandler
 .text.SPI1_IRQHandler
                0x00003e0c        0x8 ./SDK/startup/startup_mk64f12.o
                0x00003e0c                SPI1_IRQHandler
 .text.I2S0_Tx_IRQHandler
                0x00003e14        0x8 ./SDK/startup/startup_mk64f12.o
                0x00003e14                I2S0_Tx_IRQHandler
 .text.I2S0_Rx_IRQHandler
                0x00003e1c        0x8 ./SDK/startup/startup_mk64f12.o
                0x00003e1c                I2S0_Rx_IRQHandler
 .text.CMP0_IRQHandler
                0x00003e24        0x8 ./SDK/startup/startup_mk64f12.o
                0x00003e24                CMP0_IRQHandler
 .text.CMP1_IRQHandler
                0x00003e2c        0x8 ./SDK/startup/startup_mk64f12.o
                0x00003e2c                CMP1_IRQHandler
 .text.CMT_IRQHandler
                0x00003e34        0x8 ./SDK/startup/startup_mk64f12.o
                0x00003e34                CMT_IRQHandler
 .text.RTC_IRQHandler
                0x00003e3c        0x8 ./SDK/startup/startup_mk64f12.o
                0x00003e3c                RTC_IRQHandler
 .text.RTC_Seconds_IRQHandler
                0x00003e44        0x8 ./SDK/startup/startup_mk64f12.o
                0x00003e44                RTC_Seconds_IRQHandler
 .text.PDB0_IRQHandler
                0x00003e4c        0x8 ./SDK/startup/startup_mk64f12.o
                0x00003e4c                PDB0_IRQHandler
 .text.USB0_IRQHandler
                0x00003e54        0x8 ./SDK/startup/startup_mk64f12.o
                0x00003e54                USB0_IRQHandler
 .text.USBDCD_IRQHandler
                0x00003e5c        0x8 ./SDK/startup/startup_mk64f12.o
                0x00003e5c                USBDCD_IRQHandler
 .text.Reserved71_IRQHandler
                0x00003e64        0x8 ./SDK/startup/startup_mk64f12.o
                0x00003e64                Reserved71_IRQHandler
 .text.MCG_IRQHandler
                0x00003e6c        0x8 ./SDK/startup/startup_mk64f12.o
                0x00003e6c                MCG_IRQHandler
 .text.LPTMR0_IRQHandler
                0x00003e74        0x8 ./SDK/startup/startup_mk64f12.o
                0x00003e74                LPTMR0_IRQHandler
 .text.SWI_IRQHandler
                0x00003e7c        0x8 ./SDK/startup/startup_mk64f12.o
                0x00003e7c                SWI_IRQHandler
 .text.SPI2_IRQHandler
                0x00003e84        0x8 ./SDK/startup/startup_mk64f12.o
                0x00003e84                SPI2_IRQHandler
 .text.UART5_RX_TX_IRQHandler
                0x00003e8c        0x8 ./SDK/startup/startup_mk64f12.o
                0x00003e8c                UART5_RX_TX_IRQHandler
 .text.UART5_ERR_IRQHandler
                0x00003e94        0x8 ./SDK/startup/startup_mk64f12.o
                0x00003e94                UART5_ERR_IRQHandler
 .text.CMP2_IRQHandler
                0x00003e9c        0x8 ./SDK/startup/startup_mk64f12.o
                0x00003e9c                CMP2_IRQHandler
 .text.FTM3_IRQHandler
                0x00003ea4        0x8 ./SDK/startup/startup_mk64f12.o
                0x00003ea4                FTM3_IRQHandler
 .text.DAC1_IRQHandler
                0x00003eac        0x8 ./SDK/startup/startup_mk64f12.o
                0x00003eac                DAC1_IRQHandler
 .text.I2C2_IRQHandler
                0x00003eb4        0x8 ./SDK/startup/startup_mk64f12.o
                0x00003eb4                I2C2_IRQHandler
 .text.CAN0_ORed_Message_buffer_IRQHandler
                0x00003ebc        0x8 ./SDK/startup/startup_mk64f12.o
                0x00003ebc                CAN0_ORed_Message_buffer_IRQHandler
 .text.CAN0_Bus_Off_IRQHandler
                0x00003ec4        0x8 ./SDK/startup/startup_mk64f12.o
                0x00003ec4                CAN0_Bus_Off_IRQHandler
 .text.CAN0_Error_IRQHandler
                0x00003ecc        0x8 ./SDK/startup/startup_mk64f12.o
                0x00003ecc                CAN0_Error_IRQHandler
 .text.CAN0_Tx_Warning_IRQHandler
                0x00003ed4        0x8 ./SDK/startup/startup_mk64f12.o
                0x00003ed4                CAN0_Tx_Warning_IRQHandler
 .text.CAN0_Rx_Warning_IRQHandler
                0x00003edc        0x8 ./SDK/startup/startup_mk64f12.o
                0x00003edc                CAN0_Rx_Warning_IRQHandler
 .text.CAN0_Wake_Up_IRQHandler
                0x00003ee4        0x8 ./SDK/startup/startup_mk64f12.o
                0x00003ee4                CAN0_Wake_Up_IRQHandler
 .text.SDHC_IRQHandler
                0x00003eec        0x8 ./SDK/startup/startup_mk64f12.o
                0x00003eec                SDHC_IRQHandler
 .text.ENET_1588_Timer_IRQHandler
                0x00003ef4        0x8 ./SDK/startup/startup_mk64f12.o
                0x00003ef4                ENET_1588_Timer_IRQHandler
 .text.ENET_Transmit_IRQHandler
                0x00003efc        0x8 ./SDK/startup/startup_mk64f12.o
                0x00003efc                ENET_Transmit_IRQHandler
 .text.ENET_Receive_IRQHandler
                0x00003f04        0x8 ./SDK/startup/startup_mk64f12.o
                0x00003f04                ENET_Receive_IRQHandler
 .text.ENET_Error_IRQHandler
                0x00003f0c        0x8 ./SDK/startup/startup_mk64f12.o
                0x00003f0c                ENET_Error_IRQHandler
 .text.SystemInitHook
                0x00003f14        0xe ./SDK/CMSIS/system_MK64F12.o
                0x00003f14                SystemInitHook
 .text.sin      0x00003f22       0x40 c:/nxp/mcuxpressoide_10.2.0_759/ide/tools/bin/../lib/gcc/arm-none-eabi/7.2.1/../../../../arm-none-eabi/lib/thumb/v7e-m/fpv4-sp/hard\libcr_c.a(sin.o)
                0x00003f22                sin
 .text.fabs     0x00003f62       0x22 c:/nxp/mcuxpressoide_10.2.0_759/ide/tools/bin/../lib/gcc/arm-none-eabi/7.2.1/../../../../arm-none-eabi/lib/thumb/v7e-m/fpv4-sp/hard\libcr_c.a(fabs.o)
                0x00003f62                fabs
 .text.__aeabi_d2iz
                0x00003f84       0x40 c:/nxp/mcuxpressoide_10.2.0_759/ide/tools/bin/../lib/gcc/arm-none-eabi/7.2.1/thumb/v7e-m/fpv4-sp/hard\libcr_eabihelpers.a(double.o)
                0x00003f84                __aeabi_d2iz
 .text.__aeabi_d2uiz
                0x00003fc4       0x30 c:/nxp/mcuxpressoide_10.2.0_759/ide/tools/bin/../lib/gcc/arm-none-eabi/7.2.1/thumb/v7e-m/fpv4-sp/hard\libcr_eabihelpers.a(double.o)
                0x00003fc4                __aeabi_d2uiz
 .text.__bhs_ui2d
                0x00003ff4       0x46 c:/nxp/mcuxpressoide_10.2.0_759/ide/tools/bin/../lib/gcc/arm-none-eabi/7.2.1/thumb/v7e-m/fpv4-sp/hard\libcr_eabihelpers.a(double.o)
                0x00003ff4                __bhs_ui2d
 .text.__aeabi_i2d
                0x0000403a       0x12 c:/nxp/mcuxpressoide_10.2.0_759/ide/tools/bin/../lib/gcc/arm-none-eabi/7.2.1/thumb/v7e-m/fpv4-sp/hard\libcr_eabihelpers.a(double.o)
                0x0000403a                __aeabi_i2d
 .text.__aeabi_ui2d
                0x0000404c        0x8 c:/nxp/mcuxpressoide_10.2.0_759/ide/tools/bin/../lib/gcc/arm-none-eabi/7.2.1/thumb/v7e-m/fpv4-sp/hard\libcr_eabihelpers.a(double.o)
                0x0000404c                __aeabi_ui2d
 .text.__aeabi_dcmplt
                0x00004054       0x58 c:/nxp/mcuxpressoide_10.2.0_759/ide/tools/bin/../lib/gcc/arm-none-eabi/7.2.1/thumb/v7e-m/fpv4-sp/hard\libcr_eabihelpers.a(double.o)
                0x00004054                __aeabi_dcmplt
 .text.__aeabi_dcmpge
                0x000040ac       0x58 c:/nxp/mcuxpressoide_10.2.0_759/ide/tools/bin/../lib/gcc/arm-none-eabi/7.2.1/thumb/v7e-m/fpv4-sp/hard\libcr_eabihelpers.a(double.o)
                0x000040ac                __aeabi_dcmpge
 *(SORT_BY_ALIGNMENT(.rodata) SORT_BY_ALIGNMENT(.rodata.*) SORT_BY_ALIGNMENT(.constdata) SORT_BY_ALIGNMENT(.constdata.*))
 *fill*         0x00004104        0x4 ff
 .rodata.__huge_val
                0x00004108        0x8 c:/nxp/mcuxpressoide_10.2.0_759/ide/tools/bin/../lib/gcc/arm-none-eabi/7.2.1/../../../../arm-none-eabi/lib/thumb/v7e-m/fpv4-sp/hard\libcr_c.a(_hugeval.o)
                0x00004108                __huge_val
 .rodata        0x00004110        0xc ./source/FSK_Modulator.o
 .rodata        0x0000411c       0x30 ./source/gpio.o
 .rodata        0x0000414c       0x2c ./source/uart.o
                0x00004178                . = ALIGN (0x8)

.glue_7         0x00004178        0x0
 .glue_7        0x00004178        0x0 linker stubs

.glue_7t        0x00004178        0x0
 .glue_7t       0x00004178        0x0 linker stubs

.vfp11_veneer   0x00004178        0x0
 .vfp11_veneer  0x00004178        0x0 linker stubs

.v4_bx          0x00004178        0x0
 .v4_bx         0x00004178        0x0 linker stubs

.iplt           0x00004178        0x0
 .iplt          0x00004178        0x0 ./source/ADC.o

.rel.dyn        0x00004178        0x0
 .rel.iplt      0x00004178        0x0 ./source/ADC.o

.ARM.extab
 *(SORT_BY_ALIGNMENT(.ARM.extab*) SORT_BY_ALIGNMENT(.gnu.linkonce.armextab.*))
                0x00004178                __exidx_start = .

.ARM.exidx
 *(SORT_BY_ALIGNMENT(.ARM.exidx*) SORT_BY_ALIGNMENT(.gnu.linkonce.armexidx.*))
                0x00004178                __exidx_end = .
                0x00004178                _etext = .

.m_usb_data
 *(SORT_BY_ALIGNMENT(m_usb_bdt))

.data_RAM2      0x1fff0000        0x0 load address 0x00004178
 FILL mask 0xff
                [!provide]                PROVIDE (__start_data_RAM2, .)
 *(SORT_BY_ALIGNMENT(.ramfunc.$RAM2))
 *(SORT_BY_ALIGNMENT(.ramfunc.$SRAM_LOWER))
 *(SORT_BY_ALIGNMENT(.data.$RAM2*))
 *(SORT_BY_ALIGNMENT(.data.$SRAM_LOWER*))
                0x1fff0000                . = ALIGN (0x8)
                [!provide]                PROVIDE (__end_data_RAM2, .)

.data_RAM3      0x14000000        0x0 load address 0x00004178
 FILL mask 0xff
                [!provide]                PROVIDE (__start_data_RAM3, .)
 *(SORT_BY_ALIGNMENT(.ramfunc.$RAM3))
 *(SORT_BY_ALIGNMENT(.ramfunc.$FLEX_RAM))
 *(SORT_BY_ALIGNMENT(.data.$RAM3*))
 *(SORT_BY_ALIGNMENT(.data.$FLEX_RAM*))
                0x14000000                . = ALIGN (0x8)
                [!provide]                PROVIDE (__end_data_RAM3, .)

.uninit_RESERVED
                0x20000000        0x0
 *(SORT_BY_ALIGNMENT(.bss.$RESERVED*))
                0x20000000                . = ALIGN (0x4)
                0x20000000                _end_uninit_RESERVED = .

.data           0x20000000       0xa8 load address 0x00004178
 FILL mask 0xff
                0x20000000                _data = .
 *(SORT_BY_ALIGNMENT(vtable))
 *(SORT_BY_ALIGNMENT(.ramfunc*))
 *(SORT_BY_ALIGNMENT(.data*))
 .data.arrayP2DAC
                0x20000000        0x8 ./source/DAC.o
                0x20000000                arrayP2DAC
 .data.last_fir_output
                0x20000008        0x4 ./source/FSK_Demodulator.o
 .data.fir_coeffs
                0x2000000c       0x4c ./source/FSK_Demodulator.o
 .data.arrayP2FTM
                0x20000058       0x10 ./source/FTM.o
                0x20000058                arrayP2FTM
 .data.arrayFTMirqs
                0x20000068        0x4 ./source/FTM.o
                0x20000068                arrayFTMirqs
 .data.uartRXpins
                0x2000006c        0x5 ./source/uart.o
 *fill*         0x20000071        0x3 ff
 .data.uartTXpins
                0x20000074        0x5 ./source/uart.o
 *fill*         0x20000079        0x3 ff
 .data.markersRXbuffer
                0x2000007c       0x14 ./source/uart.o
 .data.uartIRQs_TX_RX
                0x20000090        0x6 ./source/uart.o
                0x20000090                uartIRQs_TX_RX
 *fill*         0x20000096        0x2 ff
 .data.uartIRQs_ERR
                0x20000098        0x6 ./source/uart.o
                0x20000098                uartIRQs_ERR
 *fill*         0x2000009e        0x2 ff
 .data.uartIRQs_LON
                0x200000a0        0x6 ./source/uart.o
                0x200000a0                uartIRQs_LON
 .data.idle     0x200000a6        0x1 ./source/FSK_Demodulator.o
 .data.idle     0x200000a7        0x1 ./source/FSK_Modulator.o
                0x200000a8                . = ALIGN (0x8)
                0x200000a8                _edata = .

.igot.plt       0x200000a8        0x0 load address 0x00004220
 .igot.plt      0x200000a8        0x0 ./source/ADC.o

.bss_RAM2       0x1fff0000        0x0
                [!provide]                PROVIDE (__start_bss_RAM2, .)
 *(SORT_BY_ALIGNMENT(.bss.$RAM2*))
 *(SORT_BY_ALIGNMENT(.bss.$SRAM_LOWER*))
                0x1fff0000                . = ALIGN ((. != 0x0)?0x8:0x1)
                [!provide]                PROVIDE (__end_bss_RAM2, .)

.bss_RAM3       0x14000000        0x0
                [!provide]                PROVIDE (__start_bss_RAM3, .)
 *(SORT_BY_ALIGNMENT(.bss.$RAM3*))
 *(SORT_BY_ALIGNMENT(.bss.$FLEX_RAM*))
                0x14000000                . = ALIGN ((. != 0x0)?0x8:0x1)
                [!provide]                PROVIDE (__end_bss_RAM3, .)

.bss            0x200000a8      0x990
                0x200000a8                _bss = .
 *(SORT_BY_ALIGNMENT(.bss*))
 .bss.ADC       0x200000a8        0x4 ./source/ADC.o
 .bss.func      0x200000ac        0x4 ./source/ADC.o
 .bss.DAC0callback
                0x200000b0        0x4 ./source/DAC.o
                0x200000b0                DAC0callback
 .bss.FSK_signal
                0x200000b4       0xa4 ./source/FSK_Demodulator.o
 .bss.PreFiltered_signal
                0x20000158       0xa4 ./source/FSK_Demodulator.o
 .bss.last_sample_value
                0x200001fc        0x4 ./source/FSK_Demodulator.o
 .bss.average_aux
                0x20000200        0x4 ./source/FSK_Demodulator.o
 .bss.fs        0x20000204        0x4 ./source/FSK_Demodulator.o
 .bss.index     0x20000208        0x4 ./source/FSK_Modulator.o
 .bss.arrayFTMcallbacks
                0x2000020c       0x10 ./source/FTM.o
                0x2000020c                arrayFTMcallbacks
 .bss.timerEnabled
                0x2000021c        0x4 ./source/PIT.o
 .bss.timerInChainMode
                0x20000220        0x4 ./source/PIT.o
 .bss.pitFuns   0x20000224       0x10 ./source/PIT.o
 .bss.sysTickFun
                0x20000234        0x4 ./source/SysTick.o
                0x20000234                sysTickFun
 .bss.queue     0x20000238       0x6c ./source/bitStreamQueue.o
 .bss.signal_frame
                0x200002a4        0xb ./source/bitStreamQueue.o
 *fill*         0x200002af        0x1 
 .bss.frame_index
                0x200002b0        0x4 ./source/bitStreamQueue.o
 .bss.p2irqFunctions
                0x200002b4      0x280 ./source/gpio.o
                0x200002b4                p2irqFunctions
 .bss.uartMode  0x20000534        0x5 ./source/uart.o
 *fill*         0x20000539        0x3 
 .bss.RXbuffers
                0x2000053c       0x28 ./source/uart.o
 .bss.flagsReading
                0x20000564        0x5 ./source/uart.o
 *fill*         0x20000569        0x3 
 .bss.countersRXfailed
                0x2000056c        0x5 ./source/uart.o
 *fill*         0x20000571        0x3 
 .bss.TXbuffers
                0x20000574      0x3e8 ./source/uart.o
 .bss.outMarkersTXbuffer
                0x2000095c        0x5 ./source/uart.o
 *fill*         0x20000961        0x3 
 .bss.inMarkersTXbuffer
                0x20000964        0x5 ./source/uart.o
 *fill*         0x20000969        0x3 
 .bss.lensTXbuffer
                0x2000096c        0x5 ./source/uart.o
 *fill*         0x20000971        0x3 
 .bss.wavesArray
                0x20000974       0x24 ./source/waveGen.o
                0x20000974                wavesArray
 .bss.senLUT    0x20000998       0x40 ./source/waveGen.o
                0x20000998                senLUT
 .bss.pwmSenLUT
                0x200009d8       0x40 ./source/waveGen.o
                0x200009d8                pwmSenLUT
 .bss.rpAux.5921
                0x20000a18        0x4 ./source/waveGen.o
 .bss.i.5920    0x20000a1c        0x4 ./source/waveGen.o
 .bss.counter.5937
                0x20000a20        0x4 ./source/waveGen.o
 .bss.__LDM_interruptDisableCount
                0x20000a24        0x4 ./SDK/startup/hardware.o
 .bss.errno     0x20000a28        0x4 c:/nxp/mcuxpressoide_10.2.0_759/ide/tools/bin/../lib/gcc/arm-none-eabi/7.2.1/../../../../arm-none-eabi/lib/thumb/v7e-m/fpv4-sp/hard\libcr_c.a(errno.o)
                0x20000a28                errno
 .bss.initialized
                0x20000a2c        0x1 ./source/ADC.o
                0x20000a2c                initialized
 .bss.sample_counter
                0x20000a2d        0x1 ./source/FSK_Demodulator.o
 .bss.idle_counter
                0x20000a2e        0x1 ./source/FSK_Demodulator.o
 .bss.symbol_detected
                0x20000a2f        0x1 ./source/FSK_Demodulator.o
 .bss.prev_samples
                0x20000a30        0x1 ./source/FSK_Demodulator.o
 .bss.currVal   0x20000a31        0x1 ./source/FSK_Modulator.o
 .bss.nextVal   0x20000a32        0x1 ./source/FSK_Modulator.o
 .bss.wId       0x20000a33        0x1 ./source/FSK_Modulator.o
 .bss.pitInitDone
                0x20000a34        0x1 ./source/PIT.o
 .bss.frame_ready
                0x20000a35        0x1 ./source/bitStreamQueue.o
 *(SORT_BY_ALIGNMENT(COMMON))
                0x20000a38                . = ALIGN (0x8)
 *fill*         0x20000a36        0x2 
                0x20000a38                _ebss = .
                [!provide]                PROVIDE (end, .)

.noinit_RAM2    0x1fff0000        0x0
 *(SORT_BY_ALIGNMENT(.noinit.$RAM2*))
 *(SORT_BY_ALIGNMENT(.noinit.$SRAM_LOWER*))
                0x1fff0000                . = ALIGN (0x8)

.noinit_RAM3    0x14000000        0x0
 *(SORT_BY_ALIGNMENT(.noinit.$RAM3*))
 *(SORT_BY_ALIGNMENT(.noinit.$FLEX_RAM*))
                0x14000000                . = ALIGN (0x8)

.noinit         0x20000a38        0x0
                0x20000a38                _noinit = .
 *(SORT_BY_ALIGNMENT(.noinit*))
                0x20000a38                . = ALIGN (0x8)
                0x20000a38                _end_noinit = .
                0x00001000                _HeapSize = 0x1000

.heap           0x20000a38     0x1000
                0x20000a38                _pvHeapStart = .
                0x20001a38                . = (. + _HeapSize)
 *fill*         0x20000a38     0x1000 
                0x20001a38                . = ALIGN (0x8)
                0x20001a38                _pvHeapLimit = .
                0x00001000                _StackSize = 0x1000

.heap2stackfill
                0x20001a38     0x1000
                0x20002a38                . = (. + _StackSize)
 *fill*         0x20001a38     0x1000 

.stack          0x2002f000        0x0
                0x2002f000                _vStackBase = .
                0x2002f000                . = ALIGN (0x8)
                0x20030000                _vStackTop = (. + _StackSize)
                0x00000000                _image_start = LOADADDR (.text)
                0x00004220                _image_end = (LOADADDR (.data) + SIZEOF (.data))
                0x00004220                _image_size = (_image_end - _image_start)
OUTPUT(FSK.axf elf32-littlearm)

.debug_info     0x00000000     0x898c
 .debug_info    0x00000000      0xc80 ./source/ADC.o
 .debug_info    0x00000c80       0x4c ./source/App.o
 .debug_info    0x00000ccc      0x1a7 ./source/Bell202.o
 .debug_info    0x00000e73      0xa46 ./source/DAC.o
 .debug_info    0x000018b9      0x5af ./source/FSK_Demodulator.o
 .debug_info    0x00001e68      0x240 ./source/FSK_Modulator.o
 .debug_info    0x000020a8     0x10bd ./source/FTM.o
 .debug_info    0x00003165      0xa70 ./source/PIT.o
 .debug_info    0x00003bd5      0x522 ./source/SysTick.o
 .debug_info    0x000040f7      0x32b ./source/bitStreamQueue.o
 .debug_info    0x00004422      0xdf4 ./source/gpio.o
 .debug_info    0x00005216     0x10c8 ./source/uart.o
 .debug_info    0x000062de     0x109b ./source/waveGen.o
 .debug_info    0x00007379      0x675 ./SDK/startup/hardware.o
 .debug_info    0x000079ee       0xb7 ./SDK/startup/main.o
 .debug_info    0x00007aa5       0x3b ./SDK/startup/semihost_hardfault.o
 .debug_info    0x00007ae0      0x8b0 ./SDK/startup/startup_mk64f12.o
 .debug_info    0x00008390      0x5fc ./SDK/CMSIS/system_MK64F12.o

.debug_abbrev   0x00000000     0x1c50
 .debug_abbrev  0x00000000      0x263 ./source/ADC.o
 .debug_abbrev  0x00000263       0x2f ./source/App.o
 .debug_abbrev  0x00000292       0xcc ./source/Bell202.o
 .debug_abbrev  0x0000035e      0x245 ./source/DAC.o
 .debug_abbrev  0x000005a3      0x168 ./source/FSK_Demodulator.o
 .debug_abbrev  0x0000070b       0xdd ./source/FSK_Modulator.o
 .debug_abbrev  0x000007e8      0x30d ./source/FTM.o
 .debug_abbrev  0x00000af5      0x23d ./source/PIT.o
 .debug_abbrev  0x00000d32      0x1a5 ./source/SysTick.o
 .debug_abbrev  0x00000ed7      0x147 ./source/bitStreamQueue.o
 .debug_abbrev  0x0000101e      0x290 ./source/gpio.o
 .debug_abbrev  0x000012ae      0x2ae ./source/uart.o
 .debug_abbrev  0x0000155c      0x275 ./source/waveGen.o
 .debug_abbrev  0x000017d1      0x138 ./SDK/startup/hardware.o
 .debug_abbrev  0x00001909       0x7d ./SDK/startup/main.o
 .debug_abbrev  0x00001986       0x2f ./SDK/startup/semihost_hardfault.o
 .debug_abbrev  0x000019b5      0x15c ./SDK/startup/startup_mk64f12.o
 .debug_abbrev  0x00001b11      0x13f ./SDK/CMSIS/system_MK64F12.o

.debug_aranges  0x00000000      0x998
 .debug_aranges
                0x00000000       0x68 ./source/ADC.o
 .debug_aranges
                0x00000068       0x28 ./source/App.o
 .debug_aranges
                0x00000090       0x28 ./source/Bell202.o
 .debug_aranges
                0x000000b8       0x68 ./source/DAC.o
 .debug_aranges
                0x00000120       0x50 ./source/FSK_Demodulator.o
 .debug_aranges
                0x00000170       0x28 ./source/FSK_Modulator.o
 .debug_aranges
                0x00000198       0xd0 ./source/FTM.o
 .debug_aranges
                0x00000268       0xa0 ./source/PIT.o
 .debug_aranges
                0x00000308       0x30 ./source/SysTick.o
 .debug_aranges
                0x00000338       0x60 ./source/bitStreamQueue.o
 .debug_aranges
                0x00000398       0xc8 ./source/gpio.o
 .debug_aranges
                0x00000460       0xf8 ./source/uart.o
 .debug_aranges
                0x00000558       0x70 ./source/waveGen.o
 .debug_aranges
                0x000005c8       0x30 ./SDK/startup/hardware.o
 .debug_aranges
                0x000005f8       0x20 ./SDK/startup/main.o
 .debug_aranges
                0x00000618       0x20 ./SDK/startup/semihost_hardfault.o
 .debug_aranges
                0x00000638      0x330 ./SDK/startup/startup_mk64f12.o
 .debug_aranges
                0x00000968       0x30 ./SDK/CMSIS/system_MK64F12.o

.debug_ranges   0x00000000      0x878
 .debug_ranges  0x00000000       0x58 ./source/ADC.o
 .debug_ranges  0x00000058       0x18 ./source/App.o
 .debug_ranges  0x00000070       0x18 ./source/Bell202.o
 .debug_ranges  0x00000088       0x58 ./source/DAC.o
 .debug_ranges  0x000000e0       0x40 ./source/FSK_Demodulator.o
 .debug_ranges  0x00000120       0x18 ./source/FSK_Modulator.o
 .debug_ranges  0x00000138       0xc0 ./source/FTM.o
 .debug_ranges  0x000001f8       0x90 ./source/PIT.o
 .debug_ranges  0x00000288       0x20 ./source/SysTick.o
 .debug_ranges  0x000002a8       0x50 ./source/bitStreamQueue.o
 .debug_ranges  0x000002f8       0xb8 ./source/gpio.o
 .debug_ranges  0x000003b0       0xe8 ./source/uart.o
 .debug_ranges  0x00000498       0x60 ./source/waveGen.o
 .debug_ranges  0x000004f8       0x20 ./SDK/startup/hardware.o
 .debug_ranges  0x00000518       0x10 ./SDK/startup/main.o
 .debug_ranges  0x00000528       0x10 ./SDK/startup/semihost_hardfault.o
 .debug_ranges  0x00000538      0x320 ./SDK/startup/startup_mk64f12.o
 .debug_ranges  0x00000858       0x20 ./SDK/CMSIS/system_MK64F12.o

.debug_macro    0x00000000    0x127b3
 .debug_macro   0x00000000       0x96 ./source/ADC.o
 .debug_macro   0x00000096      0xa5a ./source/ADC.o
 .debug_macro   0x00000af0       0x22 ./source/ADC.o
 .debug_macro   0x00000b12      0x34e ./source/ADC.o
 .debug_macro   0x00000e60       0x5c ./source/ADC.o
 .debug_macro   0x00000ebc       0x1c ./source/ADC.o
 .debug_macro   0x00000ed8       0x22 ./source/ADC.o
 .debug_macro   0x00000efa       0xdf ./source/ADC.o
 .debug_macro   0x00000fd9      0xecf ./source/ADC.o
 .debug_macro   0x00001ea8       0x48 ./source/ADC.o
 .debug_macro   0x00001ef0     0xe07b ./source/ADC.o
 .debug_macro   0x0000ff6b       0x16 ./source/ADC.o
 .debug_macro   0x0000ff81       0x33 ./source/App.o
 .debug_macro   0x0000ffb4       0x84 ./source/Bell202.o
 .debug_macro   0x00010038       0x40 ./source/Bell202.o
 .debug_macro   0x00010078       0x10 ./source/Bell202.o
 .debug_macro   0x00010088       0x10 ./source/Bell202.o
 .debug_macro   0x00010098       0xa7 ./source/DAC.o
 .debug_macro   0x0001013f       0x28 ./source/DAC.o
 .debug_macro   0x00010167       0x3a ./source/DAC.o
 .debug_macro   0x000101a1       0x95 ./source/FSK_Demodulator.o
 .debug_macro   0x00010236       0x10 ./source/FSK_Demodulator.o
 .debug_macro   0x00010246       0x9c ./source/FSK_Modulator.o
 .debug_macro   0x000102e2       0x16 ./source/FSK_Modulator.o
 .debug_macro   0x000102f8       0xad ./source/FTM.o
 .debug_macro   0x000103a5       0x22 ./source/FTM.o
 .debug_macro   0x000103c7       0x9e ./source/PIT.o
 .debug_macro   0x00010465       0x10 ./source/PIT.o
 .debug_macro   0x00010475       0x96 ./source/SysTick.o
 .debug_macro   0x0001050b      0x174 ./source/SysTick.o
 .debug_macro   0x0001067f       0x5b ./source/bitStreamQueue.o
 .debug_macro   0x000106da       0xa4 ./source/gpio.o
 .debug_macro   0x0001077e      0x118 ./source/uart.o
 .debug_macro   0x00010896       0x10 ./source/uart.o
 .debug_macro   0x000108a6     0x122b ./source/uart.o
 .debug_macro   0x00011ad1       0x16 ./source/uart.o
 .debug_macro   0x00011ae7      0x121 ./source/waveGen.o
 .debug_macro   0x00011c08       0x22 ./source/waveGen.o
 .debug_macro   0x00011c2a       0x52 ./source/waveGen.o
 .debug_macro   0x00011c7c       0x17 ./source/waveGen.o
 .debug_macro   0x00011c93       0x8d ./source/waveGen.o
 .debug_macro   0x00011d20       0x35 ./source/waveGen.o
 .debug_macro   0x00011d55       0x9c ./source/waveGen.o
 .debug_macro   0x00011df1       0x57 ./source/waveGen.o
 .debug_macro   0x00011e48       0x58 ./source/waveGen.o
 .debug_macro   0x00011ea0       0x1f ./source/waveGen.o
 .debug_macro   0x00011ebf       0x43 ./source/waveGen.o
 .debug_macro   0x00011f02       0x20 ./source/waveGen.o
 .debug_macro   0x00011f22      0x18e ./source/waveGen.o
 .debug_macro   0x000120b0      0x330 ./source/waveGen.o
 .debug_macro   0x000123e0      0x1e1 ./source/waveGen.o
 .debug_macro   0x000125c1       0x9c ./SDK/startup/hardware.o
 .debug_macro   0x0001265d       0x9c ./SDK/startup/main.o
 .debug_macro   0x000126f9       0x11 ./SDK/startup/semihost_hardfault.o
 .debug_macro   0x0001270a       0x29 ./SDK/startup/startup_mk64f12.o
 .debug_macro   0x00012733       0x80 ./SDK/CMSIS/system_MK64F12.o

.debug_line     0x00000000     0x2be8
 .debug_line    0x00000000      0x226 ./source/ADC.o
 .debug_line    0x00000226       0x61 ./source/App.o
 .debug_line    0x00000287      0x13c ./source/Bell202.o
 .debug_line    0x000003c3      0x22c ./source/DAC.o
 .debug_line    0x000005ef      0x1dc ./source/FSK_Demodulator.o
 .debug_line    0x000007cb      0x15b ./source/FSK_Modulator.o
 .debug_line    0x00000926      0x40b ./source/FTM.o
 .debug_line    0x00000d31      0x2fe ./source/PIT.o
 .debug_line    0x0000102f      0x178 ./source/SysTick.o
 .debug_line    0x000011a7      0x1cb ./source/bitStreamQueue.o
 .debug_line    0x00001372      0x347 ./source/gpio.o
 .debug_line    0x000016b9      0x555 ./source/uart.o
 .debug_line    0x00001c0e      0x399 ./source/waveGen.o
 .debug_line    0x00001fa7      0x1d4 ./SDK/startup/hardware.o
 .debug_line    0x0000217b      0x175 ./SDK/startup/main.o
 .debug_line    0x000022f0       0x59 ./SDK/startup/semihost_hardfault.o
 .debug_line    0x00002349      0x6d8 ./SDK/startup/startup_mk64f12.o
 .debug_line    0x00002a21      0x1c7 ./SDK/CMSIS/system_MK64F12.o

.debug_str      0x00000000    0x7d8d7
 .debug_str     0x00000000    0x70d82 ./source/ADC.o
                              0x70f72 (size before relaxing)
 .debug_str     0x00070d82       0xa7 ./source/App.o
                               0x2d9e (size before relaxing)
 .debug_str     0x00070e29      0x21c ./source/Bell202.o
                               0x3a55 (size before relaxing)
 .debug_str     0x00071045      0x37a ./source/DAC.o
                              0x70e5f (size before relaxing)
 .debug_str     0x000713bf      0x1f5 ./source/FSK_Demodulator.o
                               0x3d51 (size before relaxing)
 .debug_str     0x000715b4      0x1c3 ./source/FSK_Modulator.o
                               0x3aa3 (size before relaxing)
 .debug_str     0x00071777      0x608 ./source/FTM.o
                              0x711b9 (size before relaxing)
 .debug_str     0x00071d7f      0x1ea ./source/PIT.o
                              0x70d19 (size before relaxing)
 .debug_str     0x00071f69      0x347 ./source/SysTick.o
                              0x70da9 (size before relaxing)
 .debug_str     0x000722b0      0x154 ./source/bitStreamQueue.o
                               0x3988 (size before relaxing)
 .debug_str     0x00072404      0x2d6 ./source/gpio.o
                              0x70e5e (size before relaxing)
 .debug_str     0x000726da     0x701a ./source/uart.o
                              0x77cff (size before relaxing)
 .debug_str     0x000796f4     0x397d ./source/waveGen.o
                               0x7b3d (size before relaxing)
 .debug_str     0x0007d071      0x16f ./SDK/startup/hardware.o
                              0x771f3 (size before relaxing)
 .debug_str     0x0007d1e0       0x1b ./SDK/startup/main.o
                              0x76fc7 (size before relaxing)
 .debug_str     0x0007d1fb       0x36 ./SDK/startup/semihost_hardfault.o
                               0x2d2d (size before relaxing)
 .debug_str     0x0007d231      0x644 ./SDK/startup/startup_mk64f12.o
                               0x359b (size before relaxing)
 .debug_str     0x0007d875       0x62 ./SDK/CMSIS/system_MK64F12.o
                              0x77102 (size before relaxing)

.comment        0x00000000       0x7e
 .comment       0x00000000       0x7e ./source/ADC.o
                                 0x7f (size before relaxing)
 .comment       0x0000007e       0x7f ./source/App.o
 .comment       0x0000007e       0x7f ./source/Bell202.o
 .comment       0x0000007e       0x7f ./source/DAC.o
 .comment       0x0000007e       0x7f ./source/FSK_Demodulator.o
 .comment       0x0000007e       0x7f ./source/FSK_Modulator.o
 .comment       0x0000007e       0x7f ./source/FTM.o
 .comment       0x0000007e       0x7f ./source/PIT.o
 .comment       0x0000007e       0x7f ./source/SysTick.o
 .comment       0x0000007e       0x7f ./source/bitStreamQueue.o
 .comment       0x0000007e       0x7f ./source/gpio.o
 .comment       0x0000007e       0x7f ./source/uart.o
 .comment       0x0000007e       0x7f ./source/waveGen.o
 .comment       0x0000007e       0x7f ./SDK/startup/hardware.o
 .comment       0x0000007e       0x7f ./SDK/startup/main.o
 .comment       0x0000007e       0x7f ./SDK/startup/semihost_hardfault.o
 .comment       0x0000007e       0x7f ./SDK/startup/startup_mk64f12.o
 .comment       0x0000007e       0x7f ./SDK/CMSIS/system_MK64F12.o
 .comment       0x0000007e       0x7f c:/nxp/mcuxpressoide_10.2.0_759/ide/tools/bin/../lib/gcc/arm-none-eabi/7.2.1/../../../../arm-none-eabi/lib/thumb/v7e-m/fpv4-sp/hard\libcr_c.a(sin.o)
 .comment       0x0000007e       0x7f c:/nxp/mcuxpressoide_10.2.0_759/ide/tools/bin/../lib/gcc/arm-none-eabi/7.2.1/../../../../arm-none-eabi/lib/thumb/v7e-m/fpv4-sp/hard\libcr_c.a(_sincos.o)
 .comment       0x0000007e       0x7f c:/nxp/mcuxpressoide_10.2.0_759/ide/tools/bin/../lib/gcc/arm-none-eabi/7.2.1/../../../../arm-none-eabi/lib/thumb/v7e-m/fpv4-sp/hard\libcr_c.a(errno.o)
 .comment       0x0000007e       0x7f c:/nxp/mcuxpressoide_10.2.0_759/ide/tools/bin/../lib/gcc/arm-none-eabi/7.2.1/../../../../arm-none-eabi/lib/thumb/v7e-m/fpv4-sp/hard\libcr_c.a(fabs.o)
 .comment       0x0000007e       0x7f c:/nxp/mcuxpressoide_10.2.0_759/ide/tools/bin/../lib/gcc/arm-none-eabi/7.2.1/../../../../arm-none-eabi/lib/thumb/v7e-m/fpv4-sp/hard\libcr_c.a(_hugeval.o)
 .comment       0x0000007e       0x7f c:/nxp/mcuxpressoide_10.2.0_759/ide/tools/bin/../lib/gcc/arm-none-eabi/7.2.1/thumb/v7e-m/fpv4-sp/hard\libcr_eabihelpers.a(double.o)
 .comment       0x0000007e       0x7f c:/nxp/mcuxpressoide_10.2.0_759/ide/tools/bin/../lib/gcc/arm-none-eabi/7.2.1/thumb/v7e-m/fpv4-sp/hard\libcr_eabihelpers.a(float.o)

.ARM.attributes
                0x00000000       0x39
 .ARM.attributes
                0x00000000       0x39 ./source/ADC.o
 .ARM.attributes
                0x00000039       0x39 ./source/App.o
 .ARM.attributes
                0x00000072       0x39 ./source/Bell202.o
 .ARM.attributes
                0x000000ab       0x39 ./source/DAC.o
 .ARM.attributes
                0x000000e4       0x39 ./source/FSK_Demodulator.o
 .ARM.attributes
                0x0000011d       0x39 ./source/FSK_Modulator.o
 .ARM.attributes
                0x00000156       0x39 ./source/FTM.o
 .ARM.attributes
                0x0000018f       0x39 ./source/PIT.o
 .ARM.attributes
                0x000001c8       0x39 ./source/SysTick.o
 .ARM.attributes
                0x00000201       0x39 ./source/bitStreamQueue.o
 .ARM.attributes
                0x0000023a       0x39 ./source/gpio.o
 .ARM.attributes
                0x00000273       0x39 ./source/uart.o
 .ARM.attributes
                0x000002ac       0x39 ./source/waveGen.o
 .ARM.attributes
                0x000002e5       0x39 ./SDK/startup/hardware.o
 .ARM.attributes
                0x0000031e       0x39 ./SDK/startup/main.o
 .ARM.attributes
                0x00000357       0x39 ./SDK/startup/semihost_hardfault.o
 .ARM.attributes
                0x00000390       0x39 ./SDK/startup/startup_mk64f12.o
 .ARM.attributes
                0x000003c9       0x39 ./SDK/CMSIS/system_MK64F12.o
 .ARM.attributes
                0x00000402       0x39 c:/nxp/mcuxpressoide_10.2.0_759/ide/tools/bin/../lib/gcc/arm-none-eabi/7.2.1/../../../../arm-none-eabi/lib/thumb/v7e-m/fpv4-sp/hard\libcr_c.a(sin.o)
 .ARM.attributes
                0x0000043b       0x39 c:/nxp/mcuxpressoide_10.2.0_759/ide/tools/bin/../lib/gcc/arm-none-eabi/7.2.1/../../../../arm-none-eabi/lib/thumb/v7e-m/fpv4-sp/hard\libcr_c.a(_sincos.o)
 .ARM.attributes
                0x00000474       0x39 c:/nxp/mcuxpressoide_10.2.0_759/ide/tools/bin/../lib/gcc/arm-none-eabi/7.2.1/../../../../arm-none-eabi/lib/thumb/v7e-m/fpv4-sp/hard\libcr_c.a(errno.o)
 .ARM.attributes
                0x000004ad       0x39 c:/nxp/mcuxpressoide_10.2.0_759/ide/tools/bin/../lib/gcc/arm-none-eabi/7.2.1/../../../../arm-none-eabi/lib/thumb/v7e-m/fpv4-sp/hard\libcr_c.a(fabs.o)
 .ARM.attributes
                0x000004e6       0x39 c:/nxp/mcuxpressoide_10.2.0_759/ide/tools/bin/../lib/gcc/arm-none-eabi/7.2.1/../../../../arm-none-eabi/lib/thumb/v7e-m/fpv4-sp/hard\libcr_c.a(_hugeval.o)
 .ARM.attributes
                0x0000051f       0x39 c:/nxp/mcuxpressoide_10.2.0_759/ide/tools/bin/../lib/gcc/arm-none-eabi/7.2.1/thumb/v7e-m/fpv4-sp/hard\libcr_eabihelpers.a(double.o)
 .ARM.attributes
                0x00000558       0x39 c:/nxp/mcuxpressoide_10.2.0_759/ide/tools/bin/../lib/gcc/arm-none-eabi/7.2.1/thumb/v7e-m/fpv4-sp/hard\libcr_eabihelpers.a(float.o)

.debug_frame    0x00000000     0x1fc0
 .debug_frame   0x00000000      0x170 ./source/ADC.o
 .debug_frame   0x00000170       0x48 ./source/App.o
 .debug_frame   0x000001b8       0x58 ./source/Bell202.o
 .debug_frame   0x00000210      0x188 ./source/DAC.o
 .debug_frame   0x00000398      0x100 ./source/FSK_Demodulator.o
 .debug_frame   0x00000498       0x50 ./source/FSK_Modulator.o
 .debug_frame   0x000004e8      0x364 ./source/FTM.o
 .debug_frame   0x0000084c      0x270 ./source/PIT.o
 .debug_frame   0x00000abc       0x78 ./source/SysTick.o
 .debug_frame   0x00000b34      0x15c ./source/bitStreamQueue.o
 .debug_frame   0x00000c90      0x350 ./source/gpio.o
 .debug_frame   0x00000fe0      0x40c ./source/uart.o
 .debug_frame   0x000013ec      0x1a0 ./source/waveGen.o
 .debug_frame   0x0000158c       0x70 ./SDK/startup/hardware.o
 .debug_frame   0x000015fc       0x2c ./SDK/startup/main.o
 .debug_frame   0x00001628       0x20 ./SDK/startup/semihost_hardfault.o
 .debug_frame   0x00001648      0x904 ./SDK/startup/startup_mk64f12.o
 .debug_frame   0x00001f4c       0x74 ./SDK/CMSIS/system_MK64F12.o
