Archive member included to satisfy reference by file (symbol)

c:/nxp/mcuxpressoide_10.2.0_759/ide/tools/bin/../lib/gcc/arm-none-eabi/7.2.1/../../../../arm-none-eabi/lib/thumb/v7e-m/fpv4-sp/hard\libcr_c.a(sin.o)
                              ./source/waveGen.o (sin)
c:/nxp/mcuxpressoide_10.2.0_759/ide/tools/bin/../lib/gcc/arm-none-eabi/7.2.1/../../../../arm-none-eabi/lib/thumb/v7e-m/fpv4-sp/hard\libcr_c.a(_sincos.o)
                              c:/nxp/mcuxpressoide_10.2.0_759/ide/tools/bin/../lib/gcc/arm-none-eabi/7.2.1/../../../../arm-none-eabi/lib/thumb/v7e-m/fpv4-sp/hard\libcr_c.a(sin.o) (_sincos)
c:/nxp/mcuxpressoide_10.2.0_759/ide/tools/bin/../lib/gcc/arm-none-eabi/7.2.1/../../../../arm-none-eabi/lib/thumb/v7e-m/fpv4-sp/hard\libcr_c.a(errno.o)
                              c:/nxp/mcuxpressoide_10.2.0_759/ide/tools/bin/../lib/gcc/arm-none-eabi/7.2.1/../../../../arm-none-eabi/lib/thumb/v7e-m/fpv4-sp/hard\libcr_c.a(_sincos.o) (errno)
c:/nxp/mcuxpressoide_10.2.0_759/ide/tools/bin/../lib/gcc/arm-none-eabi/7.2.1/../../../../arm-none-eabi/lib/thumb/v7e-m/fpv4-sp/hard\libcr_c.a(fabs.o)
                              c:/nxp/mcuxpressoide_10.2.0_759/ide/tools/bin/../lib/gcc/arm-none-eabi/7.2.1/../../../../arm-none-eabi/lib/thumb/v7e-m/fpv4-sp/hard\libcr_c.a(_sincos.o) (fabs)
c:/nxp/mcuxpressoide_10.2.0_759/ide/tools/bin/../lib/gcc/arm-none-eabi/7.2.1/../../../../arm-none-eabi/lib/thumb/v7e-m/fpv4-sp/hard\libcr_c.a(_hugeval.o)
                              c:/nxp/mcuxpressoide_10.2.0_759/ide/tools/bin/../lib/gcc/arm-none-eabi/7.2.1/../../../../arm-none-eabi/lib/thumb/v7e-m/fpv4-sp/hard\libcr_c.a(_sincos.o) (__huge_val)
c:/nxp/mcuxpressoide_10.2.0_759/ide/tools/bin/../lib/gcc/arm-none-eabi/7.2.1/thumb/v7e-m/fpv4-sp/hard\libcr_eabihelpers.a(double.o)
                              ./source/FSK_Demodulator.o (__aeabi_dmul)
c:/nxp/mcuxpressoide_10.2.0_759/ide/tools/bin/../lib/gcc/arm-none-eabi/7.2.1/thumb/v7e-m/fpv4-sp/hard\libcr_eabihelpers.a(float.o)
                              ./source/FTM.o (__aeabi_f2d)

Discarded input sections

 .group         0x00000000        0xc ./source/ADC.o
 .group         0x00000000        0xc ./source/ADC.o
 .group         0x00000000        0xc ./source/ADC.o
 .group         0x00000000        0xc ./source/ADC.o
 .group         0x00000000        0xc ./source/ADC.o
 .group         0x00000000        0xc ./source/ADC.o
 .group         0x00000000        0xc ./source/ADC.o
 .group         0x00000000        0xc ./source/ADC.o
 .group         0x00000000        0xc ./source/ADC.o
 .group         0x00000000        0xc ./source/ADC.o
 .group         0x00000000        0xc ./source/ADC.o
 .text          0x00000000        0x0 ./source/ADC.o
 .data          0x00000000        0x0 ./source/ADC.o
 .bss           0x00000000        0x0 ./source/ADC.o
 .text.StartConversion
                0x00000000       0x40 ./source/ADC.o
 .text.SetInterruptCallback
                0x00000000       0x20 ./source/ADC.o
 .group         0x00000000        0xc ./source/App.o
 .text          0x00000000        0x0 ./source/App.o
 .data          0x00000000        0x0 ./source/App.o
 .bss           0x00000000        0x0 ./source/App.o
 .debug_macro   0x00000000      0xa5a ./source/App.o
 .group         0x00000000        0xc ./source/Bell202.o
 .group         0x00000000        0xc ./source/Bell202.o
 .group         0x00000000        0xc ./source/Bell202.o
 .group         0x00000000        0xc ./source/Bell202.o
 .group         0x00000000        0xc ./source/Bell202.o
 .group         0x00000000        0xc ./source/Bell202.o
 .text          0x00000000        0x0 ./source/Bell202.o
 .data          0x00000000        0x0 ./source/Bell202.o
 .bss           0x00000000        0x0 ./source/Bell202.o
 .debug_macro   0x00000000      0xa5a ./source/Bell202.o
 .debug_macro   0x00000000      0x34e ./source/Bell202.o
 .debug_macro   0x00000000       0x22 ./source/Bell202.o
 .group         0x00000000        0xc ./source/CMP.o
 .group         0x00000000        0xc ./source/CMP.o
 .group         0x00000000        0xc ./source/CMP.o
 .group         0x00000000        0xc ./source/CMP.o
 .group         0x00000000        0xc ./source/CMP.o
 .group         0x00000000        0xc ./source/CMP.o
 .group         0x00000000        0xc ./source/CMP.o
 .group         0x00000000        0xc ./source/CMP.o
 .group         0x00000000        0xc ./source/CMP.o
 .group         0x00000000        0xc ./source/CMP.o
 .group         0x00000000        0xc ./source/CMP.o
 .text          0x00000000        0x0 ./source/CMP.o
 .data          0x00000000        0x0 ./source/CMP.o
 .bss           0x00000000        0x0 ./source/CMP.o
 .data.CMP_in_pins
                0x00000000        0x2 ./source/CMP.o
 .data.CMP_out_pins
                0x00000000        0x2 ./source/CMP.o
 .data.arrayCMPirqs
                0x00000000        0x3 ./source/CMP.o
 .bss.base      0x00000000        0x4 ./source/CMP.o
 .text.initCMP  0x00000000       0x7c ./source/CMP.o
 .text.clockGating
[...]
Memory Configuration

Name             Origin             Length             Attributes
PROGRAM_FLASH    0x00000000         0x00100000         xr
SRAM_UPPER       0x20000000         0x00030000         xrw
SRAM_LOWER       0x1fff0000         0x00010000         xrw
FLEX_RAM         0x14000000         0x00001000         xrw
*default*        0x00000000         0xffffffff

Linker script and memory map

LOAD ./source/ADC.o
LOAD ./source/App.o
LOAD ./source/Bell202.o
LOAD ./source/CMP.o
LOAD ./source/DAC.o
LOAD ./source/DMA.o
LOAD ./source/DMAMUX.o
LOAD ./source/FSK_Demodulator.o
LOAD ./source/FSK_Modulator.o
LOAD ./source/FTM.o
LOAD ./source/PDB.o
LOAD ./source/PIT.o
LOAD ./source/bitStreamQueue.o
LOAD ./source/gpio.o
LOAD ./source/measureFreq.o
LOAD ./source/uart.o
LOAD ./source/waveGen.o
LOAD ./SDK/startup/hardware.o
LOAD ./SDK/startup/main.o
LOAD ./SDK/startup/semihost_hardfault.o
LOAD ./SDK/startup/startup_mk64f12.o
LOAD ./SDK/CMSIS/system_MK64F12.o
START GROUP
LOAD c:/nxp/mcuxpressoide_10.2.0_759/ide/tools/bin/../lib/gcc/arm-none-eabi/7.2.1/../../../../arm-none-eabi/lib/thumb/v7e-m/fpv4-sp/hard\libcr_c.a
LOAD c:/nxp/mcuxpressoide_10.2.0_759/ide/tools/bin/../lib/gcc/arm-none-eabi/7.2.1/thumb/v7e-m/fpv4-sp/hard\libcr_eabihelpers.a
END GROUP
                0x00000000                __base_PROGRAM_FLASH = 0x0
                0x00000000                __base_Flash = 0x0
                0x00100000                __top_PROGRAM_FLASH = 0x100000
                0x00100000                __top_Flash = 0x100000
                0x20000000                __base_SRAM_UPPER = 0x20000000
                0x20000000                __base_RAM = 0x20000000
                0x20030000                __top_SRAM_UPPER = 0x20030000
                0x20030000                __top_RAM = 0x20030000
                0x1fff0000                __base_SRAM_LOWER = 0x1fff0000
                0x1fff0000                __base_RAM2 = 0x1fff0000
                0x20000000                __top_SRAM_LOWER = 0x20000000
                0x20000000                __top_RAM2 = 0x20000000
                0x14000000                __base_FLEX_RAM = 0x14000000
                0x14000000                __base_RAM3 = 0x14000000
                0x14001000                __top_FLEX_RAM = 0x14001000
                0x14001000                __top_RAM3 = 0x14001000

.text           0x00000000     0x4b58
 FILL mask 0xff
                0x00000000                __vectors_start__ = ABSOLUTE (.)
 *(SORT_BY_ALIGNMENT(.isr_vector))
 .isr_vector    0x00000000      0x198 ./SDK/startup/startup_mk64f12.o
                0x00000000                g_pfnVectors
                0x00000000                __Vectors
                0x00000198                . = ALIGN (0x4)
                0x00000198                __section_table_start = .
                0x00000198                __data_section_table = .
                0x00000198        0x4 LONG 0x4b58 LOADADDR (.data)
                0x0000019c        0x4 LONG 0x20000000 ADDR (.data)
                0x000001a0        0x4 LONG 0xb8 SIZEOF (.data)
                0x000001a4        0x4 LONG 0x4b58 LOADADDR (.data_RAM2)
                0x000001a8        0x4 LONG 0x1fff0000 ADDR (.data_RAM2)
                0x000001ac        0x4 LONG 0x0 SIZEOF (.data_RAM2)
                0x000001b0        0x4 LONG 0x4b58 LOADADDR (.data_RAM3)
                0x000001b4        0x4 LONG 0x14000000 ADDR (.data_RAM3)
                0x000001b8        0x4 LONG 0x0 SIZEOF (.data_RAM3)
                0x000001bc                __data_section_table_end = .
                0x000001bc                __bss_section_table = .
                0x000001bc        0x4 LONG 0x200000b8 ADDR (.bss)
                0x000001c0        0x4 LONG 0xe9b0 SIZEOF (.bss)
                0x000001c4        0x4 LONG 0x1fff0000 ADDR (.bss_RAM2)
                0x000001c8        0x4 LONG 0x0 SIZEOF (.bss_RAM2)
                0x000001cc        0x4 LONG 0x14000000 ADDR (.bss_RAM3)
                0x000001d0        0x4 LONG 0x0 SIZEOF (.bss_RAM3)
                0x000001d4                __bss_section_table_end = .
                0x000001d4                __section_table_end = .
 *(SORT_BY_ALIGNMENT(.after_vectors*))
 .after_vectors.reset
                0x000001d4       0x4c ./SDK/startup/startup_mk64f12.o
                0x000001d4                ResetISR
 .after_vectors.init_data
                0x00000220       0x1e ./SDK/startup/startup_mk64f12.o
                0x00000220                data_init
 .after_vectors.init_bss
                0x0000023e       0x12 ./SDK/startup/startup_mk64f12.o
                0x0000023e                bss_init
 .after_vectors
                0x00000250       0x14 ./SDK/startup/startup_mk64f12.o
                0x00000250                NMI_Handler
                0x00000254                MemManage_Handler
                0x00000256                BusFault_Handler
                0x00000258                UsageFault_Handler
                0x0000025a                SVC_Handler
                0x0000025c                DebugMon_Handler
                0x0000025e                PendSV_Handler
                0x00000260                SysTick_Handler
                0x00000262                DMA_Error_DriverIRQHandler
                0x00000262                LPTMR0_DriverIRQHandler
                0x00000262                FTM1_DriverIRQHandler
                0x00000262                FTM2_DriverIRQHandler
                0x00000262                PIT2_DriverIRQHandler
                0x00000262                SDHC_DriverIRQHandler
                0x00000262                I2S0_Tx_DriverIRQHandler
                0x00000262                RTC_Seconds_DriverIRQHandler
                0x00000262                DMA6_DriverIRQHandler
                0x00000262                LLWU_DriverIRQHandler
                0x00000262                MCM_DriverIRQHandler
                0x00000262                MCG_DriverIRQHandler
                0x00000262                ENET_1588_Timer_DriverIRQHandler
                0x00000262                I2C2_DriverIRQHandler
                0x00000262                DAC1_DriverIRQHandler
                0x00000262                SPI1_DriverIRQHandler
                0x00000262                CMP1_DriverIRQHandler
                0x00000262                UART5_RX_TX_DriverIRQHandler
                0x00000262                FTM0_DriverIRQHandler
                0x00000262                IntDefaultHandler
                0x00000262                USB0_DriverIRQHandler
                0x00000262                UART5_ERR_DriverIRQHandler
                0x00000262                PORTC_DriverIRQHandler
                0x00000262                DMA11_DriverIRQHandler
                0x00000262                DAC0_DriverIRQHandler
                0x00000262                DMA10_DriverIRQHandler
                0x00000262                CMP2_DriverIRQHandler
                0x00000262                UART2_ERR_DriverIRQHandler
                0x00000262                SPI2_DriverIRQHandler
                0x00000262                LVD_LVW_DriverIRQHandler
                0x00000262                PIT0_DriverIRQHandler
                0x00000262                RNG_DriverIRQHandler
                0x00000262                DMA12_DriverIRQHandler
                0x00000262                DMA4_DriverIRQHandler
                0x00000262                UART2_RX_TX_DriverIRQHandler
                0x00000262                USBDCD_DriverIRQHandler
                0x00000262                UART3_ERR_DriverIRQHandler
                0x00000262                DMA3_DriverIRQHandler
                0x00000262                DMA8_DriverIRQHandler
                0x00000262                DMA9_DriverIRQHandler
                0x00000262                UART0_ERR_DriverIRQHandler
                0x00000262                CMT_DriverIRQHandler
                0x00000262                Reserved71_DriverIRQHandler
                0x00000262                ADC1_DriverIRQHandler
                0x00000262                PORTA_DriverIRQHandler
                0x00000262                DMA14_DriverIRQHandler
                0x00000262                PIT3_DriverIRQHandler
                0x00000262                PIT1_DriverIRQHandler
                0x00000262                WDOG_EWM_DriverIRQHandler
                0x00000262                PDB0_DriverIRQHandler
                0x00000262                RTC_DriverIRQHandler
                0x00000262                I2S0_Rx_DriverIRQHandler
                0x00000262                Read_Collision_DriverIRQHandler
                0x00000262                SWI_DriverIRQHandler
                0x00000262                UART4_RX_TX_DriverIRQHandler
                0x00000262                UART4_ERR_DriverIRQHandler
                0x00000262                PORTB_DriverIRQHandler
                0x00000262                UART0_LON_DriverIRQHandler
                0x00000262                DMA0_DriverIRQHandler
                0x00000262                DMA1_DriverIRQHandler
                0x00000262                I2C1_DriverIRQHandler
                0x00000262                UART3_RX_TX_DriverIRQHandler
                0x00000262                ENET_Receive_DriverIRQHandler
                0x00000262                DMA13_DriverIRQHandler
                0x00000262                ENET_Error_DriverIRQHandler
                0x00000262                DMA15_DriverIRQHandler
                0x00000262                UART0_RX_TX_DriverIRQHandler
                0x00000262                SPI0_DriverIRQHandler
                0x00000262                ADC0_DriverIRQHandler
                0x00000262                CMP0_DriverIRQHandler
                0x00000262                CAN0_DriverIRQHandler
                0x00000262                FTM3_DriverIRQHandler
                0x00000262                DMA5_DriverIRQHandler
                0x00000262                UART1_ERR_DriverIRQHandler
                0x00000262                DMA2_DriverIRQHandler
                0x00000262                ENET_Transmit_DriverIRQHandler
                0x00000262                PORTD_DriverIRQHandler
                0x00000262                PORTE_DriverIRQHandler
                0x00000262                FTFE_DriverIRQHandler
                0x00000262                I2C0_DriverIRQHandler
                0x00000262                DMA7_DriverIRQHandler
                0x00000262                UART1_RX_TX_DriverIRQHandler
                0x00000400                . = 0x400
 *fill*         0x00000264      0x19c ff
                0x00000400                PROVIDE (__FLASH_CONFIG_START__, .)
 *(SORT_BY_ALIGNMENT(.FlashConfig))
 .FlashConfig   0x00000400       0x10 ./SDK/startup/startup_mk64f12.o
                0x00000400                Flash_Config
                0x00000410                PROVIDE (__FLASH_CONFIG_END__, .)
                0x00000001                ASSERT (! ((__FLASH_CONFIG_START__ == __FLASH_CONFIG_END__)), Linker Flash Config Support Enabled, but no .FlashConfig section provided within application)
 *(SORT_BY_ALIGNMENT(.text*))
 .text.DemodulatorInit
                0x00000410       0x74 ./source/FSK_Demodulator.o
                0x00000410                DemodulatorInit
 *fill*         0x00000484        0x4 ff
 .text.senoidalInit
                0x00000488      0x128 ./source/waveGen.o
                0x00000488                senoidalInit
 .text._sincos  0x000005b0      0x214 c:/nxp/mcuxpressoide_10.2.0_759/ide/tools/bin/../lib/gcc/arm-none-eabi/7.2.1/../../../../arm-none-eabi/lib/thumb/v7e-m/fpv4-sp/hard\libcr_c.a(_sincos.o)
                0x000005b0                _sincos
 .text.__NVIC_EnableIRQ
                0x000007c4       0x3c ./source/ADC.o
 .text.ADC_Init
                0x00000800      0x24c ./source/ADC.o
                0x00000800                ADC_Init
 .text.SetChannelADC
                0x00000a4c       0x80 ./source/ADC.o
                0x00000a4c                SetChannelADC
 .text.IsConversionFinished
                0x00000acc       0x28 ./source/ADC.o
                0x00000acc                IsConversionFinished
 .text.GetConversionResult
                0x00000af4       0x1c ./source/ADC.o
                0x00000af4                GetConversionResult
 .text.ADC0_IRQHandler
                0x00000b10       0x14 ./source/ADC.o
                0x00000b10                ADC0_IRQHandler
 .text.ADC1_IRQHandler
                0x00000b24       0x14 ./source/ADC.o
                0x00000b24                ADC1_IRQHandler
 .text.CMP0_IRQHandler
                0x00000b38       0x2c ./source/CMP.o
                0x00000b38                CMP0_IRQHandler
 .text.__NVIC_EnableIRQ
                0x00000b64       0x3c ./source/DAC.o
 .text.DACinit  0x00000ba0      0x194 ./source/DAC.o
                0x00000ba0                DACinit
 .text.writeDACdata
                0x00000d34       0x58 ./source/DAC.o
                0x00000d34                writeDACdata
 .text.shapeValue2DACdata
                0x00000d8c       0x64 ./source/DAC.o
                0x00000d8c                shapeValue2DACdata
 .text.DACclockGating
                0x00000df0       0x5c ./source/DAC.o
                0x00000df0                DACclockGating
 .text.DACgetBFreadPointer
                0x00000e4c       0x44 ./source/DAC.o
                0x00000e4c                DACgetBFreadPointer
 .text.DAC0_IRQHandler
                0x00000e90       0x6c ./source/DAC.o
                0x00000e90                DAC0_IRQHandler
 .text.DMA0_IRQHandler
                0x00000efc       0x28 ./source/DMA.o
                0x00000efc                DMA0_IRQHandler
 .text.DMA1_IRQHandler
                0x00000f24       0x28 ./source/DMA.o
                0x00000f24                DMA1_IRQHandler
 .text.DMA2_IRQHandler
                0x00000f4c       0x28 ./source/DMA.o
                0x00000f4c                DMA2_IRQHandler
 .text.DMA3_IRQHandler
                0x00000f74       0x28 ./source/DMA.o
                0x00000f74                DMA3_IRQHandler
 .text.DemodulateSignal
                0x00000f9c      0x140 ./source/FSK_Demodulator.o
                0x00000f9c                DemodulateSignal
 .text.ApplyFIR
                0x000010dc       0xfc ./source/FSK_Demodulator.o
                0x000010dc                ApplyFIR
 .text.ReconstructSignal
                0x000011d8       0xc8 ./source/FSK_Demodulator.o
                0x000011d8                ReconstructSignal
 .text.ModulatorInit
                0x000012a0       0x78 ./source/FSK_Modulator.o
                0x000012a0                ModulatorInit
 .text.ModulateFSK
                0x00001318      0x154 ./source/FSK_Modulator.o
                0x00001318                ModulateFSK
 .text.__NVIC_EnableIRQ
                0x0000146c       0x3c ./source/FTM.o
 .text.FTMinit  0x000014a8      0x668 ./source/FTM.o
                0x000014a8                FTMinit
 .text.setFTMtimer
                0x00001b10       0xd8 ./source/FTM.o
                0x00001b10                setFTMtimer
 .text.FTMclockGating
                0x00001be8       0x8c ./source/FTM.o
                0x00001be8                FTMclockGating
 .text.updatePWMduty
                0x00001c74       0x98 ./source/FTM.o
                0x00001c74                updatePWMduty
 .text.shapeDuty2cnv
                0x00001d0c       0x84 ./source/FTM.o
                0x00001d0c                shapeDuty2cnv
 .text.getPWMduty
                0x00001d90       0x74 ./source/FTM.o
                0x00001d90                getPWMduty
 .text.updatePWMperiod
                0x00001e04       0xb0 ./source/FTM.o
                0x00001e04                updatePWMperiod
 .text.updateCnV
                0x00001eb4       0x34 ./source/FTM.o
                0x00001eb4                updateCnV
 .text.enablePinFTM
                0x00001ee8       0x6c ./source/FTM.o
                0x00001ee8                enablePinFTM
 .text.getPrescalerFactor
                0x00001f54       0x80 ./source/FTM.o
                0x00001f54                getPrescalerFactor
 .text.softwareFTMtrigger
                0x00001fd4       0x38 ./source/FTM.o
                0x00001fd4                softwareFTMtrigger
 .text.FTMx_IRQHandler
                0x0000200c       0xe4 ./source/FTM.o
                0x0000200c                FTMx_IRQHandler
 .text.initPDB  0x000020f0       0xa8 ./source/PDB.o
                0x000020f0                initPDB
 .text.PDBchangeFrequency
                0x00002198       0x5c ./source/PDB.o
                0x00002198                PDBchangeFrequency
 .text.setModulusValue
                0x000021f4       0x20 ./source/PDB.o
 .text.setCounterDelayValue
                0x00002214       0x20 ./source/PDB.o
 .text.clockGating
                0x00002234       0x2c ./source/PDB.o
 .text.getPDBdefaultConfig
                0x00002260       0x50 ./source/PDB.o
                0x00002260                getPDBdefaultConfig
 .text.getPDBforDACdefaultConfig
                0x000022b0       0x40 ./source/PDB.o
                0x000022b0                getPDBforDACdefaultConfig
 .text.initPDBdac
                0x000022f0       0x60 ./source/PDB.o
                0x000022f0                initPDBdac
 .text.PDBsoftwareTrigger
                0x00002350       0x2c ./source/PDB.o
                0x00002350                PDBsoftwareTrigger
 .text.__NVIC_EnableIRQ
                0x0000237c       0x3c ./source/PIT.o
 .text.PITinit  0x000023b8       0x8c ./source/PIT.o
                0x000023b8                PITinit
 .text.PITmodifyTimer
                0x00002444       0x38 ./source/PIT.o
                0x00002444                PITmodifyTimer
 .text.PITstartTimer
                0x0000247c      0x114 ./source/PIT.o
                0x0000247c                PITstartTimer
 .text.PITenableClock
                0x00002590       0x3c ./source/PIT.o
 .text.PITtimerInit
                0x000025cc       0x74 ./source/PIT.o
 .text.PITtimerSet
                0x00002640       0x9c ./source/PIT.o
 .text.PIT0_IRQHandler
                0x000026dc       0x30 ./source/PIT.o
                0x000026dc                PIT0_IRQHandler
 .text.PIT1_IRQHandler
                0x0000270c       0x30 ./source/PIT.o
                0x0000270c                PIT1_IRQHandler
 .text.PIT2_IRQHandler
                0x0000273c       0x30 ./source/PIT.o
                0x0000273c                PIT2_IRQHandler
 .text.PIT3_IRQHandler
                0x0000276c       0x30 ./source/PIT.o
                0x0000276c                PIT3_IRQHandler
 .text.recursiveStore
                0x0000279c       0x4c ./source/bitStreamQueue.o
 .text.bitStreamQueueInit
                0x000027e8       0x34 ./source/bitStreamQueue.o
                0x000027e8                bitStreamQueueInit
 .text.pushChar
                0x0000281c       0x50 ./source/bitStreamQueue.o
                0x0000281c                pushChar
 .text.isQueueEmpty
                0x0000286c       0x28 ./source/bitStreamQueue.o
                0x0000286c                isQueueEmpty
 .text.popBit   0x00002894       0x98 ./source/bitStreamQueue.o
                0x00002894                popBit
 .text.PushBit  0x0000292c       0x58 ./source/bitStreamQueue.o
                0x0000292c                PushBit
 .text.IsFrameReady
                0x00002984       0x18 ./source/bitStreamQueue.o
                0x00002984                IsFrameReady
 .text.GetFrame
                0x0000299c       0xa0 ./source/bitStreamQueue.o
                0x0000299c                GetFrame
 .text.PORTX_IRQHandler
                0x00002a3c       0xbc ./source/gpio.o
                0x00002a3c                PORTX_IRQHandler
 .text.gpioMode
                0x00002af8      0x104 ./source/gpio.o
                0x00002af8                gpioMode
 .text.gpioWrite
                0x00002bfc       0x80 ./source/gpio.o
                0x00002bfc                gpioWrite
 .text.__NVIC_EnableIRQ
                0x00002c7c       0x3c ./source/uart.o
 .text.uartInit
                0x00002cb8      0x26c ./source/uart.o
                0x00002cb8                uartInit
 .text.uartIsRxMsg
                0x00002f24       0xa4 ./source/uart.o
                0x00002f24                uartIsRxMsg
 .text.uartReadMsg
                0x00002fc8      0x184 ./source/uart.o
                0x00002fc8                uartReadMsg
 .text.uartWriteMsg
                0x0000314c      0x134 ./source/uart.o
                0x0000314c                uartWriteMsg
 .text.copyTXmsg
                0x00003280       0x80 ./source/uart.o
                0x00003280                copyTXmsg
 .text.UARTX_RX_TX_IRQHandler
                0x00003300      0x1e0 ./source/uart.o
                0x00003300                UARTX_RX_TX_IRQHandler
 .text.UART_setBaudRate
                0x000034e0       0xb0 ./source/uart.o
                0x000034e0                UART_setBaudRate
 .text.UART_clockGating
                0x00003590       0xc4 ./source/uart.o
                0x00003590                UART_clockGating
 .text.initWaveGen
                0x00003654       0xc0 ./source/waveGen.o
                0x00003654                initWaveGen
 .text.updateWaveFreq
                0x00003714       0xd0 ./source/waveGen.o
                0x00003714                updateWaveFreq
 .text.sinWaveGen
                0x000037e4       0x7c ./source/waveGen.o
                0x000037e4                sinWaveGen
 .text.pwmSinWaveGen
                0x00003860       0xc0 ./source/waveGen.o
                0x00003860                pwmSinWaveGen
 .text.DACcallback
                0x00003920       0x90 ./source/waveGen.o
                0x00003920                DACcallback
 .text.softwareTriggerFTM
                0x000039b0       0x60 ./source/waveGen.o
                0x000039b0                softwareTriggerFTM
 .text.FTMpwmCallback
                0x00003a10       0x68 ./source/waveGen.o
                0x00003a10                FTMpwmCallback
 .text.hw_Init  0x00003a78      0x10c ./SDK/startup/hardware.o
                0x00003a78                hw_Init
 .text.hw_EnableInterrupts
                0x00003b84       0x30 ./SDK/startup/hardware.o
                0x00003b84                hw_EnableInterrupts
 .text.hw_DisableInterrupts
                0x00003bb4       0x20 ./SDK/startup/hardware.o
                0x00003bb4                hw_DisableInterrupts
 .text.SystemInit
                0x00003bd4       0x3c ./SDK/CMSIS/system_MK64F12.o
                0x00003bd4                SystemInit
 .text.__aeabi_dmul
                0x00003c10      0x11c c:/nxp/mcuxpressoide_10.2.0_759/ide/tools/bin/../lib/gcc/arm-none-eabi/7.2.1/thumb/v7e-m/fpv4-sp/hard\libcr_eabihelpers.a(double.o)
                0x00003c10                __aeabi_dmul
 .text.__aeabi_ddiv
                0x00003d2c      0x138 c:/nxp/mcuxpressoide_10.2.0_759/ide/tools/bin/../lib/gcc/arm-none-eabi/7.2.1/thumb/v7e-m/fpv4-sp/hard\libcr_eabihelpers.a(double.o)
                0x00003d2c                __aeabi_ddiv
 .text.__aeabi_dsub
                0x00003e64      0x1b4 c:/nxp/mcuxpressoide_10.2.0_759/ide/tools/bin/../lib/gcc/arm-none-eabi/7.2.1/thumb/v7e-m/fpv4-sp/hard\libcr_eabihelpers.a(double.o)
                0x00003e64                __aeabi_dsub
 .text.__aeabi_dadd
                0x00004018      0x10c c:/nxp/mcuxpressoide_10.2.0_759/ide/tools/bin/../lib/gcc/arm-none-eabi/7.2.1/thumb/v7e-m/fpv4-sp/hard\libcr_eabihelpers.a(double.o)
                0x00004018                __aeabi_dadd
 .text.__aeabi_d2f
                0x00004124       0x54 c:/nxp/mcuxpressoide_10.2.0_759/ide/tools/bin/../lib/gcc/arm-none-eabi/7.2.1/thumb/v7e-m/fpv4-sp/hard\libcr_eabihelpers.a(double.o)
                0x00004124                __aeabi_d2f
 .text.__aeabi_f2d
                0x00004178       0x38 c:/nxp/mcuxpressoide_10.2.0_759/ide/tools/bin/../lib/gcc/arm-none-eabi/7.2.1/thumb/v7e-m/fpv4-sp/hard\libcr_eabihelpers.a(float.o)
                0x00004178                __aeabi_f2d
 .text.InitializeHardwareTrigger
                0x000041b0       0x2a ./source/ADC.o
                0x000041b0                InitializeHardwareTrigger
 .text.App_Init
                0x000041da        0xc ./source/App.o
                0x000041da                App_Init
 .text.App_Run  0x000041e6        0xc ./source/App.o
                0x000041e6                App_Run
 .text.ModemInit
                0x000041f2       0x42 ./source/Bell202.o
                0x000041f2                ModemInit
 .text.ModemRun
                0x00004234       0x5e ./source/Bell202.o
                0x00004234                ModemRun
 .text.NeedDemodulation
                0x00004292        0xe ./source/FSK_Demodulator.o
                0x00004292                NeedDemodulation
 .text.InitializeHardware
                0x000042a0       0x46 ./source/FSK_Demodulator.o
                0x000042a0                InitializeHardware
 .text.setFTMprescaler
                0x000042e6       0x34 ./source/FTM.o
                0x000042e6                setFTMprescaler
 .text.FTM0_IRQHandler
                0x0000431a        0xe ./source/FTM.o
                0x0000431a                FTM0_IRQHandler
 .text.FTM1_IRQHandler
                0x00004328        0xe ./source/FTM.o
                0x00004328                FTM1_IRQHandler
 .text.FTM2_IRQHandler
                0x00004336        0xe ./source/FTM.o
                0x00004336                FTM2_IRQHandler
 .text.PITenable
                0x00004344       0x4e ./source/PIT.o
 .text.PORTA_IRQHandler
                0x00004392        0xe ./source/gpio.o
                0x00004392                PORTA_IRQHandler
 .text.PORTB_IRQHandler
                0x000043a0        0xe ./source/gpio.o
                0x000043a0                PORTB_IRQHandler
 .text.PORTC_IRQHandler
                0x000043ae        0xe ./source/gpio.o
                0x000043ae                PORTC_IRQHandler
 .text.PORTD_IRQHandler
                0x000043bc        0xe ./source/gpio.o
                0x000043bc                PORTD_IRQHandler
 .text.PORTE_IRQHandler
                0x000043ca        0xe ./source/gpio.o
                0x000043ca                PORTE_IRQHandler
 .text.isPinValid
                0x000043d8       0x26 ./source/gpio.o
                0x000043d8                isPinValid
 .text.setPCRmux
                0x000043fe       0x46 ./source/gpio.o
                0x000043fe                setPCRmux
 .text.setPCRpullEnable
                0x00004444       0x30 ./source/gpio.o
                0x00004444                setPCRpullEnable
 .text.setPCRpullUp
                0x00004474       0x30 ./source/gpio.o
                0x00004474                setPCRpullUp
 .text.setPCRpullDown
                0x000044a4       0x32 ./source/gpio.o
                0x000044a4                setPCRpullDown
 .text.setGPIOddr
                0x000044d6       0x30 ./source/gpio.o
                0x000044d6                setGPIOddr
 .text.setGPIOdataOut
                0x00004506       0x4a ./source/gpio.o
                0x00004506                setGPIOdataOut
 .text.setPCRirqc
                0x00004550       0x46 ./source/gpio.o
                0x00004550                setPCRirqc
 .text.UARTX_LON_IRQHandler
                0x00004596       0x16 ./source/uart.o
                0x00004596                UARTX_LON_IRQHandler
 .text.UARTX_ERR_IRQHandler
                0x000045ac       0x16 ./source/uart.o
                0x000045ac                UARTX_ERR_IRQHandler
 .text.UART0_LON_IRQHandler
                0x000045c2        0xe ./source/uart.o
                0x000045c2                UART0_LON_IRQHandler
 .text.UART0_RX_TX_IRQHandler
                0x000045d0        0xe ./source/uart.o
                0x000045d0                UART0_RX_TX_IRQHandler
 .text.UART0_ERR_IRQHandler
                0x000045de        0xe ./source/uart.o
                0x000045de                UART0_ERR_IRQHandler
 .text.UART1_RX_TX_IRQHandler
                0x000045ec        0xe ./source/uart.o
                0x000045ec                UART1_RX_TX_IRQHandler
 .text.UART1_ERR_IRQHandler
                0x000045fa        0xe ./source/uart.o
                0x000045fa                UART1_ERR_IRQHandler
 .text.UART2_RX_TX_IRQHandler
                0x00004608        0xe ./source/uart.o
                0x00004608                UART2_RX_TX_IRQHandler
 .text.UART2_ERR_IRQHandler
                0x00004616        0xe ./source/uart.o
                0x00004616                UART2_ERR_IRQHandler
 .text.UART3_RX_TX_IRQHandler
                0x00004624        0xe ./source/uart.o
                0x00004624                UART3_RX_TX_IRQHandler
 .text.UART3_ERR_IRQHandler
                0x00004632        0xe ./source/uart.o
                0x00004632                UART3_ERR_IRQHandler
 .text.UART4_RX_TX_IRQHandler
                0x00004640        0xe ./source/uart.o
                0x00004640                UART4_RX_TX_IRQHandler
 .text.UART4_ERR_IRQHandler
                0x0000464e        0xe ./source/uart.o
                0x0000464e                UART4_ERR_IRQHandler
 .text.UART_setParity
                0x0000465c       0x9e ./source/uart.o
                0x0000465c                UART_setParity
 .text.main     0x000046fa       0x1a ./SDK/startup/main.o
                0x000046fa                main
 .text.HardFault_Handler
                0x00004714       0x2c ./SDK/startup/semihost_hardfault.o
                0x00004714                HardFault_Handler
 .text.DMA4_IRQHandler
                0x00004740        0x8 ./SDK/startup/startup_mk64f12.o
                0x00004740                DMA4_IRQHandler
 .text.DMA5_IRQHandler
                0x00004748        0x8 ./SDK/startup/startup_mk64f12.o
                0x00004748                DMA5_IRQHandler
 .text.DMA6_IRQHandler
                0x00004750        0x8 ./SDK/startup/startup_mk64f12.o
                0x00004750                DMA6_IRQHandler
 .text.DMA7_IRQHandler
                0x00004758        0x8 ./SDK/startup/startup_mk64f12.o
                0x00004758                DMA7_IRQHandler
 .text.DMA8_IRQHandler
                0x00004760        0x8 ./SDK/startup/startup_mk64f12.o
                0x00004760                DMA8_IRQHandler
 .text.DMA9_IRQHandler
                0x00004768        0x8 ./SDK/startup/startup_mk64f12.o
                0x00004768                DMA9_IRQHandler
 .text.DMA10_IRQHandler
                0x00004770        0x8 ./SDK/startup/startup_mk64f12.o
                0x00004770                DMA10_IRQHandler
 .text.DMA11_IRQHandler
                0x00004778        0x8 ./SDK/startup/startup_mk64f12.o
                0x00004778                DMA11_IRQHandler
 .text.DMA12_IRQHandler
                0x00004780        0x8 ./SDK/startup/startup_mk64f12.o
                0x00004780                DMA12_IRQHandler
 .text.DMA13_IRQHandler
                0x00004788        0x8 ./SDK/startup/startup_mk64f12.o
                0x00004788                DMA13_IRQHandler
 .text.DMA14_IRQHandler
                0x00004790        0x8 ./SDK/startup/startup_mk64f12.o
                0x00004790                DMA14_IRQHandler
 .text.DMA15_IRQHandler
                0x00004798        0x8 ./SDK/startup/startup_mk64f12.o
                0x00004798                DMA15_IRQHandler
 .text.DMA_Error_IRQHandler
                0x000047a0        0x8 ./SDK/startup/startup_mk64f12.o
                0x000047a0                DMA_Error_IRQHandler
 .text.MCM_IRQHandler
                0x000047a8        0x8 ./SDK/startup/startup_mk64f12.o
                0x000047a8                MCM_IRQHandler
 .text.FTFE_IRQHandler
                0x000047b0        0x8 ./SDK/startup/startup_mk64f12.o
                0x000047b0                FTFE_IRQHandler
 .text.Read_Collision_IRQHandler
                0x000047b8        0x8 ./SDK/startup/startup_mk64f12.o
                0x000047b8                Read_Collision_IRQHandler
 .text.LVD_LVW_IRQHandler
                0x000047c0        0x8 ./SDK/startup/startup_mk64f12.o
                0x000047c0                LVD_LVW_IRQHandler
 .text.LLWU_IRQHandler
                0x000047c8        0x8 ./SDK/startup/startup_mk64f12.o
                0x000047c8                LLWU_IRQHandler
 .text.WDOG_EWM_IRQHandler
                0x000047d0        0x8 ./SDK/startup/startup_mk64f12.o
                0x000047d0                WDOG_EWM_IRQHandler
 .text.RNG_IRQHandler
                0x000047d8        0x8 ./SDK/startup/startup_mk64f12.o
                0x000047d8                RNG_IRQHandler
 .text.I2C0_IRQHandler
                0x000047e0        0x8 ./SDK/startup/startup_mk64f12.o
                0x000047e0                I2C0_IRQHandler
 .text.I2C1_IRQHandler
                0x000047e8        0x8 ./SDK/startup/startup_mk64f12.o
                0x000047e8                I2C1_IRQHandler
 .text.SPI0_IRQHandler
                0x000047f0        0x8 ./SDK/startup/startup_mk64f12.o
                0x000047f0                SPI0_IRQHandler
 .text.SPI1_IRQHandler
                0x000047f8        0x8 ./SDK/startup/startup_mk64f12.o
                0x000047f8                SPI1_IRQHandler
 .text.I2S0_Tx_IRQHandler
                0x00004800        0x8 ./SDK/startup/startup_mk64f12.o
                0x00004800                I2S0_Tx_IRQHandler
 .text.I2S0_Rx_IRQHandler
                0x00004808        0x8 ./SDK/startup/startup_mk64f12.o
                0x00004808                I2S0_Rx_IRQHandler
 .text.CMP1_IRQHandler
                0x00004810        0x8 ./SDK/startup/startup_mk64f12.o
                0x00004810                CMP1_IRQHandler
 .text.CMT_IRQHandler
                0x00004818        0x8 ./SDK/startup/startup_mk64f12.o
                0x00004818                CMT_IRQHandler
 .text.RTC_IRQHandler
                0x00004820        0x8 ./SDK/startup/startup_mk64f12.o
                0x00004820                RTC_IRQHandler
 .text.RTC_Seconds_IRQHandler
                0x00004828        0x8 ./SDK/startup/startup_mk64f12.o
                0x00004828                RTC_Seconds_IRQHandler
 .text.PDB0_IRQHandler
                0x00004830        0x8 ./SDK/startup/startup_mk64f12.o
                0x00004830                PDB0_IRQHandler
 .text.USB0_IRQHandler
                0x00004838        0x8 ./SDK/startup/startup_mk64f12.o
                0x00004838                USB0_IRQHandler
 .text.USBDCD_IRQHandler
                0x00004840        0x8 ./SDK/startup/startup_mk64f12.o
                0x00004840                USBDCD_IRQHandler
 .text.Reserved71_IRQHandler
                0x00004848        0x8 ./SDK/startup/startup_mk64f12.o
                0x00004848                Reserved71_IRQHandler
 .text.MCG_IRQHandler
                0x00004850        0x8 ./SDK/startup/startup_mk64f12.o
                0x00004850                MCG_IRQHandler
 .text.LPTMR0_IRQHandler
                0x00004858        0x8 ./SDK/startup/startup_mk64f12.o
                0x00004858                LPTMR0_IRQHandler
 .text.SWI_IRQHandler
                0x00004860        0x8 ./SDK/startup/startup_mk64f12.o
                0x00004860                SWI_IRQHandler
 .text.SPI2_IRQHandler
                0x00004868        0x8 ./SDK/startup/startup_mk64f12.o
                0x00004868                SPI2_IRQHandler
 .text.UART5_RX_TX_IRQHandler
                0x00004870        0x8 ./SDK/startup/startup_mk64f12.o
                0x00004870                UART5_RX_TX_IRQHandler
 .text.UART5_ERR_IRQHandler
                0x00004878        0x8 ./SDK/startup/startup_mk64f12.o
                0x00004878                UART5_ERR_IRQHandler
 .text.CMP2_IRQHandler
                0x00004880        0x8 ./SDK/startup/startup_mk64f12.o
                0x00004880                CMP2_IRQHandler
 .text.FTM3_IRQHandler
                0x00004888        0x8 ./SDK/startup/startup_mk64f12.o
                0x00004888                FTM3_IRQHandler
 .text.DAC1_IRQHandler
                0x00004890        0x8 ./SDK/startup/startup_mk64f12.o
                0x00004890                DAC1_IRQHandler
 .text.I2C2_IRQHandler
                0x00004898        0x8 ./SDK/startup/startup_mk64f12.o
                0x00004898                I2C2_IRQHandler
 .text.CAN0_ORed_Message_buffer_IRQHandler
                0x000048a0        0x8 ./SDK/startup/startup_mk64f12.o
                0x000048a0                CAN0_ORed_Message_buffer_IRQHandler
 .text.CAN0_Bus_Off_IRQHandler
                0x000048a8        0x8 ./SDK/startup/startup_mk64f12.o
                0x000048a8                CAN0_Bus_Off_IRQHandler
 .text.CAN0_Error_IRQHandler
                0x000048b0        0x8 ./SDK/startup/startup_mk64f12.o
                0x000048b0                CAN0_Error_IRQHandler
 .text.CAN0_Tx_Warning_IRQHandler
                0x000048b8        0x8 ./SDK/startup/startup_mk64f12.o
                0x000048b8                CAN0_Tx_Warning_IRQHandler
 .text.CAN0_Rx_Warning_IRQHandler
                0x000048c0        0x8 ./SDK/startup/startup_mk64f12.o
                0x000048c0                CAN0_Rx_Warning_IRQHandler
 .text.CAN0_Wake_Up_IRQHandler
                0x000048c8        0x8 ./SDK/startup/startup_mk64f12.o
                0x000048c8                CAN0_Wake_Up_IRQHandler
 .text.SDHC_IRQHandler
                0x000048d0        0x8 ./SDK/startup/startup_mk64f12.o
                0x000048d0                SDHC_IRQHandler
 .text.ENET_1588_Timer_IRQHandler
                0x000048d8        0x8 ./SDK/startup/startup_mk64f12.o
                0x000048d8                ENET_1588_Timer_IRQHandler
 .text.ENET_Transmit_IRQHandler
                0x000048e0        0x8 ./SDK/startup/startup_mk64f12.o
                0x000048e0                ENET_Transmit_IRQHandler
 .text.ENET_Receive_IRQHandler
                0x000048e8        0x8 ./SDK/startup/startup_mk64f12.o
                0x000048e8                ENET_Receive_IRQHandler
 .text.ENET_Error_IRQHandler
                0x000048f0        0x8 ./SDK/startup/startup_mk64f12.o
                0x000048f0                ENET_Error_IRQHandler
 .text.SystemInitHook
                0x000048f8        0xe ./SDK/CMSIS/system_MK64F12.o
                0x000048f8                SystemInitHook
 .text.sin      0x00004906       0x40 c:/nxp/mcuxpressoide_10.2.0_759/ide/tools/bin/../lib/gcc/arm-none-eabi/7.2.1/../../../../arm-none-eabi/lib/thumb/v7e-m/fpv4-sp/hard\libcr_c.a(sin.o)
                0x00004906                sin
 .text.fabs     0x00004946       0x22 c:/nxp/mcuxpressoide_10.2.0_759/ide/tools/bin/../lib/gcc/arm-none-eabi/7.2.1/../../../../arm-none-eabi/lib/thumb/v7e-m/fpv4-sp/hard\libcr_c.a(fabs.o)
                0x00004946                fabs
 .text.__aeabi_d2iz
                0x00004968       0x40 c:/nxp/mcuxpressoide_10.2.0_759/ide/tools/bin/../lib/gcc/arm-none-eabi/7.2.1/thumb/v7e-m/fpv4-sp/hard\libcr_eabihelpers.a(double.o)
                0x00004968                __aeabi_d2iz
 .text.__aeabi_d2uiz
                0x000049a8       0x30 c:/nxp/mcuxpressoide_10.2.0_759/ide/tools/bin/../lib/gcc/arm-none-eabi/7.2.1/thumb/v7e-m/fpv4-sp/hard\libcr_eabihelpers.a(double.o)
                0x000049a8                __aeabi_d2uiz
 .text.__bhs_ui2d
                0x000049d8       0x46 c:/nxp/mcuxpressoide_10.2.0_759/ide/tools/bin/../lib/gcc/arm-none-eabi/7.2.1/thumb/v7e-m/fpv4-sp/hard\libcr_eabihelpers.a(double.o)
                0x000049d8                __bhs_ui2d
 .text.__aeabi_i2d
                0x00004a1e       0x12 c:/nxp/mcuxpressoide_10.2.0_759/ide/tools/bin/../lib/gcc/arm-none-eabi/7.2.1/thumb/v7e-m/fpv4-sp/hard\libcr_eabihelpers.a(double.o)
                0x00004a1e                __aeabi_i2d
 .text.__aeabi_ui2d
                0x00004a30        0x8 c:/nxp/mcuxpressoide_10.2.0_759/ide/tools/bin/../lib/gcc/arm-none-eabi/7.2.1/thumb/v7e-m/fpv4-sp/hard\libcr_eabihelpers.a(double.o)
                0x00004a30                __aeabi_ui2d
 .text.__aeabi_dcmplt
                0x00004a38       0x58 c:/nxp/mcuxpressoide_10.2.0_759/ide/tools/bin/../lib/gcc/arm-none-eabi/7.2.1/thumb/v7e-m/fpv4-sp/hard\libcr_eabihelpers.a(double.o)
                0x00004a38                __aeabi_dcmplt
 .text.__aeabi_dcmpge
                0x00004a90       0x58 c:/nxp/mcuxpressoide_10.2.0_759/ide/tools/bin/../lib/gcc/arm-none-eabi/7.2.1/thumb/v7e-m/fpv4-sp/hard\libcr_eabihelpers.a(double.o)
                0x00004a90                __aeabi_dcmpge
 *(SORT_BY_ALIGNMENT(.rodata) SORT_BY_ALIGNMENT(.rodata.*) SORT_BY_ALIGNMENT(.constdata) SORT_BY_ALIGNMENT(.constdata.*))
 .rodata.__huge_val
                0x00004ae8        0x8 c:/nxp/mcuxpressoide_10.2.0_759/ide/tools/bin/../lib/gcc/arm-none-eabi/7.2.1/../../../../arm-none-eabi/lib/thumb/v7e-m/fpv4-sp/hard\libcr_c.a(_hugeval.o)
                0x00004ae8                __huge_val
 .rodata        0x00004af0        0xc ./source/FSK_Modulator.o
 .rodata        0x00004afc       0x30 ./source/gpio.o
 .rodata        0x00004b2c       0x2c ./source/uart.o
                0x00004b58                . = ALIGN (0x8)

.glue_7         0x00004b58        0x0
 .glue_7        0x00004b58        0x0 linker stubs

.glue_7t        0x00004b58        0x0
 .glue_7t       0x00004b58        0x0 linker stubs

.vfp11_veneer   0x00004b58        0x0
 .vfp11_veneer  0x00004b58        0x0 linker stubs

.v4_bx          0x00004b58        0x0
 .v4_bx         0x00004b58        0x0 linker stubs

.iplt           0x00004b58        0x0
 .iplt          0x00004b58        0x0 ./source/ADC.o

.rel.dyn        0x00004b58        0x0
 .rel.iplt      0x00004b58        0x0 ./source/ADC.o

.ARM.extab
 *(SORT_BY_ALIGNMENT(.ARM.extab*) SORT_BY_ALIGNMENT(.gnu.linkonce.armextab.*))
                0x00004b58                __exidx_start = .

.ARM.exidx
 *(SORT_BY_ALIGNMENT(.ARM.exidx*) SORT_BY_ALIGNMENT(.gnu.linkonce.armexidx.*))
                0x00004b58                __exidx_end = .
                0x00004b58                _etext = .

.m_usb_data
 *(SORT_BY_ALIGNMENT(m_usb_bdt))

.data_RAM2      0x1fff0000        0x0 load address 0x00004b58
 FILL mask 0xff
                [!provide]                PROVIDE (__start_data_RAM2, .)
 *(SORT_BY_ALIGNMENT(.ramfunc.$RAM2))
 *(SORT_BY_ALIGNMENT(.ramfunc.$SRAM_LOWER))
 *(SORT_BY_ALIGNMENT(.data.$RAM2*))
 *(SORT_BY_ALIGNMENT(.data.$SRAM_LOWER*))
                0x1fff0000                . = ALIGN (0x8)
                [!provide]                PROVIDE (__end_data_RAM2, .)

.data_RAM3      0x14000000        0x0 load address 0x00004b58
 FILL mask 0xff
                [!provide]                PROVIDE (__start_data_RAM3, .)
 *(SORT_BY_ALIGNMENT(.ramfunc.$RAM3))
 *(SORT_BY_ALIGNMENT(.ramfunc.$FLEX_RAM))
 *(SORT_BY_ALIGNMENT(.data.$RAM3*))
 *(SORT_BY_ALIGNMENT(.data.$FLEX_RAM*))
                0x14000000                . = ALIGN (0x8)
                [!provide]                PROVIDE (__end_data_RAM3, .)

.uninit_RESERVED
                0x20000000        0x0
 *(SORT_BY_ALIGNMENT(.bss.$RESERVED*))
                0x20000000                . = ALIGN (0x4)
                0x20000000                _end_uninit_RESERVED = .

.data           0x20000000       0xb8 load address 0x00004b58
 FILL mask 0xff
                0x20000000                _data = .
 *(SORT_BY_ALIGNMENT(vtable))
 *(SORT_BY_ALIGNMENT(.ramfunc*))
 *(SORT_BY_ALIGNMENT(.data*))
 .data.arrayP2CMP
                0x20000000        0xc ./source/CMP.o
                0x20000000                arrayP2CMP
 .data.arrayP2DAC
                0x2000000c        0x8 ./source/DAC.o
                0x2000000c                arrayP2DAC
 .data.last_fir_output
                0x20000014        0x4 ./source/FSK_Demodulator.o
 .data.fir_coeffs
                0x20000018       0x4c ./source/FSK_Demodulator.o
 .data.arrayP2FTM
                0x20000064       0x10 ./source/FTM.o
                0x20000064                arrayP2FTM
 .data.arrayFTMirqs
                0x20000074        0x4 ./source/FTM.o
                0x20000074                arrayFTMirqs
 .data.uartRXpins
                0x20000078        0x5 ./source/uart.o
 *fill*         0x2000007d        0x3 ff
 .data.uartTXpins
                0x20000080        0x5 ./source/uart.o
 *fill*         0x20000085        0x3 ff
 .data.markersRXbuffer
                0x20000088       0x14 ./source/uart.o
 .data.uartIRQs_TX_RX
                0x2000009c        0x6 ./source/uart.o
                0x2000009c                uartIRQs_TX_RX
 *fill*         0x200000a2        0x2 ff
 .data.uartIRQs_ERR
                0x200000a4        0x6 ./source/uart.o
                0x200000a4                uartIRQs_ERR
 *fill*         0x200000aa        0x2 ff
 .data.uartIRQs_LON
                0x200000ac        0x6 ./source/uart.o
                0x200000ac                uartIRQs_LON
 .data.idle     0x200000b2        0x1 ./source/FSK_Demodulator.o
 .data.idle     0x200000b3        0x1 ./source/FSK_Modulator.o
                0x200000b8                . = ALIGN (0x8)
 *fill*         0x200000b4        0x4 ff
                0x200000b8                _edata = .

.igot.plt       0x200000b8        0x0 load address 0x00004c10
 .igot.plt      0x200000b8        0x0 ./source/ADC.o

.bss_RAM2       0x1fff0000        0x0
                [!provide]                PROVIDE (__start_bss_RAM2, .)
 *(SORT_BY_ALIGNMENT(.bss.$RAM2*))
 *(SORT_BY_ALIGNMENT(.bss.$SRAM_LOWER*))
                0x1fff0000                . = ALIGN ((. != 0x0)?0x8:0x1)
                [!provide]                PROVIDE (__end_bss_RAM2, .)

.bss_RAM3       0x14000000        0x0
                [!provide]                PROVIDE (__start_bss_RAM3, .)
 *(SORT_BY_ALIGNMENT(.bss.$RAM3*))
 *(SORT_BY_ALIGNMENT(.bss.$FLEX_RAM*))
                0x14000000                . = ALIGN ((. != 0x0)?0x8:0x1)
                [!provide]                PROVIDE (__end_bss_RAM3, .)

.bss            0x200000b8     0xe9b0
                0x200000b8                _bss = .
 *(SORT_BY_ALIGNMENT(.bss*))
 .bss.ADC       0x200000b8        0x4 ./source/ADC.o
 .bss.func      0x200000bc        0x4 ./source/ADC.o
 .bss.DAC0callback
                0x200000c0        0x4 ./source/DAC.o
                0x200000c0                DAC0callback
 .bss.dmaFuns   0x200000c4       0x10 ./source/DMA.o
 .bss.FSK_signal
                0x200000d4      0x194 ./source/FSK_Demodulator.o
 .bss.PreFiltered_signal
                0x20000268      0x194 ./source/FSK_Demodulator.o
 .bss.last_sample_value
                0x200003fc        0x4 ./source/FSK_Demodulator.o
 .bss.average_aux
                0x20000400        0x4 ./source/FSK_Demodulator.o
 .bss.fs        0x20000404        0x4 ./source/FSK_Demodulator.o
 .bss.index     0x20000408        0x4 ./source/FSK_Modulator.o
 .bss.arrayFTMcallbacks
                0x2000040c       0x10 ./source/FTM.o
                0x2000040c                arrayFTMcallbacks
 .bss.pdb_conf_def
                0x2000041c       0x10 ./source/PDB.o
                0x2000041c                pdb_conf_def
 .bss.pdb_dac_conf_def
                0x2000042c        0x8 ./source/PDB.o
                0x2000042c                pdb_dac_conf_def
 .bss.timerEnabled
                0x20000434        0x4 ./source/PIT.o
 .bss.timerInChainMode
                0x20000438        0x4 ./source/PIT.o
 .bss.pitFuns   0x2000043c       0x10 ./source/PIT.o
 .bss.queue     0x2000044c     0x1f48 ./source/bitStreamQueue.o
 .bss.signal_frame
                0x20002394        0xb ./source/bitStreamQueue.o
 *fill*         0x2000239f        0x1 
 .bss.frame_index
                0x200023a0        0x4 ./source/bitStreamQueue.o
 .bss.p2irqFunctions
                0x200023a4      0x280 ./source/gpio.o
                0x200023a4                p2irqFunctions
 .bss.uartMode  0x20002624        0x5 ./source/uart.o
 *fill*         0x20002629        0x3 
 .bss.RXbuffers
                0x2000262c     0x9c40 ./source/uart.o
 .bss.flagsReading
                0x2000c26c        0x5 ./source/uart.o
 *fill*         0x2000c271        0x3 
 .bss.countersRXfailed
                0x2000c274        0x5 ./source/uart.o
 *fill*         0x2000c279        0x3 
 .bss.TXbuffers
                0x2000c27c     0x2710 ./source/uart.o
 .bss.outMarkersTXbuffer
                0x2000e98c        0x5 ./source/uart.o
 *fill*         0x2000e991        0x3 
 .bss.inMarkersTXbuffer
                0x2000e994        0x5 ./source/uart.o
 *fill*         0x2000e999        0x3 
 .bss.lensTXbuffer
                0x2000e99c        0x5 ./source/uart.o
 *fill*         0x2000e9a1        0x3 
 .bss.wavesArray
                0x2000e9a4       0x24 ./source/waveGen.o
                0x2000e9a4                wavesArray
 .bss.senLUT    0x2000e9c8       0x40 ./source/waveGen.o
                0x2000e9c8                senLUT
 .bss.pwmSenLUT
                0x2000ea08       0x40 ./source/waveGen.o
                0x2000ea08                pwmSenLUT
 .bss.rpAux.7836
                0x2000ea48        0x4 ./source/waveGen.o
 .bss.i.7835    0x2000ea4c        0x4 ./source/waveGen.o
 .bss.i.7848    0x2000ea50        0x4 ./source/waveGen.o
 .bss.counter.7852
                0x2000ea54        0x4 ./source/waveGen.o
 .bss.__LDM_interruptDisableCount
                0x2000ea58        0x4 ./SDK/startup/hardware.o
 .bss.errno     0x2000ea5c        0x4 c:/nxp/mcuxpressoide_10.2.0_759/ide/tools/bin/../lib/gcc/arm-none-eabi/7.2.1/../../../../arm-none-eabi/lib/thumb/v7e-m/fpv4-sp/hard\libcr_c.a(errno.o)
                0x2000ea5c                errno
 .bss.initialized
                0x2000ea60        0x1 ./source/ADC.o
                0x2000ea60                initialized
 .bss.sample_counter
                0x2000ea61        0x1 ./source/FSK_Demodulator.o
 .bss.prev_samples
                0x2000ea62        0x1 ./source/FSK_Demodulator.o
 .bss.currVal   0x2000ea63        0x1 ./source/FSK_Modulator.o
 .bss.nextVal   0x2000ea64        0x1 ./source/FSK_Modulator.o
 .bss.wId       0x2000ea65        0x1 ./source/FSK_Modulator.o
 .bss.pitInitDone
                0x2000ea66        0x1 ./source/PIT.o
 .bss.frame_ready
                0x2000ea67        0x1 ./source/bitStreamQueue.o
 *(SORT_BY_ALIGNMENT(COMMON))
                0x2000ea68                . = ALIGN (0x8)
                0x2000ea68                _ebss = .
                [!provide]                PROVIDE (end, .)

.noinit_RAM2    0x1fff0000        0x0
 *(SORT_BY_ALIGNMENT(.noinit.$RAM2*))
 *(SORT_BY_ALIGNMENT(.noinit.$SRAM_LOWER*))
                0x1fff0000                . = ALIGN (0x8)

.noinit_RAM3    0x14000000        0x0
 *(SORT_BY_ALIGNMENT(.noinit.$RAM3*))
 *(SORT_BY_ALIGNMENT(.noinit.$FLEX_RAM*))
                0x14000000                . = ALIGN (0x8)

.noinit         0x2000ea68        0x0
                0x2000ea68                _noinit = .
 *(SORT_BY_ALIGNMENT(.noinit*))
                0x2000ea68                . = ALIGN (0x8)
                0x2000ea68                _end_noinit = .
                0x00001000                _HeapSize = 0x1000

.heap           0x2000ea68     0x1000
                0x2000ea68                _pvHeapStart = .
                0x2000fa68                . = (. + _HeapSize)
 *fill*         0x2000ea68     0x1000 
                0x2000fa68                . = ALIGN (0x8)
                0x2000fa68                _pvHeapLimit = .
                0x00001000                _StackSize = 0x1000

.heap2stackfill
                0x2000fa68     0x1000
                0x20010a68                . = (. + _StackSize)
 *fill*         0x2000fa68     0x1000 

.stack          0x2002f000        0x0
                0x2002f000                _vStackBase = .
                0x2002f000                . = ALIGN (0x8)
                0x20030000                _vStackTop = (. + _StackSize)
                0x00000000                _image_start = LOADADDR (.text)
                0x00004c10                _image_end = (LOADADDR (.data) + SIZEOF (.data))
                0x00004c10                _image_size = (_image_end - _image_start)
OUTPUT(FSK.axf elf32-littlearm)

.debug_info     0x00000000     0xa0bf
 .debug_info    0x00000000      0xc80 ./source/ADC.o
 .debug_info    0x00000c80       0x4c ./source/App.o
 .debug_info    0x00000ccc      0x189 ./source/Bell202.o
 .debug_info    0x00000e55      0x84a ./source/CMP.o
 .debug_info    0x0000169f      0xa46 ./source/DAC.o
 .debug_info    0x000020e5      0xb89 ./source/DMA.o
 .debug_info    0x00002c6e      0x579 ./source/FSK_Demodulator.o
 .debug_info    0x000031e7      0x240 ./source/FSK_Modulator.o
 .debug_info    0x00003427     0x1229 ./source/FTM.o
 .debug_info    0x00004650      0x601 ./source/PDB.o
 .debug_info    0x00004c51      0xa70 ./source/PIT.o
 .debug_info    0x000056c1      0x329 ./source/bitStreamQueue.o
 .debug_info    0x000059ea      0xdf4 ./source/gpio.o
 .debug_info    0x000067de     0x10ca ./source/uart.o
 .debug_info    0x000078a8     0x1204 ./source/waveGen.o
 .debug_info    0x00008aac      0x675 ./SDK/startup/hardware.o
 .debug_info    0x00009121       0xb7 ./SDK/startup/main.o
 .debug_info    0x000091d8       0x3b ./SDK/startup/semihost_hardfault.o
 .debug_info    0x00009213      0x8b0 ./SDK/startup/startup_mk64f12.o
 .debug_info    0x00009ac3      0x5fc ./SDK/CMSIS/system_MK64F12.o

.debug_abbrev   0x00000000     0x20d3
 .debug_abbrev  0x00000000      0x263 ./source/ADC.o
 .debug_abbrev  0x00000263       0x2f ./source/App.o
 .debug_abbrev  0x00000292       0xba ./source/Bell202.o
 .debug_abbrev  0x0000034c      0x1d5 ./source/CMP.o
 .debug_abbrev  0x00000521      0x245 ./source/DAC.o
 .debug_abbrev  0x00000766      0x237 ./source/DMA.o
 .debug_abbrev  0x0000099d      0x15b ./source/FSK_Demodulator.o
 .debug_abbrev  0x00000af8       0xdd ./source/FSK_Modulator.o
 .debug_abbrev  0x00000bd5      0x2eb ./source/FTM.o
 .debug_abbrev  0x00000ec0      0x1ce ./source/PDB.o
 .debug_abbrev  0x0000108e      0x23d ./source/PIT.o
 .debug_abbrev  0x000012cb      0x177 ./source/bitStreamQueue.o
 .debug_abbrev  0x00001442      0x290 ./source/gpio.o
 .debug_abbrev  0x000016d2      0x2ae ./source/uart.o
 .debug_abbrev  0x00001980      0x2d4 ./source/waveGen.o
 .debug_abbrev  0x00001c54      0x138 ./SDK/startup/hardware.o
 .debug_abbrev  0x00001d8c       0x7d ./SDK/startup/main.o
 .debug_abbrev  0x00001e09       0x2f ./SDK/startup/semihost_hardfault.o
 .debug_abbrev  0x00001e38      0x15c ./SDK/startup/startup_mk64f12.o
 .debug_abbrev  0x00001f94      0x13f ./SDK/CMSIS/system_MK64F12.o

.debug_aranges  0x00000000      0xaa0
 .debug_aranges
                0x00000000       0x68 ./source/ADC.o
 .debug_aranges
                0x00000068       0x28 ./source/App.o
 .debug_aranges
                0x00000090       0x28 ./source/Bell202.o
 .debug_aranges
                0x000000b8       0x50 ./source/CMP.o
 .debug_aranges
                0x00000108       0x68 ./source/DAC.o
 .debug_aranges
                0x00000170       0x60 ./source/DMA.o
 .debug_aranges
                0x000001d0       0x48 ./source/FSK_Demodulator.o
 .debug_aranges
                0x00000218       0x28 ./source/FSK_Modulator.o
 .debug_aranges
                0x00000240       0xf0 ./source/FTM.o
 .debug_aranges
                0x00000330       0x60 ./source/PDB.o
 .debug_aranges
                0x00000390       0xa0 ./source/PIT.o
 .debug_aranges
                0x00000430       0x68 ./source/bitStreamQueue.o
 .debug_aranges
                0x00000498       0xc8 ./source/gpio.o
 .debug_aranges
                0x00000560       0xf8 ./source/uart.o
 .debug_aranges
                0x00000658       0x78 ./source/waveGen.o
 .debug_aranges
                0x000006d0       0x30 ./SDK/startup/hardware.o
 .debug_aranges
                0x00000700       0x20 ./SDK/startup/main.o
 .debug_aranges
                0x00000720       0x20 ./SDK/startup/semihost_hardfault.o
 .debug_aranges
                0x00000740      0x330 ./SDK/startup/startup_mk64f12.o
 .debug_aranges
                0x00000a70       0x30 ./SDK/CMSIS/system_MK64F12.o

.debug_ranges   0x00000000      0x960
 .debug_ranges  0x00000000       0x58 ./source/ADC.o
 .debug_ranges  0x00000058       0x18 ./source/App.o
 .debug_ranges  0x00000070       0x18 ./source/Bell202.o
 .debug_ranges  0x00000088       0x40 ./source/CMP.o
 .debug_ranges  0x000000c8       0x58 ./source/DAC.o
 .debug_ranges  0x00000120       0x50 ./source/DMA.o
 .debug_ranges  0x00000170       0x38 ./source/FSK_Demodulator.o
 .debug_ranges  0x000001a8       0x18 ./source/FSK_Modulator.o
 .debug_ranges  0x000001c0       0xe0 ./source/FTM.o
 .debug_ranges  0x000002a0       0x50 ./source/PDB.o
 .debug_ranges  0x000002f0       0x90 ./source/PIT.o
 .debug_ranges  0x00000380       0x58 ./source/bitStreamQueue.o
 .debug_ranges  0x000003d8       0xb8 ./source/gpio.o
 .debug_ranges  0x00000490       0xe8 ./source/uart.o
 .debug_ranges  0x00000578       0x68 ./source/waveGen.o
 .debug_ranges  0x000005e0       0x20 ./SDK/startup/hardware.o
 .debug_ranges  0x00000600       0x10 ./SDK/startup/main.o
 .debug_ranges  0x00000610       0x10 ./SDK/startup/semihost_hardfault.o
 .debug_ranges  0x00000620      0x320 ./SDK/startup/startup_mk64f12.o
 .debug_ranges  0x00000940       0x20 ./SDK/CMSIS/system_MK64F12.o

.debug_macro    0x00000000    0x12aa0
 .debug_macro   0x00000000       0x96 ./source/ADC.o
 .debug_macro   0x00000096      0xa5a ./source/ADC.o
 .debug_macro   0x00000af0       0x22 ./source/ADC.o
 .debug_macro   0x00000b12      0x34e ./source/ADC.o
 .debug_macro   0x00000e60       0x5c ./source/ADC.o
 .debug_macro   0x00000ebc       0x1c ./source/ADC.o
 .debug_macro   0x00000ed8       0x22 ./source/ADC.o
 .debug_macro   0x00000efa       0xdf ./source/ADC.o
 .debug_macro   0x00000fd9      0xecf ./source/ADC.o
 .debug_macro   0x00001ea8       0x48 ./source/ADC.o
 .debug_macro   0x00001ef0     0xe07b ./source/ADC.o
 .debug_macro   0x0000ff6b       0x16 ./source/ADC.o
 .debug_macro   0x0000ff81       0x33 ./source/App.o
 .debug_macro   0x0000ffb4       0x7e ./source/Bell202.o
 .debug_macro   0x00010032       0x40 ./source/Bell202.o
 .debug_macro   0x00010072       0x10 ./source/Bell202.o
 .debug_macro   0x00010082       0x10 ./source/Bell202.o
 .debug_macro   0x00010092       0xae ./source/CMP.o
 .debug_macro   0x00010140       0x3a ./source/CMP.o
 .debug_macro   0x0001017a       0xa7 ./source/DAC.o
 .debug_macro   0x00010221       0x28 ./source/DAC.o
 .debug_macro   0x00010249       0x96 ./source/DMA.o
 .debug_macro   0x000102df       0x22 ./source/DMA.o
 .debug_macro   0x00010301       0xa7 ./source/FSK_Demodulator.o
 .debug_macro   0x000103a8       0x10 ./source/FSK_Demodulator.o
 .debug_macro   0x000103b8       0x98 ./source/FSK_Modulator.o
 .debug_macro   0x00010450       0x16 ./source/FSK_Modulator.o
 .debug_macro   0x00010466       0xb3 ./source/FTM.o
 .debug_macro   0x00010519       0x1c ./source/FTM.o
 .debug_macro   0x00010535       0xb7 ./source/PDB.o
 .debug_macro   0x000105ec       0x9e ./source/PIT.o
 .debug_macro   0x0001068a       0x10 ./source/PIT.o
 .debug_macro   0x0001069a       0x5b ./source/bitStreamQueue.o
 .debug_macro   0x000106f5       0xa4 ./source/gpio.o
 .debug_macro   0x00010799      0x118 ./source/uart.o
 .debug_macro   0x000108b1       0x10 ./source/uart.o
 .debug_macro   0x000108c1     0x122b ./source/uart.o
 .debug_macro   0x00011aec       0x16 ./source/uart.o
 .debug_macro   0x00011b02      0x17e ./source/waveGen.o
 .debug_macro   0x00011c80       0x22 ./source/waveGen.o
 .debug_macro   0x00011ca2       0x52 ./source/waveGen.o
 .debug_macro   0x00011cf4       0x17 ./source/waveGen.o
 .debug_macro   0x00011d0b       0x8d ./source/waveGen.o
 .debug_macro   0x00011d98       0x35 ./source/waveGen.o
 .debug_macro   0x00011dcd       0x9c ./source/waveGen.o
 .debug_macro   0x00011e69      0x174 ./source/waveGen.o
 .debug_macro   0x00011fdd       0x57 ./source/waveGen.o
 .debug_macro   0x00012034       0x58 ./source/waveGen.o
 .debug_macro   0x0001208c       0x1f ./source/waveGen.o
 .debug_macro   0x000120ab       0x43 ./source/waveGen.o
 .debug_macro   0x000120ee       0x20 ./source/waveGen.o
 .debug_macro   0x0001210e      0x18e ./source/waveGen.o
 .debug_macro   0x0001229c      0x330 ./source/waveGen.o
 .debug_macro   0x000125cc      0x1e1 ./source/waveGen.o
 .debug_macro   0x000127ad       0x28 ./source/waveGen.o
 .debug_macro   0x000127d5       0xd9 ./source/waveGen.o
 .debug_macro   0x000128ae       0x9c ./SDK/startup/hardware.o
 .debug_macro   0x0001294a       0x9c ./SDK/startup/main.o
 .debug_macro   0x000129e6       0x11 ./SDK/startup/semihost_hardfault.o
 .debug_macro   0x000129f7       0x29 ./SDK/startup/startup_mk64f12.o
 .debug_macro   0x00012a20       0x80 ./SDK/CMSIS/system_MK64F12.o

.debug_line     0x00000000     0x317c
 .debug_line    0x00000000      0x226 ./source/ADC.o
 .debug_line    0x00000226       0x61 ./source/App.o
 .debug_line    0x00000287      0x13a ./source/Bell202.o
 .debug_line    0x000003c1      0x1c5 ./source/CMP.o
 .debug_line    0x00000586      0x22c ./source/DAC.o
 .debug_line    0x000007b2      0x242 ./source/DMA.o
 .debug_line    0x000009f4      0x1c2 ./source/FSK_Demodulator.o
 .debug_line    0x00000bb6      0x171 ./source/FSK_Modulator.o
 .debug_line    0x00000d27      0x490 ./source/FTM.o
 .debug_line    0x000011b7      0x1e5 ./source/PDB.o
 .debug_line    0x0000139c      0x2fe ./source/PIT.o
 .debug_line    0x0000169a      0x1ce ./source/bitStreamQueue.o
 .debug_line    0x00001868      0x347 ./source/gpio.o
 .debug_line    0x00001baf      0x54f ./source/uart.o
 .debug_line    0x000020fe      0x43d ./source/waveGen.o
 .debug_line    0x0000253b      0x1d4 ./SDK/startup/hardware.o
 .debug_line    0x0000270f      0x175 ./SDK/startup/main.o
 .debug_line    0x00002884       0x59 ./SDK/startup/semihost_hardfault.o
 .debug_line    0x000028dd      0x6d8 ./SDK/startup/startup_mk64f12.o
 .debug_line    0x00002fb5      0x1c7 ./SDK/CMSIS/system_MK64F12.o

.debug_str      0x00000000    0x7dfd5
 .debug_str     0x00000000    0x70d76 ./source/ADC.o
                              0x70f72 (size before relaxing)
 .debug_str     0x00070d76       0xa7 ./source/App.o
                               0x2d9e (size before relaxing)
 .debug_str     0x00070e1d      0x1ff ./source/Bell202.o
                               0x3a2f (size before relaxing)
 .debug_str     0x0007101c      0x2d2 ./source/CMP.o
                              0x70d03 (size before relaxing)
 .debug_str     0x000712ee      0x2da ./source/DAC.o
                              0x70e5f (size before relaxing)
 .debug_str     0x000715c8      0x356 ./source/DMA.o
                              0x70e1c (size before relaxing)
 .debug_str     0x0007191e      0x1b9 ./source/FSK_Demodulator.o
                               0x3d8f (size before relaxing)
 .debug_str     0x00071ad7      0x1c2 ./source/FSK_Modulator.o
                               0x3aa8 (size before relaxing)
 .debug_str     0x00071c99      0x64e ./source/FTM.o
                              0x71229 (size before relaxing)
 .debug_str     0x000722e7      0x284 ./source/PDB.o
                              0x707e6 (size before relaxing)
 .debug_str     0x0007256b      0x1ea ./source/PIT.o
                              0x70d19 (size before relaxing)
 .debug_str     0x00072755      0x158 ./source/bitStreamQueue.o
                               0x3991 (size before relaxing)
 .debug_str     0x000728ad      0x25e ./source/gpio.o
                              0x70e5e (size before relaxing)
 .debug_str     0x00072b0b     0x7011 ./source/uart.o
                              0x77d00 (size before relaxing)
 .debug_str     0x00079b1c     0x3c93 ./source/waveGen.o
                              0x74945 (size before relaxing)
 .debug_str     0x0007d7af      0x16f ./SDK/startup/hardware.o
                              0x771f3 (size before relaxing)
 .debug_str     0x0007d91e       0x1b ./SDK/startup/main.o
                              0x76fc7 (size before relaxing)
 .debug_str     0x0007d939       0x36 ./SDK/startup/semihost_hardfault.o
                               0x2d2d (size before relaxing)
 .debug_str     0x0007d96f      0x604 ./SDK/startup/startup_mk64f12.o
                               0x359b (size before relaxing)
 .debug_str     0x0007df73       0x62 ./SDK/CMSIS/system_MK64F12.o
                              0x77102 (size before relaxing)

.comment        0x00000000       0x7e
 .comment       0x00000000       0x7e ./source/ADC.o
                                 0x7f (size before relaxing)
 .comment       0x0000007e       0x7f ./source/App.o
 .comment       0x0000007e       0x7f ./source/Bell202.o
 .comment       0x0000007e       0x7f ./source/CMP.o
 .comment       0x0000007e       0x7f ./source/DAC.o
 .comment       0x0000007e       0x7f ./source/DMA.o
 .comment       0x0000007e       0x7f ./source/FSK_Demodulator.o
 .comment       0x0000007e       0x7f ./source/FSK_Modulator.o
 .comment       0x0000007e       0x7f ./source/FTM.o
 .comment       0x0000007e       0x7f ./source/PDB.o
 .comment       0x0000007e       0x7f ./source/PIT.o
 .comment       0x0000007e       0x7f ./source/bitStreamQueue.o
 .comment       0x0000007e       0x7f ./source/gpio.o
 .comment       0x0000007e       0x7f ./source/uart.o
 .comment       0x0000007e       0x7f ./source/waveGen.o
 .comment       0x0000007e       0x7f ./SDK/startup/hardware.o
 .comment       0x0000007e       0x7f ./SDK/startup/main.o
 .comment       0x0000007e       0x7f ./SDK/startup/semihost_hardfault.o
 .comment       0x0000007e       0x7f ./SDK/startup/startup_mk64f12.o
 .comment       0x0000007e       0x7f ./SDK/CMSIS/system_MK64F12.o
 .comment       0x0000007e       0x7f c:/nxp/mcuxpressoide_10.2.0_759/ide/tools/bin/../lib/gcc/arm-none-eabi/7.2.1/../../../../arm-none-eabi/lib/thumb/v7e-m/fpv4-sp/hard\libcr_c.a(sin.o)
 .comment       0x0000007e       0x7f c:/nxp/mcuxpressoide_10.2.0_759/ide/tools/bin/../lib/gcc/arm-none-eabi/7.2.1/../../../../arm-none-eabi/lib/thumb/v7e-m/fpv4-sp/hard\libcr_c.a(_sincos.o)
 .comment       0x0000007e       0x7f c:/nxp/mcuxpressoide_10.2.0_759/ide/tools/bin/../lib/gcc/arm-none-eabi/7.2.1/../../../../arm-none-eabi/lib/thumb/v7e-m/fpv4-sp/hard\libcr_c.a(errno.o)
 .comment       0x0000007e       0x7f c:/nxp/mcuxpressoide_10.2.0_759/ide/tools/bin/../lib/gcc/arm-none-eabi/7.2.1/../../../../arm-none-eabi/lib/thumb/v7e-m/fpv4-sp/hard\libcr_c.a(fabs.o)
 .comment       0x0000007e       0x7f c:/nxp/mcuxpressoide_10.2.0_759/ide/tools/bin/../lib/gcc/arm-none-eabi/7.2.1/../../../../arm-none-eabi/lib/thumb/v7e-m/fpv4-sp/hard\libcr_c.a(_hugeval.o)
 .comment       0x0000007e       0x7f c:/nxp/mcuxpressoide_10.2.0_759/ide/tools/bin/../lib/gcc/arm-none-eabi/7.2.1/thumb/v7e-m/fpv4-sp/hard\libcr_eabihelpers.a(double.o)
 .comment       0x0000007e       0x7f c:/nxp/mcuxpressoide_10.2.0_759/ide/tools/bin/../lib/gcc/arm-none-eabi/7.2.1/thumb/v7e-m/fpv4-sp/hard\libcr_eabihelpers.a(float.o)

.ARM.attributes
                0x00000000       0x39
 .ARM.attributes
                0x00000000       0x39 ./source/ADC.o
 .ARM.attributes
                0x00000039       0x39 ./source/App.o
 .ARM.attributes
                0x00000072       0x39 ./source/Bell202.o
 .ARM.attributes
                0x000000ab       0x39 ./source/CMP.o
 .ARM.attributes
                0x000000e4       0x39 ./source/DAC.o
 .ARM.attributes
                0x0000011d       0x39 ./source/DMA.o
 .ARM.attributes
                0x00000156       0x39 ./source/FSK_Demodulator.o
 .ARM.attributes
                0x0000018f       0x39 ./source/FSK_Modulator.o
 .ARM.attributes
                0x000001c8       0x39 ./source/FTM.o
 .ARM.attributes
                0x00000201       0x39 ./source/PDB.o
 .ARM.attributes
                0x0000023a       0x39 ./source/PIT.o
 .ARM.attributes
                0x00000273       0x39 ./source/bitStreamQueue.o
 .ARM.attributes
                0x000002ac       0x39 ./source/gpio.o
 .ARM.attributes
                0x000002e5       0x39 ./source/uart.o
 .ARM.attributes
                0x0000031e       0x39 ./source/waveGen.o
 .ARM.attributes
                0x00000357       0x39 ./SDK/startup/hardware.o
 .ARM.attributes
                0x00000390       0x39 ./SDK/startup/main.o
 .ARM.attributes
                0x000003c9       0x39 ./SDK/startup/semihost_hardfault.o
 .ARM.attributes
                0x00000402       0x39 ./SDK/startup/startup_mk64f12.o
 .ARM.attributes
                0x0000043b       0x39 ./SDK/CMSIS/system_MK64F12.o
 .ARM.attributes
                0x00000474       0x39 c:/nxp/mcuxpressoide_10.2.0_759/ide/tools/bin/../lib/gcc/arm-none-eabi/7.2.1/../../../../arm-none-eabi/lib/thumb/v7e-m/fpv4-sp/hard\libcr_c.a(sin.o)
 .ARM.attributes
                0x000004ad       0x39 c:/nxp/mcuxpressoide_10.2.0_759/ide/tools/bin/../lib/gcc/arm-none-eabi/7.2.1/../../../../arm-none-eabi/lib/thumb/v7e-m/fpv4-sp/hard\libcr_c.a(_sincos.o)
 .ARM.attributes
                0x000004e6       0x39 c:/nxp/mcuxpressoide_10.2.0_759/ide/tools/bin/../lib/gcc/arm-none-eabi/7.2.1/../../../../arm-none-eabi/lib/thumb/v7e-m/fpv4-sp/hard\libcr_c.a(errno.o)
 .ARM.attributes
                0x0000051f       0x39 c:/nxp/mcuxpressoide_10.2.0_759/ide/tools/bin/../lib/gcc/arm-none-eabi/7.2.1/../../../../arm-none-eabi/lib/thumb/v7e-m/fpv4-sp/hard\libcr_c.a(fabs.o)
 .ARM.attributes
                0x00000558       0x39 c:/nxp/mcuxpressoide_10.2.0_759/ide/tools/bin/../lib/gcc/arm-none-eabi/7.2.1/../../../../arm-none-eabi/lib/thumb/v7e-m/fpv4-sp/hard\libcr_c.a(_hugeval.o)
 .ARM.attributes
                0x00000591       0x39 c:/nxp/mcuxpressoide_10.2.0_759/ide/tools/bin/../lib/gcc/arm-none-eabi/7.2.1/thumb/v7e-m/fpv4-sp/hard\libcr_eabihelpers.a(double.o)
 .ARM.attributes
                0x000005ca       0x39 c:/nxp/mcuxpressoide_10.2.0_759/ide/tools/bin/../lib/gcc/arm-none-eabi/7.2.1/thumb/v7e-m/fpv4-sp/hard\libcr_eabihelpers.a(float.o)

.debug_frame    0x00000000     0x23a4
 .debug_frame   0x00000000      0x170 ./source/ADC.o
 .debug_frame   0x00000170       0x48 ./source/App.o
 .debug_frame   0x000001b8       0x58 ./source/Bell202.o
 .debug_frame   0x00000210      0x10c ./source/CMP.o
 .debug_frame   0x0000031c      0x188 ./source/DAC.o
 .debug_frame   0x000004a4      0x134 ./source/DMA.o
 .debug_frame   0x000005d8       0xe0 ./source/FSK_Demodulator.o
 .debug_frame   0x000006b8       0x50 ./source/FSK_Modulator.o
 .debug_frame   0x00000708      0x408 ./source/FTM.o
 .debug_frame   0x00000b10      0x160 ./source/PDB.o
 .debug_frame   0x00000c70      0x270 ./source/PIT.o
 .debug_frame   0x00000ee0      0x170 ./source/bitStreamQueue.o
 .debug_frame   0x00001050      0x350 ./source/gpio.o
 .debug_frame   0x000013a0      0x40c ./source/uart.o
 .debug_frame   0x000017ac      0x1c4 ./source/waveGen.o
 .debug_frame   0x00001970       0x70 ./SDK/startup/hardware.o
 .debug_frame   0x000019e0       0x2c ./SDK/startup/main.o
 .debug_frame   0x00001a0c       0x20 ./SDK/startup/semihost_hardfault.o
 .debug_frame   0x00001a2c      0x904 ./SDK/startup/startup_mk64f12.o
 .debug_frame   0x00002330       0x74 ./SDK/CMSIS/system_MK64F12.o
