Archive member included to satisfy reference by file (symbol)

c:/nxp/mcuxpressoide_10.2.0_759/ide/tools/bin/../lib/gcc/arm-none-eabi/7.2.1/../../../../arm-none-eabi/lib/thumb/v7e-m/fpv4-sp/hard\libcr_c.a(sin.o)
                              ./source/waveGen.o (sin)
c:/nxp/mcuxpressoide_10.2.0_759/ide/tools/bin/../lib/gcc/arm-none-eabi/7.2.1/../../../../arm-none-eabi/lib/thumb/v7e-m/fpv4-sp/hard\libcr_c.a(_sincos.o)
                              c:/nxp/mcuxpressoide_10.2.0_759/ide/tools/bin/../lib/gcc/arm-none-eabi/7.2.1/../../../../arm-none-eabi/lib/thumb/v7e-m/fpv4-sp/hard\libcr_c.a(sin.o) (_sincos)
c:/nxp/mcuxpressoide_10.2.0_759/ide/tools/bin/../lib/gcc/arm-none-eabi/7.2.1/../../../../arm-none-eabi/lib/thumb/v7e-m/fpv4-sp/hard\libcr_c.a(errno.o)
                              c:/nxp/mcuxpressoide_10.2.0_759/ide/tools/bin/../lib/gcc/arm-none-eabi/7.2.1/../../../../arm-none-eabi/lib/thumb/v7e-m/fpv4-sp/hard\libcr_c.a(_sincos.o) (errno)
c:/nxp/mcuxpressoide_10.2.0_759/ide/tools/bin/../lib/gcc/arm-none-eabi/7.2.1/../../../../arm-none-eabi/lib/thumb/v7e-m/fpv4-sp/hard\libcr_c.a(fabs.o)
                              c:/nxp/mcuxpressoide_10.2.0_759/ide/tools/bin/../lib/gcc/arm-none-eabi/7.2.1/../../../../arm-none-eabi/lib/thumb/v7e-m/fpv4-sp/hard\libcr_c.a(_sincos.o) (fabs)
c:/nxp/mcuxpressoide_10.2.0_759/ide/tools/bin/../lib/gcc/arm-none-eabi/7.2.1/../../../../arm-none-eabi/lib/thumb/v7e-m/fpv4-sp/hard\libcr_c.a(_hugeval.o)
                              c:/nxp/mcuxpressoide_10.2.0_759/ide/tools/bin/../lib/gcc/arm-none-eabi/7.2.1/../../../../arm-none-eabi/lib/thumb/v7e-m/fpv4-sp/hard\libcr_c.a(_sincos.o) (__huge_val)
c:/nxp/mcuxpressoide_10.2.0_759/ide/tools/bin/../lib/gcc/arm-none-eabi/7.2.1/thumb/v7e-m/fpv4-sp/hard\libcr_eabihelpers.a(double.o)
                              ./source/FTM.o (__aeabi_dmul)
c:/nxp/mcuxpressoide_10.2.0_759/ide/tools/bin/../lib/gcc/arm-none-eabi/7.2.1/thumb/v7e-m/fpv4-sp/hard\libcr_eabihelpers.a(float.o)
                              ./source/FTM.o (__aeabi_f2d)

Discarded input sections

 .group         0x00000000        0xc ./source/ADC.o
 .group         0x00000000        0xc ./source/ADC.o
 .group         0x00000000        0xc ./source/ADC.o
 .group         0x00000000        0xc ./source/ADC.o
 .group         0x00000000        0xc ./source/ADC.o
 .group         0x00000000        0xc ./source/ADC.o
 .group         0x00000000        0xc ./source/ADC.o
 .group         0x00000000        0xc ./source/ADC.o
 .group         0x00000000        0xc ./source/ADC.o
 .group         0x00000000        0xc ./source/ADC.o
 .group         0x00000000        0xc ./source/ADC.o
 .text          0x00000000        0x0 ./source/ADC.o
 .data          0x00000000        0x0 ./source/ADC.o
 .bss           0x00000000        0x0 ./source/ADC.o
 .text.__NVIC_EnableIRQ
                0x00000000       0x3c ./source/ADC.o
 .bss.initialized
                0x00000000        0x1 ./source/ADC.o
 .bss.ADC       0x00000000        0x4 ./source/ADC.o
 .text.ADC_Init
                0x00000000      0x24c ./source/ADC.o
 .text.StartConversion
                0x00000000       0x40 ./source/ADC.o
 .text.SetChannelADC
                0x00000000       0x80 ./source/ADC.o
 .text.SetInterruptCallback
                0x00000000       0x20 ./source/ADC.o
 .text.IsConversionFinished
                0x00000000       0x28 ./source/ADC.o
 .text.GetConversionResult
                0x00000000       0x1c ./source/ADC.o
 .text.InitializeHardwareTrigger
                0x00000000       0x2a ./source/ADC.o
 .group         0x00000000        0xc ./source/App.o
 .text          0x00000000        0x0 ./source/App.o
 .data          0x00000000        0x0 ./source/App.o
 .bss           0x00000000        0x0 ./source/App.o
 .debug_macro   0x00000000      0xa5a ./source/App.o
 .group         0x00000000        0xc ./source/Bell202.o
 .group         0x00000000        0xc ./source/Bell202.o
 .group         0x00000000        0xc ./source/Bell202.o
 .group         0x00000000        0xc ./source/Bell202.o
 .text          0x00000000        0x0 ./source/Bell202.o
 .data          0x00000000        0x0 ./source/Bell202.o
 .bss           0x00000000        0x0 ./source/Bell202.o
 .debug_macro   0x00000000      0xa5a ./source/Bell202.o
 .debug_macro   0x00000000      0x34e ./source/Bell202.o
 .debug_macro   0x00000000       0x22 ./source/Bell202.o
 .group         0x00000000        0xc ./source/CMP.o
 .group         0x00000000        0xc ./source/CMP.o
 .group         0x00000000        0xc ./source/CMP.o
 .group         0x00000000        0xc ./source/CMP.o
 .group         0x00000000        0xc ./source/CMP.o
 .group         0x00000000        0xc ./source/CMP.o
 .group         0x00000000        0xc ./source/CMP.o
 .group         0x00000000        0xc ./source/CMP.o
 .group         0x00000000        0xc ./source/CMP.o
 .group         0x00000000        0xc ./source/CMP.o
 .group         0x00000000        0xc ./source/CMP.o
[...]
Memory Configuration

Name             Origin             Length             Attributes
PROGRAM_FLASH    0x00000000         0x00100000         xr
SRAM_UPPER       0x20000000         0x00030000         xrw
SRAM_LOWER       0x1fff0000         0x00010000         xrw
FLEX_RAM         0x14000000         0x00001000         xrw
*default*        0x00000000         0xffffffff

Linker script and memory map

LOAD ./source/ADC.o
LOAD ./source/App.o
LOAD ./source/Bell202.o
LOAD ./source/CMP.o
LOAD ./source/DAC.o
LOAD ./source/DMAMUX.o
LOAD ./source/FSK_Demodulator.o
LOAD ./source/FSK_Modulator.o
LOAD ./source/FTM.o
LOAD ./source/PDB.o
LOAD ./source/PIT.o
LOAD ./source/bitStreamQueue.o
LOAD ./source/gpio.o
LOAD ./source/measureFreq.o
LOAD ./source/uart.o
LOAD ./source/waveGen.o
LOAD ./SDK/startup/hardware.o
LOAD ./SDK/startup/main.o
LOAD ./SDK/startup/semihost_hardfault.o
LOAD ./SDK/startup/startup_mk64f12.o
LOAD ./SDK/CMSIS/system_MK64F12.o
START GROUP
LOAD c:/nxp/mcuxpressoide_10.2.0_759/ide/tools/bin/../lib/gcc/arm-none-eabi/7.2.1/../../../../arm-none-eabi/lib/thumb/v7e-m/fpv4-sp/hard\libcr_c.a
LOAD c:/nxp/mcuxpressoide_10.2.0_759/ide/tools/bin/../lib/gcc/arm-none-eabi/7.2.1/thumb/v7e-m/fpv4-sp/hard\libcr_eabihelpers.a
END GROUP
                0x00000000                __base_PROGRAM_FLASH = 0x0
                0x00000000                __base_Flash = 0x0
                0x00100000                __top_PROGRAM_FLASH = 0x100000
                0x00100000                __top_Flash = 0x100000
                0x20000000                __base_SRAM_UPPER = 0x20000000
                0x20000000                __base_RAM = 0x20000000
                0x20030000                __top_SRAM_UPPER = 0x20030000
                0x20030000                __top_RAM = 0x20030000
                0x1fff0000                __base_SRAM_LOWER = 0x1fff0000
                0x1fff0000                __base_RAM2 = 0x1fff0000
                0x20000000                __top_SRAM_LOWER = 0x20000000
                0x20000000                __top_RAM2 = 0x20000000
                0x14000000                __base_FLEX_RAM = 0x14000000
                0x14000000                __base_RAM3 = 0x14000000
                0x14001000                __top_FLEX_RAM = 0x14001000
                0x14001000                __top_RAM3 = 0x14001000

.text           0x00000000     0x48a8
 FILL mask 0xff
                0x00000000                __vectors_start__ = ABSOLUTE (.)
 *(SORT_BY_ALIGNMENT(.isr_vector))
 .isr_vector    0x00000000      0x198 ./SDK/startup/startup_mk64f12.o
                0x00000000                g_pfnVectors
                0x00000000                __Vectors
                0x00000198                . = ALIGN (0x4)
                0x00000198                __section_table_start = .
                0x00000198                __data_section_table = .
                0x00000198        0x4 LONG 0x48a8 LOADADDR (.data)
                0x0000019c        0x4 LONG 0x20000000 ADDR (.data)
                0x000001a0        0x4 LONG 0x78 SIZEOF (.data)
                0x000001a4        0x4 LONG 0x48a8 LOADADDR (.data_RAM2)
                0x000001a8        0x4 LONG 0x1fff0000 ADDR (.data_RAM2)
                0x000001ac        0x4 LONG 0x0 SIZEOF (.data_RAM2)
                0x000001b0        0x4 LONG 0x48a8 LOADADDR (.data_RAM3)
                0x000001b4        0x4 LONG 0x14000000 ADDR (.data_RAM3)
                0x000001b8        0x4 LONG 0x0 SIZEOF (.data_RAM3)
                0x000001bc                __data_section_table_end = .
                0x000001bc                __bss_section_table = .
                0x000001bc        0x4 LONG 0x20000078 ADDR (.bss)
                0x000001c0        0x4 LONG 0x870 SIZEOF (.bss)
                0x000001c4        0x4 LONG 0x1fff0000 ADDR (.bss_RAM2)
                0x000001c8        0x4 LONG 0x0 SIZEOF (.bss_RAM2)
                0x000001cc        0x4 LONG 0x14000000 ADDR (.bss_RAM3)
                0x000001d0        0x4 LONG 0x0 SIZEOF (.bss_RAM3)
                0x000001d4                __bss_section_table_end = .
                0x000001d4                __section_table_end = .
 *(SORT_BY_ALIGNMENT(.after_vectors*))
 .after_vectors.reset
                0x000001d4       0x4c ./SDK/startup/startup_mk64f12.o
                0x000001d4                ResetISR
 .after_vectors.init_data
                0x00000220       0x1e ./SDK/startup/startup_mk64f12.o
                0x00000220                data_init
 .after_vectors.init_bss
                0x0000023e       0x12 ./SDK/startup/startup_mk64f12.o
                0x0000023e                bss_init
 .after_vectors
                0x00000250       0x14 ./SDK/startup/startup_mk64f12.o
                0x00000250                NMI_Handler
                0x00000254                MemManage_Handler
                0x00000256                BusFault_Handler
                0x00000258                UsageFault_Handler
                0x0000025a                SVC_Handler
                0x0000025c                DebugMon_Handler
                0x0000025e                PendSV_Handler
                0x00000260                SysTick_Handler
                0x00000262                DMA_Error_DriverIRQHandler
                0x00000262                LPTMR0_DriverIRQHandler
                0x00000262                FTM1_DriverIRQHandler
                0x00000262                FTM2_DriverIRQHandler
                0x00000262                PIT2_DriverIRQHandler
                0x00000262                SDHC_DriverIRQHandler
                0x00000262                I2S0_Tx_DriverIRQHandler
                0x00000262                RTC_Seconds_DriverIRQHandler
                0x00000262                DMA6_DriverIRQHandler
                0x00000262                LLWU_DriverIRQHandler
                0x00000262                MCM_DriverIRQHandler
                0x00000262                MCG_DriverIRQHandler
                0x00000262                ENET_1588_Timer_DriverIRQHandler
                0x00000262                I2C2_DriverIRQHandler
                0x00000262                DAC1_DriverIRQHandler
                0x00000262                SPI1_DriverIRQHandler
                0x00000262                CMP1_DriverIRQHandler
                0x00000262                UART5_RX_TX_DriverIRQHandler
                0x00000262                FTM0_DriverIRQHandler
                0x00000262                IntDefaultHandler
                0x00000262                USB0_DriverIRQHandler
                0x00000262                UART5_ERR_DriverIRQHandler
                0x00000262                PORTC_DriverIRQHandler
                0x00000262                DMA11_DriverIRQHandler
                0x00000262                DAC0_DriverIRQHandler
                0x00000262                DMA10_DriverIRQHandler
                0x00000262                CMP2_DriverIRQHandler
                0x00000262                UART2_ERR_DriverIRQHandler
                0x00000262                SPI2_DriverIRQHandler
                0x00000262                LVD_LVW_DriverIRQHandler
                0x00000262                PIT0_DriverIRQHandler
                0x00000262                RNG_DriverIRQHandler
                0x00000262                DMA12_DriverIRQHandler
                0x00000262                DMA4_DriverIRQHandler
                0x00000262                UART2_RX_TX_DriverIRQHandler
                0x00000262                USBDCD_DriverIRQHandler
                0x00000262                UART3_ERR_DriverIRQHandler
                0x00000262                DMA3_DriverIRQHandler
                0x00000262                DMA8_DriverIRQHandler
                0x00000262                DMA9_DriverIRQHandler
                0x00000262                UART0_ERR_DriverIRQHandler
                0x00000262                CMT_DriverIRQHandler
                0x00000262                Reserved71_DriverIRQHandler
                0x00000262                ADC1_DriverIRQHandler
                0x00000262                PORTA_DriverIRQHandler
                0x00000262                DMA14_DriverIRQHandler
                0x00000262                PIT3_DriverIRQHandler
                0x00000262                PIT1_DriverIRQHandler
                0x00000262                WDOG_EWM_DriverIRQHandler
                0x00000262                PDB0_DriverIRQHandler
                0x00000262                RTC_DriverIRQHandler
                0x00000262                I2S0_Rx_DriverIRQHandler
                0x00000262                Read_Collision_DriverIRQHandler
                0x00000262                SWI_DriverIRQHandler
                0x00000262                UART4_RX_TX_DriverIRQHandler
                0x00000262                UART4_ERR_DriverIRQHandler
                0x00000262                PORTB_DriverIRQHandler
                0x00000262                UART0_LON_DriverIRQHandler
                0x00000262                DMA0_DriverIRQHandler
                0x00000262                DMA1_DriverIRQHandler
                0x00000262                I2C1_DriverIRQHandler
                0x00000262                UART3_RX_TX_DriverIRQHandler
                0x00000262                ENET_Receive_DriverIRQHandler
                0x00000262                DMA13_DriverIRQHandler
                0x00000262                ENET_Error_DriverIRQHandler
                0x00000262                DMA15_DriverIRQHandler
                0x00000262                UART0_RX_TX_DriverIRQHandler
                0x00000262                SPI0_DriverIRQHandler
                0x00000262                ADC0_DriverIRQHandler
                0x00000262                CMP0_DriverIRQHandler
                0x00000262                CAN0_DriverIRQHandler
                0x00000262                FTM3_DriverIRQHandler
                0x00000262                DMA5_DriverIRQHandler
                0x00000262                UART1_ERR_DriverIRQHandler
                0x00000262                DMA2_DriverIRQHandler
                0x00000262                ENET_Transmit_DriverIRQHandler
                0x00000262                PORTD_DriverIRQHandler
                0x00000262                PORTE_DriverIRQHandler
                0x00000262                FTFE_DriverIRQHandler
                0x00000262                I2C0_DriverIRQHandler
                0x00000262                DMA7_DriverIRQHandler
                0x00000262                UART1_RX_TX_DriverIRQHandler
                0x00000400                . = 0x400
 *fill*         0x00000264      0x19c ff
                0x00000400                PROVIDE (__FLASH_CONFIG_START__, .)
 *(SORT_BY_ALIGNMENT(.FlashConfig))
 .FlashConfig   0x00000400       0x10 ./SDK/startup/startup_mk64f12.o
                0x00000400                Flash_Config
                0x00000410                PROVIDE (__FLASH_CONFIG_END__, .)
                0x00000001                ASSERT (! ((__FLASH_CONFIG_START__ == __FLASH_CONFIG_END__)), Linker Flash Config Support Enabled, but no .FlashConfig section provided within application)
 *(SORT_BY_ALIGNMENT(.text*))
 .text.senoidalInit
                0x00000410      0x128 ./source/waveGen.o
                0x00000410                senoidalInit
 .text._sincos  0x00000538      0x214 c:/nxp/mcuxpressoide_10.2.0_759/ide/tools/bin/../lib/gcc/arm-none-eabi/7.2.1/../../../../arm-none-eabi/lib/thumb/v7e-m/fpv4-sp/hard\libcr_c.a(_sincos.o)
                0x00000538                _sincos
 .text.ADC0_IRQHandler
                0x0000074c       0x14 ./source/ADC.o
                0x0000074c                ADC0_IRQHandler
 .text.ADC1_IRQHandler
                0x00000760       0x14 ./source/ADC.o
                0x00000760                ADC1_IRQHandler
 .text.__NVIC_EnableIRQ
                0x00000774       0x3c ./source/CMP.o
 .text.initCMP  0x000007b0       0x90 ./source/CMP.o
                0x000007b0                initCMP
 .text.clockGating
                0x00000840       0x44 ./source/CMP.o
 .text.configurePins
                0x00000884      0x10c ./source/CMP.o
 .text.enableInterrupts
                0x00000990       0x28 ./source/CMP.o
 .text.configureInputs
                0x000009b8       0x58 ./source/CMP.o
 .text.configureDAC
                0x00000a10       0x28 ./source/CMP.o
 .text.CMP0_IRQHandler
                0x00000a38       0x2c ./source/CMP.o
                0x00000a38                CMP0_IRQHandler
 .text.__NVIC_EnableIRQ
                0x00000a64       0x3c ./source/DAC.o
 .text.DACinit  0x00000aa0      0x194 ./source/DAC.o
                0x00000aa0                DACinit
 .text.writeDACdata
                0x00000c34       0x58 ./source/DAC.o
                0x00000c34                writeDACdata
 .text.shapeValue2DACdata
                0x00000c8c       0x64 ./source/DAC.o
                0x00000c8c                shapeValue2DACdata
 .text.DACclockGating
                0x00000cf0       0x5c ./source/DAC.o
                0x00000cf0                DACclockGating
 .text.DACgetBFreadPointer
                0x00000d4c       0x44 ./source/DAC.o
                0x00000d4c                DACgetBFreadPointer
 .text.DAC0_IRQHandler
                0x00000d90       0x6c ./source/DAC.o
                0x00000d90                DAC0_IRQHandler
 .text.DemodulateSignal
                0x00000dfc       0x74 ./source/FSK_Demodulator.o
                0x00000dfc                DemodulateSignal
 .text.ModulatorInit
                0x00000e70       0x78 ./source/FSK_Modulator.o
                0x00000e70                ModulatorInit
 .text.ModulateFSK
                0x00000ee8       0xfc ./source/FSK_Modulator.o
                0x00000ee8                ModulateFSK
 .text.__NVIC_EnableIRQ
                0x00000fe4       0x3c ./source/FTM.o
 .text.FTMinit  0x00001020      0x668 ./source/FTM.o
                0x00001020                FTMinit
 .text.setFTMtimer
                0x00001688       0xd8 ./source/FTM.o
                0x00001688                setFTMtimer
 .text.FTMclockGating
                0x00001760       0x8c ./source/FTM.o
                0x00001760                FTMclockGating
 .text.updatePWMduty
                0x000017ec       0x98 ./source/FTM.o
                0x000017ec                updatePWMduty
 .text.shapeDuty2cnv
                0x00001884       0x84 ./source/FTM.o
                0x00001884                shapeDuty2cnv
 .text.getPWMduty
                0x00001908       0x74 ./source/FTM.o
                0x00001908                getPWMduty
 .text.updatePWMperiod
                0x0000197c       0xb0 ./source/FTM.o
                0x0000197c                updatePWMperiod
 .text.updateCnV
                0x00001a2c       0x34 ./source/FTM.o
                0x00001a2c                updateCnV
 .text.getCnV   0x00001a60       0x4c ./source/FTM.o
                0x00001a60                getCnV
 .text.getMOD_FTM
                0x00001aac       0x44 ./source/FTM.o
                0x00001aac                getMOD_FTM
 .text.enablePinFTM
                0x00001af0       0x6c ./source/FTM.o
                0x00001af0                enablePinFTM
 .text.getPrescalerFactor
                0x00001b5c       0x80 ./source/FTM.o
                0x00001b5c                getPrescalerFactor
 .text.softwareFTMtrigger
                0x00001bdc       0x38 ./source/FTM.o
                0x00001bdc                softwareFTMtrigger
 .text.FTMx_IRQHandler
                0x00001c14       0xe4 ./source/FTM.o
                0x00001c14                FTMx_IRQHandler
 .text.initPDB  0x00001cf8       0xa8 ./source/PDB.o
                0x00001cf8                initPDB
 .text.PDBchangeFrequency
                0x00001da0       0x5c ./source/PDB.o
                0x00001da0                PDBchangeFrequency
 .text.setModulusValue
                0x00001dfc       0x20 ./source/PDB.o
 .text.setCounterDelayValue
                0x00001e1c       0x20 ./source/PDB.o
 .text.clockGating
                0x00001e3c       0x2c ./source/PDB.o
 .text.getPDBdefaultConfig
                0x00001e68       0x50 ./source/PDB.o
                0x00001e68                getPDBdefaultConfig
 .text.getPDBforDACdefaultConfig
                0x00001eb8       0x40 ./source/PDB.o
                0x00001eb8                getPDBforDACdefaultConfig
 .text.initPDBdac
                0x00001ef8       0x60 ./source/PDB.o
                0x00001ef8                initPDBdac
 .text.PDBsoftwareTrigger
                0x00001f58       0x2c ./source/PDB.o
                0x00001f58                PDBsoftwareTrigger
 .text.__NVIC_EnableIRQ
                0x00001f84       0x3c ./source/PIT.o
 .text.PITinit  0x00001fc0       0x8c ./source/PIT.o
                0x00001fc0                PITinit
 .text.PITmodifyTimer
                0x0000204c       0x38 ./source/PIT.o
                0x0000204c                PITmodifyTimer
 .text.PITstartTimer
                0x00002084      0x114 ./source/PIT.o
                0x00002084                PITstartTimer
 .text.PITenableClock
                0x00002198       0x3c ./source/PIT.o
 .text.PITtimerInit
                0x000021d4       0x74 ./source/PIT.o
 .text.PITtimerSet
                0x00002248       0x9c ./source/PIT.o
 .text.PIT0_IRQHandler
                0x000022e4       0x30 ./source/PIT.o
                0x000022e4                PIT0_IRQHandler
 .text.PIT1_IRQHandler
                0x00002314       0x30 ./source/PIT.o
                0x00002314                PIT1_IRQHandler
 .text.PIT2_IRQHandler
                0x00002344       0x30 ./source/PIT.o
                0x00002344                PIT2_IRQHandler
 .text.PIT3_IRQHandler
                0x00002374       0x30 ./source/PIT.o
                0x00002374                PIT3_IRQHandler
 .text.recursiveStore
                0x000023a4       0x4c ./source/bitStreamQueue.o
 .text.bitStreamQueueInit
                0x000023f0       0x50 ./source/bitStreamQueue.o
                0x000023f0                bitStreamQueueInit
 .text.pushChar
                0x00002440       0x3c ./source/bitStreamQueue.o
                0x00002440                pushChar
 .text.isQueueEmpty
                0x0000247c       0x24 ./source/bitStreamQueue.o
                0x0000247c                isQueueEmpty
 .text.popBit   0x000024a0       0x78 ./source/bitStreamQueue.o
                0x000024a0                popBit
 .text.PushBit  0x00002518       0x58 ./source/bitStreamQueue.o
                0x00002518                PushBit
 .text.IsFrameReady
                0x00002570       0x18 ./source/bitStreamQueue.o
                0x00002570                IsFrameReady
 .text.GetFrame
                0x00002588       0xa0 ./source/bitStreamQueue.o
                0x00002588                GetFrame
 .text.PORTX_IRQHandler
                0x00002628       0xbc ./source/gpio.o
                0x00002628                PORTX_IRQHandler
 .text.gpioMode
                0x000026e4      0x104 ./source/gpio.o
                0x000026e4                gpioMode
 .text.gpioWrite
                0x000027e8       0x80 ./source/gpio.o
                0x000027e8                gpioWrite
 .text.initFreqMeasure
                0x00002868       0x78 ./source/measureFreq.o
                0x00002868                initFreqMeasure
 .text.measFreqCallback
                0x000028e0      0x100 ./source/measureFreq.o
                0x000028e0                measFreqCallback
 .text.getFreqMeasure
                0x000029e0       0x5c ./source/measureFreq.o
                0x000029e0                getFreqMeasure
 .text.isNewMeasReady
                0x00002a3c       0x18 ./source/measureFreq.o
                0x00002a3c                isNewMeasReady
 .text.__NVIC_EnableIRQ
                0x00002a54       0x3c ./source/uart.o
 .text.uartInit
                0x00002a90      0x250 ./source/uart.o
                0x00002a90                uartInit
 .text.uartIsRxMsg
                0x00002ce0       0xa4 ./source/uart.o
                0x00002ce0                uartIsRxMsg
 .text.uartReadMsg
                0x00002d84      0x170 ./source/uart.o
                0x00002d84                uartReadMsg
 .text.uartWriteMsg
                0x00002ef4      0x134 ./source/uart.o
                0x00002ef4                uartWriteMsg
 .text.copyTXmsg
                0x00003028       0x90 ./source/uart.o
                0x00003028                copyTXmsg
 .text.UARTX_RX_TX_IRQHandler
                0x000030b8      0x1e8 ./source/uart.o
                0x000030b8                UARTX_RX_TX_IRQHandler
 .text.UART_setBaudRate
                0x000032a0       0xb0 ./source/uart.o
                0x000032a0                UART_setBaudRate
 .text.UART_clockGating
                0x00003350       0xc4 ./source/uart.o
                0x00003350                UART_clockGating
 .text.initWaveGen
                0x00003414       0xc0 ./source/waveGen.o
                0x00003414                initWaveGen
 .text.updateWaveFreq
                0x000034d4       0xd0 ./source/waveGen.o
                0x000034d4                updateWaveFreq
 .text.sinWaveGen
                0x000035a4       0x7c ./source/waveGen.o
                0x000035a4                sinWaveGen
 .text.pwmSinWaveGen
                0x00003620       0xc0 ./source/waveGen.o
                0x00003620                pwmSinWaveGen
 .text.DACcallback
                0x000036e0       0x90 ./source/waveGen.o
                0x000036e0                DACcallback
 .text.softwareTriggerFTM
                0x00003770       0x60 ./source/waveGen.o
                0x00003770                softwareTriggerFTM
 .text.FTMpwmCallback
                0x000037d0       0x68 ./source/waveGen.o
                0x000037d0                FTMpwmCallback
 .text.hw_Init  0x00003838      0x10c ./SDK/startup/hardware.o
                0x00003838                hw_Init
 .text.hw_EnableInterrupts
                0x00003944       0x30 ./SDK/startup/hardware.o
                0x00003944                hw_EnableInterrupts
 .text.hw_DisableInterrupts
                0x00003974       0x20 ./SDK/startup/hardware.o
                0x00003974                hw_DisableInterrupts
 .text.SystemInit
                0x00003994       0x3c ./SDK/CMSIS/system_MK64F12.o
                0x00003994                SystemInit
 .text.__aeabi_dmul
                0x000039d0      0x11c c:/nxp/mcuxpressoide_10.2.0_759/ide/tools/bin/../lib/gcc/arm-none-eabi/7.2.1/thumb/v7e-m/fpv4-sp/hard\libcr_eabihelpers.a(double.o)
                0x000039d0                __aeabi_dmul
 .text.__aeabi_ddiv
                0x00003aec      0x138 c:/nxp/mcuxpressoide_10.2.0_759/ide/tools/bin/../lib/gcc/arm-none-eabi/7.2.1/thumb/v7e-m/fpv4-sp/hard\libcr_eabihelpers.a(double.o)
                0x00003aec                __aeabi_ddiv
 .text.__aeabi_dsub
                0x00003c24      0x1b4 c:/nxp/mcuxpressoide_10.2.0_759/ide/tools/bin/../lib/gcc/arm-none-eabi/7.2.1/thumb/v7e-m/fpv4-sp/hard\libcr_eabihelpers.a(double.o)
                0x00003c24                __aeabi_dsub
 .text.__aeabi_dadd
                0x00003dd8      0x10c c:/nxp/mcuxpressoide_10.2.0_759/ide/tools/bin/../lib/gcc/arm-none-eabi/7.2.1/thumb/v7e-m/fpv4-sp/hard\libcr_eabihelpers.a(double.o)
                0x00003dd8                __aeabi_dadd
 .text.__aeabi_d2f
                0x00003ee4       0x54 c:/nxp/mcuxpressoide_10.2.0_759/ide/tools/bin/../lib/gcc/arm-none-eabi/7.2.1/thumb/v7e-m/fpv4-sp/hard\libcr_eabihelpers.a(double.o)
                0x00003ee4                __aeabi_d2f
 .text.__aeabi_f2d
                0x00003f38       0x38 c:/nxp/mcuxpressoide_10.2.0_759/ide/tools/bin/../lib/gcc/arm-none-eabi/7.2.1/thumb/v7e-m/fpv4-sp/hard\libcr_eabihelpers.a(float.o)
                0x00003f38                __aeabi_f2d
 .text.App_Init
                0x00003f70        0xc ./source/App.o
                0x00003f70                App_Init
 .text.App_Run  0x00003f7c        0xc ./source/App.o
                0x00003f7c                App_Run
 .text.ModemInit
                0x00003f88       0x42 ./source/Bell202.o
                0x00003f88                ModemInit
 .text.ModemRun
                0x00003fca       0x6e ./source/Bell202.o
                0x00003fca                ModemRun
 .text.DemodulatorInit
                0x00004038        0xc ./source/FSK_Demodulator.o
                0x00004038                DemodulatorInit
 .text.NeedDemodulation
                0x00004044        0xe ./source/FSK_Demodulator.o
                0x00004044                NeedDemodulation
 .text.setFTMprescaler
                0x00004052       0x34 ./source/FTM.o
                0x00004052                setFTMprescaler
 .text.FTM0_IRQHandler
                0x00004086        0xe ./source/FTM.o
                0x00004086                FTM0_IRQHandler
 .text.FTM1_IRQHandler
                0x00004094        0xe ./source/FTM.o
                0x00004094                FTM1_IRQHandler
 .text.FTM2_IRQHandler
                0x000040a2        0xe ./source/FTM.o
                0x000040a2                FTM2_IRQHandler
 .text.PITenable
                0x000040b0       0x4e ./source/PIT.o
 .text.pushString
                0x000040fe       0x50 ./source/bitStreamQueue.o
                0x000040fe                pushString
 .text.PORTA_IRQHandler
                0x0000414e        0xe ./source/gpio.o
                0x0000414e                PORTA_IRQHandler
 .text.PORTB_IRQHandler
                0x0000415c        0xe ./source/gpio.o
                0x0000415c                PORTB_IRQHandler
 .text.PORTC_IRQHandler
                0x0000416a        0xe ./source/gpio.o
                0x0000416a                PORTC_IRQHandler
 .text.PORTD_IRQHandler
                0x00004178        0xe ./source/gpio.o
                0x00004178                PORTD_IRQHandler
 .text.PORTE_IRQHandler
                0x00004186        0xe ./source/gpio.o
                0x00004186                PORTE_IRQHandler
 .text.isPinValid
                0x00004194       0x26 ./source/gpio.o
                0x00004194                isPinValid
 .text.setPCRmux
                0x000041ba       0x46 ./source/gpio.o
                0x000041ba                setPCRmux
 .text.setPCRpullEnable
                0x00004200       0x30 ./source/gpio.o
                0x00004200                setPCRpullEnable
 .text.setPCRpullUp
                0x00004230       0x30 ./source/gpio.o
                0x00004230                setPCRpullUp
 .text.setPCRpullDown
                0x00004260       0x32 ./source/gpio.o
                0x00004260                setPCRpullDown
 .text.setGPIOddr
                0x00004292       0x30 ./source/gpio.o
                0x00004292                setGPIOddr
 .text.setGPIOdataOut
                0x000042c2       0x4a ./source/gpio.o
                0x000042c2                setGPIOdataOut
 .text.setPCRirqc
                0x0000430c       0x46 ./source/gpio.o
                0x0000430c                setPCRirqc
 .text.UARTX_LON_IRQHandler
                0x00004352       0x16 ./source/uart.o
                0x00004352                UARTX_LON_IRQHandler
 .text.UARTX_ERR_IRQHandler
                0x00004368       0x16 ./source/uart.o
                0x00004368                UARTX_ERR_IRQHandler
 .text.UART0_LON_IRQHandler
                0x0000437e        0xe ./source/uart.o
                0x0000437e                UART0_LON_IRQHandler
 .text.UART0_RX_TX_IRQHandler
                0x0000438c        0xe ./source/uart.o
                0x0000438c                UART0_RX_TX_IRQHandler
 .text.UART0_ERR_IRQHandler
                0x0000439a        0xe ./source/uart.o
                0x0000439a                UART0_ERR_IRQHandler
 .text.UART1_RX_TX_IRQHandler
                0x000043a8        0xe ./source/uart.o
                0x000043a8                UART1_RX_TX_IRQHandler
 .text.UART1_ERR_IRQHandler
                0x000043b6        0xe ./source/uart.o
                0x000043b6                UART1_ERR_IRQHandler
 .text.UART2_RX_TX_IRQHandler
                0x000043c4        0xe ./source/uart.o
                0x000043c4                UART2_RX_TX_IRQHandler
 .text.UART2_ERR_IRQHandler
                0x000043d2        0xe ./source/uart.o
                0x000043d2                UART2_ERR_IRQHandler
 .text.UART3_RX_TX_IRQHandler
                0x000043e0        0xe ./source/uart.o
                0x000043e0                UART3_RX_TX_IRQHandler
 .text.UART3_ERR_IRQHandler
                0x000043ee        0xe ./source/uart.o
                0x000043ee                UART3_ERR_IRQHandler
 .text.UART4_RX_TX_IRQHandler
                0x000043fc        0xe ./source/uart.o
                0x000043fc                UART4_RX_TX_IRQHandler
 .text.UART4_ERR_IRQHandler
                0x0000440a        0xe ./source/uart.o
                0x0000440a                UART4_ERR_IRQHandler
 .text.main     0x00004418       0x1a ./SDK/startup/main.o
                0x00004418                main
 .text.HardFault_Handler
                0x00004432       0x2c ./SDK/startup/semihost_hardfault.o
                0x00004432                HardFault_Handler
 .text.DMA0_IRQHandler
                0x0000445e        0x8 ./SDK/startup/startup_mk64f12.o
                0x0000445e                DMA0_IRQHandler
 .text.DMA1_IRQHandler
                0x00004466        0x8 ./SDK/startup/startup_mk64f12.o
                0x00004466                DMA1_IRQHandler
 .text.DMA2_IRQHandler
                0x0000446e        0x8 ./SDK/startup/startup_mk64f12.o
                0x0000446e                DMA2_IRQHandler
 .text.DMA3_IRQHandler
                0x00004476        0x8 ./SDK/startup/startup_mk64f12.o
                0x00004476                DMA3_IRQHandler
 .text.DMA4_IRQHandler
                0x0000447e        0x8 ./SDK/startup/startup_mk64f12.o
                0x0000447e                DMA4_IRQHandler
 .text.DMA5_IRQHandler
                0x00004486        0x8 ./SDK/startup/startup_mk64f12.o
                0x00004486                DMA5_IRQHandler
 .text.DMA6_IRQHandler
                0x0000448e        0x8 ./SDK/startup/startup_mk64f12.o
                0x0000448e                DMA6_IRQHandler
 .text.DMA7_IRQHandler
                0x00004496        0x8 ./SDK/startup/startup_mk64f12.o
                0x00004496                DMA7_IRQHandler
 .text.DMA8_IRQHandler
                0x0000449e        0x8 ./SDK/startup/startup_mk64f12.o
                0x0000449e                DMA8_IRQHandler
 .text.DMA9_IRQHandler
                0x000044a6        0x8 ./SDK/startup/startup_mk64f12.o
                0x000044a6                DMA9_IRQHandler
 .text.DMA10_IRQHandler
                0x000044ae        0x8 ./SDK/startup/startup_mk64f12.o
                0x000044ae                DMA10_IRQHandler
 .text.DMA11_IRQHandler
                0x000044b6        0x8 ./SDK/startup/startup_mk64f12.o
                0x000044b6                DMA11_IRQHandler
 .text.DMA12_IRQHandler
                0x000044be        0x8 ./SDK/startup/startup_mk64f12.o
                0x000044be                DMA12_IRQHandler
 .text.DMA13_IRQHandler
                0x000044c6        0x8 ./SDK/startup/startup_mk64f12.o
                0x000044c6                DMA13_IRQHandler
 .text.DMA14_IRQHandler
                0x000044ce        0x8 ./SDK/startup/startup_mk64f12.o
                0x000044ce                DMA14_IRQHandler
 .text.DMA15_IRQHandler
                0x000044d6        0x8 ./SDK/startup/startup_mk64f12.o
                0x000044d6                DMA15_IRQHandler
 .text.DMA_Error_IRQHandler
                0x000044de        0x8 ./SDK/startup/startup_mk64f12.o
                0x000044de                DMA_Error_IRQHandler
 .text.MCM_IRQHandler
                0x000044e6        0x8 ./SDK/startup/startup_mk64f12.o
                0x000044e6                MCM_IRQHandler
 .text.FTFE_IRQHandler
                0x000044ee        0x8 ./SDK/startup/startup_mk64f12.o
                0x000044ee                FTFE_IRQHandler
 .text.Read_Collision_IRQHandler
                0x000044f6        0x8 ./SDK/startup/startup_mk64f12.o
                0x000044f6                Read_Collision_IRQHandler
 .text.LVD_LVW_IRQHandler
                0x000044fe        0x8 ./SDK/startup/startup_mk64f12.o
                0x000044fe                LVD_LVW_IRQHandler
 .text.LLWU_IRQHandler
                0x00004506        0x8 ./SDK/startup/startup_mk64f12.o
                0x00004506                LLWU_IRQHandler
 .text.WDOG_EWM_IRQHandler
                0x0000450e        0x8 ./SDK/startup/startup_mk64f12.o
                0x0000450e                WDOG_EWM_IRQHandler
 .text.RNG_IRQHandler
                0x00004516        0x8 ./SDK/startup/startup_mk64f12.o
                0x00004516                RNG_IRQHandler
 .text.I2C0_IRQHandler
                0x0000451e        0x8 ./SDK/startup/startup_mk64f12.o
                0x0000451e                I2C0_IRQHandler
 .text.I2C1_IRQHandler
                0x00004526        0x8 ./SDK/startup/startup_mk64f12.o
                0x00004526                I2C1_IRQHandler
 .text.SPI0_IRQHandler
                0x0000452e        0x8 ./SDK/startup/startup_mk64f12.o
                0x0000452e                SPI0_IRQHandler
 .text.SPI1_IRQHandler
                0x00004536        0x8 ./SDK/startup/startup_mk64f12.o
                0x00004536                SPI1_IRQHandler
 .text.I2S0_Tx_IRQHandler
                0x0000453e        0x8 ./SDK/startup/startup_mk64f12.o
                0x0000453e                I2S0_Tx_IRQHandler
 .text.I2S0_Rx_IRQHandler
                0x00004546        0x8 ./SDK/startup/startup_mk64f12.o
                0x00004546                I2S0_Rx_IRQHandler
 .text.CMP1_IRQHandler
                0x0000454e        0x8 ./SDK/startup/startup_mk64f12.o
                0x0000454e                CMP1_IRQHandler
 .text.CMT_IRQHandler
                0x00004556        0x8 ./SDK/startup/startup_mk64f12.o
                0x00004556                CMT_IRQHandler
 .text.RTC_IRQHandler
                0x0000455e        0x8 ./SDK/startup/startup_mk64f12.o
                0x0000455e                RTC_IRQHandler
 .text.RTC_Seconds_IRQHandler
                0x00004566        0x8 ./SDK/startup/startup_mk64f12.o
                0x00004566                RTC_Seconds_IRQHandler
 .text.PDB0_IRQHandler
                0x0000456e        0x8 ./SDK/startup/startup_mk64f12.o
                0x0000456e                PDB0_IRQHandler
 .text.USB0_IRQHandler
                0x00004576        0x8 ./SDK/startup/startup_mk64f12.o
                0x00004576                USB0_IRQHandler
 .text.USBDCD_IRQHandler
                0x0000457e        0x8 ./SDK/startup/startup_mk64f12.o
                0x0000457e                USBDCD_IRQHandler
 .text.Reserved71_IRQHandler
                0x00004586        0x8 ./SDK/startup/startup_mk64f12.o
                0x00004586                Reserved71_IRQHandler
 .text.MCG_IRQHandler
                0x0000458e        0x8 ./SDK/startup/startup_mk64f12.o
                0x0000458e                MCG_IRQHandler
 .text.LPTMR0_IRQHandler
                0x00004596        0x8 ./SDK/startup/startup_mk64f12.o
                0x00004596                LPTMR0_IRQHandler
 .text.SWI_IRQHandler
                0x0000459e        0x8 ./SDK/startup/startup_mk64f12.o
                0x0000459e                SWI_IRQHandler
 .text.SPI2_IRQHandler
                0x000045a6        0x8 ./SDK/startup/startup_mk64f12.o
                0x000045a6                SPI2_IRQHandler
 .text.UART5_RX_TX_IRQHandler
                0x000045ae        0x8 ./SDK/startup/startup_mk64f12.o
                0x000045ae                UART5_RX_TX_IRQHandler
 .text.UART5_ERR_IRQHandler
                0x000045b6        0x8 ./SDK/startup/startup_mk64f12.o
                0x000045b6                UART5_ERR_IRQHandler
 .text.CMP2_IRQHandler
                0x000045be        0x8 ./SDK/startup/startup_mk64f12.o
                0x000045be                CMP2_IRQHandler
 .text.FTM3_IRQHandler
                0x000045c6        0x8 ./SDK/startup/startup_mk64f12.o
                0x000045c6                FTM3_IRQHandler
 .text.DAC1_IRQHandler
                0x000045ce        0x8 ./SDK/startup/startup_mk64f12.o
                0x000045ce                DAC1_IRQHandler
 .text.I2C2_IRQHandler
                0x000045d6        0x8 ./SDK/startup/startup_mk64f12.o
                0x000045d6                I2C2_IRQHandler
 .text.CAN0_ORed_Message_buffer_IRQHandler
                0x000045de        0x8 ./SDK/startup/startup_mk64f12.o
                0x000045de                CAN0_ORed_Message_buffer_IRQHandler
 .text.CAN0_Bus_Off_IRQHandler
                0x000045e6        0x8 ./SDK/startup/startup_mk64f12.o
                0x000045e6                CAN0_Bus_Off_IRQHandler
 .text.CAN0_Error_IRQHandler
                0x000045ee        0x8 ./SDK/startup/startup_mk64f12.o
                0x000045ee                CAN0_Error_IRQHandler
 .text.CAN0_Tx_Warning_IRQHandler
                0x000045f6        0x8 ./SDK/startup/startup_mk64f12.o
                0x000045f6                CAN0_Tx_Warning_IRQHandler
 .text.CAN0_Rx_Warning_IRQHandler
                0x000045fe        0x8 ./SDK/startup/startup_mk64f12.o
                0x000045fe                CAN0_Rx_Warning_IRQHandler
 .text.CAN0_Wake_Up_IRQHandler
                0x00004606        0x8 ./SDK/startup/startup_mk64f12.o
                0x00004606                CAN0_Wake_Up_IRQHandler
 .text.SDHC_IRQHandler
                0x0000460e        0x8 ./SDK/startup/startup_mk64f12.o
                0x0000460e                SDHC_IRQHandler
 .text.ENET_1588_Timer_IRQHandler
                0x00004616        0x8 ./SDK/startup/startup_mk64f12.o
                0x00004616                ENET_1588_Timer_IRQHandler
 .text.ENET_Transmit_IRQHandler
                0x0000461e        0x8 ./SDK/startup/startup_mk64f12.o
                0x0000461e                ENET_Transmit_IRQHandler
 .text.ENET_Receive_IRQHandler
                0x00004626        0x8 ./SDK/startup/startup_mk64f12.o
                0x00004626                ENET_Receive_IRQHandler
 .text.ENET_Error_IRQHandler
                0x0000462e        0x8 ./SDK/startup/startup_mk64f12.o
                0x0000462e                ENET_Error_IRQHandler
 .text.SystemInitHook
                0x00004636        0xe ./SDK/CMSIS/system_MK64F12.o
                0x00004636                SystemInitHook
 .text.sin      0x00004644       0x40 c:/nxp/mcuxpressoide_10.2.0_759/ide/tools/bin/../lib/gcc/arm-none-eabi/7.2.1/../../../../arm-none-eabi/lib/thumb/v7e-m/fpv4-sp/hard\libcr_c.a(sin.o)
                0x00004644                sin
 .text.fabs     0x00004684       0x22 c:/nxp/mcuxpressoide_10.2.0_759/ide/tools/bin/../lib/gcc/arm-none-eabi/7.2.1/../../../../arm-none-eabi/lib/thumb/v7e-m/fpv4-sp/hard\libcr_c.a(fabs.o)
                0x00004684                fabs
 .text.__aeabi_d2iz
                0x000046a6       0x40 c:/nxp/mcuxpressoide_10.2.0_759/ide/tools/bin/../lib/gcc/arm-none-eabi/7.2.1/thumb/v7e-m/fpv4-sp/hard\libcr_eabihelpers.a(double.o)
                0x000046a6                __aeabi_d2iz
 .text.__aeabi_d2uiz
                0x000046e6       0x30 c:/nxp/mcuxpressoide_10.2.0_759/ide/tools/bin/../lib/gcc/arm-none-eabi/7.2.1/thumb/v7e-m/fpv4-sp/hard\libcr_eabihelpers.a(double.o)
                0x000046e6                __aeabi_d2uiz
 .text.__bhs_ui2d
                0x00004716       0x46 c:/nxp/mcuxpressoide_10.2.0_759/ide/tools/bin/../lib/gcc/arm-none-eabi/7.2.1/thumb/v7e-m/fpv4-sp/hard\libcr_eabihelpers.a(double.o)
                0x00004716                __bhs_ui2d
 .text.__aeabi_i2d
                0x0000475c       0x12 c:/nxp/mcuxpressoide_10.2.0_759/ide/tools/bin/../lib/gcc/arm-none-eabi/7.2.1/thumb/v7e-m/fpv4-sp/hard\libcr_eabihelpers.a(double.o)
                0x0000475c                __aeabi_i2d
 .text.__aeabi_dcmplt
                0x0000476e       0x58 c:/nxp/mcuxpressoide_10.2.0_759/ide/tools/bin/../lib/gcc/arm-none-eabi/7.2.1/thumb/v7e-m/fpv4-sp/hard\libcr_eabihelpers.a(double.o)
                0x0000476e                __aeabi_dcmplt
 .text.__aeabi_dcmpge
                0x000047c6       0x58 c:/nxp/mcuxpressoide_10.2.0_759/ide/tools/bin/../lib/gcc/arm-none-eabi/7.2.1/thumb/v7e-m/fpv4-sp/hard\libcr_eabihelpers.a(double.o)
                0x000047c6                __aeabi_dcmpge
 *(SORT_BY_ALIGNMENT(.rodata) SORT_BY_ALIGNMENT(.rodata.*) SORT_BY_ALIGNMENT(.constdata) SORT_BY_ALIGNMENT(.constdata.*))
 *fill*         0x0000481e        0x2 ff
 .rodata.__huge_val
                0x00004820        0x8 c:/nxp/mcuxpressoide_10.2.0_759/ide/tools/bin/../lib/gcc/arm-none-eabi/7.2.1/../../../../arm-none-eabi/lib/thumb/v7e-m/fpv4-sp/hard\libcr_c.a(_hugeval.o)
                0x00004820                __huge_val
 .rodata        0x00004828       0x14 ./source/CMP.o
 .rodata        0x0000483c        0xc ./source/FSK_Modulator.o
 .rodata        0x00004848       0x30 ./source/gpio.o
 .rodata        0x00004878       0x2c ./source/uart.o
                0x000048a8                . = ALIGN (0x8)
 *fill*         0x000048a4        0x4 ff

.glue_7         0x000048a8        0x0
 .glue_7        0x000048a8        0x0 linker stubs

.glue_7t        0x000048a8        0x0
 .glue_7t       0x000048a8        0x0 linker stubs

.vfp11_veneer   0x000048a8        0x0
 .vfp11_veneer  0x000048a8        0x0 linker stubs

.v4_bx          0x000048a8        0x0
 .v4_bx         0x000048a8        0x0 linker stubs

.iplt           0x000048a8        0x0
 .iplt          0x000048a8        0x0 ./source/ADC.o

.rel.dyn        0x000048a8        0x0
 .rel.iplt      0x000048a8        0x0 ./source/ADC.o

.ARM.extab
 *(SORT_BY_ALIGNMENT(.ARM.extab*) SORT_BY_ALIGNMENT(.gnu.linkonce.armextab.*))
                0x000048a8                __exidx_start = .

.ARM.exidx
 *(SORT_BY_ALIGNMENT(.ARM.exidx*) SORT_BY_ALIGNMENT(.gnu.linkonce.armexidx.*))
                0x000048a8                __exidx_end = .
                0x000048a8                _etext = .

.m_usb_data
 *(SORT_BY_ALIGNMENT(m_usb_bdt))

.data_RAM2      0x1fff0000        0x0 load address 0x000048a8
 FILL mask 0xff
                [!provide]                PROVIDE (__start_data_RAM2, .)
 *(SORT_BY_ALIGNMENT(.ramfunc.$RAM2))
 *(SORT_BY_ALIGNMENT(.ramfunc.$SRAM_LOWER))
 *(SORT_BY_ALIGNMENT(.data.$RAM2*))
 *(SORT_BY_ALIGNMENT(.data.$SRAM_LOWER*))
                0x1fff0000                . = ALIGN (0x8)
                [!provide]                PROVIDE (__end_data_RAM2, .)

.data_RAM3      0x14000000        0x0 load address 0x000048a8
 FILL mask 0xff
                [!provide]                PROVIDE (__start_data_RAM3, .)
 *(SORT_BY_ALIGNMENT(.ramfunc.$RAM3))
 *(SORT_BY_ALIGNMENT(.ramfunc.$FLEX_RAM))
 *(SORT_BY_ALIGNMENT(.data.$RAM3*))
 *(SORT_BY_ALIGNMENT(.data.$FLEX_RAM*))
                0x14000000                . = ALIGN (0x8)
                [!provide]                PROVIDE (__end_data_RAM3, .)

.uninit_RESERVED
                0x20000000        0x0
 *(SORT_BY_ALIGNMENT(.bss.$RESERVED*))
                0x20000000                . = ALIGN (0x4)
                0x20000000                _end_uninit_RESERVED = .

.data           0x20000000       0x78 load address 0x000048a8
 FILL mask 0xff
                0x20000000                _data = .
 *(SORT_BY_ALIGNMENT(vtable))
 *(SORT_BY_ALIGNMENT(.ramfunc*))
 *(SORT_BY_ALIGNMENT(.data*))
 .data.CMP_in_pins
                0x20000000        0x2 ./source/CMP.o
                0x20000000                CMP_in_pins
 *fill*         0x20000002        0x2 ff
 .data.CMP_out_pins
                0x20000004        0x2 ./source/CMP.o
                0x20000004                CMP_out_pins
 *fill*         0x20000006        0x2 ff
 .data.arrayP2CMP
                0x20000008        0xc ./source/CMP.o
                0x20000008                arrayP2CMP
 .data.arrayCMPirqs
                0x20000014        0x3 ./source/CMP.o
                0x20000014                arrayCMPirqs
 *fill*         0x20000017        0x1 ff
 .data.arrayP2DAC
                0x20000018        0x8 ./source/DAC.o
                0x20000018                arrayP2DAC
 .data.arrayP2FTM
                0x20000020       0x10 ./source/FTM.o
                0x20000020                arrayP2FTM
 .data.arrayFTMirqs
                0x20000030        0x4 ./source/FTM.o
                0x20000030                arrayFTMirqs
 .data.ticksScale
                0x20000034        0x4 ./source/measureFreq.o
                0x20000034                ticksScale
 .data.uartRXpins
                0x20000038        0x5 ./source/uart.o
 *fill*         0x2000003d        0x3 ff
 .data.uartTXpins
                0x20000040        0x5 ./source/uart.o
 *fill*         0x20000045        0x3 ff
 .data.markersRXbuffer
                0x20000048       0x14 ./source/uart.o
 .data.uartIRQs_TX_RX
                0x2000005c        0x6 ./source/uart.o
                0x2000005c                uartIRQs_TX_RX
 *fill*         0x20000062        0x2 ff
 .data.uartIRQs_ERR
                0x20000064        0x6 ./source/uart.o
                0x20000064                uartIRQs_ERR
 *fill*         0x2000006a        0x2 ff
 .data.uartIRQs_LON
                0x2000006c        0x6 ./source/uart.o
                0x2000006c                uartIRQs_LON
 .data.idle     0x20000072        0x1 ./source/FSK_Demodulator.o
 .data.idle     0x20000073        0x1 ./source/FSK_Modulator.o
                0x20000078                . = ALIGN (0x8)
 *fill*         0x20000074        0x4 ff
                0x20000078                _edata = .

.igot.plt       0x20000078        0x0 load address 0x00004920
 .igot.plt      0x20000078        0x0 ./source/ADC.o

.bss_RAM2       0x1fff0000        0x0
                [!provide]                PROVIDE (__start_bss_RAM2, .)
 *(SORT_BY_ALIGNMENT(.bss.$RAM2*))
 *(SORT_BY_ALIGNMENT(.bss.$SRAM_LOWER*))
                0x1fff0000                . = ALIGN ((. != 0x0)?0x8:0x1)
                [!provide]                PROVIDE (__end_bss_RAM2, .)

.bss_RAM3       0x14000000        0x0
                [!provide]                PROVIDE (__start_bss_RAM3, .)
 *(SORT_BY_ALIGNMENT(.bss.$RAM3*))
 *(SORT_BY_ALIGNMENT(.bss.$FLEX_RAM*))
                0x14000000                . = ALIGN ((. != 0x0)?0x8:0x1)
                [!provide]                PROVIDE (__end_bss_RAM3, .)

.bss            0x20000078      0x870
                0x20000078                _bss = .
 *(SORT_BY_ALIGNMENT(.bss*))
 .bss.func      0x20000078        0x4 ./source/ADC.o
 .bss.base      0x2000007c        0x4 ./source/CMP.o
                0x2000007c                base
 .bss.DAC0callback
                0x20000080        0x4 ./source/DAC.o
                0x20000080                DAC0callback
 .bss.index     0x20000084        0x4 ./source/FSK_Modulator.o
 .bss.arrayFTMcallbacks
                0x20000088       0x10 ./source/FTM.o
                0x20000088                arrayFTMcallbacks
 .bss.pdb_conf_def
                0x20000098       0x10 ./source/PDB.o
                0x20000098                pdb_conf_def
 .bss.pdb_dac_conf_def
                0x200000a8        0x8 ./source/PDB.o
                0x200000a8                pdb_dac_conf_def
 .bss.timerEnabled
                0x200000b0        0x4 ./source/PIT.o
 .bss.timerInChainMode
                0x200000b4        0x4 ./source/PIT.o
 .bss.pitFuns   0x200000b8       0x10 ./source/PIT.o
 .bss.queue     0x200000c8       0x6c ./source/bitStreamQueue.o
 .bss.signal_frame
                0x20000134        0xb ./source/bitStreamQueue.o
 *fill*         0x2000013f        0x1 
 .bss.frame_index
                0x20000140        0x4 ./source/bitStreamQueue.o
 .bss.p2irqFunctions
                0x20000144      0x280 ./source/gpio.o
                0x20000144                p2irqFunctions
 .bss.dif       0x200003c4        0x4 ./source/measureFreq.o
                0x200003c4                dif
 .bss.measureDataBase
                0x200003c8        0xc ./source/measureFreq.o
                0x200003c8                measureDataBase
 .bss.i.5102    0x200003d4        0x4 ./source/measureFreq.o
 .bss.firstMeasure.5103
                0x200003d8        0x4 ./source/measureFreq.o
 .bss.secondMeasure.5104
                0x200003dc        0x4 ./source/measureFreq.o
 .bss.difAux.5105
                0x200003e0        0x4 ./source/measureFreq.o
 .bss.uartMode  0x200003e4        0x5 ./source/uart.o
 *fill*         0x200003e9        0x3 
 .bss.RXbuffers
                0x200003ec       0x28 ./source/uart.o
 .bss.flagsReading
                0x20000414        0x5 ./source/uart.o
 *fill*         0x20000419        0x3 
 .bss.countersRXfailed
                0x2000041c        0x5 ./source/uart.o
 *fill*         0x20000421        0x3 
 .bss.TXbuffers
                0x20000424      0x3e8 ./source/uart.o
 .bss.outMarkersTXbuffer
                0x2000080c        0x5 ./source/uart.o
 *fill*         0x20000811        0x3 
 .bss.inMarkersTXbuffer
                0x20000814        0x5 ./source/uart.o
 *fill*         0x20000819        0x3 
 .bss.lensTXbuffer
                0x2000081c        0x5 ./source/uart.o
 *fill*         0x20000821        0x3 
 .bss.wavesArray
                0x20000824       0x24 ./source/waveGen.o
                0x20000824                wavesArray
 .bss.senLUT    0x20000848       0x40 ./source/waveGen.o
                0x20000848                senLUT
 .bss.pwmSenLUT
                0x20000888       0x40 ./source/waveGen.o
                0x20000888                pwmSenLUT
 .bss.rpAux.7836
                0x200008c8        0x4 ./source/waveGen.o
 .bss.i.7835    0x200008cc        0x4 ./source/waveGen.o
 .bss.i.7848    0x200008d0        0x4 ./source/waveGen.o
 .bss.counter.7852
                0x200008d4        0x4 ./source/waveGen.o
 .bss.__LDM_interruptDisableCount
                0x200008d8        0x4 ./SDK/startup/hardware.o
 .bss.errno     0x200008dc        0x4 c:/nxp/mcuxpressoide_10.2.0_759/ide/tools/bin/../lib/gcc/arm-none-eabi/7.2.1/../../../../arm-none-eabi/lib/thumb/v7e-m/fpv4-sp/hard\libcr_c.a(errno.o)
                0x200008dc                errno
 .bss.currVal   0x200008e0        0x1 ./source/FSK_Modulator.o
 .bss.nextVal   0x200008e1        0x1 ./source/FSK_Modulator.o
 .bss.wId       0x200008e2        0x1 ./source/FSK_Modulator.o
 .bss.pitInitDone
                0x200008e3        0x1 ./source/PIT.o
 .bss.frame_ready
                0x200008e4        0x1 ./source/bitStreamQueue.o
 *(SORT_BY_ALIGNMENT(COMMON))
                0x200008e8                . = ALIGN (0x8)
 *fill*         0x200008e5        0x3 
                0x200008e8                _ebss = .
                [!provide]                PROVIDE (end, .)

.noinit_RAM2    0x1fff0000        0x0
 *(SORT_BY_ALIGNMENT(.noinit.$RAM2*))
 *(SORT_BY_ALIGNMENT(.noinit.$SRAM_LOWER*))
                0x1fff0000                . = ALIGN (0x8)

.noinit_RAM3    0x14000000        0x0
 *(SORT_BY_ALIGNMENT(.noinit.$RAM3*))
 *(SORT_BY_ALIGNMENT(.noinit.$FLEX_RAM*))
                0x14000000                . = ALIGN (0x8)

.noinit         0x200008e8        0x0
                0x200008e8                _noinit = .
 *(SORT_BY_ALIGNMENT(.noinit*))
                0x200008e8                . = ALIGN (0x8)
                0x200008e8                _end_noinit = .
                0x00001000                _HeapSize = 0x1000

.heap           0x200008e8     0x1000
                0x200008e8                _pvHeapStart = .
                0x200018e8                . = (. + _HeapSize)
 *fill*         0x200008e8     0x1000 
                0x200018e8                . = ALIGN (0x8)
                0x200018e8                _pvHeapLimit = .
                0x00001000                _StackSize = 0x1000

.heap2stackfill
                0x200018e8     0x1000
                0x200028e8                . = (. + _StackSize)
 *fill*         0x200018e8     0x1000 

.stack          0x2002f000        0x0
                0x2002f000                _vStackBase = .
                0x2002f000                . = ALIGN (0x8)
                0x20030000                _vStackTop = (. + _StackSize)
                0x00000000                _image_start = LOADADDR (.text)
                0x00004920                _image_end = (LOADADDR (.data) + SIZEOF (.data))
                0x00004920                _image_size = (_image_end - _image_start)
OUTPUT(FSK.axf elf32-littlearm)

.debug_info     0x00000000     0x9b11
 .debug_info    0x00000000      0xc80 ./source/ADC.o
 .debug_info    0x00000c80       0x4c ./source/App.o
 .debug_info    0x00000ccc      0x1a7 ./source/Bell202.o
 .debug_info    0x00000e73      0x9a4 ./source/CMP.o
 .debug_info    0x00001817      0xa46 ./source/DAC.o
 .debug_info    0x0000225d      0x560 ./source/FSK_Demodulator.o
 .debug_info    0x000027bd      0x240 ./source/FSK_Modulator.o
 .debug_info    0x000029fd     0x1229 ./source/FTM.o
 .debug_info    0x00003c26      0x601 ./source/PDB.o
 .debug_info    0x00004227      0xa70 ./source/PIT.o
 .debug_info    0x00004c97      0x32b ./source/bitStreamQueue.o
 .debug_info    0x00004fc2      0xdf4 ./source/gpio.o
 .debug_info    0x00005db6      0x47c ./source/measureFreq.o
 .debug_info    0x00006232     0x10c8 ./source/uart.o
 .debug_info    0x000072fa     0x1204 ./source/waveGen.o
 .debug_info    0x000084fe      0x675 ./SDK/startup/hardware.o
 .debug_info    0x00008b73       0xb7 ./SDK/startup/main.o
 .debug_info    0x00008c2a       0x3b ./SDK/startup/semihost_hardfault.o
 .debug_info    0x00008c65      0x8b0 ./SDK/startup/startup_mk64f12.o
 .debug_info    0x00009515      0x5fc ./SDK/CMSIS/system_MK64F12.o

.debug_abbrev   0x00000000     0x2036
 .debug_abbrev  0x00000000      0x263 ./source/ADC.o
 .debug_abbrev  0x00000263       0x2f ./source/App.o
 .debug_abbrev  0x00000292       0xcc ./source/Bell202.o
 .debug_abbrev  0x0000035e      0x221 ./source/CMP.o
 .debug_abbrev  0x0000057f      0x245 ./source/DAC.o
 .debug_abbrev  0x000007c4      0x168 ./source/FSK_Demodulator.o
 .debug_abbrev  0x0000092c       0xdd ./source/FSK_Modulator.o
 .debug_abbrev  0x00000a09      0x2eb ./source/FTM.o
 .debug_abbrev  0x00000cf4      0x1ce ./source/PDB.o
 .debug_abbrev  0x00000ec2      0x23d ./source/PIT.o
 .debug_abbrev  0x000010ff      0x147 ./source/bitStreamQueue.o
 .debug_abbrev  0x00001246      0x290 ./source/gpio.o
 .debug_abbrev  0x000014d6      0x15f ./source/measureFreq.o
 .debug_abbrev  0x00001635      0x2ae ./source/uart.o
 .debug_abbrev  0x000018e3      0x2d4 ./source/waveGen.o
 .debug_abbrev  0x00001bb7      0x138 ./SDK/startup/hardware.o
 .debug_abbrev  0x00001cef       0x7d ./SDK/startup/main.o
 .debug_abbrev  0x00001d6c       0x2f ./SDK/startup/semihost_hardfault.o
 .debug_abbrev  0x00001d9b      0x15c ./SDK/startup/startup_mk64f12.o
 .debug_abbrev  0x00001ef7      0x13f ./SDK/CMSIS/system_MK64F12.o

.debug_aranges  0x00000000      0xa90
 .debug_aranges
                0x00000000       0x68 ./source/ADC.o
 .debug_aranges
                0x00000068       0x28 ./source/App.o
 .debug_aranges
                0x00000090       0x28 ./source/Bell202.o
 .debug_aranges
                0x000000b8       0x60 ./source/CMP.o
 .debug_aranges
                0x00000118       0x68 ./source/DAC.o
 .debug_aranges
                0x00000180       0x48 ./source/FSK_Demodulator.o
 .debug_aranges
                0x000001c8       0x28 ./source/FSK_Modulator.o
 .debug_aranges
                0x000001f0       0xf0 ./source/FTM.o
 .debug_aranges
                0x000002e0       0x60 ./source/PDB.o
 .debug_aranges
                0x00000340       0xa0 ./source/PIT.o
 .debug_aranges
                0x000003e0       0x60 ./source/bitStreamQueue.o
 .debug_aranges
                0x00000440       0xc8 ./source/gpio.o
 .debug_aranges
                0x00000508       0x48 ./source/measureFreq.o
 .debug_aranges
                0x00000550       0xf8 ./source/uart.o
 .debug_aranges
                0x00000648       0x78 ./source/waveGen.o
 .debug_aranges
                0x000006c0       0x30 ./SDK/startup/hardware.o
 .debug_aranges
                0x000006f0       0x20 ./SDK/startup/main.o
 .debug_aranges
                0x00000710       0x20 ./SDK/startup/semihost_hardfault.o
 .debug_aranges
                0x00000730      0x330 ./SDK/startup/startup_mk64f12.o
 .debug_aranges
                0x00000a60       0x30 ./SDK/CMSIS/system_MK64F12.o

.debug_ranges   0x00000000      0x950
 .debug_ranges  0x00000000       0x58 ./source/ADC.o
 .debug_ranges  0x00000058       0x18 ./source/App.o
 .debug_ranges  0x00000070       0x18 ./source/Bell202.o
 .debug_ranges  0x00000088       0x50 ./source/CMP.o
 .debug_ranges  0x000000d8       0x58 ./source/DAC.o
 .debug_ranges  0x00000130       0x38 ./source/FSK_Demodulator.o
 .debug_ranges  0x00000168       0x18 ./source/FSK_Modulator.o
 .debug_ranges  0x00000180       0xe0 ./source/FTM.o
 .debug_ranges  0x00000260       0x50 ./source/PDB.o
 .debug_ranges  0x000002b0       0x90 ./source/PIT.o
 .debug_ranges  0x00000340       0x50 ./source/bitStreamQueue.o
 .debug_ranges  0x00000390       0xb8 ./source/gpio.o
 .debug_ranges  0x00000448       0x38 ./source/measureFreq.o
 .debug_ranges  0x00000480       0xe8 ./source/uart.o
 .debug_ranges  0x00000568       0x68 ./source/waveGen.o
 .debug_ranges  0x000005d0       0x20 ./SDK/startup/hardware.o
 .debug_ranges  0x000005f0       0x10 ./SDK/startup/main.o
 .debug_ranges  0x00000600       0x10 ./SDK/startup/semihost_hardfault.o
 .debug_ranges  0x00000610      0x320 ./SDK/startup/startup_mk64f12.o
 .debug_ranges  0x00000930       0x20 ./SDK/CMSIS/system_MK64F12.o

.debug_macro    0x00000000    0x12a71
 .debug_macro   0x00000000       0x96 ./source/ADC.o
 .debug_macro   0x00000096      0xa5a ./source/ADC.o
 .debug_macro   0x00000af0       0x22 ./source/ADC.o
 .debug_macro   0x00000b12      0x34e ./source/ADC.o
 .debug_macro   0x00000e60       0x5c ./source/ADC.o
 .debug_macro   0x00000ebc       0x1c ./source/ADC.o
 .debug_macro   0x00000ed8       0x22 ./source/ADC.o
 .debug_macro   0x00000efa       0xdf ./source/ADC.o
 .debug_macro   0x00000fd9      0xecf ./source/ADC.o
 .debug_macro   0x00001ea8       0x48 ./source/ADC.o
 .debug_macro   0x00001ef0     0xe07b ./source/ADC.o
 .debug_macro   0x0000ff6b       0x16 ./source/ADC.o
 .debug_macro   0x0000ff81       0x33 ./source/App.o
 .debug_macro   0x0000ffb4       0x86 ./source/Bell202.o
 .debug_macro   0x0001003a       0x40 ./source/Bell202.o
 .debug_macro   0x0001007a       0xae ./source/CMP.o
 .debug_macro   0x00010128       0x3a ./source/CMP.o
 .debug_macro   0x00010162       0xa7 ./source/DAC.o
 .debug_macro   0x00010209       0x28 ./source/DAC.o
 .debug_macro   0x00010231       0xae ./source/FSK_Demodulator.o
 .debug_macro   0x000102df       0x10 ./source/FSK_Demodulator.o
 .debug_macro   0x000102ef       0x93 ./source/FSK_Modulator.o
 .debug_macro   0x00010382       0x16 ./source/FSK_Modulator.o
 .debug_macro   0x00010398       0xb3 ./source/FTM.o
 .debug_macro   0x0001044b       0x1c ./source/FTM.o
 .debug_macro   0x00010467       0xb7 ./source/PDB.o
 .debug_macro   0x0001051e       0x9e ./source/PIT.o
 .debug_macro   0x000105bc       0x10 ./source/PIT.o
 .debug_macro   0x000105cc       0x5b ./source/bitStreamQueue.o
 .debug_macro   0x00010627       0xa4 ./source/gpio.o
 .debug_macro   0x000106cb       0x7d ./source/measureFreq.o
 .debug_macro   0x00010748       0x22 ./source/measureFreq.o
 .debug_macro   0x0001076a      0x118 ./source/uart.o
 .debug_macro   0x00010882       0x10 ./source/uart.o
 .debug_macro   0x00010892     0x122b ./source/uart.o
 .debug_macro   0x00011abd       0x16 ./source/uart.o
 .debug_macro   0x00011ad3      0x17e ./source/waveGen.o
 .debug_macro   0x00011c51       0x22 ./source/waveGen.o
 .debug_macro   0x00011c73       0x52 ./source/waveGen.o
 .debug_macro   0x00011cc5       0x17 ./source/waveGen.o
 .debug_macro   0x00011cdc       0x8d ./source/waveGen.o
 .debug_macro   0x00011d69       0x35 ./source/waveGen.o
 .debug_macro   0x00011d9e       0x9c ./source/waveGen.o
 .debug_macro   0x00011e3a      0x174 ./source/waveGen.o
 .debug_macro   0x00011fae       0x57 ./source/waveGen.o
 .debug_macro   0x00012005       0x58 ./source/waveGen.o
 .debug_macro   0x0001205d       0x1f ./source/waveGen.o
 .debug_macro   0x0001207c       0x43 ./source/waveGen.o
 .debug_macro   0x000120bf       0x20 ./source/waveGen.o
 .debug_macro   0x000120df      0x18e ./source/waveGen.o
 .debug_macro   0x0001226d      0x330 ./source/waveGen.o
 .debug_macro   0x0001259d      0x1e1 ./source/waveGen.o
 .debug_macro   0x0001277e       0x28 ./source/waveGen.o
 .debug_macro   0x000127a6       0xd9 ./source/waveGen.o
 .debug_macro   0x0001287f       0x9c ./SDK/startup/hardware.o
 .debug_macro   0x0001291b       0x9c ./SDK/startup/main.o
 .debug_macro   0x000129b7       0x11 ./SDK/startup/semihost_hardfault.o
 .debug_macro   0x000129c8       0x29 ./SDK/startup/startup_mk64f12.o
 .debug_macro   0x000129f1       0x80 ./SDK/CMSIS/system_MK64F12.o

.debug_line     0x00000000     0x30f8
 .debug_line    0x00000000      0x226 ./source/ADC.o
 .debug_line    0x00000226       0x61 ./source/App.o
 .debug_line    0x00000287      0x13c ./source/Bell202.o
 .debug_line    0x000003c3      0x1fb ./source/CMP.o
 .debug_line    0x000005be      0x22c ./source/DAC.o
 .debug_line    0x000007ea      0x1ca ./source/FSK_Demodulator.o
 .debug_line    0x000009b4      0x150 ./source/FSK_Modulator.o
 .debug_line    0x00000b04      0x490 ./source/FTM.o
 .debug_line    0x00000f94      0x1e5 ./source/PDB.o
 .debug_line    0x00001179      0x2fe ./source/PIT.o
 .debug_line    0x00001477      0x1cb ./source/bitStreamQueue.o
 .debug_line    0x00001642      0x347 ./source/gpio.o
 .debug_line    0x00001989      0x19c ./source/measureFreq.o
 .debug_line    0x00001b25      0x555 ./source/uart.o
 .debug_line    0x0000207a      0x43d ./source/waveGen.o
 .debug_line    0x000024b7      0x1d4 ./SDK/startup/hardware.o
 .debug_line    0x0000268b      0x175 ./SDK/startup/main.o
 .debug_line    0x00002800       0x59 ./SDK/startup/semihost_hardfault.o
 .debug_line    0x00002859      0x6d8 ./SDK/startup/startup_mk64f12.o
 .debug_line    0x00002f31      0x1c7 ./SDK/CMSIS/system_MK64F12.o

.debug_str      0x00000000    0x7debf
 .debug_str     0x00000000    0x70d82 ./source/ADC.o
                              0x70f72 (size before relaxing)
 .debug_str     0x00070d82       0xa7 ./source/App.o
                               0x2d9e (size before relaxing)
 .debug_str     0x00070e29      0x202 ./source/Bell202.o
                               0x3a3b (size before relaxing)
 .debug_str     0x0007102b      0x2dc ./source/CMP.o
                              0x70d81 (size before relaxing)
 .debug_str     0x00071307      0x2da ./source/DAC.o
                              0x70e5f (size before relaxing)
 .debug_str     0x000715e1      0x1d4 ./source/FSK_Demodulator.o
                               0x3d99 (size before relaxing)
 .debug_str     0x000717b5      0x1b3 ./source/FSK_Modulator.o
                               0x3a8c (size before relaxing)
 .debug_str     0x00071968      0x64e ./source/FTM.o
                              0x71229 (size before relaxing)
 .debug_str     0x00071fb6      0x289 ./source/PDB.o
                              0x707e6 (size before relaxing)
 .debug_str     0x0007223f      0x1ea ./source/PIT.o
                              0x70d19 (size before relaxing)
 .debug_str     0x00072429      0x14f ./source/bitStreamQueue.o
                               0x3988 (size before relaxing)
 .debug_str     0x00072578      0x25e ./source/gpio.o
                              0x70e5e (size before relaxing)
 .debug_str     0x000727d6      0x1dd ./source/measureFreq.o
                               0x3cf2 (size before relaxing)
 .debug_str     0x000729b3     0x700d ./source/uart.o
                              0x77cff (size before relaxing)
 .debug_str     0x000799c0     0x3c99 ./source/waveGen.o
                              0x74945 (size before relaxing)
 .debug_str     0x0007d659      0x16f ./SDK/startup/hardware.o
                              0x771f3 (size before relaxing)
 .debug_str     0x0007d7c8       0x1b ./SDK/startup/main.o
                              0x76fc7 (size before relaxing)
 .debug_str     0x0007d7e3       0x36 ./SDK/startup/semihost_hardfault.o
                               0x2d2d (size before relaxing)
 .debug_str     0x0007d819      0x644 ./SDK/startup/startup_mk64f12.o
                               0x359b (size before relaxing)
 .debug_str     0x0007de5d       0x62 ./SDK/CMSIS/system_MK64F12.o
                              0x77102 (size before relaxing)

.comment        0x00000000       0x7e
 .comment       0x00000000       0x7e ./source/ADC.o
                                 0x7f (size before relaxing)
 .comment       0x0000007e       0x7f ./source/App.o
 .comment       0x0000007e       0x7f ./source/Bell202.o
 .comment       0x0000007e       0x7f ./source/CMP.o
 .comment       0x0000007e       0x7f ./source/DAC.o
 .comment       0x0000007e       0x7f ./source/FSK_Demodulator.o
 .comment       0x0000007e       0x7f ./source/FSK_Modulator.o
 .comment       0x0000007e       0x7f ./source/FTM.o
 .comment       0x0000007e       0x7f ./source/PDB.o
 .comment       0x0000007e       0x7f ./source/PIT.o
 .comment       0x0000007e       0x7f ./source/bitStreamQueue.o
 .comment       0x0000007e       0x7f ./source/gpio.o
 .comment       0x0000007e       0x7f ./source/measureFreq.o
 .comment       0x0000007e       0x7f ./source/uart.o
 .comment       0x0000007e       0x7f ./source/waveGen.o
 .comment       0x0000007e       0x7f ./SDK/startup/hardware.o
 .comment       0x0000007e       0x7f ./SDK/startup/main.o
 .comment       0x0000007e       0x7f ./SDK/startup/semihost_hardfault.o
 .comment       0x0000007e       0x7f ./SDK/startup/startup_mk64f12.o
 .comment       0x0000007e       0x7f ./SDK/CMSIS/system_MK64F12.o
 .comment       0x0000007e       0x7f c:/nxp/mcuxpressoide_10.2.0_759/ide/tools/bin/../lib/gcc/arm-none-eabi/7.2.1/../../../../arm-none-eabi/lib/thumb/v7e-m/fpv4-sp/hard\libcr_c.a(sin.o)
 .comment       0x0000007e       0x7f c:/nxp/mcuxpressoide_10.2.0_759/ide/tools/bin/../lib/gcc/arm-none-eabi/7.2.1/../../../../arm-none-eabi/lib/thumb/v7e-m/fpv4-sp/hard\libcr_c.a(_sincos.o)
 .comment       0x0000007e       0x7f c:/nxp/mcuxpressoide_10.2.0_759/ide/tools/bin/../lib/gcc/arm-none-eabi/7.2.1/../../../../arm-none-eabi/lib/thumb/v7e-m/fpv4-sp/hard\libcr_c.a(errno.o)
 .comment       0x0000007e       0x7f c:/nxp/mcuxpressoide_10.2.0_759/ide/tools/bin/../lib/gcc/arm-none-eabi/7.2.1/../../../../arm-none-eabi/lib/thumb/v7e-m/fpv4-sp/hard\libcr_c.a(fabs.o)
 .comment       0x0000007e       0x7f c:/nxp/mcuxpressoide_10.2.0_759/ide/tools/bin/../lib/gcc/arm-none-eabi/7.2.1/../../../../arm-none-eabi/lib/thumb/v7e-m/fpv4-sp/hard\libcr_c.a(_hugeval.o)
 .comment       0x0000007e       0x7f c:/nxp/mcuxpressoide_10.2.0_759/ide/tools/bin/../lib/gcc/arm-none-eabi/7.2.1/thumb/v7e-m/fpv4-sp/hard\libcr_eabihelpers.a(double.o)
 .comment       0x0000007e       0x7f c:/nxp/mcuxpressoide_10.2.0_759/ide/tools/bin/../lib/gcc/arm-none-eabi/7.2.1/thumb/v7e-m/fpv4-sp/hard\libcr_eabihelpers.a(float.o)

.ARM.attributes
                0x00000000       0x39
 .ARM.attributes
                0x00000000       0x39 ./source/ADC.o
 .ARM.attributes
                0x00000039       0x39 ./source/App.o
 .ARM.attributes
                0x00000072       0x39 ./source/Bell202.o
 .ARM.attributes
                0x000000ab       0x39 ./source/CMP.o
 .ARM.attributes
                0x000000e4       0x39 ./source/DAC.o
 .ARM.attributes
                0x0000011d       0x39 ./source/FSK_Demodulator.o
 .ARM.attributes
                0x00000156       0x39 ./source/FSK_Modulator.o
 .ARM.attributes
                0x0000018f       0x39 ./source/FTM.o
 .ARM.attributes
                0x000001c8       0x39 ./source/PDB.o
 .ARM.attributes
                0x00000201       0x39 ./source/PIT.o
 .ARM.attributes
                0x0000023a       0x39 ./source/bitStreamQueue.o
 .ARM.attributes
                0x00000273       0x39 ./source/gpio.o
 .ARM.attributes
                0x000002ac       0x39 ./source/measureFreq.o
 .ARM.attributes
                0x000002e5       0x39 ./source/uart.o
 .ARM.attributes
                0x0000031e       0x39 ./source/waveGen.o
 .ARM.attributes
                0x00000357       0x39 ./SDK/startup/hardware.o
 .ARM.attributes
                0x00000390       0x39 ./SDK/startup/main.o
 .ARM.attributes
                0x000003c9       0x39 ./SDK/startup/semihost_hardfault.o
 .ARM.attributes
                0x00000402       0x39 ./SDK/startup/startup_mk64f12.o
 .ARM.attributes
                0x0000043b       0x39 ./SDK/CMSIS/system_MK64F12.o
 .ARM.attributes
                0x00000474       0x39 c:/nxp/mcuxpressoide_10.2.0_759/ide/tools/bin/../lib/gcc/arm-none-eabi/7.2.1/../../../../arm-none-eabi/lib/thumb/v7e-m/fpv4-sp/hard\libcr_c.a(sin.o)
 .ARM.attributes
                0x000004ad       0x39 c:/nxp/mcuxpressoide_10.2.0_759/ide/tools/bin/../lib/gcc/arm-none-eabi/7.2.1/../../../../arm-none-eabi/lib/thumb/v7e-m/fpv4-sp/hard\libcr_c.a(_sincos.o)
 .ARM.attributes
                0x000004e6       0x39 c:/nxp/mcuxpressoide_10.2.0_759/ide/tools/bin/../lib/gcc/arm-none-eabi/7.2.1/../../../../arm-none-eabi/lib/thumb/v7e-m/fpv4-sp/hard\libcr_c.a(errno.o)
 .ARM.attributes
                0x0000051f       0x39 c:/nxp/mcuxpressoide_10.2.0_759/ide/tools/bin/../lib/gcc/arm-none-eabi/7.2.1/../../../../arm-none-eabi/lib/thumb/v7e-m/fpv4-sp/hard\libcr_c.a(fabs.o)
 .ARM.attributes
                0x00000558       0x39 c:/nxp/mcuxpressoide_10.2.0_759/ide/tools/bin/../lib/gcc/arm-none-eabi/7.2.1/../../../../arm-none-eabi/lib/thumb/v7e-m/fpv4-sp/hard\libcr_c.a(_hugeval.o)
 .ARM.attributes
                0x00000591       0x39 c:/nxp/mcuxpressoide_10.2.0_759/ide/tools/bin/../lib/gcc/arm-none-eabi/7.2.1/thumb/v7e-m/fpv4-sp/hard\libcr_eabihelpers.a(double.o)
 .ARM.attributes
                0x000005ca       0x39 c:/nxp/mcuxpressoide_10.2.0_759/ide/tools/bin/../lib/gcc/arm-none-eabi/7.2.1/thumb/v7e-m/fpv4-sp/hard\libcr_eabihelpers.a(float.o)

.debug_frame    0x00000000     0x2384
 .debug_frame   0x00000000      0x170 ./source/ADC.o
 .debug_frame   0x00000170       0x48 ./source/App.o
 .debug_frame   0x000001b8       0x58 ./source/Bell202.o
 .debug_frame   0x00000210      0x154 ./source/CMP.o
 .debug_frame   0x00000364      0x188 ./source/DAC.o
 .debug_frame   0x000004ec       0xdc ./source/FSK_Demodulator.o
 .debug_frame   0x000005c8       0x50 ./source/FSK_Modulator.o
 .debug_frame   0x00000618      0x408 ./source/FTM.o
 .debug_frame   0x00000a20      0x160 ./source/PDB.o
 .debug_frame   0x00000b80      0x270 ./source/PIT.o
 .debug_frame   0x00000df0      0x15c ./source/bitStreamQueue.o
 .debug_frame   0x00000f4c      0x350 ./source/gpio.o
 .debug_frame   0x0000129c       0xe4 ./source/measureFreq.o
 .debug_frame   0x00001380      0x40c ./source/uart.o
 .debug_frame   0x0000178c      0x1c4 ./source/waveGen.o
 .debug_frame   0x00001950       0x70 ./SDK/startup/hardware.o
 .debug_frame   0x000019c0       0x2c ./SDK/startup/main.o
 .debug_frame   0x000019ec       0x20 ./SDK/startup/semihost_hardfault.o
 .debug_frame   0x00001a0c      0x904 ./SDK/startup/startup_mk64f12.o
 .debug_frame   0x00002310       0x74 ./SDK/CMSIS/system_MK64F12.o
