Archive member included to satisfy reference by file (symbol)

c:/nxp/mcuxpressoide_10.2.0_759/ide/tools/bin/../lib/gcc/arm-none-eabi/7.2.1/../../../../arm-none-eabi/lib/thumb/v7e-m/fpv4-sp/hard\libcr_c.a(sin.o)
                              ./source/waveGen.o (sin)
c:/nxp/mcuxpressoide_10.2.0_759/ide/tools/bin/../lib/gcc/arm-none-eabi/7.2.1/../../../../arm-none-eabi/lib/thumb/v7e-m/fpv4-sp/hard\libcr_c.a(_sincos.o)
                              c:/nxp/mcuxpressoide_10.2.0_759/ide/tools/bin/../lib/gcc/arm-none-eabi/7.2.1/../../../../arm-none-eabi/lib/thumb/v7e-m/fpv4-sp/hard\libcr_c.a(sin.o) (_sincos)
c:/nxp/mcuxpressoide_10.2.0_759/ide/tools/bin/../lib/gcc/arm-none-eabi/7.2.1/../../../../arm-none-eabi/lib/thumb/v7e-m/fpv4-sp/hard\libcr_c.a(errno.o)
                              c:/nxp/mcuxpressoide_10.2.0_759/ide/tools/bin/../lib/gcc/arm-none-eabi/7.2.1/../../../../arm-none-eabi/lib/thumb/v7e-m/fpv4-sp/hard\libcr_c.a(_sincos.o) (errno)
c:/nxp/mcuxpressoide_10.2.0_759/ide/tools/bin/../lib/gcc/arm-none-eabi/7.2.1/../../../../arm-none-eabi/lib/thumb/v7e-m/fpv4-sp/hard\libcr_c.a(fabs.o)
                              c:/nxp/mcuxpressoide_10.2.0_759/ide/tools/bin/../lib/gcc/arm-none-eabi/7.2.1/../../../../arm-none-eabi/lib/thumb/v7e-m/fpv4-sp/hard\libcr_c.a(_sincos.o) (fabs)
c:/nxp/mcuxpressoide_10.2.0_759/ide/tools/bin/../lib/gcc/arm-none-eabi/7.2.1/../../../../arm-none-eabi/lib/thumb/v7e-m/fpv4-sp/hard\libcr_c.a(_hugeval.o)
                              c:/nxp/mcuxpressoide_10.2.0_759/ide/tools/bin/../lib/gcc/arm-none-eabi/7.2.1/../../../../arm-none-eabi/lib/thumb/v7e-m/fpv4-sp/hard\libcr_c.a(_sincos.o) (__huge_val)
c:/nxp/mcuxpressoide_10.2.0_759/ide/tools/bin/../lib/gcc/arm-none-eabi/7.2.1/thumb/v7e-m/fpv4-sp/hard\libcr_eabihelpers.a(double.o)
                              ./source/FSK_Demodulator.o (__aeabi_dmul)
c:/nxp/mcuxpressoide_10.2.0_759/ide/tools/bin/../lib/gcc/arm-none-eabi/7.2.1/thumb/v7e-m/fpv4-sp/hard\libcr_eabihelpers.a(float.o)
                              ./source/FTM.o (__aeabi_f2d)

Discarded input sections

 .group         0x00000000        0xc ./source/ADC.o
 .group         0x00000000        0xc ./source/ADC.o
 .group         0x00000000        0xc ./source/ADC.o
 .group         0x00000000        0xc ./source/ADC.o
 .group         0x00000000        0xc ./source/ADC.o
 .group         0x00000000        0xc ./source/ADC.o
 .group         0x00000000        0xc ./source/ADC.o
 .group         0x00000000        0xc ./source/ADC.o
 .group         0x00000000        0xc ./source/ADC.o
 .group         0x00000000        0xc ./source/ADC.o
 .text          0x00000000        0x0 ./source/ADC.o
 .data          0x00000000        0x0 ./source/ADC.o
 .bss           0x00000000        0x0 ./source/ADC.o
 .text.StartConversion
                0x00000000       0x40 ./source/ADC.o
 .text.SetInterruptCallback
                0x00000000       0x20 ./source/ADC.o
 .group         0x00000000        0xc ./source/App.o
 .group         0x00000000        0xc ./source/App.o
 .group         0x00000000        0xc ./source/App.o
 .group         0x00000000        0xc ./source/App.o
 .group         0x00000000        0xc ./source/App.o
 .group         0x00000000        0xc ./source/App.o
 .group         0x00000000        0xc ./source/App.o
 .group         0x00000000        0xc ./source/App.o
 .group         0x00000000        0xc ./source/App.o
 .group         0x00000000        0xc ./source/App.o
 .group         0x00000000        0xc ./source/App.o
 .group         0x00000000        0xc ./source/App.o
 .group         0x00000000        0xc ./source/App.o
 .group         0x00000000        0xc ./source/App.o
 .group         0x00000000        0xc ./source/App.o
 .group         0x00000000        0xc ./source/App.o
 .group         0x00000000        0xc ./source/App.o
 .group         0x00000000        0xc ./source/App.o
 .group         0x00000000        0xc ./source/App.o
 .group         0x00000000        0xc ./source/App.o
 .group         0x00000000        0xc ./source/App.o
 .group         0x00000000        0xc ./source/App.o
 .group         0x00000000        0xc ./source/App.o
 .group         0x00000000        0xc ./source/App.o
 .group         0x00000000        0xc ./source/App.o
 .group         0x00000000        0xc ./source/App.o
 .group         0x00000000        0xc ./source/App.o
 .group         0x00000000        0xc ./source/App.o
 .group         0x00000000        0xc ./source/App.o
 .group         0x00000000        0xc ./source/App.o
 .text          0x00000000        0x0 ./source/App.o
 .data          0x00000000        0x0 ./source/App.o
 .bss           0x00000000        0x0 ./source/App.o
 .debug_macro   0x00000000      0xa5a ./source/App.o
 .debug_macro   0x00000000      0x34e ./source/App.o
 .debug_macro   0x00000000       0x22 ./source/App.o
 .debug_macro   0x00000000       0x5c ./source/App.o
 .debug_macro   0x00000000       0x1c ./source/App.o
 .debug_macro   0x00000000       0x22 ./source/App.o
[...]
Memory Configuration

Name             Origin             Length             Attributes
PROGRAM_FLASH    0x00000000         0x00100000         xr
SRAM_UPPER       0x20000000         0x00030000         xrw
SRAM_LOWER       0x1fff0000         0x00010000         xrw
FLEX_RAM         0x14000000         0x00001000         xrw
*default*        0x00000000         0xffffffff

Linker script and memory map

LOAD ./source/ADC.o
LOAD ./source/App.o
LOAD ./source/DAC.o
LOAD ./source/FSK_Demodulator.o
LOAD ./source/FTM.o
LOAD ./source/PIT.o
LOAD ./source/SysTick.o
LOAD ./source/bitStreamQueue.o
LOAD ./source/comController2pc.o
LOAD ./source/gpio.o
LOAD ./source/measureFreq.o
LOAD ./source/timer.o
LOAD ./source/uart.o
LOAD ./source/waveGen.o
LOAD ./SDK/startup/hardware.o
LOAD ./SDK/startup/main.o
LOAD ./SDK/startup/semihost_hardfault.o
LOAD ./SDK/startup/startup_mk64f12.o
LOAD ./SDK/CMSIS/system_MK64F12.o
START GROUP
LOAD c:/nxp/mcuxpressoide_10.2.0_759/ide/tools/bin/../lib/gcc/arm-none-eabi/7.2.1/../../../../arm-none-eabi/lib/thumb/v7e-m/fpv4-sp/hard\libcr_c.a
LOAD c:/nxp/mcuxpressoide_10.2.0_759/ide/tools/bin/../lib/gcc/arm-none-eabi/7.2.1/thumb/v7e-m/fpv4-sp/hard\libcr_eabihelpers.a
END GROUP
                0x00000000                __base_PROGRAM_FLASH = 0x0
                0x00000000                __base_Flash = 0x0
                0x00100000                __top_PROGRAM_FLASH = 0x100000
                0x00100000                __top_Flash = 0x100000
                0x20000000                __base_SRAM_UPPER = 0x20000000
                0x20000000                __base_RAM = 0x20000000
                0x20030000                __top_SRAM_UPPER = 0x20030000
                0x20030000                __top_RAM = 0x20030000
                0x1fff0000                __base_SRAM_LOWER = 0x1fff0000
                0x1fff0000                __base_RAM2 = 0x1fff0000
                0x20000000                __top_SRAM_LOWER = 0x20000000
                0x20000000                __top_RAM2 = 0x20000000
                0x14000000                __base_FLEX_RAM = 0x14000000
                0x14000000                __base_RAM3 = 0x14000000
                0x14001000                __top_FLEX_RAM = 0x14001000
                0x14001000                __top_RAM3 = 0x14001000

.text           0x00000000     0x3cf8
 FILL mask 0xff
                0x00000000                __vectors_start__ = ABSOLUTE (.)
 *(SORT_BY_ALIGNMENT(.isr_vector))
 .isr_vector    0x00000000      0x198 ./SDK/startup/startup_mk64f12.o
                0x00000000                g_pfnVectors
                0x00000000                __Vectors
                0x00000198                . = ALIGN (0x4)
                0x00000198                __section_table_start = .
                0x00000198                __data_section_table = .
                0x00000198        0x4 LONG 0x3cf8 LOADADDR (.data)
                0x0000019c        0x4 LONG 0x20000000 ADDR (.data)
                0x000001a0        0x4 LONG 0x90 SIZEOF (.data)
                0x000001a4        0x4 LONG 0x3cf8 LOADADDR (.data_RAM2)
                0x000001a8        0x4 LONG 0x1fff0000 ADDR (.data_RAM2)
                0x000001ac        0x4 LONG 0x0 SIZEOF (.data_RAM2)
                0x000001b0        0x4 LONG 0x3cf8 LOADADDR (.data_RAM3)
                0x000001b4        0x4 LONG 0x14000000 ADDR (.data_RAM3)
                0x000001b8        0x4 LONG 0x0 SIZEOF (.data_RAM3)
                0x000001bc                __data_section_table_end = .
                0x000001bc                __bss_section_table = .
                0x000001bc        0x4 LONG 0x20000090 ADDR (.bss)
                0x000001c0        0x4 LONG 0xa40 SIZEOF (.bss)
                0x000001c4        0x4 LONG 0x1fff0000 ADDR (.bss_RAM2)
                0x000001c8        0x4 LONG 0x0 SIZEOF (.bss_RAM2)
                0x000001cc        0x4 LONG 0x14000000 ADDR (.bss_RAM3)
                0x000001d0        0x4 LONG 0x0 SIZEOF (.bss_RAM3)
                0x000001d4                __bss_section_table_end = .
                0x000001d4                __section_table_end = .
 *(SORT_BY_ALIGNMENT(.after_vectors*))
 .after_vectors.reset
                0x000001d4       0x4c ./SDK/startup/startup_mk64f12.o
                0x000001d4                ResetISR
 .after_vectors.init_data
                0x00000220       0x1e ./SDK/startup/startup_mk64f12.o
                0x00000220                data_init
 .after_vectors.init_bss
                0x0000023e       0x12 ./SDK/startup/startup_mk64f12.o
                0x0000023e                bss_init
 .after_vectors
                0x00000250       0x14 ./SDK/startup/startup_mk64f12.o
                0x00000250                NMI_Handler
                0x00000254                MemManage_Handler
                0x00000256                BusFault_Handler
                0x00000258                UsageFault_Handler
                0x0000025a                SVC_Handler
                0x0000025c                DebugMon_Handler
                0x0000025e                PendSV_Handler
                0x00000262                DMA_Error_DriverIRQHandler
                0x00000262                LPTMR0_DriverIRQHandler
                0x00000262                FTM1_DriverIRQHandler
                0x00000262                FTM2_DriverIRQHandler
                0x00000262                PIT2_DriverIRQHandler
                0x00000262                SDHC_DriverIRQHandler
                0x00000262                I2S0_Tx_DriverIRQHandler
                0x00000262                RTC_Seconds_DriverIRQHandler
                0x00000262                DMA6_DriverIRQHandler
                0x00000262                LLWU_DriverIRQHandler
                0x00000262                MCM_DriverIRQHandler
                0x00000262                MCG_DriverIRQHandler
                0x00000262                ENET_1588_Timer_DriverIRQHandler
                0x00000262                I2C2_DriverIRQHandler
                0x00000262                DAC1_DriverIRQHandler
                0x00000262                SPI1_DriverIRQHandler
                0x00000262                CMP1_DriverIRQHandler
                0x00000262                UART5_RX_TX_DriverIRQHandler
                0x00000262                FTM0_DriverIRQHandler
                0x00000262                IntDefaultHandler
                0x00000262                USB0_DriverIRQHandler
                0x00000262                UART5_ERR_DriverIRQHandler
                0x00000262                PORTC_DriverIRQHandler
                0x00000262                DMA11_DriverIRQHandler
                0x00000262                DAC0_DriverIRQHandler
                0x00000262                DMA10_DriverIRQHandler
                0x00000262                CMP2_DriverIRQHandler
                0x00000262                UART2_ERR_DriverIRQHandler
                0x00000262                SPI2_DriverIRQHandler
                0x00000262                LVD_LVW_DriverIRQHandler
                0x00000262                PIT0_DriverIRQHandler
                0x00000262                RNG_DriverIRQHandler
                0x00000262                DMA5_DriverIRQHandler
                0x00000262                DMA12_DriverIRQHandler
                0x00000262                UART2_RX_TX_DriverIRQHandler
                0x00000262                USBDCD_DriverIRQHandler
                0x00000262                UART3_ERR_DriverIRQHandler
                0x00000262                DMA3_DriverIRQHandler
                0x00000262                DMA8_DriverIRQHandler
                0x00000262                DMA9_DriverIRQHandler
                0x00000262                UART0_ERR_DriverIRQHandler
                0x00000262                CMT_DriverIRQHandler
                0x00000262                Reserved71_DriverIRQHandler
                0x00000262                ADC1_DriverIRQHandler
                0x00000262                PORTA_DriverIRQHandler
                0x00000262                DMA14_DriverIRQHandler
                0x00000262                PIT3_DriverIRQHandler
                0x00000262                PIT1_DriverIRQHandler
                0x00000262                WDOG_EWM_DriverIRQHandler
                0x00000262                PDB0_DriverIRQHandler
                0x00000262                RTC_DriverIRQHandler
                0x00000262                I2S0_Rx_DriverIRQHandler
                0x00000262                Read_Collision_DriverIRQHandler
                0x00000262                SWI_DriverIRQHandler
                0x00000262                UART4_RX_TX_DriverIRQHandler
                0x00000262                UART4_ERR_DriverIRQHandler
                0x00000262                PORTB_DriverIRQHandler
                0x00000262                UART0_LON_DriverIRQHandler
                0x00000262                DMA0_DriverIRQHandler
                0x00000262                DMA1_DriverIRQHandler
                0x00000262                I2C1_DriverIRQHandler
                0x00000262                UART3_RX_TX_DriverIRQHandler
                0x00000262                ENET_Receive_DriverIRQHandler
                0x00000262                DMA13_DriverIRQHandler
                0x00000262                ENET_Error_DriverIRQHandler
                0x00000262                DMA15_DriverIRQHandler
                0x00000262                UART0_RX_TX_DriverIRQHandler
                0x00000262                SPI0_DriverIRQHandler
                0x00000262                ADC0_DriverIRQHandler
                0x00000262                CMP0_DriverIRQHandler
                0x00000262                CAN0_DriverIRQHandler
                0x00000262                FTM3_DriverIRQHandler
                0x00000262                DMA4_DriverIRQHandler
                0x00000262                UART1_ERR_DriverIRQHandler
                0x00000262                DMA2_DriverIRQHandler
                0x00000262                ENET_Transmit_DriverIRQHandler
                0x00000262                PORTD_DriverIRQHandler
                0x00000262                PORTE_DriverIRQHandler
                0x00000262                FTFE_DriverIRQHandler
                0x00000262                I2C0_DriverIRQHandler
                0x00000262                DMA7_DriverIRQHandler
                0x00000262                UART1_RX_TX_DriverIRQHandler
                0x00000400                . = 0x400
 *fill*         0x00000264      0x19c ff
                0x00000400                PROVIDE (__FLASH_CONFIG_START__, .)
 *(SORT_BY_ALIGNMENT(.FlashConfig))
 .FlashConfig   0x00000400       0x10 ./SDK/startup/startup_mk64f12.o
                0x00000400                Flash_Config
                0x00000410                PROVIDE (__FLASH_CONFIG_END__, .)
                0x00000001                ASSERT (! ((__FLASH_CONFIG_START__ == __FLASH_CONFIG_END__)), Linker Flash Config Support Enabled, but no .FlashConfig section provided within application)
 *(SORT_BY_ALIGNMENT(.text*))
 .text.DemodulatorInit
                0x00000410       0x94 ./source/FSK_Demodulator.o
                0x00000410                DemodulatorInit
 *fill*         0x000004a4        0x4 ff
 .text.senoidalInit
                0x000004a8      0x12c ./source/waveGen.o
                0x000004a8                senoidalInit
 *fill*         0x000005d4        0x4 ff
 .text._sincos  0x000005d8      0x214 c:/nxp/mcuxpressoide_10.2.0_759/ide/tools/bin/../lib/gcc/arm-none-eabi/7.2.1/../../../../arm-none-eabi/lib/thumb/v7e-m/fpv4-sp/hard\libcr_c.a(_sincos.o)
                0x000005d8                _sincos
 .text.__NVIC_EnableIRQ
                0x000007ec       0x3c ./source/ADC.o
 .text.ADC_Init
                0x00000828      0x240 ./source/ADC.o
                0x00000828                ADC_Init
 .text.SetChannelADC
                0x00000a68       0x80 ./source/ADC.o
                0x00000a68                SetChannelADC
 .text.IsConversionFinished
                0x00000ae8       0x28 ./source/ADC.o
                0x00000ae8                IsConversionFinished
 .text.GetConversionResult
                0x00000b10       0x1c ./source/ADC.o
                0x00000b10                GetConversionResult
 .text.ADC0_IRQHandler
                0x00000b2c       0x14 ./source/ADC.o
                0x00000b2c                ADC0_IRQHandler
 .text.ADC1_IRQHandler
                0x00000b40       0x14 ./source/ADC.o
                0x00000b40                ADC1_IRQHandler
 .text.App_Init
                0x00000b54       0xb8 ./source/App.o
                0x00000b54                App_Init
 .text.App_Run  0x00000c0c       0xdc ./source/App.o
                0x00000c0c                App_Run
 .text.FMcallback
                0x00000ce8       0x3c ./source/App.o
                0x00000ce8                FMcallback
 .text.ShapeAnalogSample
                0x00000d24       0x40 ./source/App.o
                0x00000d24                ShapeAnalogSample
 .text.__NVIC_EnableIRQ
                0x00000d64       0x3c ./source/DAC.o
 .text.DACinit  0x00000da0      0x194 ./source/DAC.o
                0x00000da0                DACinit
 .text.writeDACdata
                0x00000f34       0x58 ./source/DAC.o
                0x00000f34                writeDACdata
 .text.shapeValue2DACdata
                0x00000f8c       0x64 ./source/DAC.o
                0x00000f8c                shapeValue2DACdata
 .text.DACclockGating
                0x00000ff0       0x5c ./source/DAC.o
                0x00000ff0                DACclockGating
 .text.updateSoftwareTrigger
                0x0000104c       0x40 ./source/DAC.o
                0x0000104c                updateSoftwareTrigger
 .text.DACgetBFreadPointer
                0x0000108c       0x44 ./source/DAC.o
                0x0000108c                DACgetBFreadPointer
 .text.DAC0_IRQHandler
                0x000010d0       0x6c ./source/DAC.o
                0x000010d0                DAC0_IRQHandler
 .text.DemodulateSignal
                0x0000113c      0x108 ./source/FSK_Demodulator.o
                0x0000113c                DemodulateSignal
 .text.IsDemodulationFinished
                0x00001244       0x18 ./source/FSK_Demodulator.o
                0x00001244                IsDemodulationFinished
 .text.ApplyFIR
                0x0000125c       0xfc ./source/FSK_Demodulator.o
                0x0000125c                ApplyFIR
 .text.ReconstructSignal
                0x00001358      0x144 ./source/FSK_Demodulator.o
                0x00001358                ReconstructSignal
 .text.__NVIC_EnableIRQ
                0x0000149c       0x3c ./source/FTM.o
 .text.FTMinit  0x000014d8      0x3d8 ./source/FTM.o
                0x000014d8                FTMinit
 .text.setFTMtimer
                0x000018b0       0xf0 ./source/FTM.o
                0x000018b0                setFTMtimer
 .text.FTMclockGating
                0x000019a0       0x8c ./source/FTM.o
                0x000019a0                FTMclockGating
 .text.updatePWMduty
                0x00001a2c       0x98 ./source/FTM.o
                0x00001a2c                updatePWMduty
 .text.shapeDuty2cnv
                0x00001ac4       0x84 ./source/FTM.o
                0x00001ac4                shapeDuty2cnv
 .text.getPWMduty
                0x00001b48       0x74 ./source/FTM.o
                0x00001b48                getPWMduty
 .text.updatePWMperiod
                0x00001bbc       0xb0 ./source/FTM.o
                0x00001bbc                updatePWMperiod
 .text.getCnV   0x00001c6c       0x4c ./source/FTM.o
                0x00001c6c                getCnV
 .text.getMOD_FTM
                0x00001cb8       0x44 ./source/FTM.o
                0x00001cb8                getMOD_FTM
 .text.enablePinFTM
                0x00001cfc       0x50 ./source/FTM.o
                0x00001cfc                enablePinFTM
 .text.getPrescalerFactor
                0x00001d4c       0x80 ./source/FTM.o
                0x00001d4c                getPrescalerFactor
 .text.FTMx_IRQHandler
                0x00001dcc       0xd4 ./source/FTM.o
                0x00001dcc                FTMx_IRQHandler
 .text.__NVIC_EnableIRQ
                0x00001ea0       0x3c ./source/PIT.o
 .text.PITinit  0x00001edc       0x8c ./source/PIT.o
                0x00001edc                PITinit
 .text.PITmodifyTimer
                0x00001f68       0x38 ./source/PIT.o
                0x00001f68                PITmodifyTimer
 .text.PITstartTimer
                0x00001fa0      0x114 ./source/PIT.o
                0x00001fa0                PITstartTimer
 .text.PITenableClock
                0x000020b4       0x3c ./source/PIT.o
 .text.PITtimerInit
                0x000020f0       0x74 ./source/PIT.o
 .text.PITtimerSet
                0x00002164       0x9c ./source/PIT.o
 .text.PIT0_IRQHandler
                0x00002200       0x30 ./source/PIT.o
                0x00002200                PIT0_IRQHandler
 .text.PIT1_IRQHandler
                0x00002230       0x30 ./source/PIT.o
                0x00002230                PIT1_IRQHandler
 .text.PIT2_IRQHandler
                0x00002260       0x30 ./source/PIT.o
                0x00002260                PIT2_IRQHandler
 .text.PIT3_IRQHandler
                0x00002290       0x30 ./source/PIT.o
                0x00002290                PIT3_IRQHandler
 .text.__NVIC_EnableIRQ
                0x000022c0       0x3c ./source/SysTick.o
 .text.SysTick_Init
                0x000022fc       0x50 ./source/SysTick.o
                0x000022fc                SysTick_Init
 .text.SysTick_Handler
                0x0000234c       0x14 ./source/SysTick.o
                0x0000234c                SysTick_Handler
 .text.PushBit  0x00002360       0x54 ./source/bitStreamQueue.o
                0x00002360                PushBit
 .text.IsFrameReady
                0x000023b4       0x18 ./source/bitStreamQueue.o
                0x000023b4                IsFrameReady
 .text.GetFrame
                0x000023cc       0x5c ./source/bitStreamQueue.o
                0x000023cc                GetFrame
 .text.PORTX_IRQHandler
                0x00002428       0xbc ./source/gpio.o
                0x00002428                PORTX_IRQHandler
 .text.initFreqMeasure
                0x000024e4       0x74 ./source/measureFreq.o
                0x000024e4                initFreqMeasure
 .text.measFreqCallback
                0x00002558      0x140 ./source/measureFreq.o
                0x00002558                measFreqCallback
 .text.getFreqMeasure
                0x00002698       0x1c ./source/measureFreq.o
                0x00002698                getFreqMeasure
 .text.isNewMeasReady
                0x000026b4       0x18 ./source/measureFreq.o
                0x000026b4                isNewMeasReady
 .text.InitializeTimers
                0x000026cc       0x78 ./source/timer.o
                0x000026cc                InitializeTimers
 .text.SetTimer
                0x00002744       0x98 ./source/timer.o
                0x00002744                SetTimer
 .text.sysTickCallback
                0x000027dc       0x68 ./source/timer.o
                0x000027dc                sysTickCallback
 .text.uartWriteMsg
                0x00002844      0x134 ./source/uart.o
                0x00002844                uartWriteMsg
 .text.copyTXmsg
                0x00002978       0x90 ./source/uart.o
                0x00002978                copyTXmsg
 .text.UARTX_RX_TX_IRQHandler
                0x00002a08      0x1e8 ./source/uart.o
                0x00002a08                UARTX_RX_TX_IRQHandler
 .text.initWaveGen
                0x00002bf0       0xa4 ./source/waveGen.o
                0x00002bf0                initWaveGen
 .text.updateWaveFreq
                0x00002c94       0xa4 ./source/waveGen.o
                0x00002c94                updateWaveFreq
 .text.sinWaveGen
                0x00002d38       0x98 ./source/waveGen.o
                0x00002d38                sinWaveGen
 .text.pwmSinWaveGen
                0x00002dd0       0x50 ./source/waveGen.o
                0x00002dd0                pwmSinWaveGen
 .text.DACcallback
                0x00002e20       0x90 ./source/waveGen.o
                0x00002e20                DACcallback
 .text.softwareTriggerDAC
                0x00002eb0       0x2c ./source/waveGen.o
                0x00002eb0                softwareTriggerDAC
 .text.FTMpwmCallback
                0x00002edc       0x68 ./source/waveGen.o
                0x00002edc                FTMpwmCallback
 .text.hw_Init  0x00002f44      0x10c ./SDK/startup/hardware.o
                0x00002f44                hw_Init
 .text.hw_EnableInterrupts
                0x00003050       0x30 ./SDK/startup/hardware.o
                0x00003050                hw_EnableInterrupts
 .text.hw_DisableInterrupts
                0x00003080       0x20 ./SDK/startup/hardware.o
                0x00003080                hw_DisableInterrupts
 .text.SystemInit
                0x000030a0       0x3c ./SDK/CMSIS/system_MK64F12.o
                0x000030a0                SystemInit
 .text.__aeabi_dmul
                0x000030dc      0x11c c:/nxp/mcuxpressoide_10.2.0_759/ide/tools/bin/../lib/gcc/arm-none-eabi/7.2.1/thumb/v7e-m/fpv4-sp/hard\libcr_eabihelpers.a(double.o)
                0x000030dc                __aeabi_dmul
 .text.__aeabi_ddiv
                0x000031f8      0x138 c:/nxp/mcuxpressoide_10.2.0_759/ide/tools/bin/../lib/gcc/arm-none-eabi/7.2.1/thumb/v7e-m/fpv4-sp/hard\libcr_eabihelpers.a(double.o)
                0x000031f8                __aeabi_ddiv
 .text.__aeabi_dsub
                0x00003330      0x1b4 c:/nxp/mcuxpressoide_10.2.0_759/ide/tools/bin/../lib/gcc/arm-none-eabi/7.2.1/thumb/v7e-m/fpv4-sp/hard\libcr_eabihelpers.a(double.o)
                0x00003330                __aeabi_dsub
 .text.__aeabi_dadd
                0x000034e4      0x10c c:/nxp/mcuxpressoide_10.2.0_759/ide/tools/bin/../lib/gcc/arm-none-eabi/7.2.1/thumb/v7e-m/fpv4-sp/hard\libcr_eabihelpers.a(double.o)
                0x000034e4                __aeabi_dadd
 .text.__aeabi_d2f
                0x000035f0       0x54 c:/nxp/mcuxpressoide_10.2.0_759/ide/tools/bin/../lib/gcc/arm-none-eabi/7.2.1/thumb/v7e-m/fpv4-sp/hard\libcr_eabihelpers.a(double.o)
                0x000035f0                __aeabi_d2f
 .text.__aeabi_f2d
                0x00003644       0x38 c:/nxp/mcuxpressoide_10.2.0_759/ide/tools/bin/../lib/gcc/arm-none-eabi/7.2.1/thumb/v7e-m/fpv4-sp/hard\libcr_eabihelpers.a(float.o)
                0x00003644                __aeabi_f2d
 .text.setFTMprescaler
                0x0000367c       0x34 ./source/FTM.o
                0x0000367c                setFTMprescaler
 .text.FTM0_IRQHandler
                0x000036b0        0xe ./source/FTM.o
                0x000036b0                FTM0_IRQHandler
 .text.FTM1_IRQHandler
                0x000036be        0xe ./source/FTM.o
                0x000036be                FTM1_IRQHandler
 .text.FTM2_IRQHandler
                0x000036cc        0xe ./source/FTM.o
                0x000036cc                FTM2_IRQHandler
 .text.PITenable
                0x000036da       0x4e ./source/PIT.o
 .text.PORTA_IRQHandler
                0x00003728        0xe ./source/gpio.o
                0x00003728                PORTA_IRQHandler
 .text.PORTB_IRQHandler
                0x00003736        0xe ./source/gpio.o
                0x00003736                PORTB_IRQHandler
 .text.PORTC_IRQHandler
                0x00003744        0xe ./source/gpio.o
                0x00003744                PORTC_IRQHandler
 .text.PORTD_IRQHandler
                0x00003752        0xe ./source/gpio.o
                0x00003752                PORTD_IRQHandler
 .text.PORTE_IRQHandler
                0x00003760        0xe ./source/gpio.o
                0x00003760                PORTE_IRQHandler
 .text.setPCRmux
                0x0000376e       0x46 ./source/gpio.o
                0x0000376e                setPCRmux
 .text.UARTX_LON_IRQHandler
                0x000037b4       0x16 ./source/uart.o
                0x000037b4                UARTX_LON_IRQHandler
 .text.UARTX_ERR_IRQHandler
                0x000037ca       0x16 ./source/uart.o
                0x000037ca                UARTX_ERR_IRQHandler
 .text.UART0_LON_IRQHandler
                0x000037e0        0xe ./source/uart.o
                0x000037e0                UART0_LON_IRQHandler
 .text.UART0_RX_TX_IRQHandler
                0x000037ee        0xe ./source/uart.o
                0x000037ee                UART0_RX_TX_IRQHandler
 .text.UART0_ERR_IRQHandler
                0x000037fc        0xe ./source/uart.o
                0x000037fc                UART0_ERR_IRQHandler
 .text.UART1_RX_TX_IRQHandler
                0x0000380a        0xe ./source/uart.o
                0x0000380a                UART1_RX_TX_IRQHandler
 .text.UART1_ERR_IRQHandler
                0x00003818        0xe ./source/uart.o
                0x00003818                UART1_ERR_IRQHandler
 .text.UART2_RX_TX_IRQHandler
                0x00003826        0xe ./source/uart.o
                0x00003826                UART2_RX_TX_IRQHandler
 .text.UART2_ERR_IRQHandler
                0x00003834        0xe ./source/uart.o
                0x00003834                UART2_ERR_IRQHandler
 .text.UART3_RX_TX_IRQHandler
                0x00003842        0xe ./source/uart.o
                0x00003842                UART3_RX_TX_IRQHandler
 .text.UART3_ERR_IRQHandler
                0x00003850        0xe ./source/uart.o
                0x00003850                UART3_ERR_IRQHandler
 .text.UART4_RX_TX_IRQHandler
                0x0000385e        0xe ./source/uart.o
                0x0000385e                UART4_RX_TX_IRQHandler
 .text.UART4_ERR_IRQHandler
                0x0000386c        0xe ./source/uart.o
                0x0000386c                UART4_ERR_IRQHandler
 .text.main     0x0000387a       0x1a ./SDK/startup/main.o
                0x0000387a                main
 .text.HardFault_Handler
                0x00003894       0x2c ./SDK/startup/semihost_hardfault.o
                0x00003894                HardFault_Handler
 .text.DMA0_IRQHandler
                0x000038c0        0x8 ./SDK/startup/startup_mk64f12.o
                0x000038c0                DMA0_IRQHandler
 .text.DMA1_IRQHandler
                0x000038c8        0x8 ./SDK/startup/startup_mk64f12.o
                0x000038c8                DMA1_IRQHandler
 .text.DMA2_IRQHandler
                0x000038d0        0x8 ./SDK/startup/startup_mk64f12.o
                0x000038d0                DMA2_IRQHandler
 .text.DMA3_IRQHandler
                0x000038d8        0x8 ./SDK/startup/startup_mk64f12.o
                0x000038d8                DMA3_IRQHandler
 .text.DMA4_IRQHandler
                0x000038e0        0x8 ./SDK/startup/startup_mk64f12.o
                0x000038e0                DMA4_IRQHandler
 .text.DMA5_IRQHandler
                0x000038e8        0x8 ./SDK/startup/startup_mk64f12.o
                0x000038e8                DMA5_IRQHandler
 .text.DMA6_IRQHandler
                0x000038f0        0x8 ./SDK/startup/startup_mk64f12.o
                0x000038f0                DMA6_IRQHandler
 .text.DMA7_IRQHandler
                0x000038f8        0x8 ./SDK/startup/startup_mk64f12.o
                0x000038f8                DMA7_IRQHandler
 .text.DMA8_IRQHandler
                0x00003900        0x8 ./SDK/startup/startup_mk64f12.o
                0x00003900                DMA8_IRQHandler
 .text.DMA9_IRQHandler
                0x00003908        0x8 ./SDK/startup/startup_mk64f12.o
                0x00003908                DMA9_IRQHandler
 .text.DMA10_IRQHandler
                0x00003910        0x8 ./SDK/startup/startup_mk64f12.o
                0x00003910                DMA10_IRQHandler
 .text.DMA11_IRQHandler
                0x00003918        0x8 ./SDK/startup/startup_mk64f12.o
                0x00003918                DMA11_IRQHandler
 .text.DMA12_IRQHandler
                0x00003920        0x8 ./SDK/startup/startup_mk64f12.o
                0x00003920                DMA12_IRQHandler
 .text.DMA13_IRQHandler
                0x00003928        0x8 ./SDK/startup/startup_mk64f12.o
                0x00003928                DMA13_IRQHandler
 .text.DMA14_IRQHandler
                0x00003930        0x8 ./SDK/startup/startup_mk64f12.o
                0x00003930                DMA14_IRQHandler
 .text.DMA15_IRQHandler
                0x00003938        0x8 ./SDK/startup/startup_mk64f12.o
                0x00003938                DMA15_IRQHandler
 .text.DMA_Error_IRQHandler
                0x00003940        0x8 ./SDK/startup/startup_mk64f12.o
                0x00003940                DMA_Error_IRQHandler
 .text.MCM_IRQHandler
                0x00003948        0x8 ./SDK/startup/startup_mk64f12.o
                0x00003948                MCM_IRQHandler
 .text.FTFE_IRQHandler
                0x00003950        0x8 ./SDK/startup/startup_mk64f12.o
                0x00003950                FTFE_IRQHandler
 .text.Read_Collision_IRQHandler
                0x00003958        0x8 ./SDK/startup/startup_mk64f12.o
                0x00003958                Read_Collision_IRQHandler
 .text.LVD_LVW_IRQHandler
                0x00003960        0x8 ./SDK/startup/startup_mk64f12.o
                0x00003960                LVD_LVW_IRQHandler
 .text.LLWU_IRQHandler
                0x00003968        0x8 ./SDK/startup/startup_mk64f12.o
                0x00003968                LLWU_IRQHandler
 .text.WDOG_EWM_IRQHandler
                0x00003970        0x8 ./SDK/startup/startup_mk64f12.o
                0x00003970                WDOG_EWM_IRQHandler
 .text.RNG_IRQHandler
                0x00003978        0x8 ./SDK/startup/startup_mk64f12.o
                0x00003978                RNG_IRQHandler
 .text.I2C0_IRQHandler
                0x00003980        0x8 ./SDK/startup/startup_mk64f12.o
                0x00003980                I2C0_IRQHandler
 .text.I2C1_IRQHandler
                0x00003988        0x8 ./SDK/startup/startup_mk64f12.o
                0x00003988                I2C1_IRQHandler
 .text.SPI0_IRQHandler
                0x00003990        0x8 ./SDK/startup/startup_mk64f12.o
                0x00003990                SPI0_IRQHandler
 .text.SPI1_IRQHandler
                0x00003998        0x8 ./SDK/startup/startup_mk64f12.o
                0x00003998                SPI1_IRQHandler
 .text.I2S0_Tx_IRQHandler
                0x000039a0        0x8 ./SDK/startup/startup_mk64f12.o
                0x000039a0                I2S0_Tx_IRQHandler
 .text.I2S0_Rx_IRQHandler
                0x000039a8        0x8 ./SDK/startup/startup_mk64f12.o
                0x000039a8                I2S0_Rx_IRQHandler
 .text.CMP0_IRQHandler
                0x000039b0        0x8 ./SDK/startup/startup_mk64f12.o
                0x000039b0                CMP0_IRQHandler
 .text.CMP1_IRQHandler
                0x000039b8        0x8 ./SDK/startup/startup_mk64f12.o
                0x000039b8                CMP1_IRQHandler
 .text.CMT_IRQHandler
                0x000039c0        0x8 ./SDK/startup/startup_mk64f12.o
                0x000039c0                CMT_IRQHandler
 .text.RTC_IRQHandler
                0x000039c8        0x8 ./SDK/startup/startup_mk64f12.o
                0x000039c8                RTC_IRQHandler
 .text.RTC_Seconds_IRQHandler
                0x000039d0        0x8 ./SDK/startup/startup_mk64f12.o
                0x000039d0                RTC_Seconds_IRQHandler
 .text.PDB0_IRQHandler
                0x000039d8        0x8 ./SDK/startup/startup_mk64f12.o
                0x000039d8                PDB0_IRQHandler
 .text.USB0_IRQHandler
                0x000039e0        0x8 ./SDK/startup/startup_mk64f12.o
                0x000039e0                USB0_IRQHandler
 .text.USBDCD_IRQHandler
                0x000039e8        0x8 ./SDK/startup/startup_mk64f12.o
                0x000039e8                USBDCD_IRQHandler
 .text.Reserved71_IRQHandler
                0x000039f0        0x8 ./SDK/startup/startup_mk64f12.o
                0x000039f0                Reserved71_IRQHandler
 .text.MCG_IRQHandler
                0x000039f8        0x8 ./SDK/startup/startup_mk64f12.o
                0x000039f8                MCG_IRQHandler
 .text.LPTMR0_IRQHandler
                0x00003a00        0x8 ./SDK/startup/startup_mk64f12.o
                0x00003a00                LPTMR0_IRQHandler
 .text.SWI_IRQHandler
                0x00003a08        0x8 ./SDK/startup/startup_mk64f12.o
                0x00003a08                SWI_IRQHandler
 .text.SPI2_IRQHandler
                0x00003a10        0x8 ./SDK/startup/startup_mk64f12.o
                0x00003a10                SPI2_IRQHandler
 .text.UART5_RX_TX_IRQHandler
                0x00003a18        0x8 ./SDK/startup/startup_mk64f12.o
                0x00003a18                UART5_RX_TX_IRQHandler
 .text.UART5_ERR_IRQHandler
                0x00003a20        0x8 ./SDK/startup/startup_mk64f12.o
                0x00003a20                UART5_ERR_IRQHandler
 .text.CMP2_IRQHandler
                0x00003a28        0x8 ./SDK/startup/startup_mk64f12.o
                0x00003a28                CMP2_IRQHandler
 .text.FTM3_IRQHandler
                0x00003a30        0x8 ./SDK/startup/startup_mk64f12.o
                0x00003a30                FTM3_IRQHandler
 .text.DAC1_IRQHandler
                0x00003a38        0x8 ./SDK/startup/startup_mk64f12.o
                0x00003a38                DAC1_IRQHandler
 .text.I2C2_IRQHandler
                0x00003a40        0x8 ./SDK/startup/startup_mk64f12.o
                0x00003a40                I2C2_IRQHandler
 .text.CAN0_ORed_Message_buffer_IRQHandler
                0x00003a48        0x8 ./SDK/startup/startup_mk64f12.o
                0x00003a48                CAN0_ORed_Message_buffer_IRQHandler
 .text.CAN0_Bus_Off_IRQHandler
                0x00003a50        0x8 ./SDK/startup/startup_mk64f12.o
                0x00003a50                CAN0_Bus_Off_IRQHandler
 .text.CAN0_Error_IRQHandler
                0x00003a58        0x8 ./SDK/startup/startup_mk64f12.o
                0x00003a58                CAN0_Error_IRQHandler
 .text.CAN0_Tx_Warning_IRQHandler
                0x00003a60        0x8 ./SDK/startup/startup_mk64f12.o
                0x00003a60                CAN0_Tx_Warning_IRQHandler
 .text.CAN0_Rx_Warning_IRQHandler
                0x00003a68        0x8 ./SDK/startup/startup_mk64f12.o
                0x00003a68                CAN0_Rx_Warning_IRQHandler
 .text.CAN0_Wake_Up_IRQHandler
                0x00003a70        0x8 ./SDK/startup/startup_mk64f12.o
                0x00003a70                CAN0_Wake_Up_IRQHandler
 .text.SDHC_IRQHandler
                0x00003a78        0x8 ./SDK/startup/startup_mk64f12.o
                0x00003a78                SDHC_IRQHandler
 .text.ENET_1588_Timer_IRQHandler
                0x00003a80        0x8 ./SDK/startup/startup_mk64f12.o
                0x00003a80                ENET_1588_Timer_IRQHandler
 .text.ENET_Transmit_IRQHandler
                0x00003a88        0x8 ./SDK/startup/startup_mk64f12.o
                0x00003a88                ENET_Transmit_IRQHandler
 .text.ENET_Receive_IRQHandler
                0x00003a90        0x8 ./SDK/startup/startup_mk64f12.o
                0x00003a90                ENET_Receive_IRQHandler
 .text.ENET_Error_IRQHandler
                0x00003a98        0x8 ./SDK/startup/startup_mk64f12.o
                0x00003a98                ENET_Error_IRQHandler
 .text.SystemInitHook
                0x00003aa0        0xe ./SDK/CMSIS/system_MK64F12.o
                0x00003aa0                SystemInitHook
 .text.sin      0x00003aae       0x40 c:/nxp/mcuxpressoide_10.2.0_759/ide/tools/bin/../lib/gcc/arm-none-eabi/7.2.1/../../../../arm-none-eabi/lib/thumb/v7e-m/fpv4-sp/hard\libcr_c.a(sin.o)
                0x00003aae                sin
 .text.fabs     0x00003aee       0x22 c:/nxp/mcuxpressoide_10.2.0_759/ide/tools/bin/../lib/gcc/arm-none-eabi/7.2.1/../../../../arm-none-eabi/lib/thumb/v7e-m/fpv4-sp/hard\libcr_c.a(fabs.o)
                0x00003aee                fabs
 .text.__aeabi_d2iz
                0x00003b10       0x40 c:/nxp/mcuxpressoide_10.2.0_759/ide/tools/bin/../lib/gcc/arm-none-eabi/7.2.1/thumb/v7e-m/fpv4-sp/hard\libcr_eabihelpers.a(double.o)
                0x00003b10                __aeabi_d2iz
 .text.__aeabi_d2uiz
                0x00003b50       0x30 c:/nxp/mcuxpressoide_10.2.0_759/ide/tools/bin/../lib/gcc/arm-none-eabi/7.2.1/thumb/v7e-m/fpv4-sp/hard\libcr_eabihelpers.a(double.o)
                0x00003b50                __aeabi_d2uiz
 .text.__bhs_ui2d
                0x00003b80       0x46 c:/nxp/mcuxpressoide_10.2.0_759/ide/tools/bin/../lib/gcc/arm-none-eabi/7.2.1/thumb/v7e-m/fpv4-sp/hard\libcr_eabihelpers.a(double.o)
                0x00003b80                __bhs_ui2d
 .text.__aeabi_i2d
                0x00003bc6       0x12 c:/nxp/mcuxpressoide_10.2.0_759/ide/tools/bin/../lib/gcc/arm-none-eabi/7.2.1/thumb/v7e-m/fpv4-sp/hard\libcr_eabihelpers.a(double.o)
                0x00003bc6                __aeabi_i2d
 .text.__aeabi_ui2d
                0x00003bd8        0x8 c:/nxp/mcuxpressoide_10.2.0_759/ide/tools/bin/../lib/gcc/arm-none-eabi/7.2.1/thumb/v7e-m/fpv4-sp/hard\libcr_eabihelpers.a(double.o)
                0x00003bd8                __aeabi_ui2d
 .text.__aeabi_dcmplt
                0x00003be0       0x58 c:/nxp/mcuxpressoide_10.2.0_759/ide/tools/bin/../lib/gcc/arm-none-eabi/7.2.1/thumb/v7e-m/fpv4-sp/hard\libcr_eabihelpers.a(double.o)
                0x00003be0                __aeabi_dcmplt
 .text.__aeabi_dcmpge
                0x00003c38       0x58 c:/nxp/mcuxpressoide_10.2.0_759/ide/tools/bin/../lib/gcc/arm-none-eabi/7.2.1/thumb/v7e-m/fpv4-sp/hard\libcr_eabihelpers.a(double.o)
                0x00003c38                __aeabi_dcmpge
 *(SORT_BY_ALIGNMENT(.rodata) SORT_BY_ALIGNMENT(.rodata.*) SORT_BY_ALIGNMENT(.constdata) SORT_BY_ALIGNMENT(.constdata.*))
 .rodata.__huge_val
                0x00003c90        0x8 c:/nxp/mcuxpressoide_10.2.0_759/ide/tools/bin/../lib/gcc/arm-none-eabi/7.2.1/../../../../arm-none-eabi/lib/thumb/v7e-m/fpv4-sp/hard\libcr_c.a(_hugeval.o)
                0x00003c90                __huge_val
 .rodata        0x00003c98       0x30 ./source/gpio.o
 .rodata        0x00003cc8       0x2c ./source/uart.o
                0x00003cf8                . = ALIGN (0x8)
 *fill*         0x00003cf4        0x4 ff

.glue_7         0x00003cf8        0x0
 .glue_7        0x00003cf8        0x0 linker stubs

.glue_7t        0x00003cf8        0x0
 .glue_7t       0x00003cf8        0x0 linker stubs

.vfp11_veneer   0x00003cf8        0x0
 .vfp11_veneer  0x00003cf8        0x0 linker stubs

.v4_bx          0x00003cf8        0x0
 .v4_bx         0x00003cf8        0x0 linker stubs

.iplt           0x00003cf8        0x0
 .iplt          0x00003cf8        0x0 ./source/ADC.o

.rel.dyn        0x00003cf8        0x0
 .rel.iplt      0x00003cf8        0x0 ./source/ADC.o

.ARM.extab
 *(SORT_BY_ALIGNMENT(.ARM.extab*) SORT_BY_ALIGNMENT(.gnu.linkonce.armextab.*))
                0x00003cf8                __exidx_start = .

.ARM.exidx
 *(SORT_BY_ALIGNMENT(.ARM.exidx*) SORT_BY_ALIGNMENT(.gnu.linkonce.armexidx.*))
                0x00003cf8                __exidx_end = .
                0x00003cf8                _etext = .

.m_usb_data
 *(SORT_BY_ALIGNMENT(m_usb_bdt))

.data_RAM2      0x1fff0000        0x0 load address 0x00003cf8
 FILL mask 0xff
                [!provide]                PROVIDE (__start_data_RAM2, .)
 *(SORT_BY_ALIGNMENT(.ramfunc.$RAM2))
 *(SORT_BY_ALIGNMENT(.ramfunc.$SRAM_LOWER))
 *(SORT_BY_ALIGNMENT(.data.$RAM2*))
 *(SORT_BY_ALIGNMENT(.data.$SRAM_LOWER*))
                0x1fff0000                . = ALIGN (0x8)
                [!provide]                PROVIDE (__end_data_RAM2, .)

.data_RAM3      0x14000000        0x0 load address 0x00003cf8
 FILL mask 0xff
                [!provide]                PROVIDE (__start_data_RAM3, .)
 *(SORT_BY_ALIGNMENT(.ramfunc.$RAM3))
 *(SORT_BY_ALIGNMENT(.ramfunc.$FLEX_RAM))
 *(SORT_BY_ALIGNMENT(.data.$RAM3*))
 *(SORT_BY_ALIGNMENT(.data.$FLEX_RAM*))
                0x14000000                . = ALIGN (0x8)
                [!provide]                PROVIDE (__end_data_RAM3, .)

.uninit_RESERVED
                0x20000000        0x0
 *(SORT_BY_ALIGNMENT(.bss.$RESERVED*))
                0x20000000                . = ALIGN (0x4)
                0x20000000                _end_uninit_RESERVED = .

.data           0x20000000       0x90 load address 0x00003cf8
 FILL mask 0xff
                0x20000000                _data = .
 *(SORT_BY_ALIGNMENT(vtable))
 *(SORT_BY_ALIGNMENT(.ramfunc*))
 *(SORT_BY_ALIGNMENT(.data*))
 .data.i.7802   0x20000000        0x4 ./source/App.o
 .data.arrayP2DAC
                0x20000004        0x8 ./source/DAC.o
                0x20000004                arrayP2DAC
 .data.last_fir_output
                0x2000000c        0x4 ./source/FSK_Demodulator.o
 .data.fir_coeffs
                0x20000010       0x4c ./source/FSK_Demodulator.o
 .data.arrayP2FTM
                0x2000005c       0x10 ./source/FTM.o
                0x2000005c                arrayP2FTM
 .data.arrayFTMirqs
                0x2000006c        0x4 ./source/FTM.o
                0x2000006c                arrayFTMirqs
 .data.ticksScale
                0x20000070        0x4 ./source/measureFreq.o
                0x20000070                ticksScale
 .data.markersRXbuffer
                0x20000074       0x14 ./source/uart.o
 .data.key      0x20000088        0x1 ./source/App.o
                0x20000088                key
 .data.idle     0x20000089        0x1 ./source/FSK_Demodulator.o
                0x20000090                . = ALIGN (0x8)
 *fill*         0x2000008a        0x6 ff
                0x20000090                _edata = .

.igot.plt       0x20000090        0x0 load address 0x00003d88
 .igot.plt      0x20000090        0x0 ./source/ADC.o

.bss_RAM2       0x1fff0000        0x0
                [!provide]                PROVIDE (__start_bss_RAM2, .)
 *(SORT_BY_ALIGNMENT(.bss.$RAM2*))
 *(SORT_BY_ALIGNMENT(.bss.$SRAM_LOWER*))
                0x1fff0000                . = ALIGN ((. != 0x0)?0x8:0x1)
                [!provide]                PROVIDE (__end_bss_RAM2, .)

.bss_RAM3       0x14000000        0x0
                [!provide]                PROVIDE (__start_bss_RAM3, .)
 *(SORT_BY_ALIGNMENT(.bss.$RAM3*))
 *(SORT_BY_ALIGNMENT(.bss.$FLEX_RAM*))
                0x14000000                . = ALIGN ((. != 0x0)?0x8:0x1)
                [!provide]                PROVIDE (__end_bss_RAM3, .)

.bss            0x20000090      0xa40
                0x20000090                _bss = .
 *(SORT_BY_ALIGNMENT(.bss*))
 .bss.ADC       0x20000090        0x4 ./source/ADC.o
 .bss.func      0x20000094        0x4 ./source/ADC.o
 .bss.debugFlag
                0x20000098        0x4 ./source/App.o
                0x20000098                debugFlag
 .bss.frame_to_send
                0x2000009c        0xb ./source/App.o
 *fill*         0x200000a7        0x1 
 .bss.freq      0x200000a8        0x4 ./source/App.o
                0x200000a8                freq
 .bss.DAC0callback
                0x200000ac        0x4 ./source/DAC.o
                0x200000ac                DAC0callback
 .bss.FSK_signal
                0x200000b0       0xa4 ./source/FSK_Demodulator.o
 .bss.PreFiltered_signal
                0x20000154       0xa4 ./source/FSK_Demodulator.o
 .bss.last_sample_value
                0x200001f8        0x4 ./source/FSK_Demodulator.o
 .bss.average_aux
                0x200001fc        0x4 ./source/FSK_Demodulator.o
 .bss.fs        0x20000200        0x4 ./source/FSK_Demodulator.o
 .bss.arrayFTMcallbacks
                0x20000204       0x10 ./source/FTM.o
                0x20000204                arrayFTMcallbacks
 .bss.timerEnabled
                0x20000214        0x4 ./source/PIT.o
 .bss.timerInChainMode
                0x20000218        0x4 ./source/PIT.o
 .bss.pitFuns   0x2000021c       0x10 ./source/PIT.o
 .bss.sysTickFun
                0x2000022c        0x4 ./source/SysTick.o
                0x2000022c                sysTickFun
 .bss.signal_frame
                0x20000230        0xb ./source/bitStreamQueue.o
 *fill*         0x2000023b        0x1 
 .bss.frame_index
                0x2000023c        0x4 ./source/bitStreamQueue.o
 .bss.p2irqFunctions
                0x20000240      0x280 ./source/gpio.o
                0x20000240                p2irqFunctions
 .bss.dif       0x200004c0        0x4 ./source/measureFreq.o
                0x200004c0                dif
 .bss.measureDataBase
                0x200004c4        0xc ./source/measureFreq.o
                0x200004c4                measureDataBase
 .bss.i.5017    0x200004d0        0x4 ./source/measureFreq.o
 .bss.firstMeasure.5018
                0x200004d4        0x4 ./source/measureFreq.o
 .bss.secondMeasure.5019
                0x200004d8        0x4 ./source/measureFreq.o
 .bss.difAux.5020
                0x200004dc        0x4 ./source/measureFreq.o
 .bss.timers    0x200004e0       0x70 ./source/timer.o
 .bss.uartMode  0x20000550        0x5 ./source/uart.o
 *fill*         0x20000555        0x3 
 .bss.RXbuffers
                0x20000558       0x28 ./source/uart.o
 .bss.flagsReading
                0x20000580        0x5 ./source/uart.o
 *fill*         0x20000585        0x3 
 .bss.countersRXfailed
                0x20000588        0x5 ./source/uart.o
 *fill*         0x2000058d        0x3 
 .bss.TXbuffers
                0x20000590      0x3e8 ./source/uart.o
 .bss.outMarkersTXbuffer
                0x20000978        0x5 ./source/uart.o
 *fill*         0x2000097d        0x3 
 .bss.inMarkersTXbuffer
                0x20000980        0x5 ./source/uart.o
 *fill*         0x20000985        0x3 
 .bss.lensTXbuffer
                0x20000988        0x5 ./source/uart.o
 *fill*         0x2000098d        0x3 
 .bss.wavesArray
                0x20000990       0x24 ./source/waveGen.o
                0x20000990                wavesArray
 .bss.senLUT    0x200009b4       0x80 ./source/waveGen.o
                0x200009b4                senLUT
 .bss.pwmSenLUT
                0x20000a34       0x80 ./source/waveGen.o
                0x20000a34                pwmSenLUT
 .bss.rpAux.5921
                0x20000ab4        0x4 ./source/waveGen.o
 .bss.i.5920    0x20000ab8        0x4 ./source/waveGen.o
 .bss.counter.5937
                0x20000abc        0x4 ./source/waveGen.o
 .bss.__LDM_interruptDisableCount
                0x20000ac0        0x4 ./SDK/startup/hardware.o
 .bss.errno     0x20000ac4        0x4 c:/nxp/mcuxpressoide_10.2.0_759/ide/tools/bin/../lib/gcc/arm-none-eabi/7.2.1/../../../../arm-none-eabi/lib/thumb/v7e-m/fpv4-sp/hard\libcr_c.a(errno.o)
                0x20000ac4                errno
 .bss.initialized
                0x20000ac8        0x1 ./source/ADC.o
                0x20000ac8                initialized
 .bss.sample_counter
                0x20000ac9        0x1 ./source/FSK_Demodulator.o
 .bss.idle_counter
                0x20000aca        0x1 ./source/FSK_Demodulator.o
 .bss.symbol_detected
                0x20000acb        0x1 ./source/FSK_Demodulator.o
 .bss.prev_samples
                0x20000acc        0x1 ./source/FSK_Demodulator.o
 .bss.pitInitDone
                0x20000acd        0x1 ./source/PIT.o
 .bss.frame_ready
                0x20000ace        0x1 ./source/bitStreamQueue.o
 .bss.initialized
                0x20000acf        0x1 ./source/timer.o
 *(SORT_BY_ALIGNMENT(COMMON))
                0x20000ad0                . = ALIGN (0x8)
                0x20000ad0                _ebss = .
                [!provide]                PROVIDE (end, .)

.noinit_RAM2    0x1fff0000        0x0
 *(SORT_BY_ALIGNMENT(.noinit.$RAM2*))
 *(SORT_BY_ALIGNMENT(.noinit.$SRAM_LOWER*))
                0x1fff0000                . = ALIGN (0x8)

.noinit_RAM3    0x14000000        0x0
 *(SORT_BY_ALIGNMENT(.noinit.$RAM3*))
 *(SORT_BY_ALIGNMENT(.noinit.$FLEX_RAM*))
                0x14000000                . = ALIGN (0x8)

.noinit         0x20000ad0        0x0
                0x20000ad0                _noinit = .
 *(SORT_BY_ALIGNMENT(.noinit*))
                0x20000ad0                . = ALIGN (0x8)
                0x20000ad0                _end_noinit = .
                0x00001000                _HeapSize = 0x1000

.heap           0x20000ad0     0x1000
                0x20000ad0                _pvHeapStart = .
                0x20001ad0                . = (. + _HeapSize)
 *fill*         0x20000ad0     0x1000 
                0x20001ad0                . = ALIGN (0x8)
                0x20001ad0                _pvHeapLimit = .
                0x00001000                _StackSize = 0x1000

.heap2stackfill
                0x20001ad0     0x1000
                0x20002ad0                . = (. + _StackSize)
 *fill*         0x20001ad0     0x1000 

.stack          0x2002f000        0x0
                0x2002f000                _vStackBase = .
                0x2002f000                . = ALIGN (0x8)
                0x20030000                _vStackTop = (. + _StackSize)
                0x00000000                _image_start = LOADADDR (.text)
                0x00003d88                _image_end = (LOADADDR (.data) + SIZEOF (.data))
                0x00003d88                _image_size = (_image_end - _image_start)
OUTPUT(FSK.axf elf32-littlearm)

.debug_info     0x00000000     0x9658
 .debug_info    0x00000000      0xc0d ./source/ADC.o
 .debug_info    0x00000c0d      0xe87 ./source/App.o
 .debug_info    0x00001a94      0xa46 ./source/DAC.o
 .debug_info    0x000024da      0x33d ./source/FSK_Demodulator.o
 .debug_info    0x00002817     0x10bd ./source/FTM.o
 .debug_info    0x000038d4      0xa70 ./source/PIT.o
 .debug_info    0x00004344      0x522 ./source/SysTick.o
 .debug_info    0x00004866      0x26a ./source/bitStreamQueue.o
 .debug_info    0x00004ad0      0xdf4 ./source/gpio.o
 .debug_info    0x000058c4      0x3c3 ./source/measureFreq.o
 .debug_info    0x00005c87      0x25b ./source/timer.o
 .debug_info    0x00005ee2     0x10c8 ./source/uart.o
 .debug_info    0x00006faa     0x109b ./source/waveGen.o
 .debug_info    0x00008045      0x675 ./SDK/startup/hardware.o
 .debug_info    0x000086ba       0xb7 ./SDK/startup/main.o
 .debug_info    0x00008771       0x3b ./SDK/startup/semihost_hardfault.o
 .debug_info    0x000087ac      0x8b0 ./SDK/startup/startup_mk64f12.o
 .debug_info    0x0000905c      0x5fc ./SDK/CMSIS/system_MK64F12.o

.debug_abbrev   0x00000000     0x1f0f
 .debug_abbrev  0x00000000      0x249 ./source/ADC.o
 .debug_abbrev  0x00000249      0x289 ./source/App.o
 .debug_abbrev  0x000004d2      0x245 ./source/DAC.o
 .debug_abbrev  0x00000717      0x138 ./source/FSK_Demodulator.o
 .debug_abbrev  0x0000084f      0x30d ./source/FTM.o
 .debug_abbrev  0x00000b5c      0x23d ./source/PIT.o
 .debug_abbrev  0x00000d99      0x1a5 ./source/SysTick.o
 .debug_abbrev  0x00000f3e      0x13c ./source/bitStreamQueue.o
 .debug_abbrev  0x0000107a      0x290 ./source/gpio.o
 .debug_abbrev  0x0000130a      0x133 ./source/measureFreq.o
 .debug_abbrev  0x0000143d      0x130 ./source/timer.o
 .debug_abbrev  0x0000156d      0x2ae ./source/uart.o
 .debug_abbrev  0x0000181b      0x275 ./source/waveGen.o
 .debug_abbrev  0x00001a90      0x138 ./SDK/startup/hardware.o
 .debug_abbrev  0x00001bc8       0x7d ./SDK/startup/main.o
 .debug_abbrev  0x00001c45       0x2f ./SDK/startup/semihost_hardfault.o
 .debug_abbrev  0x00001c74      0x15c ./SDK/startup/startup_mk64f12.o
 .debug_abbrev  0x00001dd0      0x13f ./SDK/CMSIS/system_MK64F12.o

.debug_aranges  0x00000000      0x9c8
 .debug_aranges
                0x00000000       0x60 ./source/ADC.o
 .debug_aranges
                0x00000060       0x38 ./source/App.o
 .debug_aranges
                0x00000098       0x68 ./source/DAC.o
 .debug_aranges
                0x00000100       0x40 ./source/FSK_Demodulator.o
 .debug_aranges
                0x00000140       0xd0 ./source/FTM.o
 .debug_aranges
                0x00000210       0xa0 ./source/PIT.o
 .debug_aranges
                0x000002b0       0x30 ./source/SysTick.o
 .debug_aranges
                0x000002e0       0x58 ./source/bitStreamQueue.o
 .debug_aranges
                0x00000338       0xc8 ./source/gpio.o
 .debug_aranges
                0x00000400       0x40 ./source/measureFreq.o
 .debug_aranges
                0x00000440       0x50 ./source/timer.o
 .debug_aranges
                0x00000490       0xf8 ./source/uart.o
 .debug_aranges
                0x00000588       0x70 ./source/waveGen.o
 .debug_aranges
                0x000005f8       0x30 ./SDK/startup/hardware.o
 .debug_aranges
                0x00000628       0x20 ./SDK/startup/main.o
 .debug_aranges
                0x00000648       0x20 ./SDK/startup/semihost_hardfault.o
 .debug_aranges
                0x00000668      0x330 ./SDK/startup/startup_mk64f12.o
 .debug_aranges
                0x00000998       0x30 ./SDK/CMSIS/system_MK64F12.o

.debug_ranges   0x00000000      0x8a8
 .debug_ranges  0x00000000       0x50 ./source/ADC.o
 .debug_ranges  0x00000050       0x28 ./source/App.o
 .debug_ranges  0x00000078       0x58 ./source/DAC.o
 .debug_ranges  0x000000d0       0x30 ./source/FSK_Demodulator.o
 .debug_ranges  0x00000100       0xc0 ./source/FTM.o
 .debug_ranges  0x000001c0       0x90 ./source/PIT.o
 .debug_ranges  0x00000250       0x20 ./source/SysTick.o
 .debug_ranges  0x00000270       0x48 ./source/bitStreamQueue.o
 .debug_ranges  0x000002b8       0xb8 ./source/gpio.o
 .debug_ranges  0x00000370       0x30 ./source/measureFreq.o
 .debug_ranges  0x000003a0       0x40 ./source/timer.o
 .debug_ranges  0x000003e0       0xe8 ./source/uart.o
 .debug_ranges  0x000004c8       0x60 ./source/waveGen.o
 .debug_ranges  0x00000528       0x20 ./SDK/startup/hardware.o
 .debug_ranges  0x00000548       0x10 ./SDK/startup/main.o
 .debug_ranges  0x00000558       0x10 ./SDK/startup/semihost_hardfault.o
 .debug_ranges  0x00000568      0x320 ./SDK/startup/startup_mk64f12.o
 .debug_ranges  0x00000888       0x20 ./SDK/CMSIS/system_MK64F12.o

.debug_macro    0x00000000    0x129ab
 .debug_macro   0x00000000       0x87 ./source/ADC.o
 .debug_macro   0x00000087      0xa5a ./source/ADC.o
 .debug_macro   0x00000ae1       0x22 ./source/ADC.o
 .debug_macro   0x00000b03      0x34e ./source/ADC.o
 .debug_macro   0x00000e51       0x5c ./source/ADC.o
 .debug_macro   0x00000ead       0x1c ./source/ADC.o
 .debug_macro   0x00000ec9       0x22 ./source/ADC.o
 .debug_macro   0x00000eeb       0xdf ./source/ADC.o
 .debug_macro   0x00000fca      0xecf ./source/ADC.o
 .debug_macro   0x00001e99       0x48 ./source/ADC.o
 .debug_macro   0x00001ee1     0xe07b ./source/ADC.o
 .debug_macro   0x0000ff5c      0x1b4 ./source/App.o
 .debug_macro   0x00010110       0x40 ./source/App.o
 .debug_macro   0x00010150       0x16 ./source/App.o
 .debug_macro   0x00010166       0x22 ./source/App.o
 .debug_macro   0x00010188       0x52 ./source/App.o
 .debug_macro   0x000101da       0x17 ./source/App.o
 .debug_macro   0x000101f1       0x8d ./source/App.o
 .debug_macro   0x0001027e       0x35 ./source/App.o
 .debug_macro   0x000102b3       0x9c ./source/App.o
 .debug_macro   0x0001034f      0x174 ./source/App.o
 .debug_macro   0x000104c3       0x57 ./source/App.o
 .debug_macro   0x0001051a       0x58 ./source/App.o
 .debug_macro   0x00010572       0x1f ./source/App.o
 .debug_macro   0x00010591       0x43 ./source/App.o
 .debug_macro   0x000105d4       0x20 ./source/App.o
 .debug_macro   0x000105f4      0x18e ./source/App.o
 .debug_macro   0x00010782      0x330 ./source/App.o
 .debug_macro   0x00010ab2      0x1e1 ./source/App.o
 .debug_macro   0x00010c93       0xd9 ./source/App.o
 .debug_macro   0x00010d6c       0x3a ./source/App.o
 .debug_macro   0x00010da6       0x16 ./source/App.o
 .debug_macro   0x00010dbc       0x10 ./source/App.o
 .debug_macro   0x00010dcc       0xa7 ./source/DAC.o
 .debug_macro   0x00010e73       0x28 ./source/DAC.o
 .debug_macro   0x00010e9b       0xe1 ./source/FSK_Demodulator.o
 .debug_macro   0x00010f7c       0xad ./source/FTM.o
 .debug_macro   0x00011029       0x22 ./source/FTM.o
 .debug_macro   0x0001104b       0x9e ./source/PIT.o
 .debug_macro   0x000110e9       0x10 ./source/PIT.o
 .debug_macro   0x000110f9       0x96 ./source/SysTick.o
 .debug_macro   0x0001118f       0x55 ./source/bitStreamQueue.o
 .debug_macro   0x000111e4       0xa4 ./source/gpio.o
 .debug_macro   0x00011288       0x3f ./source/measureFreq.o
 .debug_macro   0x000112c7       0x58 ./source/timer.o
 .debug_macro   0x0001131f       0x10 ./source/timer.o
 .debug_macro   0x0001132f      0x118 ./source/uart.o
 .debug_macro   0x00011447       0x10 ./source/uart.o
 .debug_macro   0x00011457     0x122b ./source/uart.o
 .debug_macro   0x00012682       0x16 ./source/uart.o
 .debug_macro   0x00012698      0x121 ./source/waveGen.o
 .debug_macro   0x000127b9       0x9c ./SDK/startup/hardware.o
 .debug_macro   0x00012855       0x9c ./SDK/startup/main.o
 .debug_macro   0x000128f1       0x11 ./SDK/startup/semihost_hardfault.o
 .debug_macro   0x00012902       0x29 ./SDK/startup/startup_mk64f12.o
 .debug_macro   0x0001292b       0x80 ./SDK/CMSIS/system_MK64F12.o

.debug_line     0x00000000     0x2f0b
 .debug_line    0x00000000      0x202 ./source/ADC.o
 .debug_line    0x00000202      0x3a8 ./source/App.o
 .debug_line    0x000005aa      0x22c ./source/DAC.o
 .debug_line    0x000007d6      0x202 ./source/FSK_Demodulator.o
 .debug_line    0x000009d8      0x40b ./source/FTM.o
 .debug_line    0x00000de3      0x2fe ./source/PIT.o
 .debug_line    0x000010e1      0x178 ./source/SysTick.o
 .debug_line    0x00001259      0x185 ./source/bitStreamQueue.o
 .debug_line    0x000013de      0x347 ./source/gpio.o
 .debug_line    0x00001725      0x13e ./source/measureFreq.o
 .debug_line    0x00001863      0x17a ./source/timer.o
 .debug_line    0x000019dd      0x555 ./source/uart.o
 .debug_line    0x00001f32      0x398 ./source/waveGen.o
 .debug_line    0x000022ca      0x1d4 ./SDK/startup/hardware.o
 .debug_line    0x0000249e      0x175 ./SDK/startup/main.o
 .debug_line    0x00002613       0x59 ./SDK/startup/semihost_hardfault.o
 .debug_line    0x0000266c      0x6d8 ./SDK/startup/startup_mk64f12.o
 .debug_line    0x00002d44      0x1c7 ./SDK/CMSIS/system_MK64F12.o

.debug_str      0x00000000    0x7da49
 .debug_str     0x00000000    0x70ce9 ./source/ADC.o
                              0x70ed9 (size before relaxing)
 .debug_str     0x00070ce9     0x3f0e ./source/App.o
                              0x747b7 (size before relaxing)
 .debug_str     0x00074bf7      0x2d4 ./source/DAC.o
                              0x70e5f (size before relaxing)
 .debug_str     0x00074ecb      0x221 ./source/FSK_Demodulator.o
                              0x7079e (size before relaxing)
 .debug_str     0x000750ec      0x608 ./source/FTM.o
                              0x711b9 (size before relaxing)
 .debug_str     0x000756f4      0x1ea ./source/PIT.o
                              0x70d19 (size before relaxing)
 .debug_str     0x000758de       0xaa ./source/SysTick.o
                              0x70da9 (size before relaxing)
 .debug_str     0x00075988      0x11f ./source/bitStreamQueue.o
                               0x395a (size before relaxing)
 .debug_str     0x00075aa7      0x2d6 ./source/gpio.o
                              0x70e5e (size before relaxing)
 .debug_str     0x00075d7d      0x14b ./source/measureFreq.o
                               0x3185 (size before relaxing)
 .debug_str     0x00075ec8      0x12f ./source/timer.o
                               0x39e5 (size before relaxing)
 .debug_str     0x00075ff7     0x707b ./source/uart.o
                              0x77cf3 (size before relaxing)
 .debug_str     0x0007d072      0x171 ./source/waveGen.o
                               0x7b3d (size before relaxing)
 .debug_str     0x0007d1e3      0x16f ./SDK/startup/hardware.o
                              0x771f3 (size before relaxing)
 .debug_str     0x0007d352       0x1b ./SDK/startup/main.o
                              0x76fc7 (size before relaxing)
 .debug_str     0x0007d36d       0x36 ./SDK/startup/semihost_hardfault.o
                               0x2d2d (size before relaxing)
 .debug_str     0x0007d3a3      0x644 ./SDK/startup/startup_mk64f12.o
                               0x359b (size before relaxing)
 .debug_str     0x0007d9e7       0x62 ./SDK/CMSIS/system_MK64F12.o
                              0x77102 (size before relaxing)

.comment        0x00000000       0x7e
 .comment       0x00000000       0x7e ./source/ADC.o
                                 0x7f (size before relaxing)
 .comment       0x0000007e       0x7f ./source/App.o
 .comment       0x0000007e       0x7f ./source/DAC.o
 .comment       0x0000007e       0x7f ./source/FSK_Demodulator.o
 .comment       0x0000007e       0x7f ./source/FTM.o
 .comment       0x0000007e       0x7f ./source/PIT.o
 .comment       0x0000007e       0x7f ./source/SysTick.o
 .comment       0x0000007e       0x7f ./source/bitStreamQueue.o
 .comment       0x0000007e       0x7f ./source/gpio.o
 .comment       0x0000007e       0x7f ./source/measureFreq.o
 .comment       0x0000007e       0x7f ./source/timer.o
 .comment       0x0000007e       0x7f ./source/uart.o
 .comment       0x0000007e       0x7f ./source/waveGen.o
 .comment       0x0000007e       0x7f ./SDK/startup/hardware.o
 .comment       0x0000007e       0x7f ./SDK/startup/main.o
 .comment       0x0000007e       0x7f ./SDK/startup/semihost_hardfault.o
 .comment       0x0000007e       0x7f ./SDK/startup/startup_mk64f12.o
 .comment       0x0000007e       0x7f ./SDK/CMSIS/system_MK64F12.o
 .comment       0x0000007e       0x7f c:/nxp/mcuxpressoide_10.2.0_759/ide/tools/bin/../lib/gcc/arm-none-eabi/7.2.1/../../../../arm-none-eabi/lib/thumb/v7e-m/fpv4-sp/hard\libcr_c.a(sin.o)
 .comment       0x0000007e       0x7f c:/nxp/mcuxpressoide_10.2.0_759/ide/tools/bin/../lib/gcc/arm-none-eabi/7.2.1/../../../../arm-none-eabi/lib/thumb/v7e-m/fpv4-sp/hard\libcr_c.a(_sincos.o)
 .comment       0x0000007e       0x7f c:/nxp/mcuxpressoide_10.2.0_759/ide/tools/bin/../lib/gcc/arm-none-eabi/7.2.1/../../../../arm-none-eabi/lib/thumb/v7e-m/fpv4-sp/hard\libcr_c.a(errno.o)
 .comment       0x0000007e       0x7f c:/nxp/mcuxpressoide_10.2.0_759/ide/tools/bin/../lib/gcc/arm-none-eabi/7.2.1/../../../../arm-none-eabi/lib/thumb/v7e-m/fpv4-sp/hard\libcr_c.a(fabs.o)
 .comment       0x0000007e       0x7f c:/nxp/mcuxpressoide_10.2.0_759/ide/tools/bin/../lib/gcc/arm-none-eabi/7.2.1/../../../../arm-none-eabi/lib/thumb/v7e-m/fpv4-sp/hard\libcr_c.a(_hugeval.o)
 .comment       0x0000007e       0x7f c:/nxp/mcuxpressoide_10.2.0_759/ide/tools/bin/../lib/gcc/arm-none-eabi/7.2.1/thumb/v7e-m/fpv4-sp/hard\libcr_eabihelpers.a(double.o)
 .comment       0x0000007e       0x7f c:/nxp/mcuxpressoide_10.2.0_759/ide/tools/bin/../lib/gcc/arm-none-eabi/7.2.1/thumb/v7e-m/fpv4-sp/hard\libcr_eabihelpers.a(float.o)

.ARM.attributes
                0x00000000       0x39
 .ARM.attributes
                0x00000000       0x39 ./source/ADC.o
 .ARM.attributes
                0x00000039       0x39 ./source/App.o
 .ARM.attributes
                0x00000072       0x39 ./source/DAC.o
 .ARM.attributes
                0x000000ab       0x39 ./source/FSK_Demodulator.o
 .ARM.attributes
                0x000000e4       0x39 ./source/FTM.o
 .ARM.attributes
                0x0000011d       0x39 ./source/PIT.o
 .ARM.attributes
                0x00000156       0x39 ./source/SysTick.o
 .ARM.attributes
                0x0000018f       0x39 ./source/bitStreamQueue.o
 .ARM.attributes
                0x000001c8       0x39 ./source/gpio.o
 .ARM.attributes
                0x00000201       0x39 ./source/measureFreq.o
 .ARM.attributes
                0x0000023a       0x39 ./source/timer.o
 .ARM.attributes
                0x00000273       0x39 ./source/uart.o
 .ARM.attributes
                0x000002ac       0x39 ./source/waveGen.o
 .ARM.attributes
                0x000002e5       0x39 ./SDK/startup/hardware.o
 .ARM.attributes
                0x0000031e       0x39 ./SDK/startup/main.o
 .ARM.attributes
                0x00000357       0x39 ./SDK/startup/semihost_hardfault.o
 .ARM.attributes
                0x00000390       0x39 ./SDK/startup/startup_mk64f12.o
 .ARM.attributes
                0x000003c9       0x39 ./SDK/CMSIS/system_MK64F12.o
 .ARM.attributes
                0x00000402       0x39 c:/nxp/mcuxpressoide_10.2.0_759/ide/tools/bin/../lib/gcc/arm-none-eabi/7.2.1/../../../../arm-none-eabi/lib/thumb/v7e-m/fpv4-sp/hard\libcr_c.a(sin.o)
 .ARM.attributes
                0x0000043b       0x39 c:/nxp/mcuxpressoide_10.2.0_759/ide/tools/bin/../lib/gcc/arm-none-eabi/7.2.1/../../../../arm-none-eabi/lib/thumb/v7e-m/fpv4-sp/hard\libcr_c.a(_sincos.o)
 .ARM.attributes
                0x00000474       0x39 c:/nxp/mcuxpressoide_10.2.0_759/ide/tools/bin/../lib/gcc/arm-none-eabi/7.2.1/../../../../arm-none-eabi/lib/thumb/v7e-m/fpv4-sp/hard\libcr_c.a(errno.o)
 .ARM.attributes
                0x000004ad       0x39 c:/nxp/mcuxpressoide_10.2.0_759/ide/tools/bin/../lib/gcc/arm-none-eabi/7.2.1/../../../../arm-none-eabi/lib/thumb/v7e-m/fpv4-sp/hard\libcr_c.a(fabs.o)
 .ARM.attributes
                0x000004e6       0x39 c:/nxp/mcuxpressoide_10.2.0_759/ide/tools/bin/../lib/gcc/arm-none-eabi/7.2.1/../../../../arm-none-eabi/lib/thumb/v7e-m/fpv4-sp/hard\libcr_c.a(_hugeval.o)
 .ARM.attributes
                0x0000051f       0x39 c:/nxp/mcuxpressoide_10.2.0_759/ide/tools/bin/../lib/gcc/arm-none-eabi/7.2.1/thumb/v7e-m/fpv4-sp/hard\libcr_eabihelpers.a(double.o)
 .ARM.attributes
                0x00000558       0x39 c:/nxp/mcuxpressoide_10.2.0_759/ide/tools/bin/../lib/gcc/arm-none-eabi/7.2.1/thumb/v7e-m/fpv4-sp/hard\libcr_eabihelpers.a(float.o)

.debug_frame    0x00000000     0x20c4
 .debug_frame   0x00000000      0x14c ./source/ADC.o
 .debug_frame   0x0000014c       0x9c ./source/App.o
 .debug_frame   0x000001e8      0x188 ./source/DAC.o
 .debug_frame   0x00000370       0xcc ./source/FSK_Demodulator.o
 .debug_frame   0x0000043c      0x364 ./source/FTM.o
 .debug_frame   0x000007a0      0x270 ./source/PIT.o
 .debug_frame   0x00000a10       0x78 ./source/SysTick.o
 .debug_frame   0x00000a88      0x130 ./source/bitStreamQueue.o
 .debug_frame   0x00000bb8      0x350 ./source/gpio.o
 .debug_frame   0x00000f08       0xbc ./source/measureFreq.o
 .debug_frame   0x00000fc4      0x120 ./source/timer.o
 .debug_frame   0x000010e4      0x40c ./source/uart.o
 .debug_frame   0x000014f0      0x1a0 ./source/waveGen.o
 .debug_frame   0x00001690       0x70 ./SDK/startup/hardware.o
 .debug_frame   0x00001700       0x2c ./SDK/startup/main.o
 .debug_frame   0x0000172c       0x20 ./SDK/startup/semihost_hardfault.o
 .debug_frame   0x0000174c      0x904 ./SDK/startup/startup_mk64f12.o
 .debug_frame   0x00002050       0x74 ./SDK/CMSIS/system_MK64F12.o
