Archive member included to satisfy reference by file (symbol)

c:/nxp/mcuxpressoide_10.2.0_759/ide/tools/bin/../lib/gcc/arm-none-eabi/7.2.1/../../../../arm-none-eabi/lib/thumb/v7e-m/fpv4-sp/hard\libcr_c.a(memset.o)
                              ./source/waveGen.o (memset)
c:/nxp/mcuxpressoide_10.2.0_759/ide/tools/bin/../lib/gcc/arm-none-eabi/7.2.1/../../../../arm-none-eabi/lib/thumb/v7e-m/fpv4-sp/hard\libcr_c.a(sin.o)
                              ./source/waveGen.o (sin)
c:/nxp/mcuxpressoide_10.2.0_759/ide/tools/bin/../lib/gcc/arm-none-eabi/7.2.1/../../../../arm-none-eabi/lib/thumb/v7e-m/fpv4-sp/hard\libcr_c.a(_sincos.o)
                              c:/nxp/mcuxpressoide_10.2.0_759/ide/tools/bin/../lib/gcc/arm-none-eabi/7.2.1/../../../../arm-none-eabi/lib/thumb/v7e-m/fpv4-sp/hard\libcr_c.a(sin.o) (_sincos)
c:/nxp/mcuxpressoide_10.2.0_759/ide/tools/bin/../lib/gcc/arm-none-eabi/7.2.1/../../../../arm-none-eabi/lib/thumb/v7e-m/fpv4-sp/hard\libcr_c.a(errno.o)
                              c:/nxp/mcuxpressoide_10.2.0_759/ide/tools/bin/../lib/gcc/arm-none-eabi/7.2.1/../../../../arm-none-eabi/lib/thumb/v7e-m/fpv4-sp/hard\libcr_c.a(_sincos.o) (errno)
c:/nxp/mcuxpressoide_10.2.0_759/ide/tools/bin/../lib/gcc/arm-none-eabi/7.2.1/../../../../arm-none-eabi/lib/thumb/v7e-m/fpv4-sp/hard\libcr_c.a(fabs.o)
                              c:/nxp/mcuxpressoide_10.2.0_759/ide/tools/bin/../lib/gcc/arm-none-eabi/7.2.1/../../../../arm-none-eabi/lib/thumb/v7e-m/fpv4-sp/hard\libcr_c.a(_sincos.o) (fabs)
c:/nxp/mcuxpressoide_10.2.0_759/ide/tools/bin/../lib/gcc/arm-none-eabi/7.2.1/../../../../arm-none-eabi/lib/thumb/v7e-m/fpv4-sp/hard\libcr_c.a(_hugeval.o)
                              c:/nxp/mcuxpressoide_10.2.0_759/ide/tools/bin/../lib/gcc/arm-none-eabi/7.2.1/../../../../arm-none-eabi/lib/thumb/v7e-m/fpv4-sp/hard\libcr_c.a(_sincos.o) (__huge_val)
c:/nxp/mcuxpressoide_10.2.0_759/ide/tools/bin/../lib/gcc/arm-none-eabi/7.2.1/thumb/v7e-m/fpv4-sp/hard\libcr_eabihelpers.a(double.o)
                              ./source/FSK_Demodulator.o (__aeabi_dmul)
c:/nxp/mcuxpressoide_10.2.0_759/ide/tools/bin/../lib/gcc/arm-none-eabi/7.2.1/thumb/v7e-m/fpv4-sp/hard\libcr_eabihelpers.a(float.o)
                              ./source/FTM.o (__aeabi_f2d)
c:/nxp/mcuxpressoide_10.2.0_759/ide/tools/bin/../lib/gcc/arm-none-eabi/7.2.1/thumb/v7e-m/fpv4-sp/hard\libcr_eabihelpers.a(memcpy.o)
                              c:/nxp/mcuxpressoide_10.2.0_759/ide/tools/bin/../lib/gcc/arm-none-eabi/7.2.1/../../../../arm-none-eabi/lib/thumb/v7e-m/fpv4-sp/hard\libcr_c.a(memset.o) (__aeabi_lowlevel_memset)

Discarded input sections

 .group         0x00000000        0xc ./source/ADC.o
 .group         0x00000000        0xc ./source/ADC.o
 .group         0x00000000        0xc ./source/ADC.o
 .group         0x00000000        0xc ./source/ADC.o
 .group         0x00000000        0xc ./source/ADC.o
 .group         0x00000000        0xc ./source/ADC.o
 .group         0x00000000        0xc ./source/ADC.o
 .group         0x00000000        0xc ./source/ADC.o
 .group         0x00000000        0xc ./source/ADC.o
 .group         0x00000000        0xc ./source/ADC.o
 .text          0x00000000        0x0 ./source/ADC.o
 .data          0x00000000        0x0 ./source/ADC.o
 .bss           0x00000000        0x0 ./source/ADC.o
 .text.StartConversion
                0x00000000       0x40 ./source/ADC.o
 .text.SetInterruptCallback
                0x00000000       0x20 ./source/ADC.o
 .group         0x00000000        0xc ./source/App.o
 .group         0x00000000        0xc ./source/App.o
 .group         0x00000000        0xc ./source/App.o
 .group         0x00000000        0xc ./source/App.o
 .group         0x00000000        0xc ./source/App.o
 .group         0x00000000        0xc ./source/App.o
 .group         0x00000000        0xc ./source/App.o
 .group         0x00000000        0xc ./source/App.o
 .group         0x00000000        0xc ./source/App.o
 .group         0x00000000        0xc ./source/App.o
 .group         0x00000000        0xc ./source/App.o
 .group         0x00000000        0xc ./source/App.o
 .group         0x00000000        0xc ./source/App.o
 .group         0x00000000        0xc ./source/App.o
 .group         0x00000000        0xc ./source/App.o
 .group         0x00000000        0xc ./source/App.o
 .group         0x00000000        0xc ./source/App.o
 .group         0x00000000        0xc ./source/App.o
 .group         0x00000000        0xc ./source/App.o
 .group         0x00000000        0xc ./source/App.o
 .group         0x00000000        0xc ./source/App.o
 .group         0x00000000        0xc ./source/App.o
 .group         0x00000000        0xc ./source/App.o
 .group         0x00000000        0xc ./source/App.o
 .group         0x00000000        0xc ./source/App.o
 .group         0x00000000        0xc ./source/App.o
 .group         0x00000000        0xc ./source/App.o
 .group         0x00000000        0xc ./source/App.o
 .group         0x00000000        0xc ./source/App.o
[...]
Memory Configuration

Name             Origin             Length             Attributes
PROGRAM_FLASH    0x00000000         0x00100000         xr
SRAM_UPPER       0x20000000         0x00030000         xrw
SRAM_LOWER       0x1fff0000         0x00010000         xrw
FLEX_RAM         0x14000000         0x00001000         xrw
*default*        0x00000000         0xffffffff

Linker script and memory map

LOAD ./source/ADC.o
LOAD ./source/App.o
LOAD ./source/DAC.o
LOAD ./source/FSK_Demodulator.o
LOAD ./source/FTM.o
LOAD ./source/PIT.o
LOAD ./source/SysTick.o
LOAD ./source/bitStreamQueue.o
LOAD ./source/comController2pc.o
LOAD ./source/gpio.o
LOAD ./source/measureFreq.o
LOAD ./source/timer.o
LOAD ./source/uart.o
LOAD ./source/waveGen.o
LOAD ./SDK/startup/hardware.o
LOAD ./SDK/startup/main.o
LOAD ./SDK/startup/semihost_hardfault.o
LOAD ./SDK/startup/startup_mk64f12.o
LOAD ./SDK/CMSIS/system_MK64F12.o
START GROUP
LOAD c:/nxp/mcuxpressoide_10.2.0_759/ide/tools/bin/../lib/gcc/arm-none-eabi/7.2.1/../../../../arm-none-eabi/lib/thumb/v7e-m/fpv4-sp/hard\libcr_c.a
LOAD c:/nxp/mcuxpressoide_10.2.0_759/ide/tools/bin/../lib/gcc/arm-none-eabi/7.2.1/thumb/v7e-m/fpv4-sp/hard\libcr_eabihelpers.a
END GROUP
                0x00000000                __base_PROGRAM_FLASH = 0x0
                0x00000000                __base_Flash = 0x0
                0x00100000                __top_PROGRAM_FLASH = 0x100000
                0x00100000                __top_Flash = 0x100000
                0x20000000                __base_SRAM_UPPER = 0x20000000
                0x20000000                __base_RAM = 0x20000000
                0x20030000                __top_SRAM_UPPER = 0x20030000
                0x20030000                __top_RAM = 0x20030000
                0x1fff0000                __base_SRAM_LOWER = 0x1fff0000
                0x1fff0000                __base_RAM2 = 0x1fff0000
                0x20000000                __top_SRAM_LOWER = 0x20000000
                0x20000000                __top_RAM2 = 0x20000000
                0x14000000                __base_FLEX_RAM = 0x14000000
                0x14000000                __base_RAM3 = 0x14000000
                0x14001000                __top_FLEX_RAM = 0x14001000
                0x14001000                __top_RAM3 = 0x14001000

.text           0x00000000     0x3e88
 FILL mask 0xff
                0x00000000                __vectors_start__ = ABSOLUTE (.)
 *(SORT_BY_ALIGNMENT(.isr_vector))
 .isr_vector    0x00000000      0x198 ./SDK/startup/startup_mk64f12.o
                0x00000000                g_pfnVectors
                0x00000000                __Vectors
                0x00000198                . = ALIGN (0x4)
                0x00000198                __section_table_start = .
                0x00000198                __data_section_table = .
                0x00000198        0x4 LONG 0x3e88 LOADADDR (.data)
                0x0000019c        0x4 LONG 0x20000000 ADDR (.data)
                0x000001a0        0x4 LONG 0x90 SIZEOF (.data)
                0x000001a4        0x4 LONG 0x3e88 LOADADDR (.data_RAM2)
                0x000001a8        0x4 LONG 0x1fff0000 ADDR (.data_RAM2)
                0x000001ac        0x4 LONG 0x0 SIZEOF (.data_RAM2)
                0x000001b0        0x4 LONG 0x3e88 LOADADDR (.data_RAM3)
                0x000001b4        0x4 LONG 0x14000000 ADDR (.data_RAM3)
                0x000001b8        0x4 LONG 0x0 SIZEOF (.data_RAM3)
                0x000001bc                __data_section_table_end = .
                0x000001bc                __bss_section_table = .
                0x000001bc        0x4 LONG 0x20000090 ADDR (.bss)
                0x000001c0        0x4 LONG 0xa48 SIZEOF (.bss)
                0x000001c4        0x4 LONG 0x1fff0000 ADDR (.bss_RAM2)
                0x000001c8        0x4 LONG 0x0 SIZEOF (.bss_RAM2)
                0x000001cc        0x4 LONG 0x14000000 ADDR (.bss_RAM3)
                0x000001d0        0x4 LONG 0x0 SIZEOF (.bss_RAM3)
                0x000001d4                __bss_section_table_end = .
                0x000001d4                __section_table_end = .
 *(SORT_BY_ALIGNMENT(.after_vectors*))
 .after_vectors.reset
                0x000001d4       0x4c ./SDK/startup/startup_mk64f12.o
                0x000001d4                ResetISR
 .after_vectors.init_data
                0x00000220       0x1e ./SDK/startup/startup_mk64f12.o
                0x00000220                data_init
 .after_vectors.init_bss
                0x0000023e       0x12 ./SDK/startup/startup_mk64f12.o
                0x0000023e                bss_init
 .after_vectors
                0x00000250       0x14 ./SDK/startup/startup_mk64f12.o
                0x00000250                NMI_Handler
                0x00000254                MemManage_Handler
                0x00000256                BusFault_Handler
                0x00000258                UsageFault_Handler
                0x0000025a                SVC_Handler
                0x0000025c                DebugMon_Handler
                0x0000025e                PendSV_Handler
                0x00000262                DMA_Error_DriverIRQHandler
                0x00000262                LPTMR0_DriverIRQHandler
                0x00000262                FTM1_DriverIRQHandler
                0x00000262                FTM2_DriverIRQHandler
                0x00000262                PIT2_DriverIRQHandler
                0x00000262                SDHC_DriverIRQHandler
                0x00000262                I2S0_Tx_DriverIRQHandler
                0x00000262                RTC_Seconds_DriverIRQHandler
                0x00000262                DMA6_DriverIRQHandler
                0x00000262                LLWU_DriverIRQHandler
                0x00000262                MCM_DriverIRQHandler
                0x00000262                MCG_DriverIRQHandler
                0x00000262                ENET_1588_Timer_DriverIRQHandler
                0x00000262                I2C2_DriverIRQHandler
                0x00000262                DAC1_DriverIRQHandler
                0x00000262                SPI1_DriverIRQHandler
                0x00000262                CMP1_DriverIRQHandler
                0x00000262                UART5_RX_TX_DriverIRQHandler
                0x00000262                FTM0_DriverIRQHandler
                0x00000262                IntDefaultHandler
                0x00000262                USB0_DriverIRQHandler
                0x00000262                UART5_ERR_DriverIRQHandler
                0x00000262                PORTC_DriverIRQHandler
                0x00000262                DMA11_DriverIRQHandler
                0x00000262                DAC0_DriverIRQHandler
                0x00000262                DMA10_DriverIRQHandler
                0x00000262                CMP2_DriverIRQHandler
                0x00000262                UART2_ERR_DriverIRQHandler
                0x00000262                SPI2_DriverIRQHandler
                0x00000262                LVD_LVW_DriverIRQHandler
                0x00000262                PIT0_DriverIRQHandler
                0x00000262                RNG_DriverIRQHandler
                0x00000262                DMA5_DriverIRQHandler
                0x00000262                DMA12_DriverIRQHandler
                0x00000262                UART2_RX_TX_DriverIRQHandler
                0x00000262                USBDCD_DriverIRQHandler
                0x00000262                UART3_ERR_DriverIRQHandler
                0x00000262                DMA3_DriverIRQHandler
                0x00000262                DMA8_DriverIRQHandler
                0x00000262                DMA9_DriverIRQHandler
                0x00000262                UART0_ERR_DriverIRQHandler
                0x00000262                CMT_DriverIRQHandler
                0x00000262                Reserved71_DriverIRQHandler
                0x00000262                ADC1_DriverIRQHandler
                0x00000262                PORTA_DriverIRQHandler
                0x00000262                DMA14_DriverIRQHandler
                0x00000262                PIT3_DriverIRQHandler
                0x00000262                PIT1_DriverIRQHandler
                0x00000262                WDOG_EWM_DriverIRQHandler
                0x00000262                PDB0_DriverIRQHandler
                0x00000262                RTC_DriverIRQHandler
                0x00000262                I2S0_Rx_DriverIRQHandler
                0x00000262                Read_Collision_DriverIRQHandler
                0x00000262                SWI_DriverIRQHandler
                0x00000262                UART4_RX_TX_DriverIRQHandler
                0x00000262                UART4_ERR_DriverIRQHandler
                0x00000262                PORTB_DriverIRQHandler
                0x00000262                UART0_LON_DriverIRQHandler
                0x00000262                DMA0_DriverIRQHandler
                0x00000262                DMA1_DriverIRQHandler
                0x00000262                I2C1_DriverIRQHandler
                0x00000262                UART3_RX_TX_DriverIRQHandler
                0x00000262                ENET_Receive_DriverIRQHandler
                0x00000262                DMA13_DriverIRQHandler
                0x00000262                ENET_Error_DriverIRQHandler
                0x00000262                DMA15_DriverIRQHandler
                0x00000262                UART0_RX_TX_DriverIRQHandler
                0x00000262                SPI0_DriverIRQHandler
                0x00000262                ADC0_DriverIRQHandler
                0x00000262                CMP0_DriverIRQHandler
                0x00000262                CAN0_DriverIRQHandler
                0x00000262                FTM3_DriverIRQHandler
                0x00000262                DMA4_DriverIRQHandler
                0x00000262                UART1_ERR_DriverIRQHandler
                0x00000262                DMA2_DriverIRQHandler
                0x00000262                ENET_Transmit_DriverIRQHandler
                0x00000262                PORTD_DriverIRQHandler
                0x00000262                PORTE_DriverIRQHandler
                0x00000262                FTFE_DriverIRQHandler
                0x00000262                I2C0_DriverIRQHandler
                0x00000262                DMA7_DriverIRQHandler
                0x00000262                UART1_RX_TX_DriverIRQHandler
                0x00000400                . = 0x400
 *fill*         0x00000264      0x19c ff
                0x00000400                PROVIDE (__FLASH_CONFIG_START__, .)
 *(SORT_BY_ALIGNMENT(.FlashConfig))
 .FlashConfig   0x00000400       0x10 ./SDK/startup/startup_mk64f12.o
                0x00000400                Flash_Config
                0x00000410                PROVIDE (__FLASH_CONFIG_END__, .)
                0x00000001                ASSERT (! ((__FLASH_CONFIG_START__ == __FLASH_CONFIG_END__)), Linker Flash Config Support Enabled, but no .FlashConfig section provided within application)
 *(SORT_BY_ALIGNMENT(.text*))
 .text.DemodulatorInit
                0x00000410       0x74 ./source/FSK_Demodulator.o
                0x00000410                DemodulatorInit
 *fill*         0x00000484        0x4 ff
 .text.senoidalInit
                0x00000488      0x12c ./source/waveGen.o
                0x00000488                senoidalInit
 *fill*         0x000005b4        0x4 ff
 .text._sincos  0x000005b8      0x214 c:/nxp/mcuxpressoide_10.2.0_759/ide/tools/bin/../lib/gcc/arm-none-eabi/7.2.1/../../../../arm-none-eabi/lib/thumb/v7e-m/fpv4-sp/hard\libcr_c.a(_sincos.o)
                0x000005b8                _sincos
 .text.__NVIC_EnableIRQ
                0x000007cc       0x3c ./source/ADC.o
 .text.ADC_Init
                0x00000808      0x240 ./source/ADC.o
                0x00000808                ADC_Init
 .text.SetChannelADC
                0x00000a48       0x80 ./source/ADC.o
                0x00000a48                SetChannelADC
 .text.IsConversionFinished
                0x00000ac8       0x28 ./source/ADC.o
                0x00000ac8                IsConversionFinished
 .text.GetConversionResult
                0x00000af0       0x1c ./source/ADC.o
                0x00000af0                GetConversionResult
 .text.ADC0_IRQHandler
                0x00000b0c       0x14 ./source/ADC.o
                0x00000b0c                ADC0_IRQHandler
 .text.ADC1_IRQHandler
                0x00000b20       0x14 ./source/ADC.o
                0x00000b20                ADC1_IRQHandler
 .text.App_Init
                0x00000b34       0xc0 ./source/App.o
                0x00000b34                App_Init
 .text.App_Run  0x00000bf4       0xf0 ./source/App.o
                0x00000bf4                App_Run
 .text.FMcallback
                0x00000ce4       0x3c ./source/App.o
                0x00000ce4                FMcallback
 .text.ShapeAnalogSample
                0x00000d20       0x40 ./source/App.o
                0x00000d20                ShapeAnalogSample
 .text.__NVIC_EnableIRQ
                0x00000d60       0x3c ./source/DAC.o
 .text.DACinit  0x00000d9c      0x194 ./source/DAC.o
                0x00000d9c                DACinit
 .text.writeDACdata
                0x00000f30       0x58 ./source/DAC.o
                0x00000f30                writeDACdata
 .text.shapeValue2DACdata
                0x00000f88       0x64 ./source/DAC.o
                0x00000f88                shapeValue2DACdata
 .text.DACclockGating
                0x00000fec       0x5c ./source/DAC.o
                0x00000fec                DACclockGating
 .text.updateSoftwareTrigger
                0x00001048       0x40 ./source/DAC.o
                0x00001048                updateSoftwareTrigger
 .text.DACgetBFreadPointer
                0x00001088       0x44 ./source/DAC.o
                0x00001088                DACgetBFreadPointer
 .text.DAC0_IRQHandler
                0x000010cc       0x6c ./source/DAC.o
                0x000010cc                DAC0_IRQHandler
 .text.DemodulateSignal
                0x00001138      0x108 ./source/FSK_Demodulator.o
                0x00001138                DemodulateSignal
 .text.ApplyFIR
                0x00001240       0xfc ./source/FSK_Demodulator.o
                0x00001240                ApplyFIR
 .text.ReconstructSignal
                0x0000133c      0x120 ./source/FSK_Demodulator.o
                0x0000133c                ReconstructSignal
 .text.__NVIC_EnableIRQ
                0x0000145c       0x3c ./source/FTM.o
 .text.FTMinit  0x00001498      0x3d8 ./source/FTM.o
                0x00001498                FTMinit
 .text.setFTMtimer
                0x00001870       0xf0 ./source/FTM.o
                0x00001870                setFTMtimer
 .text.FTMclockGating
                0x00001960       0x8c ./source/FTM.o
                0x00001960                FTMclockGating
 .text.updatePWMduty
                0x000019ec       0x98 ./source/FTM.o
                0x000019ec                updatePWMduty
 .text.shapeDuty2cnv
                0x00001a84       0x84 ./source/FTM.o
                0x00001a84                shapeDuty2cnv
 .text.getPWMduty
                0x00001b08       0x74 ./source/FTM.o
                0x00001b08                getPWMduty
 .text.updatePWMperiod
                0x00001b7c       0xb0 ./source/FTM.o
                0x00001b7c                updatePWMperiod
 .text.updateCnV
                0x00001c2c       0x44 ./source/FTM.o
                0x00001c2c                updateCnV
 .text.getCnV   0x00001c70       0x4c ./source/FTM.o
                0x00001c70                getCnV
 .text.getMOD_FTM
                0x00001cbc       0x44 ./source/FTM.o
                0x00001cbc                getMOD_FTM
 .text.enablePinFTM
                0x00001d00       0x50 ./source/FTM.o
                0x00001d00                enablePinFTM
 .text.getPrescalerFactor
                0x00001d50       0x80 ./source/FTM.o
                0x00001d50                getPrescalerFactor
 .text.softwareFTMtrigger
                0x00001dd0       0x4c ./source/FTM.o
                0x00001dd0                softwareFTMtrigger
 .text.FTMx_IRQHandler
                0x00001e1c       0xd4 ./source/FTM.o
                0x00001e1c                FTMx_IRQHandler
 .text.__NVIC_EnableIRQ
                0x00001ef0       0x3c ./source/PIT.o
 .text.PITinit  0x00001f2c      0x178 ./source/PIT.o
                0x00001f2c                PITinit
 .text.PITmodifyTimer
                0x000020a4       0x38 ./source/PIT.o
                0x000020a4                PITmodifyTimer
 .text.PITenableClock
                0x000020dc       0x3c ./source/PIT.o
 .text.PITtimerInit
                0x00002118       0x74 ./source/PIT.o
 .text.PITtimerSet
                0x0000218c       0x9c ./source/PIT.o
 .text.PIT0_IRQHandler
                0x00002228       0x30 ./source/PIT.o
                0x00002228                PIT0_IRQHandler
 .text.PIT1_IRQHandler
                0x00002258       0x30 ./source/PIT.o
                0x00002258                PIT1_IRQHandler
 .text.PIT2_IRQHandler
                0x00002288       0x30 ./source/PIT.o
                0x00002288                PIT2_IRQHandler
 .text.PIT3_IRQHandler
                0x000022b8       0x30 ./source/PIT.o
                0x000022b8                PIT3_IRQHandler
 .text.__NVIC_EnableIRQ
                0x000022e8       0x3c ./source/SysTick.o
 .text.SysTick_Init
                0x00002324       0x50 ./source/SysTick.o
                0x00002324                SysTick_Init
 .text.SysTick_Handler
                0x00002374       0x14 ./source/SysTick.o
                0x00002374                SysTick_Handler
 .text.PushBit  0x00002388       0x70 ./source/bitStreamQueue.o
                0x00002388                PushBit
 .text.IsFrameReady
                0x000023f8       0x18 ./source/bitStreamQueue.o
                0x000023f8                IsFrameReady
 .text.GetFrame
                0x00002410       0x50 ./source/bitStreamQueue.o
                0x00002410                GetFrame
 .text.PORTX_IRQHandler
                0x00002460       0xbc ./source/gpio.o
                0x00002460                PORTX_IRQHandler
 .text.initFreqMeasure
                0x0000251c       0x74 ./source/measureFreq.o
                0x0000251c                initFreqMeasure
 .text.measFreqCallback
                0x00002590      0x140 ./source/measureFreq.o
                0x00002590                measFreqCallback
 .text.getFreqMeasure
                0x000026d0       0x1c ./source/measureFreq.o
                0x000026d0                getFreqMeasure
 .text.isNewMeasReady
                0x000026ec       0x18 ./source/measureFreq.o
                0x000026ec                isNewMeasReady
 .text.InitializeTimers
                0x00002704       0x78 ./source/timer.o
                0x00002704                InitializeTimers
 .text.SetTimer
                0x0000277c       0x98 ./source/timer.o
                0x0000277c                SetTimer
 .text.sysTickCallback
                0x00002814       0x68 ./source/timer.o
                0x00002814                sysTickCallback
 .text.uartWriteMsg
                0x0000287c      0x134 ./source/uart.o
                0x0000287c                uartWriteMsg
 .text.copyTXmsg
                0x000029b0       0x90 ./source/uart.o
                0x000029b0                copyTXmsg
 .text.UARTX_RX_TX_IRQHandler
                0x00002a40      0x1e8 ./source/uart.o
                0x00002a40                UARTX_RX_TX_IRQHandler
 .text.initWaveGen
                0x00002c28       0xa4 ./source/waveGen.o
                0x00002c28                initWaveGen
 .text.updateWaveFreq
                0x00002ccc       0xa4 ./source/waveGen.o
                0x00002ccc                updateWaveFreq
 .text.sinWaveGen
                0x00002d70       0xe4 ./source/waveGen.o
                0x00002d70                sinWaveGen
 .text.pwmSinWaveGen
                0x00002e54       0xc4 ./source/waveGen.o
                0x00002e54                pwmSinWaveGen
 .text.DACcallback
                0x00002f18       0x90 ./source/waveGen.o
                0x00002f18                DACcallback
 .text.softwareTriggerDAC
                0x00002fa8       0x2c ./source/waveGen.o
                0x00002fa8                softwareTriggerDAC
 .text.softwareTriggerFTM
                0x00002fd4       0x60 ./source/waveGen.o
                0x00002fd4                softwareTriggerFTM
 .text.FTMpwmCallback
                0x00003034       0x68 ./source/waveGen.o
                0x00003034                FTMpwmCallback
 .text.hw_Init  0x0000309c      0x10c ./SDK/startup/hardware.o
                0x0000309c                hw_Init
 .text.hw_EnableInterrupts
                0x000031a8       0x30 ./SDK/startup/hardware.o
                0x000031a8                hw_EnableInterrupts
 .text.hw_DisableInterrupts
                0x000031d8       0x20 ./SDK/startup/hardware.o
                0x000031d8                hw_DisableInterrupts
 .text.SystemInit
                0x000031f8       0x3c ./SDK/CMSIS/system_MK64F12.o
                0x000031f8                SystemInit
 .text.__aeabi_dmul
                0x00003234      0x11c c:/nxp/mcuxpressoide_10.2.0_759/ide/tools/bin/../lib/gcc/arm-none-eabi/7.2.1/thumb/v7e-m/fpv4-sp/hard\libcr_eabihelpers.a(double.o)
                0x00003234                __aeabi_dmul
 .text.__aeabi_ddiv
                0x00003350      0x138 c:/nxp/mcuxpressoide_10.2.0_759/ide/tools/bin/../lib/gcc/arm-none-eabi/7.2.1/thumb/v7e-m/fpv4-sp/hard\libcr_eabihelpers.a(double.o)
                0x00003350                __aeabi_ddiv
 .text.__aeabi_dsub
                0x00003488      0x1b4 c:/nxp/mcuxpressoide_10.2.0_759/ide/tools/bin/../lib/gcc/arm-none-eabi/7.2.1/thumb/v7e-m/fpv4-sp/hard\libcr_eabihelpers.a(double.o)
                0x00003488                __aeabi_dsub
 .text.__aeabi_dadd
                0x0000363c      0x10c c:/nxp/mcuxpressoide_10.2.0_759/ide/tools/bin/../lib/gcc/arm-none-eabi/7.2.1/thumb/v7e-m/fpv4-sp/hard\libcr_eabihelpers.a(double.o)
                0x0000363c                __aeabi_dadd
 .text.__aeabi_d2f
                0x00003748       0x54 c:/nxp/mcuxpressoide_10.2.0_759/ide/tools/bin/../lib/gcc/arm-none-eabi/7.2.1/thumb/v7e-m/fpv4-sp/hard\libcr_eabihelpers.a(double.o)
                0x00003748                __aeabi_d2f
 .text.__aeabi_f2d
                0x0000379c       0x38 c:/nxp/mcuxpressoide_10.2.0_759/ide/tools/bin/../lib/gcc/arm-none-eabi/7.2.1/thumb/v7e-m/fpv4-sp/hard\libcr_eabihelpers.a(float.o)
                0x0000379c                __aeabi_f2d
 .text.setFTMprescaler
                0x000037d4       0x34 ./source/FTM.o
                0x000037d4                setFTMprescaler
 .text.FTM0_IRQHandler
                0x00003808        0xe ./source/FTM.o
                0x00003808                FTM0_IRQHandler
 .text.FTM1_IRQHandler
                0x00003816        0xe ./source/FTM.o
                0x00003816                FTM1_IRQHandler
 .text.FTM2_IRQHandler
                0x00003824        0xe ./source/FTM.o
                0x00003824                FTM2_IRQHandler
 .text.PITenable
                0x00003832       0x4e ./source/PIT.o
 .text.PORTA_IRQHandler
                0x00003880        0xe ./source/gpio.o
                0x00003880                PORTA_IRQHandler
 .text.PORTB_IRQHandler
                0x0000388e        0xe ./source/gpio.o
                0x0000388e                PORTB_IRQHandler
 .text.PORTC_IRQHandler
                0x0000389c        0xe ./source/gpio.o
                0x0000389c                PORTC_IRQHandler
 .text.PORTD_IRQHandler
                0x000038aa        0xe ./source/gpio.o
                0x000038aa                PORTD_IRQHandler
 .text.PORTE_IRQHandler
                0x000038b8        0xe ./source/gpio.o
                0x000038b8                PORTE_IRQHandler
 .text.setPCRmux
                0x000038c6       0x46 ./source/gpio.o
                0x000038c6                setPCRmux
 .text.UARTX_LON_IRQHandler
                0x0000390c       0x16 ./source/uart.o
                0x0000390c                UARTX_LON_IRQHandler
 .text.UARTX_ERR_IRQHandler
                0x00003922       0x16 ./source/uart.o
                0x00003922                UARTX_ERR_IRQHandler
 .text.UART0_LON_IRQHandler
                0x00003938        0xe ./source/uart.o
                0x00003938                UART0_LON_IRQHandler
 .text.UART0_RX_TX_IRQHandler
                0x00003946        0xe ./source/uart.o
                0x00003946                UART0_RX_TX_IRQHandler
 .text.UART0_ERR_IRQHandler
                0x00003954        0xe ./source/uart.o
                0x00003954                UART0_ERR_IRQHandler
 .text.UART1_RX_TX_IRQHandler
                0x00003962        0xe ./source/uart.o
                0x00003962                UART1_RX_TX_IRQHandler
 .text.UART1_ERR_IRQHandler
                0x00003970        0xe ./source/uart.o
                0x00003970                UART1_ERR_IRQHandler
 .text.UART2_RX_TX_IRQHandler
                0x0000397e        0xe ./source/uart.o
                0x0000397e                UART2_RX_TX_IRQHandler
 .text.UART2_ERR_IRQHandler
                0x0000398c        0xe ./source/uart.o
                0x0000398c                UART2_ERR_IRQHandler
 .text.UART3_RX_TX_IRQHandler
                0x0000399a        0xe ./source/uart.o
                0x0000399a                UART3_RX_TX_IRQHandler
 .text.UART3_ERR_IRQHandler
                0x000039a8        0xe ./source/uart.o
                0x000039a8                UART3_ERR_IRQHandler
 .text.UART4_RX_TX_IRQHandler
                0x000039b6        0xe ./source/uart.o
                0x000039b6                UART4_RX_TX_IRQHandler
 .text.UART4_ERR_IRQHandler
                0x000039c4        0xe ./source/uart.o
                0x000039c4                UART4_ERR_IRQHandler
 .text.main     0x000039d2       0x1a ./SDK/startup/main.o
                0x000039d2                main
 .text.HardFault_Handler
                0x000039ec       0x2c ./SDK/startup/semihost_hardfault.o
                0x000039ec                HardFault_Handler
 .text.DMA0_IRQHandler
                0x00003a18        0x8 ./SDK/startup/startup_mk64f12.o
                0x00003a18                DMA0_IRQHandler
 .text.DMA1_IRQHandler
                0x00003a20        0x8 ./SDK/startup/startup_mk64f12.o
                0x00003a20                DMA1_IRQHandler
 .text.DMA2_IRQHandler
                0x00003a28        0x8 ./SDK/startup/startup_mk64f12.o
                0x00003a28                DMA2_IRQHandler
 .text.DMA3_IRQHandler
                0x00003a30        0x8 ./SDK/startup/startup_mk64f12.o
                0x00003a30                DMA3_IRQHandler
 .text.DMA4_IRQHandler
                0x00003a38        0x8 ./SDK/startup/startup_mk64f12.o
                0x00003a38                DMA4_IRQHandler
 .text.DMA5_IRQHandler
                0x00003a40        0x8 ./SDK/startup/startup_mk64f12.o
                0x00003a40                DMA5_IRQHandler
 .text.DMA6_IRQHandler
                0x00003a48        0x8 ./SDK/startup/startup_mk64f12.o
                0x00003a48                DMA6_IRQHandler
 .text.DMA7_IRQHandler
                0x00003a50        0x8 ./SDK/startup/startup_mk64f12.o
                0x00003a50                DMA7_IRQHandler
 .text.DMA8_IRQHandler
                0x00003a58        0x8 ./SDK/startup/startup_mk64f12.o
                0x00003a58                DMA8_IRQHandler
 .text.DMA9_IRQHandler
                0x00003a60        0x8 ./SDK/startup/startup_mk64f12.o
                0x00003a60                DMA9_IRQHandler
 .text.DMA10_IRQHandler
                0x00003a68        0x8 ./SDK/startup/startup_mk64f12.o
                0x00003a68                DMA10_IRQHandler
 .text.DMA11_IRQHandler
                0x00003a70        0x8 ./SDK/startup/startup_mk64f12.o
                0x00003a70                DMA11_IRQHandler
 .text.DMA12_IRQHandler
                0x00003a78        0x8 ./SDK/startup/startup_mk64f12.o
                0x00003a78                DMA12_IRQHandler
 .text.DMA13_IRQHandler
                0x00003a80        0x8 ./SDK/startup/startup_mk64f12.o
                0x00003a80                DMA13_IRQHandler
 .text.DMA14_IRQHandler
                0x00003a88        0x8 ./SDK/startup/startup_mk64f12.o
                0x00003a88                DMA14_IRQHandler
 .text.DMA15_IRQHandler
                0x00003a90        0x8 ./SDK/startup/startup_mk64f12.o
                0x00003a90                DMA15_IRQHandler
 .text.DMA_Error_IRQHandler
                0x00003a98        0x8 ./SDK/startup/startup_mk64f12.o
                0x00003a98                DMA_Error_IRQHandler
 .text.MCM_IRQHandler
                0x00003aa0        0x8 ./SDK/startup/startup_mk64f12.o
                0x00003aa0                MCM_IRQHandler
 .text.FTFE_IRQHandler
                0x00003aa8        0x8 ./SDK/startup/startup_mk64f12.o
                0x00003aa8                FTFE_IRQHandler
 .text.Read_Collision_IRQHandler
                0x00003ab0        0x8 ./SDK/startup/startup_mk64f12.o
                0x00003ab0                Read_Collision_IRQHandler
 .text.LVD_LVW_IRQHandler
                0x00003ab8        0x8 ./SDK/startup/startup_mk64f12.o
                0x00003ab8                LVD_LVW_IRQHandler
 .text.LLWU_IRQHandler
                0x00003ac0        0x8 ./SDK/startup/startup_mk64f12.o
                0x00003ac0                LLWU_IRQHandler
 .text.WDOG_EWM_IRQHandler
                0x00003ac8        0x8 ./SDK/startup/startup_mk64f12.o
                0x00003ac8                WDOG_EWM_IRQHandler
 .text.RNG_IRQHandler
                0x00003ad0        0x8 ./SDK/startup/startup_mk64f12.o
                0x00003ad0                RNG_IRQHandler
 .text.I2C0_IRQHandler
                0x00003ad8        0x8 ./SDK/startup/startup_mk64f12.o
                0x00003ad8                I2C0_IRQHandler
 .text.I2C1_IRQHandler
                0x00003ae0        0x8 ./SDK/startup/startup_mk64f12.o
                0x00003ae0                I2C1_IRQHandler
 .text.SPI0_IRQHandler
                0x00003ae8        0x8 ./SDK/startup/startup_mk64f12.o
                0x00003ae8                SPI0_IRQHandler
 .text.SPI1_IRQHandler
                0x00003af0        0x8 ./SDK/startup/startup_mk64f12.o
                0x00003af0                SPI1_IRQHandler
 .text.I2S0_Tx_IRQHandler
                0x00003af8        0x8 ./SDK/startup/startup_mk64f12.o
                0x00003af8                I2S0_Tx_IRQHandler
 .text.I2S0_Rx_IRQHandler
                0x00003b00        0x8 ./SDK/startup/startup_mk64f12.o
                0x00003b00                I2S0_Rx_IRQHandler
 .text.CMP0_IRQHandler
                0x00003b08        0x8 ./SDK/startup/startup_mk64f12.o
                0x00003b08                CMP0_IRQHandler
 .text.CMP1_IRQHandler
                0x00003b10        0x8 ./SDK/startup/startup_mk64f12.o
                0x00003b10                CMP1_IRQHandler
 .text.CMT_IRQHandler
                0x00003b18        0x8 ./SDK/startup/startup_mk64f12.o
                0x00003b18                CMT_IRQHandler
 .text.RTC_IRQHandler
                0x00003b20        0x8 ./SDK/startup/startup_mk64f12.o
                0x00003b20                RTC_IRQHandler
 .text.RTC_Seconds_IRQHandler
                0x00003b28        0x8 ./SDK/startup/startup_mk64f12.o
                0x00003b28                RTC_Seconds_IRQHandler
 .text.PDB0_IRQHandler
                0x00003b30        0x8 ./SDK/startup/startup_mk64f12.o
                0x00003b30                PDB0_IRQHandler
 .text.USB0_IRQHandler
                0x00003b38        0x8 ./SDK/startup/startup_mk64f12.o
                0x00003b38                USB0_IRQHandler
 .text.USBDCD_IRQHandler
                0x00003b40        0x8 ./SDK/startup/startup_mk64f12.o
                0x00003b40                USBDCD_IRQHandler
 .text.Reserved71_IRQHandler
                0x00003b48        0x8 ./SDK/startup/startup_mk64f12.o
                0x00003b48                Reserved71_IRQHandler
 .text.MCG_IRQHandler
                0x00003b50        0x8 ./SDK/startup/startup_mk64f12.o
                0x00003b50                MCG_IRQHandler
 .text.LPTMR0_IRQHandler
                0x00003b58        0x8 ./SDK/startup/startup_mk64f12.o
                0x00003b58                LPTMR0_IRQHandler
 .text.SWI_IRQHandler
                0x00003b60        0x8 ./SDK/startup/startup_mk64f12.o
                0x00003b60                SWI_IRQHandler
 .text.SPI2_IRQHandler
                0x00003b68        0x8 ./SDK/startup/startup_mk64f12.o
                0x00003b68                SPI2_IRQHandler
 .text.UART5_RX_TX_IRQHandler
                0x00003b70        0x8 ./SDK/startup/startup_mk64f12.o
                0x00003b70                UART5_RX_TX_IRQHandler
 .text.UART5_ERR_IRQHandler
                0x00003b78        0x8 ./SDK/startup/startup_mk64f12.o
                0x00003b78                UART5_ERR_IRQHandler
 .text.CMP2_IRQHandler
                0x00003b80        0x8 ./SDK/startup/startup_mk64f12.o
                0x00003b80                CMP2_IRQHandler
 .text.FTM3_IRQHandler
                0x00003b88        0x8 ./SDK/startup/startup_mk64f12.o
                0x00003b88                FTM3_IRQHandler
 .text.DAC1_IRQHandler
                0x00003b90        0x8 ./SDK/startup/startup_mk64f12.o
                0x00003b90                DAC1_IRQHandler
 .text.I2C2_IRQHandler
                0x00003b98        0x8 ./SDK/startup/startup_mk64f12.o
                0x00003b98                I2C2_IRQHandler
 .text.CAN0_ORed_Message_buffer_IRQHandler
                0x00003ba0        0x8 ./SDK/startup/startup_mk64f12.o
                0x00003ba0                CAN0_ORed_Message_buffer_IRQHandler
 .text.CAN0_Bus_Off_IRQHandler
                0x00003ba8        0x8 ./SDK/startup/startup_mk64f12.o
                0x00003ba8                CAN0_Bus_Off_IRQHandler
 .text.CAN0_Error_IRQHandler
                0x00003bb0        0x8 ./SDK/startup/startup_mk64f12.o
                0x00003bb0                CAN0_Error_IRQHandler
 .text.CAN0_Tx_Warning_IRQHandler
                0x00003bb8        0x8 ./SDK/startup/startup_mk64f12.o
                0x00003bb8                CAN0_Tx_Warning_IRQHandler
 .text.CAN0_Rx_Warning_IRQHandler
                0x00003bc0        0x8 ./SDK/startup/startup_mk64f12.o
                0x00003bc0                CAN0_Rx_Warning_IRQHandler
 .text.CAN0_Wake_Up_IRQHandler
                0x00003bc8        0x8 ./SDK/startup/startup_mk64f12.o
                0x00003bc8                CAN0_Wake_Up_IRQHandler
 .text.SDHC_IRQHandler
                0x00003bd0        0x8 ./SDK/startup/startup_mk64f12.o
                0x00003bd0                SDHC_IRQHandler
 .text.ENET_1588_Timer_IRQHandler
                0x00003bd8        0x8 ./SDK/startup/startup_mk64f12.o
                0x00003bd8                ENET_1588_Timer_IRQHandler
 .text.ENET_Transmit_IRQHandler
                0x00003be0        0x8 ./SDK/startup/startup_mk64f12.o
                0x00003be0                ENET_Transmit_IRQHandler
 .text.ENET_Receive_IRQHandler
                0x00003be8        0x8 ./SDK/startup/startup_mk64f12.o
                0x00003be8                ENET_Receive_IRQHandler
 .text.ENET_Error_IRQHandler
                0x00003bf0        0x8 ./SDK/startup/startup_mk64f12.o
                0x00003bf0                ENET_Error_IRQHandler
 .text.SystemInitHook
                0x00003bf8        0xe ./SDK/CMSIS/system_MK64F12.o
                0x00003bf8                SystemInitHook
 .text.memset   0x00003c06        0x4 c:/nxp/mcuxpressoide_10.2.0_759/ide/tools/bin/../lib/gcc/arm-none-eabi/7.2.1/../../../../arm-none-eabi/lib/thumb/v7e-m/fpv4-sp/hard\libcr_c.a(memset.o)
                0x00003c06                memset
 .text.sin      0x00003c0a       0x40 c:/nxp/mcuxpressoide_10.2.0_759/ide/tools/bin/../lib/gcc/arm-none-eabi/7.2.1/../../../../arm-none-eabi/lib/thumb/v7e-m/fpv4-sp/hard\libcr_c.a(sin.o)
                0x00003c0a                sin
 .text.fabs     0x00003c4a       0x22 c:/nxp/mcuxpressoide_10.2.0_759/ide/tools/bin/../lib/gcc/arm-none-eabi/7.2.1/../../../../arm-none-eabi/lib/thumb/v7e-m/fpv4-sp/hard\libcr_c.a(fabs.o)
                0x00003c4a                fabs
 .text.__aeabi_d2iz
                0x00003c6c       0x40 c:/nxp/mcuxpressoide_10.2.0_759/ide/tools/bin/../lib/gcc/arm-none-eabi/7.2.1/thumb/v7e-m/fpv4-sp/hard\libcr_eabihelpers.a(double.o)
                0x00003c6c                __aeabi_d2iz
 .text.__aeabi_d2uiz
                0x00003cac       0x30 c:/nxp/mcuxpressoide_10.2.0_759/ide/tools/bin/../lib/gcc/arm-none-eabi/7.2.1/thumb/v7e-m/fpv4-sp/hard\libcr_eabihelpers.a(double.o)
                0x00003cac                __aeabi_d2uiz
 .text.__bhs_ui2d
                0x00003cdc       0x46 c:/nxp/mcuxpressoide_10.2.0_759/ide/tools/bin/../lib/gcc/arm-none-eabi/7.2.1/thumb/v7e-m/fpv4-sp/hard\libcr_eabihelpers.a(double.o)
                0x00003cdc                __bhs_ui2d
 .text.__aeabi_i2d
                0x00003d22       0x12 c:/nxp/mcuxpressoide_10.2.0_759/ide/tools/bin/../lib/gcc/arm-none-eabi/7.2.1/thumb/v7e-m/fpv4-sp/hard\libcr_eabihelpers.a(double.o)
                0x00003d22                __aeabi_i2d
 .text.__aeabi_ui2d
                0x00003d34        0x8 c:/nxp/mcuxpressoide_10.2.0_759/ide/tools/bin/../lib/gcc/arm-none-eabi/7.2.1/thumb/v7e-m/fpv4-sp/hard\libcr_eabihelpers.a(double.o)
                0x00003d34                __aeabi_ui2d
 .text.__aeabi_dcmplt
                0x00003d3c       0x58 c:/nxp/mcuxpressoide_10.2.0_759/ide/tools/bin/../lib/gcc/arm-none-eabi/7.2.1/thumb/v7e-m/fpv4-sp/hard\libcr_eabihelpers.a(double.o)
                0x00003d3c                __aeabi_dcmplt
 .text.__aeabi_dcmpge
                0x00003d94       0x58 c:/nxp/mcuxpressoide_10.2.0_759/ide/tools/bin/../lib/gcc/arm-none-eabi/7.2.1/thumb/v7e-m/fpv4-sp/hard\libcr_eabihelpers.a(double.o)
                0x00003d94                __aeabi_dcmpge
 .text.__aeabi_memset_lowlevel
                0x00003dec       0x32 c:/nxp/mcuxpressoide_10.2.0_759/ide/tools/bin/../lib/gcc/arm-none-eabi/7.2.1/thumb/v7e-m/fpv4-sp/hard\libcr_eabihelpers.a(memcpy.o)
                0x00003dec                __aeabi_lowlevel_memset
 *(SORT_BY_ALIGNMENT(.rodata) SORT_BY_ALIGNMENT(.rodata.*) SORT_BY_ALIGNMENT(.constdata) SORT_BY_ALIGNMENT(.constdata.*))
 *fill*         0x00003e1e        0x2 ff
 .rodata.__huge_val
                0x00003e20        0x8 c:/nxp/mcuxpressoide_10.2.0_759/ide/tools/bin/../lib/gcc/arm-none-eabi/7.2.1/../../../../arm-none-eabi/lib/thumb/v7e-m/fpv4-sp/hard\libcr_c.a(_hugeval.o)
                0x00003e20                __huge_val
 .rodata        0x00003e28       0x30 ./source/gpio.o
 .rodata        0x00003e58       0x2c ./source/uart.o
                0x00003e88                . = ALIGN (0x8)
 *fill*         0x00003e84        0x4 ff

.glue_7         0x00003e88        0x0
 .glue_7        0x00003e88        0x0 linker stubs

.glue_7t        0x00003e88        0x0
 .glue_7t       0x00003e88        0x0 linker stubs

.vfp11_veneer   0x00003e88        0x0
 .vfp11_veneer  0x00003e88        0x0 linker stubs

.v4_bx          0x00003e88        0x0
 .v4_bx         0x00003e88        0x0 linker stubs

.iplt           0x00003e88        0x0
 .iplt          0x00003e88        0x0 ./source/ADC.o

.rel.dyn        0x00003e88        0x0
 .rel.iplt      0x00003e88        0x0 ./source/ADC.o

.ARM.extab
 *(SORT_BY_ALIGNMENT(.ARM.extab*) SORT_BY_ALIGNMENT(.gnu.linkonce.armextab.*))
                0x00003e88                __exidx_start = .

.ARM.exidx
 *(SORT_BY_ALIGNMENT(.ARM.exidx*) SORT_BY_ALIGNMENT(.gnu.linkonce.armexidx.*))
                0x00003e88                __exidx_end = .
                0x00003e88                _etext = .

.m_usb_data
 *(SORT_BY_ALIGNMENT(m_usb_bdt))

.data_RAM2      0x1fff0000        0x0 load address 0x00003e88
 FILL mask 0xff
                [!provide]                PROVIDE (__start_data_RAM2, .)
 *(SORT_BY_ALIGNMENT(.ramfunc.$RAM2))
 *(SORT_BY_ALIGNMENT(.ramfunc.$SRAM_LOWER))
 *(SORT_BY_ALIGNMENT(.data.$RAM2*))
 *(SORT_BY_ALIGNMENT(.data.$SRAM_LOWER*))
                0x1fff0000                . = ALIGN (0x8)
                [!provide]                PROVIDE (__end_data_RAM2, .)

.data_RAM3      0x14000000        0x0 load address 0x00003e88
 FILL mask 0xff
                [!provide]                PROVIDE (__start_data_RAM3, .)
 *(SORT_BY_ALIGNMENT(.ramfunc.$RAM3))
 *(SORT_BY_ALIGNMENT(.ramfunc.$FLEX_RAM))
 *(SORT_BY_ALIGNMENT(.data.$RAM3*))
 *(SORT_BY_ALIGNMENT(.data.$FLEX_RAM*))
                0x14000000                . = ALIGN (0x8)
                [!provide]                PROVIDE (__end_data_RAM3, .)

.uninit_RESERVED
                0x20000000        0x0
 *(SORT_BY_ALIGNMENT(.bss.$RESERVED*))
                0x20000000                . = ALIGN (0x4)
                0x20000000                _end_uninit_RESERVED = .

.data           0x20000000       0x90 load address 0x00003e88
 FILL mask 0xff
                0x20000000                _data = .
 *(SORT_BY_ALIGNMENT(vtable))
 *(SORT_BY_ALIGNMENT(.ramfunc*))
 *(SORT_BY_ALIGNMENT(.data*))
 .data.i.7792   0x20000000        0x4 ./source/App.o
 .data.arrayP2DAC
                0x20000004        0x8 ./source/DAC.o
                0x20000004                arrayP2DAC
 .data.last_fir_output
                0x2000000c        0x4 ./source/FSK_Demodulator.o
 .data.fir_coeffs
                0x20000010       0x4c ./source/FSK_Demodulator.o
 .data.arrayP2FTM
                0x2000005c       0x10 ./source/FTM.o
                0x2000005c                arrayP2FTM
 .data.arrayFTMirqs
                0x2000006c        0x4 ./source/FTM.o
                0x2000006c                arrayFTMirqs
 .data.ticksScale
                0x20000070        0x4 ./source/measureFreq.o
                0x20000070                ticksScale
 .data.markersRXbuffer
                0x20000074       0x14 ./source/uart.o
 .data.key      0x20000088        0x1 ./source/App.o
                0x20000088                key
 .data.idle     0x20000089        0x1 ./source/FSK_Demodulator.o
                0x20000090                . = ALIGN (0x8)
 *fill*         0x2000008a        0x6 ff
                0x20000090                _edata = .

.igot.plt       0x20000090        0x0 load address 0x00003f18
 .igot.plt      0x20000090        0x0 ./source/ADC.o

.bss_RAM2       0x1fff0000        0x0
                [!provide]                PROVIDE (__start_bss_RAM2, .)
 *(SORT_BY_ALIGNMENT(.bss.$RAM2*))
 *(SORT_BY_ALIGNMENT(.bss.$SRAM_LOWER*))
                0x1fff0000                . = ALIGN ((. != 0x0)?0x8:0x1)
                [!provide]                PROVIDE (__end_bss_RAM2, .)

.bss_RAM3       0x14000000        0x0
                [!provide]                PROVIDE (__start_bss_RAM3, .)
 *(SORT_BY_ALIGNMENT(.bss.$RAM3*))
 *(SORT_BY_ALIGNMENT(.bss.$FLEX_RAM*))
                0x14000000                . = ALIGN ((. != 0x0)?0x8:0x1)
                [!provide]                PROVIDE (__end_bss_RAM3, .)

.bss            0x20000090      0xa48
                0x20000090                _bss = .
 *(SORT_BY_ALIGNMENT(.bss*))
 .bss.ADC       0x20000090        0x4 ./source/ADC.o
 .bss.func      0x20000094        0x4 ./source/ADC.o
 .bss.debugFlag
                0x20000098        0x4 ./source/App.o
                0x20000098                debugFlag
 .bss.frame_to_send
                0x2000009c        0xb ./source/App.o
 *fill*         0x200000a7        0x1 
 .bss.freq      0x200000a8        0x4 ./source/App.o
                0x200000a8                freq
 .bss.DAC0callback
                0x200000ac        0x4 ./source/DAC.o
                0x200000ac                DAC0callback
 .bss.FSK_signal
                0x200000b0       0xa4 ./source/FSK_Demodulator.o
 .bss.PreFiltered_signal
                0x20000154       0xa4 ./source/FSK_Demodulator.o
 .bss.last_sample_value
                0x200001f8        0x4 ./source/FSK_Demodulator.o
 .bss.average_aux
                0x200001fc        0x4 ./source/FSK_Demodulator.o
 .bss.fs        0x20000200        0x4 ./source/FSK_Demodulator.o
 .bss.arrayFTMcallbacks
                0x20000204       0x10 ./source/FTM.o
                0x20000204                arrayFTMcallbacks
 .bss.timerEnabled
                0x20000214        0x4 ./source/PIT.o
 .bss.timerInChainMode
                0x20000218        0x4 ./source/PIT.o
 .bss.pitFuns   0x2000021c       0x10 ./source/PIT.o
 .bss.sysTickFun
                0x2000022c        0x4 ./source/SysTick.o
                0x2000022c                sysTickFun
 .bss.signal_frame
                0x20000230        0xb ./source/bitStreamQueue.o
 *fill*         0x2000023b        0x1 
 .bss.i.4969    0x2000023c        0x4 ./source/bitStreamQueue.o
 .bss.p2irqFunctions
                0x20000240      0x280 ./source/gpio.o
                0x20000240                p2irqFunctions
 .bss.dif       0x200004c0        0x4 ./source/measureFreq.o
                0x200004c0                dif
 .bss.measureDataBase
                0x200004c4        0xc ./source/measureFreq.o
                0x200004c4                measureDataBase
 .bss.i.5017    0x200004d0        0x4 ./source/measureFreq.o
 .bss.firstMeasure.5018
                0x200004d4        0x4 ./source/measureFreq.o
 .bss.secondMeasure.5019
                0x200004d8        0x4 ./source/measureFreq.o
 .bss.difAux.5020
                0x200004dc        0x4 ./source/measureFreq.o
 .bss.timers    0x200004e0       0x70 ./source/timer.o
 .bss.uartMode  0x20000550        0x5 ./source/uart.o
 *fill*         0x20000555        0x3 
 .bss.RXbuffers
                0x20000558       0x28 ./source/uart.o
 .bss.flagsReading
                0x20000580        0x5 ./source/uart.o
 *fill*         0x20000585        0x3 
 .bss.countersRXfailed
                0x20000588        0x5 ./source/uart.o
 *fill*         0x2000058d        0x3 
 .bss.TXbuffers
                0x20000590      0x3e8 ./source/uart.o
 .bss.outMarkersTXbuffer
                0x20000978        0x5 ./source/uart.o
 *fill*         0x2000097d        0x3 
 .bss.inMarkersTXbuffer
                0x20000980        0x5 ./source/uart.o
 *fill*         0x20000985        0x3 
 .bss.lensTXbuffer
                0x20000988        0x5 ./source/uart.o
 *fill*         0x2000098d        0x3 
 .bss.wavesArray
                0x20000990       0x24 ./source/waveGen.o
                0x20000990                wavesArray
 .bss.senLUT    0x200009b4       0x80 ./source/waveGen.o
                0x200009b4                senLUT
 .bss.pwmSenLUT
                0x20000a34       0x80 ./source/waveGen.o
                0x20000a34                pwmSenLUT
 .bss.rpAux.5915
                0x20000ab4        0x4 ./source/waveGen.o
 .bss.i.5914    0x20000ab8        0x4 ./source/waveGen.o
 .bss.i.5927    0x20000abc        0x4 ./source/waveGen.o
 .bss.counter.5931
                0x20000ac0        0x4 ./source/waveGen.o
 .bss.__LDM_interruptDisableCount
                0x20000ac4        0x4 ./SDK/startup/hardware.o
 .bss.errno     0x20000ac8        0x4 c:/nxp/mcuxpressoide_10.2.0_759/ide/tools/bin/../lib/gcc/arm-none-eabi/7.2.1/../../../../arm-none-eabi/lib/thumb/v7e-m/fpv4-sp/hard\libcr_c.a(errno.o)
                0x20000ac8                errno
 .bss.initialized
                0x20000acc        0x1 ./source/ADC.o
                0x20000acc                initialized
 .bss.sample_counter
                0x20000acd        0x1 ./source/FSK_Demodulator.o
 .bss.idle_counter
                0x20000ace        0x1 ./source/FSK_Demodulator.o
 .bss.prev_samples
                0x20000acf        0x1 ./source/FSK_Demodulator.o
 .bss.frame_ready
                0x20000ad0        0x1 ./source/bitStreamQueue.o
 .bss.initialized
                0x20000ad1        0x1 ./source/timer.o
 *(SORT_BY_ALIGNMENT(COMMON))
                0x20000ad8                . = ALIGN (0x8)
 *fill*         0x20000ad2        0x6 
                0x20000ad8                _ebss = .
                [!provide]                PROVIDE (end, .)

.noinit_RAM2    0x1fff0000        0x0
 *(SORT_BY_ALIGNMENT(.noinit.$RAM2*))
 *(SORT_BY_ALIGNMENT(.noinit.$SRAM_LOWER*))
                0x1fff0000                . = ALIGN (0x8)

.noinit_RAM3    0x14000000        0x0
 *(SORT_BY_ALIGNMENT(.noinit.$RAM3*))
 *(SORT_BY_ALIGNMENT(.noinit.$FLEX_RAM*))
                0x14000000                . = ALIGN (0x8)

.noinit         0x20000ad8        0x0
                0x20000ad8                _noinit = .
 *(SORT_BY_ALIGNMENT(.noinit*))
                0x20000ad8                . = ALIGN (0x8)
                0x20000ad8                _end_noinit = .
                0x00001000                _HeapSize = 0x1000

.heap           0x20000ad8     0x1000
                0x20000ad8                _pvHeapStart = .
                0x20001ad8                . = (. + _HeapSize)
 *fill*         0x20000ad8     0x1000 
                0x20001ad8                . = ALIGN (0x8)
                0x20001ad8                _pvHeapLimit = .
                0x00001000                _StackSize = 0x1000

.heap2stackfill
                0x20001ad8     0x1000
                0x20002ad8                . = (. + _StackSize)
 *fill*         0x20001ad8     0x1000 

.stack          0x2002f000        0x0
                0x2002f000                _vStackBase = .
                0x2002f000                . = ALIGN (0x8)
                0x20030000                _vStackTop = (. + _StackSize)
                0x00000000                _image_start = LOADADDR (.text)
                0x00003f18                _image_end = (LOADADDR (.data) + SIZEOF (.data))
                0x00003f18                _image_size = (_image_end - _image_start)
OUTPUT(FSK.axf elf32-littlearm)

.debug_info     0x00000000     0x9522
 .debug_info    0x00000000      0xc0d ./source/ADC.o
 .debug_info    0x00000c0d      0xe87 ./source/App.o
 .debug_info    0x00001a94      0xa46 ./source/DAC.o
 .debug_info    0x000024da      0x2af ./source/FSK_Demodulator.o
 .debug_info    0x00002789     0x10bd ./source/FTM.o
 .debug_info    0x00003846      0x970 ./source/PIT.o
 .debug_info    0x000041b6      0x522 ./source/SysTick.o
 .debug_info    0x000046d8      0x26f ./source/bitStreamQueue.o
 .debug_info    0x00004947      0xdf4 ./source/gpio.o
 .debug_info    0x0000573b      0x3c3 ./source/measureFreq.o
 .debug_info    0x00005afe      0x25b ./source/timer.o
 .debug_info    0x00005d59     0x10c8 ./source/uart.o
 .debug_info    0x00006e21     0x10ee ./source/waveGen.o
 .debug_info    0x00007f0f      0x675 ./SDK/startup/hardware.o
 .debug_info    0x00008584       0xb7 ./SDK/startup/main.o
 .debug_info    0x0000863b       0x3b ./SDK/startup/semihost_hardfault.o
 .debug_info    0x00008676      0x8b0 ./SDK/startup/startup_mk64f12.o
 .debug_info    0x00008f26      0x5fc ./SDK/CMSIS/system_MK64F12.o

.debug_abbrev   0x00000000     0x1eab
 .debug_abbrev  0x00000000      0x249 ./source/ADC.o
 .debug_abbrev  0x00000249      0x289 ./source/App.o
 .debug_abbrev  0x000004d2      0x245 ./source/DAC.o
 .debug_abbrev  0x00000717      0x10e ./source/FSK_Demodulator.o
 .debug_abbrev  0x00000825      0x30d ./source/FTM.o
 .debug_abbrev  0x00000b32      0x203 ./source/PIT.o
 .debug_abbrev  0x00000d35      0x1a5 ./source/SysTick.o
 .debug_abbrev  0x00000eda      0x13c ./source/bitStreamQueue.o
 .debug_abbrev  0x00001016      0x290 ./source/gpio.o
 .debug_abbrev  0x000012a6      0x133 ./source/measureFreq.o
 .debug_abbrev  0x000013d9      0x130 ./source/timer.o
 .debug_abbrev  0x00001509      0x2ae ./source/uart.o
 .debug_abbrev  0x000017b7      0x275 ./source/waveGen.o
 .debug_abbrev  0x00001a2c      0x138 ./SDK/startup/hardware.o
 .debug_abbrev  0x00001b64       0x7d ./SDK/startup/main.o
 .debug_abbrev  0x00001be1       0x2f ./SDK/startup/semihost_hardfault.o
 .debug_abbrev  0x00001c10      0x15c ./SDK/startup/startup_mk64f12.o
 .debug_abbrev  0x00001d6c      0x13f ./SDK/CMSIS/system_MK64F12.o

.debug_aranges  0x00000000      0x990
 .debug_aranges
                0x00000000       0x60 ./source/ADC.o
 .debug_aranges
                0x00000060       0x38 ./source/App.o
 .debug_aranges
                0x00000098       0x68 ./source/DAC.o
 .debug_aranges
                0x00000100       0x38 ./source/FSK_Demodulator.o
 .debug_aranges
                0x00000138       0xd0 ./source/FTM.o
 .debug_aranges
                0x00000208       0x70 ./source/PIT.o
 .debug_aranges
                0x00000278       0x30 ./source/SysTick.o
 .debug_aranges
                0x000002a8       0x58 ./source/bitStreamQueue.o
 .debug_aranges
                0x00000300       0xc8 ./source/gpio.o
 .debug_aranges
                0x000003c8       0x40 ./source/measureFreq.o
 .debug_aranges
                0x00000408       0x50 ./source/timer.o
 .debug_aranges
                0x00000458       0xf8 ./source/uart.o
 .debug_aranges
                0x00000550       0x70 ./source/waveGen.o
 .debug_aranges
                0x000005c0       0x30 ./SDK/startup/hardware.o
 .debug_aranges
                0x000005f0       0x20 ./SDK/startup/main.o
 .debug_aranges
                0x00000610       0x20 ./SDK/startup/semihost_hardfault.o
 .debug_aranges
                0x00000630      0x330 ./SDK/startup/startup_mk64f12.o
 .debug_aranges
                0x00000960       0x30 ./SDK/CMSIS/system_MK64F12.o

.debug_ranges   0x00000000      0x870
 .debug_ranges  0x00000000       0x50 ./source/ADC.o
 .debug_ranges  0x00000050       0x28 ./source/App.o
 .debug_ranges  0x00000078       0x58 ./source/DAC.o
 .debug_ranges  0x000000d0       0x28 ./source/FSK_Demodulator.o
 .debug_ranges  0x000000f8       0xc0 ./source/FTM.o
 .debug_ranges  0x000001b8       0x60 ./source/PIT.o
 .debug_ranges  0x00000218       0x20 ./source/SysTick.o
 .debug_ranges  0x00000238       0x48 ./source/bitStreamQueue.o
 .debug_ranges  0x00000280       0xb8 ./source/gpio.o
 .debug_ranges  0x00000338       0x30 ./source/measureFreq.o
 .debug_ranges  0x00000368       0x40 ./source/timer.o
 .debug_ranges  0x000003a8       0xe8 ./source/uart.o
 .debug_ranges  0x00000490       0x60 ./source/waveGen.o
 .debug_ranges  0x000004f0       0x20 ./SDK/startup/hardware.o
 .debug_ranges  0x00000510       0x10 ./SDK/startup/main.o
 .debug_ranges  0x00000520       0x10 ./SDK/startup/semihost_hardfault.o
 .debug_ranges  0x00000530      0x320 ./SDK/startup/startup_mk64f12.o
 .debug_ranges  0x00000850       0x20 ./SDK/CMSIS/system_MK64F12.o

.debug_macro    0x00000000    0x129a2
 .debug_macro   0x00000000       0x87 ./source/ADC.o
 .debug_macro   0x00000087      0xa5a ./source/ADC.o
 .debug_macro   0x00000ae1       0x22 ./source/ADC.o
 .debug_macro   0x00000b03      0x34e ./source/ADC.o
 .debug_macro   0x00000e51       0x5c ./source/ADC.o
 .debug_macro   0x00000ead       0x1c ./source/ADC.o
 .debug_macro   0x00000ec9       0x22 ./source/ADC.o
 .debug_macro   0x00000eeb       0xdf ./source/ADC.o
 .debug_macro   0x00000fca      0xecf ./source/ADC.o
 .debug_macro   0x00001e99       0x48 ./source/ADC.o
 .debug_macro   0x00001ee1     0xe07b ./source/ADC.o
 .debug_macro   0x0000ff5c      0x1ba ./source/App.o
 .debug_macro   0x00010116       0x40 ./source/App.o
 .debug_macro   0x00010156       0x16 ./source/App.o
 .debug_macro   0x0001016c       0x22 ./source/App.o
 .debug_macro   0x0001018e       0x52 ./source/App.o
 .debug_macro   0x000101e0       0x17 ./source/App.o
 .debug_macro   0x000101f7       0x8d ./source/App.o
 .debug_macro   0x00010284       0x35 ./source/App.o
 .debug_macro   0x000102b9       0x9c ./source/App.o
 .debug_macro   0x00010355      0x174 ./source/App.o
 .debug_macro   0x000104c9       0x57 ./source/App.o
 .debug_macro   0x00010520       0x58 ./source/App.o
 .debug_macro   0x00010578       0x1f ./source/App.o
 .debug_macro   0x00010597       0x43 ./source/App.o
 .debug_macro   0x000105da       0x20 ./source/App.o
 .debug_macro   0x000105fa      0x18e ./source/App.o
 .debug_macro   0x00010788      0x330 ./source/App.o
 .debug_macro   0x00010ab8      0x1e1 ./source/App.o
 .debug_macro   0x00010c99       0xd9 ./source/App.o
 .debug_macro   0x00010d72       0x3a ./source/App.o
 .debug_macro   0x00010dac       0x16 ./source/App.o
 .debug_macro   0x00010dc2       0x10 ./source/App.o
 .debug_macro   0x00010dd2       0xa7 ./source/DAC.o
 .debug_macro   0x00010e79       0x28 ./source/DAC.o
 .debug_macro   0x00010ea1       0xd2 ./source/FSK_Demodulator.o
 .debug_macro   0x00010f73       0xad ./source/FTM.o
 .debug_macro   0x00011020       0x22 ./source/FTM.o
 .debug_macro   0x00011042       0x9e ./source/PIT.o
 .debug_macro   0x000110e0       0x10 ./source/PIT.o
 .debug_macro   0x000110f0       0x96 ./source/SysTick.o
 .debug_macro   0x00011186       0x55 ./source/bitStreamQueue.o
 .debug_macro   0x000111db       0xa4 ./source/gpio.o
 .debug_macro   0x0001127f       0x3f ./source/measureFreq.o
 .debug_macro   0x000112be       0x58 ./source/timer.o
 .debug_macro   0x00011316       0x10 ./source/timer.o
 .debug_macro   0x00011326      0x118 ./source/uart.o
 .debug_macro   0x0001143e       0x10 ./source/uart.o
 .debug_macro   0x0001144e     0x122b ./source/uart.o
 .debug_macro   0x00012679       0x16 ./source/uart.o
 .debug_macro   0x0001268f      0x121 ./source/waveGen.o
 .debug_macro   0x000127b0       0x9c ./SDK/startup/hardware.o
 .debug_macro   0x0001284c       0x9c ./SDK/startup/main.o
 .debug_macro   0x000128e8       0x11 ./SDK/startup/semihost_hardfault.o
 .debug_macro   0x000128f9       0x29 ./SDK/startup/startup_mk64f12.o
 .debug_macro   0x00012922       0x80 ./SDK/CMSIS/system_MK64F12.o

.debug_line     0x00000000     0x2e7e
 .debug_line    0x00000000      0x202 ./source/ADC.o
 .debug_line    0x00000202      0x3a9 ./source/App.o
 .debug_line    0x000005ab      0x22c ./source/DAC.o
 .debug_line    0x000007d7      0x1dc ./source/FSK_Demodulator.o
 .debug_line    0x000009b3      0x40b ./source/FTM.o
 .debug_line    0x00000dbe      0x296 ./source/PIT.o
 .debug_line    0x00001054      0x178 ./source/SysTick.o
 .debug_line    0x000011cc      0x185 ./source/bitStreamQueue.o
 .debug_line    0x00001351      0x347 ./source/gpio.o
 .debug_line    0x00001698      0x13e ./source/measureFreq.o
 .debug_line    0x000017d6      0x17a ./source/timer.o
 .debug_line    0x00001950      0x555 ./source/uart.o
 .debug_line    0x00001ea5      0x398 ./source/waveGen.o
 .debug_line    0x0000223d      0x1d4 ./SDK/startup/hardware.o
 .debug_line    0x00002411      0x175 ./SDK/startup/main.o
 .debug_line    0x00002586       0x59 ./SDK/startup/semihost_hardfault.o
 .debug_line    0x000025df      0x6d8 ./SDK/startup/startup_mk64f12.o
 .debug_line    0x00002cb7      0x1c7 ./SDK/CMSIS/system_MK64F12.o

.debug_str      0x00000000    0x7d974
 .debug_str     0x00000000    0x70ce9 ./source/ADC.o
                              0x70ed9 (size before relaxing)
 .debug_str     0x00070ce9     0x3f23 ./source/App.o
                              0x747cc (size before relaxing)
 .debug_str     0x00074c0c      0x2d4 ./source/DAC.o
                              0x70e5f (size before relaxing)
 .debug_str     0x00074ee0      0x19e ./source/FSK_Demodulator.o
                              0x706f8 (size before relaxing)
 .debug_str     0x0007507e      0x608 ./source/FTM.o
                              0x711b9 (size before relaxing)
 .debug_str     0x00075686      0x18f ./source/PIT.o
                              0x70c7c (size before relaxing)
 .debug_str     0x00075815       0xaa ./source/SysTick.o
                              0x70da9 (size before relaxing)
 .debug_str     0x000758bf      0x113 ./source/bitStreamQueue.o
                               0x3954 (size before relaxing)
 .debug_str     0x000759d2      0x2d6 ./source/gpio.o
                              0x70e5e (size before relaxing)
 .debug_str     0x00075ca8      0x14b ./source/measureFreq.o
                               0x3185 (size before relaxing)
 .debug_str     0x00075df3      0x12f ./source/timer.o
                               0x39e5 (size before relaxing)
 .debug_str     0x00075f22     0x707b ./source/uart.o
                              0x77cf3 (size before relaxing)
 .debug_str     0x0007cf9d      0x171 ./source/waveGen.o
                               0x7b41 (size before relaxing)
 .debug_str     0x0007d10e      0x16f ./SDK/startup/hardware.o
                              0x771f3 (size before relaxing)
 .debug_str     0x0007d27d       0x1b ./SDK/startup/main.o
                              0x76fc7 (size before relaxing)
 .debug_str     0x0007d298       0x36 ./SDK/startup/semihost_hardfault.o
                               0x2d2d (size before relaxing)
 .debug_str     0x0007d2ce      0x644 ./SDK/startup/startup_mk64f12.o
                               0x359b (size before relaxing)
 .debug_str     0x0007d912       0x62 ./SDK/CMSIS/system_MK64F12.o
                              0x77102 (size before relaxing)

.comment        0x00000000       0x7e
 .comment       0x00000000       0x7e ./source/ADC.o
                                 0x7f (size before relaxing)
 .comment       0x0000007e       0x7f ./source/App.o
 .comment       0x0000007e       0x7f ./source/DAC.o
 .comment       0x0000007e       0x7f ./source/FSK_Demodulator.o
 .comment       0x0000007e       0x7f ./source/FTM.o
 .comment       0x0000007e       0x7f ./source/PIT.o
 .comment       0x0000007e       0x7f ./source/SysTick.o
 .comment       0x0000007e       0x7f ./source/bitStreamQueue.o
 .comment       0x0000007e       0x7f ./source/gpio.o
 .comment       0x0000007e       0x7f ./source/measureFreq.o
 .comment       0x0000007e       0x7f ./source/timer.o
 .comment       0x0000007e       0x7f ./source/uart.o
 .comment       0x0000007e       0x7f ./source/waveGen.o
 .comment       0x0000007e       0x7f ./SDK/startup/hardware.o
 .comment       0x0000007e       0x7f ./SDK/startup/main.o
 .comment       0x0000007e       0x7f ./SDK/startup/semihost_hardfault.o
 .comment       0x0000007e       0x7f ./SDK/startup/startup_mk64f12.o
 .comment       0x0000007e       0x7f ./SDK/CMSIS/system_MK64F12.o
 .comment       0x0000007e       0x7f c:/nxp/mcuxpressoide_10.2.0_759/ide/tools/bin/../lib/gcc/arm-none-eabi/7.2.1/../../../../arm-none-eabi/lib/thumb/v7e-m/fpv4-sp/hard\libcr_c.a(memset.o)
 .comment       0x0000007e       0x7f c:/nxp/mcuxpressoide_10.2.0_759/ide/tools/bin/../lib/gcc/arm-none-eabi/7.2.1/../../../../arm-none-eabi/lib/thumb/v7e-m/fpv4-sp/hard\libcr_c.a(sin.o)
 .comment       0x0000007e       0x7f c:/nxp/mcuxpressoide_10.2.0_759/ide/tools/bin/../lib/gcc/arm-none-eabi/7.2.1/../../../../arm-none-eabi/lib/thumb/v7e-m/fpv4-sp/hard\libcr_c.a(_sincos.o)
 .comment       0x0000007e       0x7f c:/nxp/mcuxpressoide_10.2.0_759/ide/tools/bin/../lib/gcc/arm-none-eabi/7.2.1/../../../../arm-none-eabi/lib/thumb/v7e-m/fpv4-sp/hard\libcr_c.a(errno.o)
 .comment       0x0000007e       0x7f c:/nxp/mcuxpressoide_10.2.0_759/ide/tools/bin/../lib/gcc/arm-none-eabi/7.2.1/../../../../arm-none-eabi/lib/thumb/v7e-m/fpv4-sp/hard\libcr_c.a(fabs.o)
 .comment       0x0000007e       0x7f c:/nxp/mcuxpressoide_10.2.0_759/ide/tools/bin/../lib/gcc/arm-none-eabi/7.2.1/../../../../arm-none-eabi/lib/thumb/v7e-m/fpv4-sp/hard\libcr_c.a(_hugeval.o)
 .comment       0x0000007e       0x7f c:/nxp/mcuxpressoide_10.2.0_759/ide/tools/bin/../lib/gcc/arm-none-eabi/7.2.1/thumb/v7e-m/fpv4-sp/hard\libcr_eabihelpers.a(double.o)
 .comment       0x0000007e       0x7f c:/nxp/mcuxpressoide_10.2.0_759/ide/tools/bin/../lib/gcc/arm-none-eabi/7.2.1/thumb/v7e-m/fpv4-sp/hard\libcr_eabihelpers.a(float.o)

.ARM.attributes
                0x00000000       0x37
 .ARM.attributes
                0x00000000       0x39 ./source/ADC.o
 .ARM.attributes
                0x00000039       0x39 ./source/App.o
 .ARM.attributes
                0x00000072       0x39 ./source/DAC.o
 .ARM.attributes
                0x000000ab       0x39 ./source/FSK_Demodulator.o
 .ARM.attributes
                0x000000e4       0x39 ./source/FTM.o
 .ARM.attributes
                0x0000011d       0x39 ./source/PIT.o
 .ARM.attributes
                0x00000156       0x39 ./source/SysTick.o
 .ARM.attributes
                0x0000018f       0x39 ./source/bitStreamQueue.o
 .ARM.attributes
                0x000001c8       0x39 ./source/gpio.o
 .ARM.attributes
                0x00000201       0x39 ./source/measureFreq.o
 .ARM.attributes
                0x0000023a       0x39 ./source/timer.o
 .ARM.attributes
                0x00000273       0x39 ./source/uart.o
 .ARM.attributes
                0x000002ac       0x39 ./source/waveGen.o
 .ARM.attributes
                0x000002e5       0x39 ./SDK/startup/hardware.o
 .ARM.attributes
                0x0000031e       0x39 ./SDK/startup/main.o
 .ARM.attributes
                0x00000357       0x39 ./SDK/startup/semihost_hardfault.o
 .ARM.attributes
                0x00000390       0x39 ./SDK/startup/startup_mk64f12.o
 .ARM.attributes
                0x000003c9       0x39 ./SDK/CMSIS/system_MK64F12.o
 .ARM.attributes
                0x00000402       0x39 c:/nxp/mcuxpressoide_10.2.0_759/ide/tools/bin/../lib/gcc/arm-none-eabi/7.2.1/../../../../arm-none-eabi/lib/thumb/v7e-m/fpv4-sp/hard\libcr_c.a(memset.o)
 .ARM.attributes
                0x0000043b       0x39 c:/nxp/mcuxpressoide_10.2.0_759/ide/tools/bin/../lib/gcc/arm-none-eabi/7.2.1/../../../../arm-none-eabi/lib/thumb/v7e-m/fpv4-sp/hard\libcr_c.a(sin.o)
 .ARM.attributes
                0x00000474       0x39 c:/nxp/mcuxpressoide_10.2.0_759/ide/tools/bin/../lib/gcc/arm-none-eabi/7.2.1/../../../../arm-none-eabi/lib/thumb/v7e-m/fpv4-sp/hard\libcr_c.a(_sincos.o)
 .ARM.attributes
                0x000004ad       0x39 c:/nxp/mcuxpressoide_10.2.0_759/ide/tools/bin/../lib/gcc/arm-none-eabi/7.2.1/../../../../arm-none-eabi/lib/thumb/v7e-m/fpv4-sp/hard\libcr_c.a(errno.o)
 .ARM.attributes
                0x000004e6       0x39 c:/nxp/mcuxpressoide_10.2.0_759/ide/tools/bin/../lib/gcc/arm-none-eabi/7.2.1/../../../../arm-none-eabi/lib/thumb/v7e-m/fpv4-sp/hard\libcr_c.a(fabs.o)
 .ARM.attributes
                0x0000051f       0x39 c:/nxp/mcuxpressoide_10.2.0_759/ide/tools/bin/../lib/gcc/arm-none-eabi/7.2.1/../../../../arm-none-eabi/lib/thumb/v7e-m/fpv4-sp/hard\libcr_c.a(_hugeval.o)
 .ARM.attributes
                0x00000558       0x39 c:/nxp/mcuxpressoide_10.2.0_759/ide/tools/bin/../lib/gcc/arm-none-eabi/7.2.1/thumb/v7e-m/fpv4-sp/hard\libcr_eabihelpers.a(double.o)
 .ARM.attributes
                0x00000591       0x39 c:/nxp/mcuxpressoide_10.2.0_759/ide/tools/bin/../lib/gcc/arm-none-eabi/7.2.1/thumb/v7e-m/fpv4-sp/hard\libcr_eabihelpers.a(float.o)
 .ARM.attributes
                0x000005ca       0x25 c:/nxp/mcuxpressoide_10.2.0_759/ide/tools/bin/../lib/gcc/arm-none-eabi/7.2.1/thumb/v7e-m/fpv4-sp/hard\libcr_eabihelpers.a(memcpy.o)

.debug_frame    0x00000000     0x1fc0
 .debug_frame   0x00000000      0x14c ./source/ADC.o
 .debug_frame   0x0000014c       0x9c ./source/App.o
 .debug_frame   0x000001e8      0x188 ./source/DAC.o
 .debug_frame   0x00000370       0xa4 ./source/FSK_Demodulator.o
 .debug_frame   0x00000414      0x364 ./source/FTM.o
 .debug_frame   0x00000778      0x190 ./source/PIT.o
 .debug_frame   0x00000908       0x78 ./source/SysTick.o
 .debug_frame   0x00000980      0x130 ./source/bitStreamQueue.o
 .debug_frame   0x00000ab0      0x350 ./source/gpio.o
 .debug_frame   0x00000e00       0xbc ./source/measureFreq.o
 .debug_frame   0x00000ebc      0x120 ./source/timer.o
 .debug_frame   0x00000fdc      0x40c ./source/uart.o
 .debug_frame   0x000013e8      0x1a4 ./source/waveGen.o
 .debug_frame   0x0000158c       0x70 ./SDK/startup/hardware.o
 .debug_frame   0x000015fc       0x2c ./SDK/startup/main.o
 .debug_frame   0x00001628       0x20 ./SDK/startup/semihost_hardfault.o
 .debug_frame   0x00001648      0x904 ./SDK/startup/startup_mk64f12.o
 .debug_frame   0x00001f4c       0x74 ./SDK/CMSIS/system_MK64F12.o
