Archive member included to satisfy reference by file (symbol)

c:/nxp/mcuxpressoide_10.2.0_759/ide/tools/bin/../lib/gcc/arm-none-eabi/7.2.1/../../../../arm-none-eabi/lib/thumb/v7e-m/fpv4-sp/hard\libcr_c.a(sin.o)
                              ./source/waveGen.o (sin)
c:/nxp/mcuxpressoide_10.2.0_759/ide/tools/bin/../lib/gcc/arm-none-eabi/7.2.1/../../../../arm-none-eabi/lib/thumb/v7e-m/fpv4-sp/hard\libcr_c.a(_sincos.o)
                              c:/nxp/mcuxpressoide_10.2.0_759/ide/tools/bin/../lib/gcc/arm-none-eabi/7.2.1/../../../../arm-none-eabi/lib/thumb/v7e-m/fpv4-sp/hard\libcr_c.a(sin.o) (_sincos)
c:/nxp/mcuxpressoide_10.2.0_759/ide/tools/bin/../lib/gcc/arm-none-eabi/7.2.1/../../../../arm-none-eabi/lib/thumb/v7e-m/fpv4-sp/hard\libcr_c.a(errno.o)
                              c:/nxp/mcuxpressoide_10.2.0_759/ide/tools/bin/../lib/gcc/arm-none-eabi/7.2.1/../../../../arm-none-eabi/lib/thumb/v7e-m/fpv4-sp/hard\libcr_c.a(_sincos.o) (errno)
c:/nxp/mcuxpressoide_10.2.0_759/ide/tools/bin/../lib/gcc/arm-none-eabi/7.2.1/../../../../arm-none-eabi/lib/thumb/v7e-m/fpv4-sp/hard\libcr_c.a(fabs.o)
                              c:/nxp/mcuxpressoide_10.2.0_759/ide/tools/bin/../lib/gcc/arm-none-eabi/7.2.1/../../../../arm-none-eabi/lib/thumb/v7e-m/fpv4-sp/hard\libcr_c.a(_sincos.o) (fabs)
c:/nxp/mcuxpressoide_10.2.0_759/ide/tools/bin/../lib/gcc/arm-none-eabi/7.2.1/../../../../arm-none-eabi/lib/thumb/v7e-m/fpv4-sp/hard\libcr_c.a(_hugeval.o)
                              c:/nxp/mcuxpressoide_10.2.0_759/ide/tools/bin/../lib/gcc/arm-none-eabi/7.2.1/../../../../arm-none-eabi/lib/thumb/v7e-m/fpv4-sp/hard\libcr_c.a(_sincos.o) (__huge_val)
c:/nxp/mcuxpressoide_10.2.0_759/ide/tools/bin/../lib/gcc/arm-none-eabi/7.2.1/thumb/v7e-m/fpv4-sp/hard\libcr_eabihelpers.a(double.o)
                              ./source/FSK_Demodulator.o (__aeabi_dmul)
c:/nxp/mcuxpressoide_10.2.0_759/ide/tools/bin/../lib/gcc/arm-none-eabi/7.2.1/thumb/v7e-m/fpv4-sp/hard\libcr_eabihelpers.a(float.o)
                              ./source/FTM.o (__aeabi_f2d)

Discarded input sections

 .group         0x00000000        0xc ./source/ADC.o
 .group         0x00000000        0xc ./source/ADC.o
 .group         0x00000000        0xc ./source/ADC.o
 .group         0x00000000        0xc ./source/ADC.o
 .group         0x00000000        0xc ./source/ADC.o
 .group         0x00000000        0xc ./source/ADC.o
 .group         0x00000000        0xc ./source/ADC.o
 .group         0x00000000        0xc ./source/ADC.o
 .group         0x00000000        0xc ./source/ADC.o
 .group         0x00000000        0xc ./source/ADC.o
 .group         0x00000000        0xc ./source/ADC.o
 .text          0x00000000        0x0 ./source/ADC.o
 .data          0x00000000        0x0 ./source/ADC.o
 .bss           0x00000000        0x0 ./source/ADC.o
 .text.StartConversion
                0x00000000       0x40 ./source/ADC.o
 .text.SetInterruptCallback
                0x00000000       0x20 ./source/ADC.o
 .group         0x00000000        0xc ./source/App.o
 .text          0x00000000        0x0 ./source/App.o
 .data          0x00000000        0x0 ./source/App.o
 .bss           0x00000000        0x0 ./source/App.o
 .debug_macro   0x00000000      0xa5a ./source/App.o
 .group         0x00000000        0xc ./source/Bell202.o
 .group         0x00000000        0xc ./source/Bell202.o
 .group         0x00000000        0xc ./source/Bell202.o
 .group         0x00000000        0xc ./source/Bell202.o
 .group         0x00000000        0xc ./source/Bell202.o
 .group         0x00000000        0xc ./source/Bell202.o
 .text          0x00000000        0x0 ./source/Bell202.o
 .data          0x00000000        0x0 ./source/Bell202.o
 .bss           0x00000000        0x0 ./source/Bell202.o
 .debug_macro   0x00000000      0xa5a ./source/Bell202.o
 .debug_macro   0x00000000      0x34e ./source/Bell202.o
 .debug_macro   0x00000000       0x22 ./source/Bell202.o
 .group         0x00000000        0xc ./source/DAC.o
 .group         0x00000000        0xc ./source/DAC.o
 .group         0x00000000        0xc ./source/DAC.o
 .group         0x00000000        0xc ./source/DAC.o
 .group         0x00000000        0xc ./source/DAC.o
 .group         0x00000000        0xc ./source/DAC.o
 .group         0x00000000        0xc ./source/DAC.o
 .group         0x00000000        0xc ./source/DAC.o
 .group         0x00000000        0xc ./source/DAC.o
 .group         0x00000000        0xc ./source/DAC.o
 .group         0x00000000        0xc ./source/DAC.o
 .group         0x00000000        0xc ./source/DAC.o
 .text          0x00000000        0x0 ./source/DAC.o
 .data          0x00000000        0x0 ./source/DAC.o
 .bss           0x00000000        0x0 ./source/DAC.o
 .text.writeDACvalue
                0x00000000       0x9c ./source/DAC.o
 .text.DACincBFreadPointer
                0x00000000       0x70 ./source/DAC.o
 .debug_macro   0x00000000      0xa5a ./source/DAC.o
 .debug_macro   0x00000000      0x34e ./source/DAC.o
[...]
Memory Configuration

Name             Origin             Length             Attributes
PROGRAM_FLASH    0x00000000         0x00100000         xr
SRAM_UPPER       0x20000000         0x00030000         xrw
SRAM_LOWER       0x1fff0000         0x00010000         xrw
FLEX_RAM         0x14000000         0x00001000         xrw
*default*        0x00000000         0xffffffff

Linker script and memory map

LOAD ./source/ADC.o
LOAD ./source/App.o
LOAD ./source/Bell202.o
LOAD ./source/DAC.o
LOAD ./source/FSK_Demodulator.o
LOAD ./source/FSK_Modulator.o
LOAD ./source/FTM.o
LOAD ./source/PIT.o
LOAD ./source/SysTick.o
LOAD ./source/bitStreamQueue.o
LOAD ./source/gpio.o
LOAD ./source/measureFreq.o
LOAD ./source/timer.o
LOAD ./source/uart.o
LOAD ./source/waveGen.o
LOAD ./SDK/startup/hardware.o
LOAD ./SDK/startup/main.o
LOAD ./SDK/startup/semihost_hardfault.o
LOAD ./SDK/startup/startup_mk64f12.o
LOAD ./SDK/CMSIS/system_MK64F12.o
START GROUP
LOAD c:/nxp/mcuxpressoide_10.2.0_759/ide/tools/bin/../lib/gcc/arm-none-eabi/7.2.1/../../../../arm-none-eabi/lib/thumb/v7e-m/fpv4-sp/hard\libcr_c.a
LOAD c:/nxp/mcuxpressoide_10.2.0_759/ide/tools/bin/../lib/gcc/arm-none-eabi/7.2.1/thumb/v7e-m/fpv4-sp/hard\libcr_eabihelpers.a
END GROUP
                0x00000000                __base_PROGRAM_FLASH = 0x0
                0x00000000                __base_Flash = 0x0
                0x00100000                __top_PROGRAM_FLASH = 0x100000
                0x00100000                __top_Flash = 0x100000
                0x20000000                __base_SRAM_UPPER = 0x20000000
                0x20000000                __base_RAM = 0x20000000
                0x20030000                __top_SRAM_UPPER = 0x20030000
                0x20030000                __top_RAM = 0x20030000
                0x1fff0000                __base_SRAM_LOWER = 0x1fff0000
                0x1fff0000                __base_RAM2 = 0x1fff0000
                0x20000000                __top_SRAM_LOWER = 0x20000000
                0x20000000                __top_RAM2 = 0x20000000
                0x14000000                __base_FLEX_RAM = 0x14000000
                0x14000000                __base_RAM3 = 0x14000000
                0x14001000                __top_FLEX_RAM = 0x14001000
                0x14001000                __top_RAM3 = 0x14001000

.text           0x00000000     0x4078
 FILL mask 0xff
                0x00000000                __vectors_start__ = ABSOLUTE (.)
 *(SORT_BY_ALIGNMENT(.isr_vector))
 .isr_vector    0x00000000      0x198 ./SDK/startup/startup_mk64f12.o
                0x00000000                g_pfnVectors
                0x00000000                __Vectors
                0x00000198                . = ALIGN (0x4)
                0x00000198                __section_table_start = .
                0x00000198                __data_section_table = .
                0x00000198        0x4 LONG 0x4078 LOADADDR (.data)
                0x0000019c        0x4 LONG 0x20000000 ADDR (.data)
                0x000001a0        0x4 LONG 0xa8 SIZEOF (.data)
                0x000001a4        0x4 LONG 0x4078 LOADADDR (.data_RAM2)
                0x000001a8        0x4 LONG 0x1fff0000 ADDR (.data_RAM2)
                0x000001ac        0x4 LONG 0x0 SIZEOF (.data_RAM2)
                0x000001b0        0x4 LONG 0x4078 LOADADDR (.data_RAM3)
                0x000001b4        0x4 LONG 0x14000000 ADDR (.data_RAM3)
                0x000001b8        0x4 LONG 0x0 SIZEOF (.data_RAM3)
                0x000001bc                __data_section_table_end = .
                0x000001bc                __bss_section_table = .
                0x000001bc        0x4 LONG 0x200000a8 ADDR (.bss)
                0x000001c0        0x4 LONG 0x990 SIZEOF (.bss)
                0x000001c4        0x4 LONG 0x1fff0000 ADDR (.bss_RAM2)
                0x000001c8        0x4 LONG 0x0 SIZEOF (.bss_RAM2)
                0x000001cc        0x4 LONG 0x14000000 ADDR (.bss_RAM3)
                0x000001d0        0x4 LONG 0x0 SIZEOF (.bss_RAM3)
                0x000001d4                __bss_section_table_end = .
                0x000001d4                __section_table_end = .
 *(SORT_BY_ALIGNMENT(.after_vectors*))
 .after_vectors.reset
                0x000001d4       0x4c ./SDK/startup/startup_mk64f12.o
                0x000001d4                ResetISR
 .after_vectors.init_data
                0x00000220       0x1e ./SDK/startup/startup_mk64f12.o
                0x00000220                data_init
 .after_vectors.init_bss
                0x0000023e       0x12 ./SDK/startup/startup_mk64f12.o
                0x0000023e                bss_init
 .after_vectors
                0x00000250       0x14 ./SDK/startup/startup_mk64f12.o
                0x00000250                NMI_Handler
                0x00000254                MemManage_Handler
                0x00000256                BusFault_Handler
                0x00000258                UsageFault_Handler
                0x0000025a                SVC_Handler
                0x0000025c                DebugMon_Handler
                0x0000025e                PendSV_Handler
                0x00000262                DMA_Error_DriverIRQHandler
                0x00000262                LPTMR0_DriverIRQHandler
                0x00000262                FTM1_DriverIRQHandler
                0x00000262                FTM2_DriverIRQHandler
                0x00000262                PIT2_DriverIRQHandler
                0x00000262                SDHC_DriverIRQHandler
                0x00000262                I2S0_Tx_DriverIRQHandler
                0x00000262                RTC_Seconds_DriverIRQHandler
                0x00000262                DMA6_DriverIRQHandler
                0x00000262                LLWU_DriverIRQHandler
                0x00000262                MCM_DriverIRQHandler
                0x00000262                MCG_DriverIRQHandler
                0x00000262                ENET_1588_Timer_DriverIRQHandler
                0x00000262                I2C2_DriverIRQHandler
                0x00000262                DAC1_DriverIRQHandler
                0x00000262                SPI1_DriverIRQHandler
                0x00000262                CMP1_DriverIRQHandler
                0x00000262                UART5_RX_TX_DriverIRQHandler
                0x00000262                FTM0_DriverIRQHandler
                0x00000262                IntDefaultHandler
                0x00000262                USB0_DriverIRQHandler
                0x00000262                UART5_ERR_DriverIRQHandler
                0x00000262                PORTC_DriverIRQHandler
                0x00000262                DMA11_DriverIRQHandler
                0x00000262                DAC0_DriverIRQHandler
                0x00000262                DMA10_DriverIRQHandler
                0x00000262                CMP2_DriverIRQHandler
                0x00000262                UART2_ERR_DriverIRQHandler
                0x00000262                SPI2_DriverIRQHandler
                0x00000262                LVD_LVW_DriverIRQHandler
                0x00000262                PIT0_DriverIRQHandler
                0x00000262                RNG_DriverIRQHandler
                0x00000262                DMA5_DriverIRQHandler
                0x00000262                DMA12_DriverIRQHandler
                0x00000262                UART2_RX_TX_DriverIRQHandler
                0x00000262                USBDCD_DriverIRQHandler
                0x00000262                UART3_ERR_DriverIRQHandler
                0x00000262                DMA3_DriverIRQHandler
                0x00000262                DMA8_DriverIRQHandler
                0x00000262                DMA9_DriverIRQHandler
                0x00000262                UART0_ERR_DriverIRQHandler
                0x00000262                CMT_DriverIRQHandler
                0x00000262                Reserved71_DriverIRQHandler
                0x00000262                ADC1_DriverIRQHandler
                0x00000262                PORTA_DriverIRQHandler
                0x00000262                DMA14_DriverIRQHandler
                0x00000262                PIT3_DriverIRQHandler
                0x00000262                PIT1_DriverIRQHandler
                0x00000262                WDOG_EWM_DriverIRQHandler
                0x00000262                PDB0_DriverIRQHandler
                0x00000262                RTC_DriverIRQHandler
                0x00000262                I2S0_Rx_DriverIRQHandler
                0x00000262                Read_Collision_DriverIRQHandler
                0x00000262                SWI_DriverIRQHandler
                0x00000262                UART4_RX_TX_DriverIRQHandler
                0x00000262                UART4_ERR_DriverIRQHandler
                0x00000262                PORTB_DriverIRQHandler
                0x00000262                UART0_LON_DriverIRQHandler
                0x00000262                DMA0_DriverIRQHandler
                0x00000262                DMA1_DriverIRQHandler
                0x00000262                I2C1_DriverIRQHandler
                0x00000262                UART3_RX_TX_DriverIRQHandler
                0x00000262                ENET_Receive_DriverIRQHandler
                0x00000262                DMA13_DriverIRQHandler
                0x00000262                ENET_Error_DriverIRQHandler
                0x00000262                DMA15_DriverIRQHandler
                0x00000262                UART0_RX_TX_DriverIRQHandler
                0x00000262                SPI0_DriverIRQHandler
                0x00000262                ADC0_DriverIRQHandler
                0x00000262                CMP0_DriverIRQHandler
                0x00000262                CAN0_DriverIRQHandler
                0x00000262                FTM3_DriverIRQHandler
                0x00000262                DMA4_DriverIRQHandler
                0x00000262                UART1_ERR_DriverIRQHandler
                0x00000262                DMA2_DriverIRQHandler
                0x00000262                ENET_Transmit_DriverIRQHandler
                0x00000262                PORTD_DriverIRQHandler
                0x00000262                PORTE_DriverIRQHandler
                0x00000262                FTFE_DriverIRQHandler
                0x00000262                I2C0_DriverIRQHandler
                0x00000262                DMA7_DriverIRQHandler
                0x00000262                UART1_RX_TX_DriverIRQHandler
                0x00000400                . = 0x400
 *fill*         0x00000264      0x19c ff
                0x00000400                PROVIDE (__FLASH_CONFIG_START__, .)
 *(SORT_BY_ALIGNMENT(.FlashConfig))
 .FlashConfig   0x00000400       0x10 ./SDK/startup/startup_mk64f12.o
                0x00000400                Flash_Config
                0x00000410                PROVIDE (__FLASH_CONFIG_END__, .)
                0x00000001                ASSERT (! ((__FLASH_CONFIG_START__ == __FLASH_CONFIG_END__)), Linker Flash Config Support Enabled, but no .FlashConfig section provided within application)
 *(SORT_BY_ALIGNMENT(.text*))
 .text.DemodulatorInit
                0x00000410       0x74 ./source/FSK_Demodulator.o
                0x00000410                DemodulatorInit
 *fill*         0x00000484        0x4 ff
 .text.senoidalInit
                0x00000488      0x128 ./source/waveGen.o
                0x00000488                senoidalInit
 .text._sincos  0x000005b0      0x214 c:/nxp/mcuxpressoide_10.2.0_759/ide/tools/bin/../lib/gcc/arm-none-eabi/7.2.1/../../../../arm-none-eabi/lib/thumb/v7e-m/fpv4-sp/hard\libcr_c.a(_sincos.o)
                0x000005b0                _sincos
 .text.__NVIC_EnableIRQ
                0x000007c4       0x3c ./source/ADC.o
 .text.ADC_Init
                0x00000800      0x24c ./source/ADC.o
                0x00000800                ADC_Init
 .text.SetChannelADC
                0x00000a4c       0x80 ./source/ADC.o
                0x00000a4c                SetChannelADC
 .text.IsConversionFinished
                0x00000acc       0x28 ./source/ADC.o
                0x00000acc                IsConversionFinished
 .text.GetConversionResult
                0x00000af4       0x1c ./source/ADC.o
                0x00000af4                GetConversionResult
 .text.ADC0_IRQHandler
                0x00000b10       0x14 ./source/ADC.o
                0x00000b10                ADC0_IRQHandler
 .text.ADC1_IRQHandler
                0x00000b24       0x14 ./source/ADC.o
                0x00000b24                ADC1_IRQHandler
 .text.__NVIC_EnableIRQ
                0x00000b38       0x3c ./source/DAC.o
 .text.DACinit  0x00000b74      0x194 ./source/DAC.o
                0x00000b74                DACinit
 .text.writeDACdata
                0x00000d08       0x58 ./source/DAC.o
                0x00000d08                writeDACdata
 .text.shapeValue2DACdata
                0x00000d60       0x64 ./source/DAC.o
                0x00000d60                shapeValue2DACdata
 .text.DACclockGating
                0x00000dc4       0x5c ./source/DAC.o
                0x00000dc4                DACclockGating
 .text.updateSoftwareTrigger
                0x00000e20       0x40 ./source/DAC.o
                0x00000e20                updateSoftwareTrigger
 .text.DACgetBFreadPointer
                0x00000e60       0x44 ./source/DAC.o
                0x00000e60                DACgetBFreadPointer
 .text.DAC0_IRQHandler
                0x00000ea4       0x6c ./source/DAC.o
                0x00000ea4                DAC0_IRQHandler
 .text.DemodulateSignal
                0x00000f10      0x144 ./source/FSK_Demodulator.o
                0x00000f10                DemodulateSignal
 .text.ApplyFIR
                0x00001054       0xfc ./source/FSK_Demodulator.o
                0x00001054                ApplyFIR
 .text.ReconstructSignal
                0x00001150      0x11c ./source/FSK_Demodulator.o
                0x00001150                ReconstructSignal
 .text.ModulatorInit
                0x0000126c       0x64 ./source/FSK_Modulator.o
                0x0000126c                ModulatorInit
 .text.ModulateFSK
                0x000012d0       0x88 ./source/FSK_Modulator.o
                0x000012d0                ModulateFSK
 .text.__NVIC_EnableIRQ
                0x00001358       0x3c ./source/FTM.o
 .text.FTMinit  0x00001394      0x3d8 ./source/FTM.o
                0x00001394                FTMinit
 .text.setFTMtimer
                0x0000176c       0xf0 ./source/FTM.o
                0x0000176c                setFTMtimer
 .text.FTMclockGating
                0x0000185c       0x8c ./source/FTM.o
                0x0000185c                FTMclockGating
 .text.updatePWMduty
                0x000018e8       0x98 ./source/FTM.o
                0x000018e8                updatePWMduty
 .text.shapeDuty2cnv
                0x00001980       0x84 ./source/FTM.o
                0x00001980                shapeDuty2cnv
 .text.getPWMduty
                0x00001a04       0x74 ./source/FTM.o
                0x00001a04                getPWMduty
 .text.updatePWMperiod
                0x00001a78       0xb0 ./source/FTM.o
                0x00001a78                updatePWMperiod
 .text.enablePinFTM
                0x00001b28       0x50 ./source/FTM.o
                0x00001b28                enablePinFTM
 .text.getPrescalerFactor
                0x00001b78       0x80 ./source/FTM.o
                0x00001b78                getPrescalerFactor
 .text.FTMx_IRQHandler
                0x00001bf8       0xd4 ./source/FTM.o
                0x00001bf8                FTMx_IRQHandler
 .text.__NVIC_EnableIRQ
                0x00001ccc       0x3c ./source/PIT.o
 .text.PITinit  0x00001d08       0x8c ./source/PIT.o
                0x00001d08                PITinit
 .text.PITmodifyTimer
                0x00001d94       0x38 ./source/PIT.o
                0x00001d94                PITmodifyTimer
 .text.PITstartTimer
                0x00001dcc      0x114 ./source/PIT.o
                0x00001dcc                PITstartTimer
 .text.PITenableClock
                0x00001ee0       0x3c ./source/PIT.o
 .text.PITtimerInit
                0x00001f1c       0x74 ./source/PIT.o
 .text.PITtimerSet
                0x00001f90       0x9c ./source/PIT.o
 .text.PIT0_IRQHandler
                0x0000202c       0x30 ./source/PIT.o
                0x0000202c                PIT0_IRQHandler
 .text.PIT1_IRQHandler
                0x0000205c       0x30 ./source/PIT.o
                0x0000205c                PIT1_IRQHandler
 .text.PIT2_IRQHandler
                0x0000208c       0x30 ./source/PIT.o
                0x0000208c                PIT2_IRQHandler
 .text.PIT3_IRQHandler
                0x000020bc       0x30 ./source/PIT.o
                0x000020bc                PIT3_IRQHandler
 .text.SysTick_Handler
                0x000020ec       0x14 ./source/SysTick.o
                0x000020ec                SysTick_Handler
 .text.recursiveStore
                0x00002100       0x4c ./source/bitStreamQueue.o
 .text.bitStreamQueueInit
                0x0000214c       0x50 ./source/bitStreamQueue.o
                0x0000214c                bitStreamQueueInit
 .text.pushChar
                0x0000219c       0x3c ./source/bitStreamQueue.o
                0x0000219c                pushChar
 .text.isQueueEmpty
                0x000021d8       0x24 ./source/bitStreamQueue.o
                0x000021d8                isQueueEmpty
 .text.popBit   0x000021fc       0x78 ./source/bitStreamQueue.o
                0x000021fc                popBit
 .text.PushBit  0x00002274       0x58 ./source/bitStreamQueue.o
                0x00002274                PushBit
 .text.IsFrameReady
                0x000022cc       0x18 ./source/bitStreamQueue.o
                0x000022cc                IsFrameReady
 .text.GetFrame
                0x000022e4       0x28 ./source/bitStreamQueue.o
                0x000022e4                GetFrame
 .text.PORTX_IRQHandler
                0x0000230c       0xbc ./source/gpio.o
                0x0000230c                PORTX_IRQHandler
 .text.__NVIC_EnableIRQ
                0x000023c8       0x3c ./source/uart.o
 .text.uartInit
                0x00002404      0x250 ./source/uart.o
                0x00002404                uartInit
 .text.uartIsRxMsg
                0x00002654       0xa4 ./source/uart.o
                0x00002654                uartIsRxMsg
 .text.uartReadMsg
                0x000026f8      0x170 ./source/uart.o
                0x000026f8                uartReadMsg
 .text.uartWriteMsg
                0x00002868      0x134 ./source/uart.o
                0x00002868                uartWriteMsg
 .text.copyTXmsg
                0x0000299c       0x90 ./source/uart.o
                0x0000299c                copyTXmsg
 .text.UARTX_RX_TX_IRQHandler
                0x00002a2c      0x1e8 ./source/uart.o
                0x00002a2c                UARTX_RX_TX_IRQHandler
 .text.UART_setBaudRate
                0x00002c14       0xb0 ./source/uart.o
                0x00002c14                UART_setBaudRate
 .text.UART_clockGating
                0x00002cc4       0xc4 ./source/uart.o
                0x00002cc4                UART_clockGating
 .text.initWaveGen
                0x00002d88       0xa4 ./source/waveGen.o
                0x00002d88                initWaveGen
 .text.updateWaveFreq
                0x00002e2c       0xa4 ./source/waveGen.o
                0x00002e2c                updateWaveFreq
 .text.sinWaveGen
                0x00002ed0       0x9c ./source/waveGen.o
                0x00002ed0                sinWaveGen
 .text.pwmSinWaveGen
                0x00002f6c       0x50 ./source/waveGen.o
                0x00002f6c                pwmSinWaveGen
 .text.DACcallback
                0x00002fbc       0x90 ./source/waveGen.o
                0x00002fbc                DACcallback
 .text.softwareTriggerDAC
                0x0000304c       0x2c ./source/waveGen.o
                0x0000304c                softwareTriggerDAC
 .text.FTMpwmCallback
                0x00003078       0x68 ./source/waveGen.o
                0x00003078                FTMpwmCallback
 .text.hw_Init  0x000030e0      0x10c ./SDK/startup/hardware.o
                0x000030e0                hw_Init
 .text.hw_EnableInterrupts
                0x000031ec       0x30 ./SDK/startup/hardware.o
                0x000031ec                hw_EnableInterrupts
 .text.hw_DisableInterrupts
                0x0000321c       0x20 ./SDK/startup/hardware.o
                0x0000321c                hw_DisableInterrupts
 .text.SystemInit
                0x0000323c       0x3c ./SDK/CMSIS/system_MK64F12.o
                0x0000323c                SystemInit
 .text.__aeabi_dmul
                0x00003278      0x11c c:/nxp/mcuxpressoide_10.2.0_759/ide/tools/bin/../lib/gcc/arm-none-eabi/7.2.1/thumb/v7e-m/fpv4-sp/hard\libcr_eabihelpers.a(double.o)
                0x00003278                __aeabi_dmul
 .text.__aeabi_ddiv
                0x00003394      0x138 c:/nxp/mcuxpressoide_10.2.0_759/ide/tools/bin/../lib/gcc/arm-none-eabi/7.2.1/thumb/v7e-m/fpv4-sp/hard\libcr_eabihelpers.a(double.o)
                0x00003394                __aeabi_ddiv
 .text.__aeabi_dsub
                0x000034cc      0x1b4 c:/nxp/mcuxpressoide_10.2.0_759/ide/tools/bin/../lib/gcc/arm-none-eabi/7.2.1/thumb/v7e-m/fpv4-sp/hard\libcr_eabihelpers.a(double.o)
                0x000034cc                __aeabi_dsub
 .text.__aeabi_dadd
                0x00003680      0x10c c:/nxp/mcuxpressoide_10.2.0_759/ide/tools/bin/../lib/gcc/arm-none-eabi/7.2.1/thumb/v7e-m/fpv4-sp/hard\libcr_eabihelpers.a(double.o)
                0x00003680                __aeabi_dadd
 .text.__aeabi_d2f
                0x0000378c       0x54 c:/nxp/mcuxpressoide_10.2.0_759/ide/tools/bin/../lib/gcc/arm-none-eabi/7.2.1/thumb/v7e-m/fpv4-sp/hard\libcr_eabihelpers.a(double.o)
                0x0000378c                __aeabi_d2f
 .text.__aeabi_f2d
                0x000037e0       0x38 c:/nxp/mcuxpressoide_10.2.0_759/ide/tools/bin/../lib/gcc/arm-none-eabi/7.2.1/thumb/v7e-m/fpv4-sp/hard\libcr_eabihelpers.a(float.o)
                0x000037e0                __aeabi_f2d
 .text.InitializeHardwareTrigger
                0x00003818       0x2a ./source/ADC.o
                0x00003818                InitializeHardwareTrigger
 .text.App_Init
                0x00003842        0xc ./source/App.o
                0x00003842                App_Init
 .text.App_Run  0x0000384e        0xc ./source/App.o
                0x0000384e                App_Run
 .text.ModemInit
                0x0000385a       0x42 ./source/Bell202.o
                0x0000385a                ModemInit
 .text.ModemRun
                0x0000389c       0x6c ./source/Bell202.o
                0x0000389c                ModemRun
 .text.NeedDemodulation
                0x00003908        0xe ./source/FSK_Demodulator.o
                0x00003908                NeedDemodulation
 .text.InitializeHardware
                0x00003916       0x46 ./source/FSK_Demodulator.o
                0x00003916                InitializeHardware
 .text.setFTMprescaler
                0x0000395c       0x34 ./source/FTM.o
                0x0000395c                setFTMprescaler
 .text.FTM0_IRQHandler
                0x00003990        0xe ./source/FTM.o
                0x00003990                FTM0_IRQHandler
 .text.FTM1_IRQHandler
                0x0000399e        0xe ./source/FTM.o
                0x0000399e                FTM1_IRQHandler
 .text.FTM2_IRQHandler
                0x000039ac        0xe ./source/FTM.o
                0x000039ac                FTM2_IRQHandler
 .text.PITenable
                0x000039ba       0x4e ./source/PIT.o
 .text.pushString
                0x00003a08       0x50 ./source/bitStreamQueue.o
                0x00003a08                pushString
 .text.PORTA_IRQHandler
                0x00003a58        0xe ./source/gpio.o
                0x00003a58                PORTA_IRQHandler
 .text.PORTB_IRQHandler
                0x00003a66        0xe ./source/gpio.o
                0x00003a66                PORTB_IRQHandler
 .text.PORTC_IRQHandler
                0x00003a74        0xe ./source/gpio.o
                0x00003a74                PORTC_IRQHandler
 .text.PORTD_IRQHandler
                0x00003a82        0xe ./source/gpio.o
                0x00003a82                PORTD_IRQHandler
 .text.PORTE_IRQHandler
                0x00003a90        0xe ./source/gpio.o
                0x00003a90                PORTE_IRQHandler
 .text.setPCRmux
                0x00003a9e       0x46 ./source/gpio.o
                0x00003a9e                setPCRmux
 .text.setPCRirqc
                0x00003ae4       0x46 ./source/gpio.o
                0x00003ae4                setPCRirqc
 .text.UARTX_LON_IRQHandler
                0x00003b2a       0x16 ./source/uart.o
                0x00003b2a                UARTX_LON_IRQHandler
 .text.UARTX_ERR_IRQHandler
                0x00003b40       0x16 ./source/uart.o
                0x00003b40                UARTX_ERR_IRQHandler
 .text.UART0_LON_IRQHandler
                0x00003b56        0xe ./source/uart.o
                0x00003b56                UART0_LON_IRQHandler
 .text.UART0_RX_TX_IRQHandler
                0x00003b64        0xe ./source/uart.o
                0x00003b64                UART0_RX_TX_IRQHandler
 .text.UART0_ERR_IRQHandler
                0x00003b72        0xe ./source/uart.o
                0x00003b72                UART0_ERR_IRQHandler
 .text.UART1_RX_TX_IRQHandler
                0x00003b80        0xe ./source/uart.o
                0x00003b80                UART1_RX_TX_IRQHandler
 .text.UART1_ERR_IRQHandler
                0x00003b8e        0xe ./source/uart.o
                0x00003b8e                UART1_ERR_IRQHandler
 .text.UART2_RX_TX_IRQHandler
                0x00003b9c        0xe ./source/uart.o
                0x00003b9c                UART2_RX_TX_IRQHandler
 .text.UART2_ERR_IRQHandler
                0x00003baa        0xe ./source/uart.o
                0x00003baa                UART2_ERR_IRQHandler
 .text.UART3_RX_TX_IRQHandler
                0x00003bb8        0xe ./source/uart.o
                0x00003bb8                UART3_RX_TX_IRQHandler
 .text.UART3_ERR_IRQHandler
                0x00003bc6        0xe ./source/uart.o
                0x00003bc6                UART3_ERR_IRQHandler
 .text.UART4_RX_TX_IRQHandler
                0x00003bd4        0xe ./source/uart.o
                0x00003bd4                UART4_RX_TX_IRQHandler
 .text.UART4_ERR_IRQHandler
                0x00003be2        0xe ./source/uart.o
                0x00003be2                UART4_ERR_IRQHandler
 .text.main     0x00003bf0       0x1a ./SDK/startup/main.o
                0x00003bf0                main
 .text.HardFault_Handler
                0x00003c0a       0x2c ./SDK/startup/semihost_hardfault.o
                0x00003c0a                HardFault_Handler
 .text.DMA0_IRQHandler
                0x00003c36        0x8 ./SDK/startup/startup_mk64f12.o
                0x00003c36                DMA0_IRQHandler
 .text.DMA1_IRQHandler
                0x00003c3e        0x8 ./SDK/startup/startup_mk64f12.o
                0x00003c3e                DMA1_IRQHandler
 .text.DMA2_IRQHandler
                0x00003c46        0x8 ./SDK/startup/startup_mk64f12.o
                0x00003c46                DMA2_IRQHandler
 .text.DMA3_IRQHandler
                0x00003c4e        0x8 ./SDK/startup/startup_mk64f12.o
                0x00003c4e                DMA3_IRQHandler
 .text.DMA4_IRQHandler
                0x00003c56        0x8 ./SDK/startup/startup_mk64f12.o
                0x00003c56                DMA4_IRQHandler
 .text.DMA5_IRQHandler
                0x00003c5e        0x8 ./SDK/startup/startup_mk64f12.o
                0x00003c5e                DMA5_IRQHandler
 .text.DMA6_IRQHandler
                0x00003c66        0x8 ./SDK/startup/startup_mk64f12.o
                0x00003c66                DMA6_IRQHandler
 .text.DMA7_IRQHandler
                0x00003c6e        0x8 ./SDK/startup/startup_mk64f12.o
                0x00003c6e                DMA7_IRQHandler
 .text.DMA8_IRQHandler
                0x00003c76        0x8 ./SDK/startup/startup_mk64f12.o
                0x00003c76                DMA8_IRQHandler
 .text.DMA9_IRQHandler
                0x00003c7e        0x8 ./SDK/startup/startup_mk64f12.o
                0x00003c7e                DMA9_IRQHandler
 .text.DMA10_IRQHandler
                0x00003c86        0x8 ./SDK/startup/startup_mk64f12.o
                0x00003c86                DMA10_IRQHandler
 .text.DMA11_IRQHandler
                0x00003c8e        0x8 ./SDK/startup/startup_mk64f12.o
                0x00003c8e                DMA11_IRQHandler
 .text.DMA12_IRQHandler
                0x00003c96        0x8 ./SDK/startup/startup_mk64f12.o
                0x00003c96                DMA12_IRQHandler
 .text.DMA13_IRQHandler
                0x00003c9e        0x8 ./SDK/startup/startup_mk64f12.o
                0x00003c9e                DMA13_IRQHandler
 .text.DMA14_IRQHandler
                0x00003ca6        0x8 ./SDK/startup/startup_mk64f12.o
                0x00003ca6                DMA14_IRQHandler
 .text.DMA15_IRQHandler
                0x00003cae        0x8 ./SDK/startup/startup_mk64f12.o
                0x00003cae                DMA15_IRQHandler
 .text.DMA_Error_IRQHandler
                0x00003cb6        0x8 ./SDK/startup/startup_mk64f12.o
                0x00003cb6                DMA_Error_IRQHandler
 .text.MCM_IRQHandler
                0x00003cbe        0x8 ./SDK/startup/startup_mk64f12.o
                0x00003cbe                MCM_IRQHandler
 .text.FTFE_IRQHandler
                0x00003cc6        0x8 ./SDK/startup/startup_mk64f12.o
                0x00003cc6                FTFE_IRQHandler
 .text.Read_Collision_IRQHandler
                0x00003cce        0x8 ./SDK/startup/startup_mk64f12.o
                0x00003cce                Read_Collision_IRQHandler
 .text.LVD_LVW_IRQHandler
                0x00003cd6        0x8 ./SDK/startup/startup_mk64f12.o
                0x00003cd6                LVD_LVW_IRQHandler
 .text.LLWU_IRQHandler
                0x00003cde        0x8 ./SDK/startup/startup_mk64f12.o
                0x00003cde                LLWU_IRQHandler
 .text.WDOG_EWM_IRQHandler
                0x00003ce6        0x8 ./SDK/startup/startup_mk64f12.o
                0x00003ce6                WDOG_EWM_IRQHandler
 .text.RNG_IRQHandler
                0x00003cee        0x8 ./SDK/startup/startup_mk64f12.o
                0x00003cee                RNG_IRQHandler
 .text.I2C0_IRQHandler
                0x00003cf6        0x8 ./SDK/startup/startup_mk64f12.o
                0x00003cf6                I2C0_IRQHandler
 .text.I2C1_IRQHandler
                0x00003cfe        0x8 ./SDK/startup/startup_mk64f12.o
                0x00003cfe                I2C1_IRQHandler
 .text.SPI0_IRQHandler
                0x00003d06        0x8 ./SDK/startup/startup_mk64f12.o
                0x00003d06                SPI0_IRQHandler
 .text.SPI1_IRQHandler
                0x00003d0e        0x8 ./SDK/startup/startup_mk64f12.o
                0x00003d0e                SPI1_IRQHandler
 .text.I2S0_Tx_IRQHandler
                0x00003d16        0x8 ./SDK/startup/startup_mk64f12.o
                0x00003d16                I2S0_Tx_IRQHandler
 .text.I2S0_Rx_IRQHandler
                0x00003d1e        0x8 ./SDK/startup/startup_mk64f12.o
                0x00003d1e                I2S0_Rx_IRQHandler
 .text.CMP0_IRQHandler
                0x00003d26        0x8 ./SDK/startup/startup_mk64f12.o
                0x00003d26                CMP0_IRQHandler
 .text.CMP1_IRQHandler
                0x00003d2e        0x8 ./SDK/startup/startup_mk64f12.o
                0x00003d2e                CMP1_IRQHandler
 .text.CMT_IRQHandler
                0x00003d36        0x8 ./SDK/startup/startup_mk64f12.o
                0x00003d36                CMT_IRQHandler
 .text.RTC_IRQHandler
                0x00003d3e        0x8 ./SDK/startup/startup_mk64f12.o
                0x00003d3e                RTC_IRQHandler
 .text.RTC_Seconds_IRQHandler
                0x00003d46        0x8 ./SDK/startup/startup_mk64f12.o
                0x00003d46                RTC_Seconds_IRQHandler
 .text.PDB0_IRQHandler
                0x00003d4e        0x8 ./SDK/startup/startup_mk64f12.o
                0x00003d4e                PDB0_IRQHandler
 .text.USB0_IRQHandler
                0x00003d56        0x8 ./SDK/startup/startup_mk64f12.o
                0x00003d56                USB0_IRQHandler
 .text.USBDCD_IRQHandler
                0x00003d5e        0x8 ./SDK/startup/startup_mk64f12.o
                0x00003d5e                USBDCD_IRQHandler
 .text.Reserved71_IRQHandler
                0x00003d66        0x8 ./SDK/startup/startup_mk64f12.o
                0x00003d66                Reserved71_IRQHandler
 .text.MCG_IRQHandler
                0x00003d6e        0x8 ./SDK/startup/startup_mk64f12.o
                0x00003d6e                MCG_IRQHandler
 .text.LPTMR0_IRQHandler
                0x00003d76        0x8 ./SDK/startup/startup_mk64f12.o
                0x00003d76                LPTMR0_IRQHandler
 .text.SWI_IRQHandler
                0x00003d7e        0x8 ./SDK/startup/startup_mk64f12.o
                0x00003d7e                SWI_IRQHandler
 .text.SPI2_IRQHandler
                0x00003d86        0x8 ./SDK/startup/startup_mk64f12.o
                0x00003d86                SPI2_IRQHandler
 .text.UART5_RX_TX_IRQHandler
                0x00003d8e        0x8 ./SDK/startup/startup_mk64f12.o
                0x00003d8e                UART5_RX_TX_IRQHandler
 .text.UART5_ERR_IRQHandler
                0x00003d96        0x8 ./SDK/startup/startup_mk64f12.o
                0x00003d96                UART5_ERR_IRQHandler
 .text.CMP2_IRQHandler
                0x00003d9e        0x8 ./SDK/startup/startup_mk64f12.o
                0x00003d9e                CMP2_IRQHandler
 .text.FTM3_IRQHandler
                0x00003da6        0x8 ./SDK/startup/startup_mk64f12.o
                0x00003da6                FTM3_IRQHandler
 .text.DAC1_IRQHandler
                0x00003dae        0x8 ./SDK/startup/startup_mk64f12.o
                0x00003dae                DAC1_IRQHandler
 .text.I2C2_IRQHandler
                0x00003db6        0x8 ./SDK/startup/startup_mk64f12.o
                0x00003db6                I2C2_IRQHandler
 .text.CAN0_ORed_Message_buffer_IRQHandler
                0x00003dbe        0x8 ./SDK/startup/startup_mk64f12.o
                0x00003dbe                CAN0_ORed_Message_buffer_IRQHandler
 .text.CAN0_Bus_Off_IRQHandler
                0x00003dc6        0x8 ./SDK/startup/startup_mk64f12.o
                0x00003dc6                CAN0_Bus_Off_IRQHandler
 .text.CAN0_Error_IRQHandler
                0x00003dce        0x8 ./SDK/startup/startup_mk64f12.o
                0x00003dce                CAN0_Error_IRQHandler
 .text.CAN0_Tx_Warning_IRQHandler
                0x00003dd6        0x8 ./SDK/startup/startup_mk64f12.o
                0x00003dd6                CAN0_Tx_Warning_IRQHandler
 .text.CAN0_Rx_Warning_IRQHandler
                0x00003dde        0x8 ./SDK/startup/startup_mk64f12.o
                0x00003dde                CAN0_Rx_Warning_IRQHandler
 .text.CAN0_Wake_Up_IRQHandler
                0x00003de6        0x8 ./SDK/startup/startup_mk64f12.o
                0x00003de6                CAN0_Wake_Up_IRQHandler
 .text.SDHC_IRQHandler
                0x00003dee        0x8 ./SDK/startup/startup_mk64f12.o
                0x00003dee                SDHC_IRQHandler
 .text.ENET_1588_Timer_IRQHandler
                0x00003df6        0x8 ./SDK/startup/startup_mk64f12.o
                0x00003df6                ENET_1588_Timer_IRQHandler
 .text.ENET_Transmit_IRQHandler
                0x00003dfe        0x8 ./SDK/startup/startup_mk64f12.o
                0x00003dfe                ENET_Transmit_IRQHandler
 .text.ENET_Receive_IRQHandler
                0x00003e06        0x8 ./SDK/startup/startup_mk64f12.o
                0x00003e06                ENET_Receive_IRQHandler
 .text.ENET_Error_IRQHandler
                0x00003e0e        0x8 ./SDK/startup/startup_mk64f12.o
                0x00003e0e                ENET_Error_IRQHandler
 .text.SystemInitHook
                0x00003e16        0xe ./SDK/CMSIS/system_MK64F12.o
                0x00003e16                SystemInitHook
 .text.sin      0x00003e24       0x40 c:/nxp/mcuxpressoide_10.2.0_759/ide/tools/bin/../lib/gcc/arm-none-eabi/7.2.1/../../../../arm-none-eabi/lib/thumb/v7e-m/fpv4-sp/hard\libcr_c.a(sin.o)
                0x00003e24                sin
 .text.fabs     0x00003e64       0x22 c:/nxp/mcuxpressoide_10.2.0_759/ide/tools/bin/../lib/gcc/arm-none-eabi/7.2.1/../../../../arm-none-eabi/lib/thumb/v7e-m/fpv4-sp/hard\libcr_c.a(fabs.o)
                0x00003e64                fabs
 .text.__aeabi_d2iz
                0x00003e86       0x40 c:/nxp/mcuxpressoide_10.2.0_759/ide/tools/bin/../lib/gcc/arm-none-eabi/7.2.1/thumb/v7e-m/fpv4-sp/hard\libcr_eabihelpers.a(double.o)
                0x00003e86                __aeabi_d2iz
 .text.__aeabi_d2uiz
                0x00003ec6       0x30 c:/nxp/mcuxpressoide_10.2.0_759/ide/tools/bin/../lib/gcc/arm-none-eabi/7.2.1/thumb/v7e-m/fpv4-sp/hard\libcr_eabihelpers.a(double.o)
                0x00003ec6                __aeabi_d2uiz
 .text.__bhs_ui2d
                0x00003ef6       0x46 c:/nxp/mcuxpressoide_10.2.0_759/ide/tools/bin/../lib/gcc/arm-none-eabi/7.2.1/thumb/v7e-m/fpv4-sp/hard\libcr_eabihelpers.a(double.o)
                0x00003ef6                __bhs_ui2d
 .text.__aeabi_i2d
                0x00003f3c       0x12 c:/nxp/mcuxpressoide_10.2.0_759/ide/tools/bin/../lib/gcc/arm-none-eabi/7.2.1/thumb/v7e-m/fpv4-sp/hard\libcr_eabihelpers.a(double.o)
                0x00003f3c                __aeabi_i2d
 .text.__aeabi_ui2d
                0x00003f4e        0x8 c:/nxp/mcuxpressoide_10.2.0_759/ide/tools/bin/../lib/gcc/arm-none-eabi/7.2.1/thumb/v7e-m/fpv4-sp/hard\libcr_eabihelpers.a(double.o)
                0x00003f4e                __aeabi_ui2d
 .text.__aeabi_dcmplt
                0x00003f56       0x58 c:/nxp/mcuxpressoide_10.2.0_759/ide/tools/bin/../lib/gcc/arm-none-eabi/7.2.1/thumb/v7e-m/fpv4-sp/hard\libcr_eabihelpers.a(double.o)
                0x00003f56                __aeabi_dcmplt
 .text.__aeabi_dcmpge
                0x00003fae       0x58 c:/nxp/mcuxpressoide_10.2.0_759/ide/tools/bin/../lib/gcc/arm-none-eabi/7.2.1/thumb/v7e-m/fpv4-sp/hard\libcr_eabihelpers.a(double.o)
                0x00003fae                __aeabi_dcmpge
 *(SORT_BY_ALIGNMENT(.rodata) SORT_BY_ALIGNMENT(.rodata.*) SORT_BY_ALIGNMENT(.constdata) SORT_BY_ALIGNMENT(.constdata.*))
 *fill*         0x00004006        0x2 ff
 .rodata.__huge_val
                0x00004008        0x8 c:/nxp/mcuxpressoide_10.2.0_759/ide/tools/bin/../lib/gcc/arm-none-eabi/7.2.1/../../../../arm-none-eabi/lib/thumb/v7e-m/fpv4-sp/hard\libcr_c.a(_hugeval.o)
                0x00004008                __huge_val
 .rodata        0x00004010        0xc ./source/FSK_Modulator.o
 .rodata        0x0000401c       0x30 ./source/gpio.o
 .rodata        0x0000404c       0x2c ./source/uart.o
                0x00004078                . = ALIGN (0x8)

.glue_7         0x00004078        0x0
 .glue_7        0x00004078        0x0 linker stubs

.glue_7t        0x00004078        0x0
 .glue_7t       0x00004078        0x0 linker stubs

.vfp11_veneer   0x00004078        0x0
 .vfp11_veneer  0x00004078        0x0 linker stubs

.v4_bx          0x00004078        0x0
 .v4_bx         0x00004078        0x0 linker stubs

.iplt           0x00004078        0x0
 .iplt          0x00004078        0x0 ./source/ADC.o

.rel.dyn        0x00004078        0x0
 .rel.iplt      0x00004078        0x0 ./source/ADC.o

.ARM.extab
 *(SORT_BY_ALIGNMENT(.ARM.extab*) SORT_BY_ALIGNMENT(.gnu.linkonce.armextab.*))
                0x00004078                __exidx_start = .

.ARM.exidx
 *(SORT_BY_ALIGNMENT(.ARM.exidx*) SORT_BY_ALIGNMENT(.gnu.linkonce.armexidx.*))
                0x00004078                __exidx_end = .
                0x00004078                _etext = .

.m_usb_data
 *(SORT_BY_ALIGNMENT(m_usb_bdt))

.data_RAM2      0x1fff0000        0x0 load address 0x00004078
 FILL mask 0xff
                [!provide]                PROVIDE (__start_data_RAM2, .)
 *(SORT_BY_ALIGNMENT(.ramfunc.$RAM2))
 *(SORT_BY_ALIGNMENT(.ramfunc.$SRAM_LOWER))
 *(SORT_BY_ALIGNMENT(.data.$RAM2*))
 *(SORT_BY_ALIGNMENT(.data.$SRAM_LOWER*))
                0x1fff0000                . = ALIGN (0x8)
                [!provide]                PROVIDE (__end_data_RAM2, .)

.data_RAM3      0x14000000        0x0 load address 0x00004078
 FILL mask 0xff
                [!provide]                PROVIDE (__start_data_RAM3, .)
 *(SORT_BY_ALIGNMENT(.ramfunc.$RAM3))
 *(SORT_BY_ALIGNMENT(.ramfunc.$FLEX_RAM))
 *(SORT_BY_ALIGNMENT(.data.$RAM3*))
 *(SORT_BY_ALIGNMENT(.data.$FLEX_RAM*))
                0x14000000                . = ALIGN (0x8)
                [!provide]                PROVIDE (__end_data_RAM3, .)

.uninit_RESERVED
                0x20000000        0x0
 *(SORT_BY_ALIGNMENT(.bss.$RESERVED*))
                0x20000000                . = ALIGN (0x4)
                0x20000000                _end_uninit_RESERVED = .

.data           0x20000000       0xa8 load address 0x00004078
 FILL mask 0xff
                0x20000000                _data = .
 *(SORT_BY_ALIGNMENT(vtable))
 *(SORT_BY_ALIGNMENT(.ramfunc*))
 *(SORT_BY_ALIGNMENT(.data*))
 .data.arrayP2DAC
                0x20000000        0x8 ./source/DAC.o
                0x20000000                arrayP2DAC
 .data.last_fir_output
                0x20000008        0x4 ./source/FSK_Demodulator.o
 .data.fir_coeffs
                0x2000000c       0x4c ./source/FSK_Demodulator.o
 .data.arrayP2FTM
                0x20000058       0x10 ./source/FTM.o
                0x20000058                arrayP2FTM
 .data.arrayFTMirqs
                0x20000068        0x4 ./source/FTM.o
                0x20000068                arrayFTMirqs
 .data.uartRXpins
                0x2000006c        0x5 ./source/uart.o
 *fill*         0x20000071        0x3 ff
 .data.uartTXpins
                0x20000074        0x5 ./source/uart.o
 *fill*         0x20000079        0x3 ff
 .data.markersRXbuffer
                0x2000007c       0x14 ./source/uart.o
 .data.uartIRQs_TX_RX
                0x20000090        0x6 ./source/uart.o
                0x20000090                uartIRQs_TX_RX
 *fill*         0x20000096        0x2 ff
 .data.uartIRQs_ERR
                0x20000098        0x6 ./source/uart.o
                0x20000098                uartIRQs_ERR
 *fill*         0x2000009e        0x2 ff
 .data.uartIRQs_LON
                0x200000a0        0x6 ./source/uart.o
                0x200000a0                uartIRQs_LON
 .data.idle     0x200000a6        0x1 ./source/FSK_Demodulator.o
                0x200000a8                . = ALIGN (0x8)
 *fill*         0x200000a7        0x1 ff
                0x200000a8                _edata = .

.igot.plt       0x200000a8        0x0 load address 0x00004120
 .igot.plt      0x200000a8        0x0 ./source/ADC.o

.bss_RAM2       0x1fff0000        0x0
                [!provide]                PROVIDE (__start_bss_RAM2, .)
 *(SORT_BY_ALIGNMENT(.bss.$RAM2*))
 *(SORT_BY_ALIGNMENT(.bss.$SRAM_LOWER*))
                0x1fff0000                . = ALIGN ((. != 0x0)?0x8:0x1)
                [!provide]                PROVIDE (__end_bss_RAM2, .)

.bss_RAM3       0x14000000        0x0
                [!provide]                PROVIDE (__start_bss_RAM3, .)
 *(SORT_BY_ALIGNMENT(.bss.$RAM3*))
 *(SORT_BY_ALIGNMENT(.bss.$FLEX_RAM*))
                0x14000000                . = ALIGN ((. != 0x0)?0x8:0x1)
                [!provide]                PROVIDE (__end_bss_RAM3, .)

.bss            0x200000a8      0x990
                0x200000a8                _bss = .
 *(SORT_BY_ALIGNMENT(.bss*))
 .bss.ADC       0x200000a8        0x4 ./source/ADC.o
 .bss.func      0x200000ac        0x4 ./source/ADC.o
 .bss.DAC0callback
                0x200000b0        0x4 ./source/DAC.o
                0x200000b0                DAC0callback
 .bss.FSK_signal
                0x200000b4       0xa4 ./source/FSK_Demodulator.o
 .bss.PreFiltered_signal
                0x20000158       0xa4 ./source/FSK_Demodulator.o
 .bss.last_sample_value
                0x200001fc        0x4 ./source/FSK_Demodulator.o
 .bss.average_aux
                0x20000200        0x4 ./source/FSK_Demodulator.o
 .bss.fs        0x20000204        0x4 ./source/FSK_Demodulator.o
 .bss.arrayFTMcallbacks
                0x20000208       0x10 ./source/FTM.o
                0x20000208                arrayFTMcallbacks
 .bss.timerEnabled
                0x20000218        0x4 ./source/PIT.o
 .bss.timerInChainMode
                0x2000021c        0x4 ./source/PIT.o
 .bss.pitFuns   0x20000220       0x10 ./source/PIT.o
 .bss.sysTickFun
                0x20000230        0x4 ./source/SysTick.o
                0x20000230                sysTickFun
 .bss.queue     0x20000234       0x6c ./source/bitStreamQueue.o
 .bss.signal_frame
                0x200002a0        0xb ./source/bitStreamQueue.o
 *fill*         0x200002ab        0x1 
 .bss.frame_index
                0x200002ac        0x4 ./source/bitStreamQueue.o
 .bss.p2irqFunctions
                0x200002b0      0x280 ./source/gpio.o
                0x200002b0                p2irqFunctions
 .bss.uartMode  0x20000530        0x5 ./source/uart.o
 *fill*         0x20000535        0x3 
 .bss.RXbuffers
                0x20000538       0x28 ./source/uart.o
 .bss.flagsReading
                0x20000560        0x5 ./source/uart.o
 *fill*         0x20000565        0x3 
 .bss.countersRXfailed
                0x20000568        0x5 ./source/uart.o
 *fill*         0x2000056d        0x3 
 .bss.TXbuffers
                0x20000570      0x3e8 ./source/uart.o
 .bss.outMarkersTXbuffer
                0x20000958        0x5 ./source/uart.o
 *fill*         0x2000095d        0x3 
 .bss.inMarkersTXbuffer
                0x20000960        0x5 ./source/uart.o
 *fill*         0x20000965        0x3 
 .bss.lensTXbuffer
                0x20000968        0x5 ./source/uart.o
 *fill*         0x2000096d        0x3 
 .bss.wavesArray
                0x20000970       0x24 ./source/waveGen.o
                0x20000970                wavesArray
 .bss.senLUT    0x20000994       0x40 ./source/waveGen.o
                0x20000994                senLUT
 .bss.pwmSenLUT
                0x200009d4       0x40 ./source/waveGen.o
                0x200009d4                pwmSenLUT
 .bss.rpAux.5921
                0x20000a14        0x4 ./source/waveGen.o
 .bss.i.5920    0x20000a18        0x4 ./source/waveGen.o
 .bss.counter.5937
                0x20000a1c        0x4 ./source/waveGen.o
 .bss.__LDM_interruptDisableCount
                0x20000a20        0x4 ./SDK/startup/hardware.o
 .bss.errno     0x20000a24        0x4 c:/nxp/mcuxpressoide_10.2.0_759/ide/tools/bin/../lib/gcc/arm-none-eabi/7.2.1/../../../../arm-none-eabi/lib/thumb/v7e-m/fpv4-sp/hard\libcr_c.a(errno.o)
                0x20000a24                errno
 .bss.initialized
                0x20000a28        0x1 ./source/ADC.o
                0x20000a28                initialized
 .bss.sample_counter
                0x20000a29        0x1 ./source/FSK_Demodulator.o
 .bss.idle_counter
                0x20000a2a        0x1 ./source/FSK_Demodulator.o
 .bss.symbol_detected
                0x20000a2b        0x1 ./source/FSK_Demodulator.o
 .bss.prev_samples
                0x20000a2c        0x1 ./source/FSK_Demodulator.o
 .bss.currVal   0x20000a2d        0x1 ./source/FSK_Modulator.o
 .bss.nextVal   0x20000a2e        0x1 ./source/FSK_Modulator.o
 .bss.wId       0x20000a2f        0x1 ./source/FSK_Modulator.o
 .bss.pitInitDone
                0x20000a30        0x1 ./source/PIT.o
 .bss.frame_ready
                0x20000a31        0x1 ./source/bitStreamQueue.o
 *(SORT_BY_ALIGNMENT(COMMON))
                0x20000a38                . = ALIGN (0x8)
 *fill*         0x20000a32        0x6 
                0x20000a38                _ebss = .
                [!provide]                PROVIDE (end, .)

.noinit_RAM2    0x1fff0000        0x0
 *(SORT_BY_ALIGNMENT(.noinit.$RAM2*))
 *(SORT_BY_ALIGNMENT(.noinit.$SRAM_LOWER*))
                0x1fff0000                . = ALIGN (0x8)

.noinit_RAM3    0x14000000        0x0
 *(SORT_BY_ALIGNMENT(.noinit.$RAM3*))
 *(SORT_BY_ALIGNMENT(.noinit.$FLEX_RAM*))
                0x14000000                . = ALIGN (0x8)

.noinit         0x20000a38        0x0
                0x20000a38                _noinit = .
 *(SORT_BY_ALIGNMENT(.noinit*))
                0x20000a38                . = ALIGN (0x8)
                0x20000a38                _end_noinit = .
                0x00001000                _HeapSize = 0x1000

.heap           0x20000a38     0x1000
                0x20000a38                _pvHeapStart = .
                0x20001a38                . = (. + _HeapSize)
 *fill*         0x20000a38     0x1000 
                0x20001a38                . = ALIGN (0x8)
                0x20001a38                _pvHeapLimit = .
                0x00001000                _StackSize = 0x1000

.heap2stackfill
                0x20001a38     0x1000
                0x20002a38                . = (. + _StackSize)
 *fill*         0x20001a38     0x1000 

.stack          0x2002f000        0x0
                0x2002f000                _vStackBase = .
                0x2002f000                . = ALIGN (0x8)
                0x20030000                _vStackTop = (. + _StackSize)
                0x00000000                _image_start = LOADADDR (.text)
                0x00004120                _image_end = (LOADADDR (.data) + SIZEOF (.data))
                0x00004120                _image_size = (_image_end - _image_start)
OUTPUT(FSK.axf elf32-littlearm)

.debug_info     0x00000000     0x8943
 .debug_info    0x00000000      0xc80 ./source/ADC.o
 .debug_info    0x00000c80       0x4c ./source/App.o
 .debug_info    0x00000ccc      0x1ad ./source/Bell202.o
 .debug_info    0x00000e79      0xa46 ./source/DAC.o
 .debug_info    0x000018bf      0x5ed ./source/FSK_Demodulator.o
 .debug_info    0x00001eac      0x21e ./source/FSK_Modulator.o
 .debug_info    0x000020ca     0x10bd ./source/FTM.o
 .debug_info    0x00003187      0xa70 ./source/PIT.o
 .debug_info    0x00003bf7      0x522 ./source/SysTick.o
 .debug_info    0x00004119      0x2c0 ./source/bitStreamQueue.o
 .debug_info    0x000043d9      0xdf4 ./source/gpio.o
 .debug_info    0x000051cd     0x10c8 ./source/uart.o
 .debug_info    0x00006295     0x109b ./source/waveGen.o
 .debug_info    0x00007330      0x675 ./SDK/startup/hardware.o
 .debug_info    0x000079a5       0xb7 ./SDK/startup/main.o
 .debug_info    0x00007a5c       0x3b ./SDK/startup/semihost_hardfault.o
 .debug_info    0x00007a97      0x8b0 ./SDK/startup/startup_mk64f12.o
 .debug_info    0x00008347      0x5fc ./SDK/CMSIS/system_MK64F12.o

.debug_abbrev   0x00000000     0x1c73
 .debug_abbrev  0x00000000      0x263 ./source/ADC.o
 .debug_abbrev  0x00000263       0x2f ./source/App.o
 .debug_abbrev  0x00000292       0xd5 ./source/Bell202.o
 .debug_abbrev  0x00000367      0x245 ./source/DAC.o
 .debug_abbrev  0x000005ac      0x182 ./source/FSK_Demodulator.o
 .debug_abbrev  0x0000072e       0xdd ./source/FSK_Modulator.o
 .debug_abbrev  0x0000080b      0x30d ./source/FTM.o
 .debug_abbrev  0x00000b18      0x23d ./source/PIT.o
 .debug_abbrev  0x00000d55      0x1a5 ./source/SysTick.o
 .debug_abbrev  0x00000efa      0x147 ./source/bitStreamQueue.o
 .debug_abbrev  0x00001041      0x290 ./source/gpio.o
 .debug_abbrev  0x000012d1      0x2ae ./source/uart.o
 .debug_abbrev  0x0000157f      0x275 ./source/waveGen.o
 .debug_abbrev  0x000017f4      0x138 ./SDK/startup/hardware.o
 .debug_abbrev  0x0000192c       0x7d ./SDK/startup/main.o
 .debug_abbrev  0x000019a9       0x2f ./SDK/startup/semihost_hardfault.o
 .debug_abbrev  0x000019d8      0x15c ./SDK/startup/startup_mk64f12.o
 .debug_abbrev  0x00001b34      0x13f ./SDK/CMSIS/system_MK64F12.o

.debug_aranges  0x00000000      0x998
 .debug_aranges
                0x00000000       0x68 ./source/ADC.o
 .debug_aranges
                0x00000068       0x28 ./source/App.o
 .debug_aranges
                0x00000090       0x28 ./source/Bell202.o
 .debug_aranges
                0x000000b8       0x68 ./source/DAC.o
 .debug_aranges
                0x00000120       0x50 ./source/FSK_Demodulator.o
 .debug_aranges
                0x00000170       0x28 ./source/FSK_Modulator.o
 .debug_aranges
                0x00000198       0xd0 ./source/FTM.o
 .debug_aranges
                0x00000268       0xa0 ./source/PIT.o
 .debug_aranges
                0x00000308       0x30 ./source/SysTick.o
 .debug_aranges
                0x00000338       0x60 ./source/bitStreamQueue.o
 .debug_aranges
                0x00000398       0xc8 ./source/gpio.o
 .debug_aranges
                0x00000460       0xf8 ./source/uart.o
 .debug_aranges
                0x00000558       0x70 ./source/waveGen.o
 .debug_aranges
                0x000005c8       0x30 ./SDK/startup/hardware.o
 .debug_aranges
                0x000005f8       0x20 ./SDK/startup/main.o
 .debug_aranges
                0x00000618       0x20 ./SDK/startup/semihost_hardfault.o
 .debug_aranges
                0x00000638      0x330 ./SDK/startup/startup_mk64f12.o
 .debug_aranges
                0x00000968       0x30 ./SDK/CMSIS/system_MK64F12.o

.debug_ranges   0x00000000      0x878
 .debug_ranges  0x00000000       0x58 ./source/ADC.o
 .debug_ranges  0x00000058       0x18 ./source/App.o
 .debug_ranges  0x00000070       0x18 ./source/Bell202.o
 .debug_ranges  0x00000088       0x58 ./source/DAC.o
 .debug_ranges  0x000000e0       0x40 ./source/FSK_Demodulator.o
 .debug_ranges  0x00000120       0x18 ./source/FSK_Modulator.o
 .debug_ranges  0x00000138       0xc0 ./source/FTM.o
 .debug_ranges  0x000001f8       0x90 ./source/PIT.o
 .debug_ranges  0x00000288       0x20 ./source/SysTick.o
 .debug_ranges  0x000002a8       0x50 ./source/bitStreamQueue.o
 .debug_ranges  0x000002f8       0xb8 ./source/gpio.o
 .debug_ranges  0x000003b0       0xe8 ./source/uart.o
 .debug_ranges  0x00000498       0x60 ./source/waveGen.o
 .debug_ranges  0x000004f8       0x20 ./SDK/startup/hardware.o
 .debug_ranges  0x00000518       0x10 ./SDK/startup/main.o
 .debug_ranges  0x00000528       0x10 ./SDK/startup/semihost_hardfault.o
 .debug_ranges  0x00000538      0x320 ./SDK/startup/startup_mk64f12.o
 .debug_ranges  0x00000858       0x20 ./SDK/CMSIS/system_MK64F12.o

.debug_macro    0x00000000    0x1279d
 .debug_macro   0x00000000       0x96 ./source/ADC.o
 .debug_macro   0x00000096      0xa5a ./source/ADC.o
 .debug_macro   0x00000af0       0x22 ./source/ADC.o
 .debug_macro   0x00000b12      0x34e ./source/ADC.o
 .debug_macro   0x00000e60       0x5c ./source/ADC.o
 .debug_macro   0x00000ebc       0x1c ./source/ADC.o
 .debug_macro   0x00000ed8       0x22 ./source/ADC.o
 .debug_macro   0x00000efa       0xdf ./source/ADC.o
 .debug_macro   0x00000fd9      0xecf ./source/ADC.o
 .debug_macro   0x00001ea8       0x48 ./source/ADC.o
 .debug_macro   0x00001ef0     0xe07b ./source/ADC.o
 .debug_macro   0x0000ff6b       0x16 ./source/ADC.o
 .debug_macro   0x0000ff81       0x33 ./source/App.o
 .debug_macro   0x0000ffb4       0x84 ./source/Bell202.o
 .debug_macro   0x00010038       0x40 ./source/Bell202.o
 .debug_macro   0x00010078       0x10 ./source/Bell202.o
 .debug_macro   0x00010088       0x10 ./source/Bell202.o
 .debug_macro   0x00010098       0xa7 ./source/DAC.o
 .debug_macro   0x0001013f       0x28 ./source/DAC.o
 .debug_macro   0x00010167       0x3a ./source/DAC.o
 .debug_macro   0x000101a1       0x8b ./source/FSK_Demodulator.o
 .debug_macro   0x0001022c       0x10 ./source/FSK_Demodulator.o
 .debug_macro   0x0001023c       0x96 ./source/FSK_Modulator.o
 .debug_macro   0x000102d2       0x16 ./source/FSK_Modulator.o
 .debug_macro   0x000102e8       0xad ./source/FTM.o
 .debug_macro   0x00010395       0x22 ./source/FTM.o
 .debug_macro   0x000103b7       0x9e ./source/PIT.o
 .debug_macro   0x00010455       0x10 ./source/PIT.o
 .debug_macro   0x00010465       0x96 ./source/SysTick.o
 .debug_macro   0x000104fb      0x174 ./source/SysTick.o
 .debug_macro   0x0001066f       0x55 ./source/bitStreamQueue.o
 .debug_macro   0x000106c4       0xa4 ./source/gpio.o
 .debug_macro   0x00010768      0x118 ./source/uart.o
 .debug_macro   0x00010880       0x10 ./source/uart.o
 .debug_macro   0x00010890     0x122b ./source/uart.o
 .debug_macro   0x00011abb       0x16 ./source/uart.o
 .debug_macro   0x00011ad1      0x121 ./source/waveGen.o
 .debug_macro   0x00011bf2       0x22 ./source/waveGen.o
 .debug_macro   0x00011c14       0x52 ./source/waveGen.o
 .debug_macro   0x00011c66       0x17 ./source/waveGen.o
 .debug_macro   0x00011c7d       0x8d ./source/waveGen.o
 .debug_macro   0x00011d0a       0x35 ./source/waveGen.o
 .debug_macro   0x00011d3f       0x9c ./source/waveGen.o
 .debug_macro   0x00011ddb       0x57 ./source/waveGen.o
 .debug_macro   0x00011e32       0x58 ./source/waveGen.o
 .debug_macro   0x00011e8a       0x1f ./source/waveGen.o
 .debug_macro   0x00011ea9       0x43 ./source/waveGen.o
 .debug_macro   0x00011eec       0x20 ./source/waveGen.o
 .debug_macro   0x00011f0c      0x18e ./source/waveGen.o
 .debug_macro   0x0001209a      0x330 ./source/waveGen.o
 .debug_macro   0x000123ca      0x1e1 ./source/waveGen.o
 .debug_macro   0x000125ab       0x9c ./SDK/startup/hardware.o
 .debug_macro   0x00012647       0x9c ./SDK/startup/main.o
 .debug_macro   0x000126e3       0x11 ./SDK/startup/semihost_hardfault.o
 .debug_macro   0x000126f4       0x29 ./SDK/startup/startup_mk64f12.o
 .debug_macro   0x0001271d       0x80 ./SDK/CMSIS/system_MK64F12.o

.debug_line     0x00000000     0x2bab
 .debug_line    0x00000000      0x226 ./source/ADC.o
 .debug_line    0x00000226       0x61 ./source/App.o
 .debug_line    0x00000287      0x13d ./source/Bell202.o
 .debug_line    0x000003c4      0x22c ./source/DAC.o
 .debug_line    0x000005f0      0x1d7 ./source/FSK_Demodulator.o
 .debug_line    0x000007c7      0x145 ./source/FSK_Modulator.o
 .debug_line    0x0000090c      0x40b ./source/FTM.o
 .debug_line    0x00000d17      0x2fe ./source/PIT.o
 .debug_line    0x00001015      0x178 ./source/SysTick.o
 .debug_line    0x0000118d      0x1a8 ./source/bitStreamQueue.o
 .debug_line    0x00001335      0x347 ./source/gpio.o
 .debug_line    0x0000167c      0x555 ./source/uart.o
 .debug_line    0x00001bd1      0x399 ./source/waveGen.o
 .debug_line    0x00001f6a      0x1d4 ./SDK/startup/hardware.o
 .debug_line    0x0000213e      0x175 ./SDK/startup/main.o
 .debug_line    0x000022b3       0x59 ./SDK/startup/semihost_hardfault.o
 .debug_line    0x0000230c      0x6d8 ./SDK/startup/startup_mk64f12.o
 .debug_line    0x000029e4      0x1c7 ./SDK/CMSIS/system_MK64F12.o

.debug_str      0x00000000    0x7d8d0
 .debug_str     0x00000000    0x70d82 ./source/ADC.o
                              0x70f72 (size before relaxing)
 .debug_str     0x00070d82       0xa7 ./source/App.o
                               0x2d9e (size before relaxing)
 .debug_str     0x00070e29      0x21c ./source/Bell202.o
                               0x3a55 (size before relaxing)
 .debug_str     0x00071045      0x37a ./source/DAC.o
                              0x70e5f (size before relaxing)
 .debug_str     0x000713bf      0x207 ./source/FSK_Demodulator.o
                               0x3d6e (size before relaxing)
 .debug_str     0x000715c6      0x1cd ./source/FSK_Modulator.o
                               0x3a8c (size before relaxing)
 .debug_str     0x00071793      0x608 ./source/FTM.o
                              0x711b9 (size before relaxing)
 .debug_str     0x00071d9b      0x1ea ./source/PIT.o
                              0x70d19 (size before relaxing)
 .debug_str     0x00071f85      0x346 ./source/SysTick.o
                              0x70da8 (size before relaxing)
 .debug_str     0x000722cb      0x13e ./source/bitStreamQueue.o
                               0x3972 (size before relaxing)
 .debug_str     0x00072409      0x2d6 ./source/gpio.o
                              0x70e5e (size before relaxing)
 .debug_str     0x000726df     0x700e ./source/uart.o
                              0x77cf3 (size before relaxing)
 .debug_str     0x000796ed     0x397d ./source/waveGen.o
                               0x7b3d (size before relaxing)
 .debug_str     0x0007d06a      0x16f ./SDK/startup/hardware.o
                              0x771f3 (size before relaxing)
 .debug_str     0x0007d1d9       0x1b ./SDK/startup/main.o
                              0x76fc7 (size before relaxing)
 .debug_str     0x0007d1f4       0x36 ./SDK/startup/semihost_hardfault.o
                               0x2d2d (size before relaxing)
 .debug_str     0x0007d22a      0x644 ./SDK/startup/startup_mk64f12.o
                               0x359b (size before relaxing)
 .debug_str     0x0007d86e       0x62 ./SDK/CMSIS/system_MK64F12.o
                              0x77102 (size before relaxing)

.comment        0x00000000       0x7e
 .comment       0x00000000       0x7e ./source/ADC.o
                                 0x7f (size before relaxing)
 .comment       0x0000007e       0x7f ./source/App.o
 .comment       0x0000007e       0x7f ./source/Bell202.o
 .comment       0x0000007e       0x7f ./source/DAC.o
 .comment       0x0000007e       0x7f ./source/FSK_Demodulator.o
 .comment       0x0000007e       0x7f ./source/FSK_Modulator.o
 .comment       0x0000007e       0x7f ./source/FTM.o
 .comment       0x0000007e       0x7f ./source/PIT.o
 .comment       0x0000007e       0x7f ./source/SysTick.o
 .comment       0x0000007e       0x7f ./source/bitStreamQueue.o
 .comment       0x0000007e       0x7f ./source/gpio.o
 .comment       0x0000007e       0x7f ./source/uart.o
 .comment       0x0000007e       0x7f ./source/waveGen.o
 .comment       0x0000007e       0x7f ./SDK/startup/hardware.o
 .comment       0x0000007e       0x7f ./SDK/startup/main.o
 .comment       0x0000007e       0x7f ./SDK/startup/semihost_hardfault.o
 .comment       0x0000007e       0x7f ./SDK/startup/startup_mk64f12.o
 .comment       0x0000007e       0x7f ./SDK/CMSIS/system_MK64F12.o
 .comment       0x0000007e       0x7f c:/nxp/mcuxpressoide_10.2.0_759/ide/tools/bin/../lib/gcc/arm-none-eabi/7.2.1/../../../../arm-none-eabi/lib/thumb/v7e-m/fpv4-sp/hard\libcr_c.a(sin.o)
 .comment       0x0000007e       0x7f c:/nxp/mcuxpressoide_10.2.0_759/ide/tools/bin/../lib/gcc/arm-none-eabi/7.2.1/../../../../arm-none-eabi/lib/thumb/v7e-m/fpv4-sp/hard\libcr_c.a(_sincos.o)
 .comment       0x0000007e       0x7f c:/nxp/mcuxpressoide_10.2.0_759/ide/tools/bin/../lib/gcc/arm-none-eabi/7.2.1/../../../../arm-none-eabi/lib/thumb/v7e-m/fpv4-sp/hard\libcr_c.a(errno.o)
 .comment       0x0000007e       0x7f c:/nxp/mcuxpressoide_10.2.0_759/ide/tools/bin/../lib/gcc/arm-none-eabi/7.2.1/../../../../arm-none-eabi/lib/thumb/v7e-m/fpv4-sp/hard\libcr_c.a(fabs.o)
 .comment       0x0000007e       0x7f c:/nxp/mcuxpressoide_10.2.0_759/ide/tools/bin/../lib/gcc/arm-none-eabi/7.2.1/../../../../arm-none-eabi/lib/thumb/v7e-m/fpv4-sp/hard\libcr_c.a(_hugeval.o)
 .comment       0x0000007e       0x7f c:/nxp/mcuxpressoide_10.2.0_759/ide/tools/bin/../lib/gcc/arm-none-eabi/7.2.1/thumb/v7e-m/fpv4-sp/hard\libcr_eabihelpers.a(double.o)
 .comment       0x0000007e       0x7f c:/nxp/mcuxpressoide_10.2.0_759/ide/tools/bin/../lib/gcc/arm-none-eabi/7.2.1/thumb/v7e-m/fpv4-sp/hard\libcr_eabihelpers.a(float.o)

.ARM.attributes
                0x00000000       0x39
 .ARM.attributes
                0x00000000       0x39 ./source/ADC.o
 .ARM.attributes
                0x00000039       0x39 ./source/App.o
 .ARM.attributes
                0x00000072       0x39 ./source/Bell202.o
 .ARM.attributes
                0x000000ab       0x39 ./source/DAC.o
 .ARM.attributes
                0x000000e4       0x39 ./source/FSK_Demodulator.o
 .ARM.attributes
                0x0000011d       0x39 ./source/FSK_Modulator.o
 .ARM.attributes
                0x00000156       0x39 ./source/FTM.o
 .ARM.attributes
                0x0000018f       0x39 ./source/PIT.o
 .ARM.attributes
                0x000001c8       0x39 ./source/SysTick.o
 .ARM.attributes
                0x00000201       0x39 ./source/bitStreamQueue.o
 .ARM.attributes
                0x0000023a       0x39 ./source/gpio.o
 .ARM.attributes
                0x00000273       0x39 ./source/uart.o
 .ARM.attributes
                0x000002ac       0x39 ./source/waveGen.o
 .ARM.attributes
                0x000002e5       0x39 ./SDK/startup/hardware.o
 .ARM.attributes
                0x0000031e       0x39 ./SDK/startup/main.o
 .ARM.attributes
                0x00000357       0x39 ./SDK/startup/semihost_hardfault.o
 .ARM.attributes
                0x00000390       0x39 ./SDK/startup/startup_mk64f12.o
 .ARM.attributes
                0x000003c9       0x39 ./SDK/CMSIS/system_MK64F12.o
 .ARM.attributes
                0x00000402       0x39 c:/nxp/mcuxpressoide_10.2.0_759/ide/tools/bin/../lib/gcc/arm-none-eabi/7.2.1/../../../../arm-none-eabi/lib/thumb/v7e-m/fpv4-sp/hard\libcr_c.a(sin.o)
 .ARM.attributes
                0x0000043b       0x39 c:/nxp/mcuxpressoide_10.2.0_759/ide/tools/bin/../lib/gcc/arm-none-eabi/7.2.1/../../../../arm-none-eabi/lib/thumb/v7e-m/fpv4-sp/hard\libcr_c.a(_sincos.o)
 .ARM.attributes
                0x00000474       0x39 c:/nxp/mcuxpressoide_10.2.0_759/ide/tools/bin/../lib/gcc/arm-none-eabi/7.2.1/../../../../arm-none-eabi/lib/thumb/v7e-m/fpv4-sp/hard\libcr_c.a(errno.o)
 .ARM.attributes
                0x000004ad       0x39 c:/nxp/mcuxpressoide_10.2.0_759/ide/tools/bin/../lib/gcc/arm-none-eabi/7.2.1/../../../../arm-none-eabi/lib/thumb/v7e-m/fpv4-sp/hard\libcr_c.a(fabs.o)
 .ARM.attributes
                0x000004e6       0x39 c:/nxp/mcuxpressoide_10.2.0_759/ide/tools/bin/../lib/gcc/arm-none-eabi/7.2.1/../../../../arm-none-eabi/lib/thumb/v7e-m/fpv4-sp/hard\libcr_c.a(_hugeval.o)
 .ARM.attributes
                0x0000051f       0x39 c:/nxp/mcuxpressoide_10.2.0_759/ide/tools/bin/../lib/gcc/arm-none-eabi/7.2.1/thumb/v7e-m/fpv4-sp/hard\libcr_eabihelpers.a(double.o)
 .ARM.attributes
                0x00000558       0x39 c:/nxp/mcuxpressoide_10.2.0_759/ide/tools/bin/../lib/gcc/arm-none-eabi/7.2.1/thumb/v7e-m/fpv4-sp/hard\libcr_eabihelpers.a(float.o)

.debug_frame    0x00000000     0x1fb8
 .debug_frame   0x00000000      0x170 ./source/ADC.o
 .debug_frame   0x00000170       0x48 ./source/App.o
 .debug_frame   0x000001b8       0x58 ./source/Bell202.o
 .debug_frame   0x00000210      0x188 ./source/DAC.o
 .debug_frame   0x00000398      0x100 ./source/FSK_Demodulator.o
 .debug_frame   0x00000498       0x50 ./source/FSK_Modulator.o
 .debug_frame   0x000004e8      0x364 ./source/FTM.o
 .debug_frame   0x0000084c      0x270 ./source/PIT.o
 .debug_frame   0x00000abc       0x78 ./source/SysTick.o
 .debug_frame   0x00000b34      0x154 ./source/bitStreamQueue.o
 .debug_frame   0x00000c88      0x350 ./source/gpio.o
 .debug_frame   0x00000fd8      0x40c ./source/uart.o
 .debug_frame   0x000013e4      0x1a0 ./source/waveGen.o
 .debug_frame   0x00001584       0x70 ./SDK/startup/hardware.o
 .debug_frame   0x000015f4       0x2c ./SDK/startup/main.o
 .debug_frame   0x00001620       0x20 ./SDK/startup/semihost_hardfault.o
 .debug_frame   0x00001640      0x904 ./SDK/startup/startup_mk64f12.o
 .debug_frame   0x00001f44       0x74 ./SDK/CMSIS/system_MK64F12.o
