Archive member included to satisfy reference by file (symbol)

c:/nxp/mcuxpressoide_10.2.0_759/ide/tools/bin/../lib/gcc/arm-none-eabi/7.2.1/../../../../arm-none-eabi/lib/thumb/v7e-m/fpv4-sp/hard\libcr_c.a(sin.o)
                              ./source/waveGen.o (sin)
c:/nxp/mcuxpressoide_10.2.0_759/ide/tools/bin/../lib/gcc/arm-none-eabi/7.2.1/../../../../arm-none-eabi/lib/thumb/v7e-m/fpv4-sp/hard\libcr_c.a(_sincos.o)
                              c:/nxp/mcuxpressoide_10.2.0_759/ide/tools/bin/../lib/gcc/arm-none-eabi/7.2.1/../../../../arm-none-eabi/lib/thumb/v7e-m/fpv4-sp/hard\libcr_c.a(sin.o) (_sincos)
c:/nxp/mcuxpressoide_10.2.0_759/ide/tools/bin/../lib/gcc/arm-none-eabi/7.2.1/../../../../arm-none-eabi/lib/thumb/v7e-m/fpv4-sp/hard\libcr_c.a(errno.o)
                              c:/nxp/mcuxpressoide_10.2.0_759/ide/tools/bin/../lib/gcc/arm-none-eabi/7.2.1/../../../../arm-none-eabi/lib/thumb/v7e-m/fpv4-sp/hard\libcr_c.a(_sincos.o) (errno)
c:/nxp/mcuxpressoide_10.2.0_759/ide/tools/bin/../lib/gcc/arm-none-eabi/7.2.1/../../../../arm-none-eabi/lib/thumb/v7e-m/fpv4-sp/hard\libcr_c.a(fabs.o)
                              c:/nxp/mcuxpressoide_10.2.0_759/ide/tools/bin/../lib/gcc/arm-none-eabi/7.2.1/../../../../arm-none-eabi/lib/thumb/v7e-m/fpv4-sp/hard\libcr_c.a(_sincos.o) (fabs)
c:/nxp/mcuxpressoide_10.2.0_759/ide/tools/bin/../lib/gcc/arm-none-eabi/7.2.1/../../../../arm-none-eabi/lib/thumb/v7e-m/fpv4-sp/hard\libcr_c.a(_hugeval.o)
                              c:/nxp/mcuxpressoide_10.2.0_759/ide/tools/bin/../lib/gcc/arm-none-eabi/7.2.1/../../../../arm-none-eabi/lib/thumb/v7e-m/fpv4-sp/hard\libcr_c.a(_sincos.o) (__huge_val)
c:/nxp/mcuxpressoide_10.2.0_759/ide/tools/bin/../lib/gcc/arm-none-eabi/7.2.1/thumb/v7e-m/fpv4-sp/hard\libcr_eabihelpers.a(double.o)
                              ./source/FTM.o (__aeabi_dmul)
c:/nxp/mcuxpressoide_10.2.0_759/ide/tools/bin/../lib/gcc/arm-none-eabi/7.2.1/thumb/v7e-m/fpv4-sp/hard\libcr_eabihelpers.a(float.o)
                              ./source/FTM.o (__aeabi_f2d)

Discarded input sections

 .group         0x00000000        0xc ./source/ADC.o
 .group         0x00000000        0xc ./source/ADC.o
 .group         0x00000000        0xc ./source/ADC.o
 .group         0x00000000        0xc ./source/ADC.o
 .group         0x00000000        0xc ./source/ADC.o
 .group         0x00000000        0xc ./source/ADC.o
 .group         0x00000000        0xc ./source/ADC.o
 .group         0x00000000        0xc ./source/ADC.o
 .group         0x00000000        0xc ./source/ADC.o
 .group         0x00000000        0xc ./source/ADC.o
 .group         0x00000000        0xc ./source/ADC.o
 .text          0x00000000        0x0 ./source/ADC.o
 .data          0x00000000        0x0 ./source/ADC.o
 .bss           0x00000000        0x0 ./source/ADC.o
 .text.__NVIC_EnableIRQ
                0x00000000       0x3c ./source/ADC.o
 .bss.initialized
                0x00000000        0x1 ./source/ADC.o
 .bss.ADC       0x00000000        0x4 ./source/ADC.o
 .text.ADC_Init
                0x00000000      0x24c ./source/ADC.o
 .text.StartConversion
                0x00000000       0x40 ./source/ADC.o
 .text.SetChannelADC
                0x00000000       0x80 ./source/ADC.o
 .text.SetInterruptCallback
                0x00000000       0x20 ./source/ADC.o
 .text.IsConversionFinished
                0x00000000       0x28 ./source/ADC.o
 .text.GetConversionResult
                0x00000000       0x1c ./source/ADC.o
 .text.InitializeHardwareTrigger
                0x00000000       0x2a ./source/ADC.o
 .group         0x00000000        0xc ./source/App.o
 .text          0x00000000        0x0 ./source/App.o
 .data          0x00000000        0x0 ./source/App.o
 .bss           0x00000000        0x0 ./source/App.o
 .debug_macro   0x00000000      0xa5a ./source/App.o
 .group         0x00000000        0xc ./source/Bell202.o
 .group         0x00000000        0xc ./source/Bell202.o
 .group         0x00000000        0xc ./source/Bell202.o
 .group         0x00000000        0xc ./source/Bell202.o
 .text          0x00000000        0x0 ./source/Bell202.o
 .data          0x00000000        0x0 ./source/Bell202.o
 .bss           0x00000000        0x0 ./source/Bell202.o
 .debug_macro   0x00000000      0xa5a ./source/Bell202.o
 .debug_macro   0x00000000      0x34e ./source/Bell202.o
 .debug_macro   0x00000000       0x22 ./source/Bell202.o
 .group         0x00000000        0xc ./source/CMP.o
 .group         0x00000000        0xc ./source/CMP.o
 .group         0x00000000        0xc ./source/CMP.o
 .group         0x00000000        0xc ./source/CMP.o
 .group         0x00000000        0xc ./source/CMP.o
 .group         0x00000000        0xc ./source/CMP.o
 .group         0x00000000        0xc ./source/CMP.o
 .group         0x00000000        0xc ./source/CMP.o
 .group         0x00000000        0xc ./source/CMP.o
 .group         0x00000000        0xc ./source/CMP.o
 .group         0x00000000        0xc ./source/CMP.o
[...]
Memory Configuration

Name             Origin             Length             Attributes
PROGRAM_FLASH    0x00000000         0x00100000         xr
SRAM_UPPER       0x20000000         0x00030000         xrw
SRAM_LOWER       0x1fff0000         0x00010000         xrw
FLEX_RAM         0x14000000         0x00001000         xrw
*default*        0x00000000         0xffffffff

Linker script and memory map

LOAD ./source/ADC.o
LOAD ./source/App.o
LOAD ./source/Bell202.o
LOAD ./source/CMP.o
LOAD ./source/DAC.o
LOAD ./source/DMA.o
LOAD ./source/DMAMUX.o
LOAD ./source/FSK_Demodulator.o
LOAD ./source/FSK_Modulator.o
LOAD ./source/FTM.o
LOAD ./source/PDB.o
LOAD ./source/PIT.o
LOAD ./source/bitStreamQueue.o
LOAD ./source/gpio.o
LOAD ./source/measureFreq.o
LOAD ./source/uart.o
LOAD ./source/waveGen.o
LOAD ./SDK/startup/hardware.o
LOAD ./SDK/startup/main.o
LOAD ./SDK/startup/semihost_hardfault.o
LOAD ./SDK/startup/startup_mk64f12.o
LOAD ./SDK/CMSIS/system_MK64F12.o
START GROUP
LOAD c:/nxp/mcuxpressoide_10.2.0_759/ide/tools/bin/../lib/gcc/arm-none-eabi/7.2.1/../../../../arm-none-eabi/lib/thumb/v7e-m/fpv4-sp/hard\libcr_c.a
LOAD c:/nxp/mcuxpressoide_10.2.0_759/ide/tools/bin/../lib/gcc/arm-none-eabi/7.2.1/thumb/v7e-m/fpv4-sp/hard\libcr_eabihelpers.a
END GROUP
                0x00000000                __base_PROGRAM_FLASH = 0x0
                0x00000000                __base_Flash = 0x0
                0x00100000                __top_PROGRAM_FLASH = 0x100000
                0x00100000                __top_Flash = 0x100000
                0x20000000                __base_SRAM_UPPER = 0x20000000
                0x20000000                __base_RAM = 0x20000000
                0x20030000                __top_SRAM_UPPER = 0x20030000
                0x20030000                __top_RAM = 0x20030000
                0x1fff0000                __base_SRAM_LOWER = 0x1fff0000
                0x1fff0000                __base_RAM2 = 0x1fff0000
                0x20000000                __top_SRAM_LOWER = 0x20000000
                0x20000000                __top_RAM2 = 0x20000000
                0x14000000                __base_FLEX_RAM = 0x14000000
                0x14000000                __base_RAM3 = 0x14000000
                0x14001000                __top_FLEX_RAM = 0x14001000
                0x14001000                __top_RAM3 = 0x14001000

.text           0x00000000     0x4e10
 FILL mask 0xff
                0x00000000                __vectors_start__ = ABSOLUTE (.)
 *(SORT_BY_ALIGNMENT(.isr_vector))
 .isr_vector    0x00000000      0x198 ./SDK/startup/startup_mk64f12.o
                0x00000000                g_pfnVectors
                0x00000000                __Vectors
                0x00000198                . = ALIGN (0x4)
                0x00000198                __section_table_start = .
                0x00000198                __data_section_table = .
                0x00000198        0x4 LONG 0x4e10 LOADADDR (.data)
                0x0000019c        0x4 LONG 0x20000000 ADDR (.data)
                0x000001a0        0x4 LONG 0x70 SIZEOF (.data)
                0x000001a4        0x4 LONG 0x4e10 LOADADDR (.data_RAM2)
                0x000001a8        0x4 LONG 0x1fff0000 ADDR (.data_RAM2)
                0x000001ac        0x4 LONG 0x0 SIZEOF (.data_RAM2)
                0x000001b0        0x4 LONG 0x4e10 LOADADDR (.data_RAM3)
                0x000001b4        0x4 LONG 0x14000000 ADDR (.data_RAM3)
                0x000001b8        0x4 LONG 0x0 SIZEOF (.data_RAM3)
                0x000001bc                __data_section_table_end = .
                0x000001bc                __bss_section_table = .
                0x000001bc        0x4 LONG 0x20000080 ADDR (.bss)
                0x000001c0        0x4 LONG 0xe690 SIZEOF (.bss)
                0x000001c4        0x4 LONG 0x1fff0000 ADDR (.bss_RAM2)
                0x000001c8        0x4 LONG 0x0 SIZEOF (.bss_RAM2)
                0x000001cc        0x4 LONG 0x14000000 ADDR (.bss_RAM3)
                0x000001d0        0x4 LONG 0x0 SIZEOF (.bss_RAM3)
                0x000001d4                __bss_section_table_end = .
                0x000001d4                __section_table_end = .
 *(SORT_BY_ALIGNMENT(.after_vectors*))
 .after_vectors.reset
                0x000001d4       0x4c ./SDK/startup/startup_mk64f12.o
                0x000001d4                ResetISR
 .after_vectors.init_data
                0x00000220       0x1e ./SDK/startup/startup_mk64f12.o
                0x00000220                data_init
 .after_vectors.init_bss
                0x0000023e       0x12 ./SDK/startup/startup_mk64f12.o
                0x0000023e                bss_init
 .after_vectors
                0x00000250       0x14 ./SDK/startup/startup_mk64f12.o
                0x00000250                NMI_Handler
                0x00000254                MemManage_Handler
                0x00000256                BusFault_Handler
                0x00000258                UsageFault_Handler
                0x0000025a                SVC_Handler
                0x0000025c                DebugMon_Handler
                0x0000025e                PendSV_Handler
                0x00000260                SysTick_Handler
                0x00000262                DMA_Error_DriverIRQHandler
                0x00000262                LPTMR0_DriverIRQHandler
                0x00000262                FTM1_DriverIRQHandler
                0x00000262                FTM2_DriverIRQHandler
                0x00000262                PIT2_DriverIRQHandler
                0x00000262                SDHC_DriverIRQHandler
                0x00000262                I2S0_Tx_DriverIRQHandler
                0x00000262                RTC_Seconds_DriverIRQHandler
                0x00000262                DMA6_DriverIRQHandler
                0x00000262                LLWU_DriverIRQHandler
                0x00000262                MCM_DriverIRQHandler
                0x00000262                MCG_DriverIRQHandler
                0x00000262                ENET_1588_Timer_DriverIRQHandler
                0x00000262                I2C2_DriverIRQHandler
                0x00000262                DAC1_DriverIRQHandler
                0x00000262                SPI1_DriverIRQHandler
                0x00000262                CMP1_DriverIRQHandler
                0x00000262                UART5_RX_TX_DriverIRQHandler
                0x00000262                FTM0_DriverIRQHandler
                0x00000262                IntDefaultHandler
                0x00000262                USB0_DriverIRQHandler
                0x00000262                UART5_ERR_DriverIRQHandler
                0x00000262                PORTC_DriverIRQHandler
                0x00000262                DMA11_DriverIRQHandler
                0x00000262                DAC0_DriverIRQHandler
                0x00000262                DMA10_DriverIRQHandler
                0x00000262                CMP2_DriverIRQHandler
                0x00000262                UART2_ERR_DriverIRQHandler
                0x00000262                SPI2_DriverIRQHandler
                0x00000262                LVD_LVW_DriverIRQHandler
                0x00000262                PIT0_DriverIRQHandler
                0x00000262                RNG_DriverIRQHandler
                0x00000262                DMA12_DriverIRQHandler
                0x00000262                DMA4_DriverIRQHandler
                0x00000262                UART2_RX_TX_DriverIRQHandler
                0x00000262                USBDCD_DriverIRQHandler
                0x00000262                UART3_ERR_DriverIRQHandler
                0x00000262                DMA3_DriverIRQHandler
                0x00000262                DMA8_DriverIRQHandler
                0x00000262                DMA9_DriverIRQHandler
                0x00000262                UART0_ERR_DriverIRQHandler
                0x00000262                CMT_DriverIRQHandler
                0x00000262                Reserved71_DriverIRQHandler
                0x00000262                ADC1_DriverIRQHandler
                0x00000262                PORTA_DriverIRQHandler
                0x00000262                DMA14_DriverIRQHandler
                0x00000262                PIT3_DriverIRQHandler
                0x00000262                PIT1_DriverIRQHandler
                0x00000262                WDOG_EWM_DriverIRQHandler
                0x00000262                PDB0_DriverIRQHandler
                0x00000262                RTC_DriverIRQHandler
                0x00000262                I2S0_Rx_DriverIRQHandler
                0x00000262                Read_Collision_DriverIRQHandler
                0x00000262                SWI_DriverIRQHandler
                0x00000262                UART4_RX_TX_DriverIRQHandler
                0x00000262                UART4_ERR_DriverIRQHandler
                0x00000262                PORTB_DriverIRQHandler
                0x00000262                UART0_LON_DriverIRQHandler
                0x00000262                DMA0_DriverIRQHandler
                0x00000262                DMA1_DriverIRQHandler
                0x00000262                I2C1_DriverIRQHandler
                0x00000262                UART3_RX_TX_DriverIRQHandler
                0x00000262                ENET_Receive_DriverIRQHandler
                0x00000262                DMA13_DriverIRQHandler
                0x00000262                ENET_Error_DriverIRQHandler
                0x00000262                DMA15_DriverIRQHandler
                0x00000262                UART0_RX_TX_DriverIRQHandler
                0x00000262                SPI0_DriverIRQHandler
                0x00000262                ADC0_DriverIRQHandler
                0x00000262                CMP0_DriverIRQHandler
                0x00000262                CAN0_DriverIRQHandler
                0x00000262                FTM3_DriverIRQHandler
                0x00000262                DMA5_DriverIRQHandler
                0x00000262                UART1_ERR_DriverIRQHandler
                0x00000262                DMA2_DriverIRQHandler
                0x00000262                ENET_Transmit_DriverIRQHandler
                0x00000262                PORTD_DriverIRQHandler
                0x00000262                PORTE_DriverIRQHandler
                0x00000262                FTFE_DriverIRQHandler
                0x00000262                I2C0_DriverIRQHandler
                0x00000262                DMA7_DriverIRQHandler
                0x00000262                UART1_RX_TX_DriverIRQHandler
                0x00000400                . = 0x400
 *fill*         0x00000264      0x19c ff
                0x00000400                PROVIDE (__FLASH_CONFIG_START__, .)
 *(SORT_BY_ALIGNMENT(.FlashConfig))
 .FlashConfig   0x00000400       0x10 ./SDK/startup/startup_mk64f12.o
                0x00000400                Flash_Config
                0x00000410                PROVIDE (__FLASH_CONFIG_END__, .)
                0x00000001                ASSERT (! ((__FLASH_CONFIG_START__ == __FLASH_CONFIG_END__)), Linker Flash Config Support Enabled, but no .FlashConfig section provided within application)
 *(SORT_BY_ALIGNMENT(.text*))
 .text.senoidalInit
                0x00000410      0x130 ./source/waveGen.o
                0x00000410                senoidalInit
 .text._sincos  0x00000540      0x214 c:/nxp/mcuxpressoide_10.2.0_759/ide/tools/bin/../lib/gcc/arm-none-eabi/7.2.1/../../../../arm-none-eabi/lib/thumb/v7e-m/fpv4-sp/hard\libcr_c.a(_sincos.o)
                0x00000540                _sincos
 .text.ADC0_IRQHandler
                0x00000754       0x14 ./source/ADC.o
                0x00000754                ADC0_IRQHandler
 .text.ADC1_IRQHandler
                0x00000768       0x14 ./source/ADC.o
                0x00000768                ADC1_IRQHandler
 .text.initCMP  0x0000077c       0x7c ./source/CMP.o
                0x0000077c                initCMP
 .text.clockGating
                0x000007f8       0x44 ./source/CMP.o
 .text.configurePins
                0x0000083c      0x10c ./source/CMP.o
 .text.configureInputs
                0x00000948       0x58 ./source/CMP.o
 .text.configureDAC
                0x000009a0       0x28 ./source/CMP.o
 .text.CMP0_IRQHandler
                0x000009c8       0x2c ./source/CMP.o
                0x000009c8                CMP0_IRQHandler
 .text.__NVIC_EnableIRQ
                0x000009f4       0x3c ./source/DAC.o
 .text.DACinit  0x00000a30      0x194 ./source/DAC.o
                0x00000a30                DACinit
 .text.writeDACdata
                0x00000bc4       0x58 ./source/DAC.o
                0x00000bc4                writeDACdata
 .text.shapeValue2DACdata
                0x00000c1c       0x64 ./source/DAC.o
                0x00000c1c                shapeValue2DACdata
 .text.DACclockGating
                0x00000c80       0x5c ./source/DAC.o
                0x00000c80                DACclockGating
 .text.DACgetBFreadPointer
                0x00000cdc       0x44 ./source/DAC.o
                0x00000cdc                DACgetBFreadPointer
 .text.DAC0_IRQHandler
                0x00000d20       0x6c ./source/DAC.o
                0x00000d20                DAC0_IRQHandler
 .text.clockGatingDMA
                0x00000d8c       0x28 ./source/DMA.o
                0x00000d8c                clockGatingDMA
 .text.initDMA  0x00000db4       0x28 ./source/DMA.o
                0x00000db4                initDMA
 .text.DMAPrepareTransferELINKNO
                0x00000ddc      0x27c ./source/DMA.o
                0x00000ddc                DMAPrepareTransferELINKNO
 .text.DMA0_IRQHandler
                0x00001058       0x28 ./source/DMA.o
                0x00001058                DMA0_IRQHandler
 .text.DMA1_IRQHandler
                0x00001080       0x38 ./source/DMA.o
                0x00001080                DMA1_IRQHandler
 .text.DMA2_IRQHandler
                0x000010b8       0x28 ./source/DMA.o
                0x000010b8                DMA2_IRQHandler
 .text.DMA3_IRQHandler
                0x000010e0       0x28 ./source/DMA.o
                0x000010e0                DMA3_IRQHandler
 .text.clockGating
                0x00001108       0x2c ./source/DMAMUX.o
 .text.configureDMAMUX
                0x00001134       0x88 ./source/DMAMUX.o
                0x00001134                configureDMAMUX
 .text.DemodulateSignal
                0x000011bc       0x74 ./source/FSK_Demodulator.o
                0x000011bc                DemodulateSignal
 .text.ModulatorInit
                0x00001230       0x78 ./source/FSK_Modulator.o
                0x00001230                ModulatorInit
 .text.ModulateFSK
                0x000012a8      0x154 ./source/FSK_Modulator.o
                0x000012a8                ModulateFSK
 .text.__NVIC_EnableIRQ
                0x000013fc       0x3c ./source/FTM.o
 .text.FTMinit  0x00001438      0x668 ./source/FTM.o
                0x00001438                FTMinit
 .text.setFTMtimer
                0x00001aa0       0xd8 ./source/FTM.o
                0x00001aa0                setFTMtimer
 .text.FTMclockGating
                0x00001b78       0x8c ./source/FTM.o
                0x00001b78                FTMclockGating
 .text.updatePWMduty
                0x00001c04       0x98 ./source/FTM.o
                0x00001c04                updatePWMduty
 .text.shapeDuty2cnv
                0x00001c9c       0x84 ./source/FTM.o
                0x00001c9c                shapeDuty2cnv
 .text.getPWMduty
                0x00001d20       0x74 ./source/FTM.o
                0x00001d20                getPWMduty
 .text.updatePWMperiod
                0x00001d94       0xb0 ./source/FTM.o
                0x00001d94                updatePWMperiod
 .text.getCnV   0x00001e44       0x4c ./source/FTM.o
                0x00001e44                getCnV
 .text.getMOD_FTM
                0x00001e90       0x44 ./source/FTM.o
                0x00001e90                getMOD_FTM
 .text.getCnVadress
                0x00001ed4       0x38 ./source/FTM.o
                0x00001ed4                getCnVadress
 .text.enablePinFTM
                0x00001f0c       0x6c ./source/FTM.o
                0x00001f0c                enablePinFTM
 .text.getPrescalerFactor
                0x00001f78       0x80 ./source/FTM.o
                0x00001f78                getPrescalerFactor
 .text.softwareFTMtrigger
                0x00001ff8       0x38 ./source/FTM.o
                0x00001ff8                softwareFTMtrigger
 .text.FTMx_IRQHandler
                0x00002030       0xe4 ./source/FTM.o
                0x00002030                FTMx_IRQHandler
 .text.initPDB  0x00002114       0xa8 ./source/PDB.o
                0x00002114                initPDB
 .text.PDBchangeFrequency
                0x000021bc       0x5c ./source/PDB.o
                0x000021bc                PDBchangeFrequency
 .text.setModulusValue
                0x00002218       0x20 ./source/PDB.o
 .text.setCounterDelayValue
                0x00002238       0x20 ./source/PDB.o
 .text.clockGating
                0x00002258       0x2c ./source/PDB.o
 .text.getPDBdefaultConfig
                0x00002284       0x50 ./source/PDB.o
                0x00002284                getPDBdefaultConfig
 .text.getPDBforDACdefaultConfig
                0x000022d4       0x40 ./source/PDB.o
                0x000022d4                getPDBforDACdefaultConfig
 .text.initPDBdac
                0x00002314       0x60 ./source/PDB.o
                0x00002314                initPDBdac
 .text.PDBsoftwareTrigger
                0x00002374       0x2c ./source/PDB.o
                0x00002374                PDBsoftwareTrigger
 .text.__NVIC_EnableIRQ
                0x000023a0       0x3c ./source/PIT.o
 .text.PITinit  0x000023dc       0x8c ./source/PIT.o
                0x000023dc                PITinit
 .text.PITmodifyTimer
                0x00002468       0x38 ./source/PIT.o
                0x00002468                PITmodifyTimer
 .text.PITstartTimer
                0x000024a0      0x114 ./source/PIT.o
                0x000024a0                PITstartTimer
 .text.PITenableClock
                0x000025b4       0x3c ./source/PIT.o
 .text.PITtimerInit
                0x000025f0       0x74 ./source/PIT.o
 .text.PITtimerSet
                0x00002664       0x9c ./source/PIT.o
 .text.PIT0_IRQHandler
                0x00002700       0x30 ./source/PIT.o
                0x00002700                PIT0_IRQHandler
 .text.PIT1_IRQHandler
                0x00002730       0x30 ./source/PIT.o
                0x00002730                PIT1_IRQHandler
 .text.PIT2_IRQHandler
                0x00002760       0x30 ./source/PIT.o
                0x00002760                PIT2_IRQHandler
 .text.PIT3_IRQHandler
                0x00002790       0x30 ./source/PIT.o
                0x00002790                PIT3_IRQHandler
 .text.recursiveStore
                0x000027c0       0x4c ./source/bitStreamQueue.o
 .text.bitStreamQueueInit
                0x0000280c       0x34 ./source/bitStreamQueue.o
                0x0000280c                bitStreamQueueInit
 .text.pushChar
                0x00002840       0x50 ./source/bitStreamQueue.o
                0x00002840                pushChar
 .text.isQueueEmpty
                0x00002890       0x28 ./source/bitStreamQueue.o
                0x00002890                isQueueEmpty
 .text.popBit   0x000028b8       0x98 ./source/bitStreamQueue.o
                0x000028b8                popBit
 .text.PushBit  0x00002950       0x58 ./source/bitStreamQueue.o
                0x00002950                PushBit
 .text.IsFrameReady
                0x000029a8       0x18 ./source/bitStreamQueue.o
                0x000029a8                IsFrameReady
 .text.GetFrame
                0x000029c0       0xa0 ./source/bitStreamQueue.o
                0x000029c0                GetFrame
 .text.PORTX_IRQHandler
                0x00002a60       0xbc ./source/gpio.o
                0x00002a60                PORTX_IRQHandler
 .text.gpioMode
                0x00002b1c      0x104 ./source/gpio.o
                0x00002b1c                gpioMode
 .text.gpioWrite
                0x00002c20       0x80 ./source/gpio.o
                0x00002c20                gpioWrite
 .text.initFreqMeasure
                0x00002ca0       0x78 ./source/measureFreq.o
                0x00002ca0                initFreqMeasure
 .text.measFreqCallback
                0x00002d18      0x17c ./source/measureFreq.o
                0x00002d18                measFreqCallback
 .text.getFreqMeasure
                0x00002e94       0x1c ./source/measureFreq.o
                0x00002e94                getFreqMeasure
 .text.isNewMeasReady
                0x00002eb0       0x18 ./source/measureFreq.o
                0x00002eb0                isNewMeasReady
 .text.__NVIC_EnableIRQ
                0x00002ec8       0x3c ./source/uart.o
 .text.uartInit
                0x00002f04      0x26c ./source/uart.o
                0x00002f04                uartInit
 .text.uartIsRxMsg
                0x00003170       0xa4 ./source/uart.o
                0x00003170                uartIsRxMsg
 .text.uartReadMsg
                0x00003214      0x184 ./source/uart.o
                0x00003214                uartReadMsg
 .text.uartWriteMsg
                0x00003398      0x134 ./source/uart.o
                0x00003398                uartWriteMsg
 .text.copyTXmsg
                0x000034cc       0x80 ./source/uart.o
                0x000034cc                copyTXmsg
 .text.UARTX_RX_TX_IRQHandler
                0x0000354c      0x1e0 ./source/uart.o
                0x0000354c                UARTX_RX_TX_IRQHandler
 .text.UART_setBaudRate
                0x0000372c       0xb0 ./source/uart.o
                0x0000372c                UART_setBaudRate
 .text.UART_clockGating
                0x000037dc       0xc4 ./source/uart.o
                0x000037dc                UART_clockGating
 .text.initWaveGen
                0x000038a0       0xc0 ./source/waveGen.o
                0x000038a0                initWaveGen
 .text.updateWaveFreq
                0x00003960       0xfc ./source/waveGen.o
                0x00003960                updateWaveFreq
 .text.sinWaveGen
                0x00003a5c       0x7c ./source/waveGen.o
                0x00003a5c                sinWaveGen
 .text.pwmSinWaveGen
                0x00003ad8      0x160 ./source/waveGen.o
                0x00003ad8                pwmSinWaveGen
 .text.DACcallback
                0x00003c38       0x90 ./source/waveGen.o
                0x00003c38                DACcallback
 .text.softwareTriggerFTM
                0x00003cc8       0x38 ./source/waveGen.o
                0x00003cc8                softwareTriggerFTM
 .text.FTMpwmCallback
                0x00003d00       0x68 ./source/waveGen.o
                0x00003d00                FTMpwmCallback
 .text.hw_Init  0x00003d68      0x10c ./SDK/startup/hardware.o
                0x00003d68                hw_Init
 .text.hw_EnableInterrupts
                0x00003e74       0x30 ./SDK/startup/hardware.o
                0x00003e74                hw_EnableInterrupts
 .text.hw_DisableInterrupts
                0x00003ea4       0x20 ./SDK/startup/hardware.o
                0x00003ea4                hw_DisableInterrupts
 .text.SystemInit
                0x00003ec4       0x3c ./SDK/CMSIS/system_MK64F12.o
                0x00003ec4                SystemInit
 .text.__aeabi_dmul
                0x00003f00      0x11c c:/nxp/mcuxpressoide_10.2.0_759/ide/tools/bin/../lib/gcc/arm-none-eabi/7.2.1/thumb/v7e-m/fpv4-sp/hard\libcr_eabihelpers.a(double.o)
                0x00003f00                __aeabi_dmul
 .text.__aeabi_ddiv
                0x0000401c      0x138 c:/nxp/mcuxpressoide_10.2.0_759/ide/tools/bin/../lib/gcc/arm-none-eabi/7.2.1/thumb/v7e-m/fpv4-sp/hard\libcr_eabihelpers.a(double.o)
                0x0000401c                __aeabi_ddiv
 .text.__aeabi_dsub
                0x00004154      0x1b4 c:/nxp/mcuxpressoide_10.2.0_759/ide/tools/bin/../lib/gcc/arm-none-eabi/7.2.1/thumb/v7e-m/fpv4-sp/hard\libcr_eabihelpers.a(double.o)
                0x00004154                __aeabi_dsub
 .text.__aeabi_dadd
                0x00004308      0x10c c:/nxp/mcuxpressoide_10.2.0_759/ide/tools/bin/../lib/gcc/arm-none-eabi/7.2.1/thumb/v7e-m/fpv4-sp/hard\libcr_eabihelpers.a(double.o)
                0x00004308                __aeabi_dadd
 .text.__aeabi_d2f
                0x00004414       0x54 c:/nxp/mcuxpressoide_10.2.0_759/ide/tools/bin/../lib/gcc/arm-none-eabi/7.2.1/thumb/v7e-m/fpv4-sp/hard\libcr_eabihelpers.a(double.o)
                0x00004414                __aeabi_d2f
 .text.__aeabi_f2d
                0x00004468       0x38 c:/nxp/mcuxpressoide_10.2.0_759/ide/tools/bin/../lib/gcc/arm-none-eabi/7.2.1/thumb/v7e-m/fpv4-sp/hard\libcr_eabihelpers.a(float.o)
                0x00004468                __aeabi_f2d
 .text.App_Init
                0x000044a0        0xc ./source/App.o
                0x000044a0                App_Init
 .text.App_Run  0x000044ac        0xc ./source/App.o
                0x000044ac                App_Run
 .text.ModemInit
                0x000044b8       0x42 ./source/Bell202.o
                0x000044b8                ModemInit
 .text.ModemRun
                0x000044fa       0x5e ./source/Bell202.o
                0x000044fa                ModemRun
 .text.initDMAMUX
                0x00004558        0xc ./source/DMAMUX.o
                0x00004558                initDMAMUX
 .text.DemodulatorInit
                0x00004564        0xc ./source/FSK_Demodulator.o
                0x00004564                DemodulatorInit
 .text.NeedDemodulation
                0x00004570        0xe ./source/FSK_Demodulator.o
                0x00004570                NeedDemodulation
 .text.setFTMprescaler
                0x0000457e       0x34 ./source/FTM.o
                0x0000457e                setFTMprescaler
 .text.FTM0_IRQHandler
                0x000045b2        0xe ./source/FTM.o
                0x000045b2                FTM0_IRQHandler
 .text.FTM1_IRQHandler
                0x000045c0        0xe ./source/FTM.o
                0x000045c0                FTM1_IRQHandler
 .text.FTM2_IRQHandler
                0x000045ce        0xe ./source/FTM.o
                0x000045ce                FTM2_IRQHandler
 .text.PITenable
                0x000045dc       0x4e ./source/PIT.o
 .text.PORTA_IRQHandler
                0x0000462a        0xe ./source/gpio.o
                0x0000462a                PORTA_IRQHandler
 .text.PORTB_IRQHandler
                0x00004638        0xe ./source/gpio.o
                0x00004638                PORTB_IRQHandler
 .text.PORTC_IRQHandler
                0x00004646        0xe ./source/gpio.o
                0x00004646                PORTC_IRQHandler
 .text.PORTD_IRQHandler
                0x00004654        0xe ./source/gpio.o
                0x00004654                PORTD_IRQHandler
 .text.PORTE_IRQHandler
                0x00004662        0xe ./source/gpio.o
                0x00004662                PORTE_IRQHandler
 .text.isPinValid
                0x00004670       0x26 ./source/gpio.o
                0x00004670                isPinValid
 .text.setPCRmux
                0x00004696       0x46 ./source/gpio.o
                0x00004696                setPCRmux
 .text.setPCRpullEnable
                0x000046dc       0x30 ./source/gpio.o
                0x000046dc                setPCRpullEnable
 .text.setPCRpullUp
                0x0000470c       0x30 ./source/gpio.o
                0x0000470c                setPCRpullUp
 .text.setPCRpullDown
                0x0000473c       0x32 ./source/gpio.o
                0x0000473c                setPCRpullDown
 .text.setGPIOddr
                0x0000476e       0x30 ./source/gpio.o
                0x0000476e                setGPIOddr
 .text.setGPIOdataOut
                0x0000479e       0x4a ./source/gpio.o
                0x0000479e                setGPIOdataOut
 .text.setPCRirqc
                0x000047e8       0x46 ./source/gpio.o
                0x000047e8                setPCRirqc
 .text.UARTX_LON_IRQHandler
                0x0000482e       0x16 ./source/uart.o
                0x0000482e                UARTX_LON_IRQHandler
 .text.UARTX_ERR_IRQHandler
                0x00004844       0x16 ./source/uart.o
                0x00004844                UARTX_ERR_IRQHandler
 .text.UART0_LON_IRQHandler
                0x0000485a        0xe ./source/uart.o
                0x0000485a                UART0_LON_IRQHandler
 .text.UART0_RX_TX_IRQHandler
                0x00004868        0xe ./source/uart.o
                0x00004868                UART0_RX_TX_IRQHandler
 .text.UART0_ERR_IRQHandler
                0x00004876        0xe ./source/uart.o
                0x00004876                UART0_ERR_IRQHandler
 .text.UART1_RX_TX_IRQHandler
                0x00004884        0xe ./source/uart.o
                0x00004884                UART1_RX_TX_IRQHandler
 .text.UART1_ERR_IRQHandler
                0x00004892        0xe ./source/uart.o
                0x00004892                UART1_ERR_IRQHandler
 .text.UART2_RX_TX_IRQHandler
                0x000048a0        0xe ./source/uart.o
                0x000048a0                UART2_RX_TX_IRQHandler
 .text.UART2_ERR_IRQHandler
                0x000048ae        0xe ./source/uart.o
                0x000048ae                UART2_ERR_IRQHandler
 .text.UART3_RX_TX_IRQHandler
                0x000048bc        0xe ./source/uart.o
                0x000048bc                UART3_RX_TX_IRQHandler
 .text.UART3_ERR_IRQHandler
                0x000048ca        0xe ./source/uart.o
                0x000048ca                UART3_ERR_IRQHandler
 .text.UART4_RX_TX_IRQHandler
                0x000048d8        0xe ./source/uart.o
                0x000048d8                UART4_RX_TX_IRQHandler
 .text.UART4_ERR_IRQHandler
                0x000048e6        0xe ./source/uart.o
                0x000048e6                UART4_ERR_IRQHandler
 .text.UART_setParity
                0x000048f4       0xae ./source/uart.o
                0x000048f4                UART_setParity
 .text.main     0x000049a2       0x1a ./SDK/startup/main.o
                0x000049a2                main
 .text.HardFault_Handler
                0x000049bc       0x2c ./SDK/startup/semihost_hardfault.o
                0x000049bc                HardFault_Handler
 .text.DMA4_IRQHandler
                0x000049e8        0x8 ./SDK/startup/startup_mk64f12.o
                0x000049e8                DMA4_IRQHandler
 .text.DMA5_IRQHandler
                0x000049f0        0x8 ./SDK/startup/startup_mk64f12.o
                0x000049f0                DMA5_IRQHandler
 .text.DMA6_IRQHandler
                0x000049f8        0x8 ./SDK/startup/startup_mk64f12.o
                0x000049f8                DMA6_IRQHandler
 .text.DMA7_IRQHandler
                0x00004a00        0x8 ./SDK/startup/startup_mk64f12.o
                0x00004a00                DMA7_IRQHandler
 .text.DMA8_IRQHandler
                0x00004a08        0x8 ./SDK/startup/startup_mk64f12.o
                0x00004a08                DMA8_IRQHandler
 .text.DMA9_IRQHandler
                0x00004a10        0x8 ./SDK/startup/startup_mk64f12.o
                0x00004a10                DMA9_IRQHandler
 .text.DMA10_IRQHandler
                0x00004a18        0x8 ./SDK/startup/startup_mk64f12.o
                0x00004a18                DMA10_IRQHandler
 .text.DMA11_IRQHandler
                0x00004a20        0x8 ./SDK/startup/startup_mk64f12.o
                0x00004a20                DMA11_IRQHandler
 .text.DMA12_IRQHandler
                0x00004a28        0x8 ./SDK/startup/startup_mk64f12.o
                0x00004a28                DMA12_IRQHandler
 .text.DMA13_IRQHandler
                0x00004a30        0x8 ./SDK/startup/startup_mk64f12.o
                0x00004a30                DMA13_IRQHandler
 .text.DMA14_IRQHandler
                0x00004a38        0x8 ./SDK/startup/startup_mk64f12.o
                0x00004a38                DMA14_IRQHandler
 .text.DMA15_IRQHandler
                0x00004a40        0x8 ./SDK/startup/startup_mk64f12.o
                0x00004a40                DMA15_IRQHandler
 .text.DMA_Error_IRQHandler
                0x00004a48        0x8 ./SDK/startup/startup_mk64f12.o
                0x00004a48                DMA_Error_IRQHandler
 .text.MCM_IRQHandler
                0x00004a50        0x8 ./SDK/startup/startup_mk64f12.o
                0x00004a50                MCM_IRQHandler
 .text.FTFE_IRQHandler
                0x00004a58        0x8 ./SDK/startup/startup_mk64f12.o
                0x00004a58                FTFE_IRQHandler
 .text.Read_Collision_IRQHandler
                0x00004a60        0x8 ./SDK/startup/startup_mk64f12.o
                0x00004a60                Read_Collision_IRQHandler
 .text.LVD_LVW_IRQHandler
                0x00004a68        0x8 ./SDK/startup/startup_mk64f12.o
                0x00004a68                LVD_LVW_IRQHandler
 .text.LLWU_IRQHandler
                0x00004a70        0x8 ./SDK/startup/startup_mk64f12.o
                0x00004a70                LLWU_IRQHandler
 .text.WDOG_EWM_IRQHandler
                0x00004a78        0x8 ./SDK/startup/startup_mk64f12.o
                0x00004a78                WDOG_EWM_IRQHandler
 .text.RNG_IRQHandler
                0x00004a80        0x8 ./SDK/startup/startup_mk64f12.o
                0x00004a80                RNG_IRQHandler
 .text.I2C0_IRQHandler
                0x00004a88        0x8 ./SDK/startup/startup_mk64f12.o
                0x00004a88                I2C0_IRQHandler
 .text.I2C1_IRQHandler
                0x00004a90        0x8 ./SDK/startup/startup_mk64f12.o
                0x00004a90                I2C1_IRQHandler
 .text.SPI0_IRQHandler
                0x00004a98        0x8 ./SDK/startup/startup_mk64f12.o
                0x00004a98                SPI0_IRQHandler
 .text.SPI1_IRQHandler
                0x00004aa0        0x8 ./SDK/startup/startup_mk64f12.o
                0x00004aa0                SPI1_IRQHandler
 .text.I2S0_Tx_IRQHandler
                0x00004aa8        0x8 ./SDK/startup/startup_mk64f12.o
                0x00004aa8                I2S0_Tx_IRQHandler
 .text.I2S0_Rx_IRQHandler
                0x00004ab0        0x8 ./SDK/startup/startup_mk64f12.o
                0x00004ab0                I2S0_Rx_IRQHandler
 .text.CMP1_IRQHandler
                0x00004ab8        0x8 ./SDK/startup/startup_mk64f12.o
                0x00004ab8                CMP1_IRQHandler
 .text.CMT_IRQHandler
                0x00004ac0        0x8 ./SDK/startup/startup_mk64f12.o
                0x00004ac0                CMT_IRQHandler
 .text.RTC_IRQHandler
                0x00004ac8        0x8 ./SDK/startup/startup_mk64f12.o
                0x00004ac8                RTC_IRQHandler
 .text.RTC_Seconds_IRQHandler
                0x00004ad0        0x8 ./SDK/startup/startup_mk64f12.o
                0x00004ad0                RTC_Seconds_IRQHandler
 .text.PDB0_IRQHandler
                0x00004ad8        0x8 ./SDK/startup/startup_mk64f12.o
                0x00004ad8                PDB0_IRQHandler
 .text.USB0_IRQHandler
                0x00004ae0        0x8 ./SDK/startup/startup_mk64f12.o
                0x00004ae0                USB0_IRQHandler
 .text.USBDCD_IRQHandler
                0x00004ae8        0x8 ./SDK/startup/startup_mk64f12.o
                0x00004ae8                USBDCD_IRQHandler
 .text.Reserved71_IRQHandler
                0x00004af0        0x8 ./SDK/startup/startup_mk64f12.o
                0x00004af0                Reserved71_IRQHandler
 .text.MCG_IRQHandler
                0x00004af8        0x8 ./SDK/startup/startup_mk64f12.o
                0x00004af8                MCG_IRQHandler
 .text.LPTMR0_IRQHandler
                0x00004b00        0x8 ./SDK/startup/startup_mk64f12.o
                0x00004b00                LPTMR0_IRQHandler
 .text.SWI_IRQHandler
                0x00004b08        0x8 ./SDK/startup/startup_mk64f12.o
                0x00004b08                SWI_IRQHandler
 .text.SPI2_IRQHandler
                0x00004b10        0x8 ./SDK/startup/startup_mk64f12.o
                0x00004b10                SPI2_IRQHandler
 .text.UART5_RX_TX_IRQHandler
                0x00004b18        0x8 ./SDK/startup/startup_mk64f12.o
                0x00004b18                UART5_RX_TX_IRQHandler
 .text.UART5_ERR_IRQHandler
                0x00004b20        0x8 ./SDK/startup/startup_mk64f12.o
                0x00004b20                UART5_ERR_IRQHandler
 .text.CMP2_IRQHandler
                0x00004b28        0x8 ./SDK/startup/startup_mk64f12.o
                0x00004b28                CMP2_IRQHandler
 .text.FTM3_IRQHandler
                0x00004b30        0x8 ./SDK/startup/startup_mk64f12.o
                0x00004b30                FTM3_IRQHandler
 .text.DAC1_IRQHandler
                0x00004b38        0x8 ./SDK/startup/startup_mk64f12.o
                0x00004b38                DAC1_IRQHandler
 .text.I2C2_IRQHandler
                0x00004b40        0x8 ./SDK/startup/startup_mk64f12.o
                0x00004b40                I2C2_IRQHandler
 .text.CAN0_ORed_Message_buffer_IRQHandler
                0x00004b48        0x8 ./SDK/startup/startup_mk64f12.o
                0x00004b48                CAN0_ORed_Message_buffer_IRQHandler
 .text.CAN0_Bus_Off_IRQHandler
                0x00004b50        0x8 ./SDK/startup/startup_mk64f12.o
                0x00004b50                CAN0_Bus_Off_IRQHandler
 .text.CAN0_Error_IRQHandler
                0x00004b58        0x8 ./SDK/startup/startup_mk64f12.o
                0x00004b58                CAN0_Error_IRQHandler
 .text.CAN0_Tx_Warning_IRQHandler
                0x00004b60        0x8 ./SDK/startup/startup_mk64f12.o
                0x00004b60                CAN0_Tx_Warning_IRQHandler
 .text.CAN0_Rx_Warning_IRQHandler
                0x00004b68        0x8 ./SDK/startup/startup_mk64f12.o
                0x00004b68                CAN0_Rx_Warning_IRQHandler
 .text.CAN0_Wake_Up_IRQHandler
                0x00004b70        0x8 ./SDK/startup/startup_mk64f12.o
                0x00004b70                CAN0_Wake_Up_IRQHandler
 .text.SDHC_IRQHandler
                0x00004b78        0x8 ./SDK/startup/startup_mk64f12.o
                0x00004b78                SDHC_IRQHandler
 .text.ENET_1588_Timer_IRQHandler
                0x00004b80        0x8 ./SDK/startup/startup_mk64f12.o
                0x00004b80                ENET_1588_Timer_IRQHandler
 .text.ENET_Transmit_IRQHandler
                0x00004b88        0x8 ./SDK/startup/startup_mk64f12.o
                0x00004b88                ENET_Transmit_IRQHandler
 .text.ENET_Receive_IRQHandler
                0x00004b90        0x8 ./SDK/startup/startup_mk64f12.o
                0x00004b90                ENET_Receive_IRQHandler
 .text.ENET_Error_IRQHandler
                0x00004b98        0x8 ./SDK/startup/startup_mk64f12.o
                0x00004b98                ENET_Error_IRQHandler
 .text.SystemInitHook
                0x00004ba0        0xe ./SDK/CMSIS/system_MK64F12.o
                0x00004ba0                SystemInitHook
 .text.sin      0x00004bae       0x40 c:/nxp/mcuxpressoide_10.2.0_759/ide/tools/bin/../lib/gcc/arm-none-eabi/7.2.1/../../../../arm-none-eabi/lib/thumb/v7e-m/fpv4-sp/hard\libcr_c.a(sin.o)
                0x00004bae                sin
 .text.fabs     0x00004bee       0x22 c:/nxp/mcuxpressoide_10.2.0_759/ide/tools/bin/../lib/gcc/arm-none-eabi/7.2.1/../../../../arm-none-eabi/lib/thumb/v7e-m/fpv4-sp/hard\libcr_c.a(fabs.o)
                0x00004bee                fabs
 .text.__aeabi_d2iz
                0x00004c10       0x40 c:/nxp/mcuxpressoide_10.2.0_759/ide/tools/bin/../lib/gcc/arm-none-eabi/7.2.1/thumb/v7e-m/fpv4-sp/hard\libcr_eabihelpers.a(double.o)
                0x00004c10                __aeabi_d2iz
 .text.__aeabi_d2uiz
                0x00004c50       0x30 c:/nxp/mcuxpressoide_10.2.0_759/ide/tools/bin/../lib/gcc/arm-none-eabi/7.2.1/thumb/v7e-m/fpv4-sp/hard\libcr_eabihelpers.a(double.o)
                0x00004c50                __aeabi_d2uiz
 .text.__bhs_ui2d
                0x00004c80       0x46 c:/nxp/mcuxpressoide_10.2.0_759/ide/tools/bin/../lib/gcc/arm-none-eabi/7.2.1/thumb/v7e-m/fpv4-sp/hard\libcr_eabihelpers.a(double.o)
                0x00004c80                __bhs_ui2d
 .text.__aeabi_i2d
                0x00004cc6       0x12 c:/nxp/mcuxpressoide_10.2.0_759/ide/tools/bin/../lib/gcc/arm-none-eabi/7.2.1/thumb/v7e-m/fpv4-sp/hard\libcr_eabihelpers.a(double.o)
                0x00004cc6                __aeabi_i2d
 .text.__aeabi_dcmplt
                0x00004cd8       0x58 c:/nxp/mcuxpressoide_10.2.0_759/ide/tools/bin/../lib/gcc/arm-none-eabi/7.2.1/thumb/v7e-m/fpv4-sp/hard\libcr_eabihelpers.a(double.o)
                0x00004cd8                __aeabi_dcmplt
 .text.__aeabi_dcmpge
                0x00004d30       0x58 c:/nxp/mcuxpressoide_10.2.0_759/ide/tools/bin/../lib/gcc/arm-none-eabi/7.2.1/thumb/v7e-m/fpv4-sp/hard\libcr_eabihelpers.a(double.o)
                0x00004d30                __aeabi_dcmpge
 *(SORT_BY_ALIGNMENT(.rodata) SORT_BY_ALIGNMENT(.rodata.*) SORT_BY_ALIGNMENT(.constdata) SORT_BY_ALIGNMENT(.constdata.*))
 .rodata.__huge_val
                0x00004d88        0x8 c:/nxp/mcuxpressoide_10.2.0_759/ide/tools/bin/../lib/gcc/arm-none-eabi/7.2.1/../../../../arm-none-eabi/lib/thumb/v7e-m/fpv4-sp/hard\libcr_c.a(_hugeval.o)
                0x00004d88                __huge_val
 .rodata        0x00004d90       0x14 ./source/CMP.o
 .rodata        0x00004da4        0xc ./source/FSK_Modulator.o
 .rodata        0x00004db0       0x30 ./source/gpio.o
 .rodata        0x00004de0       0x2c ./source/uart.o
                0x00004e10                . = ALIGN (0x8)
 *fill*         0x00004e0c        0x4 ff

.glue_7         0x00004e10        0x0
 .glue_7        0x00004e10        0x0 linker stubs

.glue_7t        0x00004e10        0x0
 .glue_7t       0x00004e10        0x0 linker stubs

.vfp11_veneer   0x00004e10        0x0
 .vfp11_veneer  0x00004e10        0x0 linker stubs

.v4_bx          0x00004e10        0x0
 .v4_bx         0x00004e10        0x0 linker stubs

.iplt           0x00004e10        0x0
 .iplt          0x00004e10        0x0 ./source/ADC.o

.rel.dyn        0x00004e10        0x0
 .rel.iplt      0x00004e10        0x0 ./source/ADC.o

.ARM.extab
 *(SORT_BY_ALIGNMENT(.ARM.extab*) SORT_BY_ALIGNMENT(.gnu.linkonce.armextab.*))
                0x00004e10                __exidx_start = .

.ARM.exidx
 *(SORT_BY_ALIGNMENT(.ARM.exidx*) SORT_BY_ALIGNMENT(.gnu.linkonce.armexidx.*))
                0x00004e10                __exidx_end = .
                0x00004e10                _etext = .

.m_usb_data
 *(SORT_BY_ALIGNMENT(m_usb_bdt))

.data_RAM2      0x1fff0000        0x0 load address 0x00004e10
 FILL mask 0xff
                [!provide]                PROVIDE (__start_data_RAM2, .)
 *(SORT_BY_ALIGNMENT(.ramfunc.$RAM2))
 *(SORT_BY_ALIGNMENT(.ramfunc.$SRAM_LOWER))
 *(SORT_BY_ALIGNMENT(.data.$RAM2*))
 *(SORT_BY_ALIGNMENT(.data.$SRAM_LOWER*))
                0x1fff0000                . = ALIGN (0x8)
                [!provide]                PROVIDE (__end_data_RAM2, .)

.data_RAM3      0x14000000        0x0 load address 0x00004e10
 FILL mask 0xff
                [!provide]                PROVIDE (__start_data_RAM3, .)
 *(SORT_BY_ALIGNMENT(.ramfunc.$RAM3))
 *(SORT_BY_ALIGNMENT(.ramfunc.$FLEX_RAM))
 *(SORT_BY_ALIGNMENT(.data.$RAM3*))
 *(SORT_BY_ALIGNMENT(.data.$FLEX_RAM*))
                0x14000000                . = ALIGN (0x8)
                [!provide]                PROVIDE (__end_data_RAM3, .)

.uninit_RESERVED
                0x20000000        0x0
 *(SORT_BY_ALIGNMENT(.bss.$RESERVED*))
                0x20000000                . = ALIGN (0x4)
                0x20000000                _end_uninit_RESERVED = .

.data           0x20000000       0x70 load address 0x00004e10
 FILL mask 0xff
                0x20000000                _data = .
 *(SORT_BY_ALIGNMENT(vtable))
 *(SORT_BY_ALIGNMENT(.ramfunc*))
 *(SORT_BY_ALIGNMENT(.data*))
 .data.CMP_in_pins
                0x20000000        0x2 ./source/CMP.o
                0x20000000                CMP_in_pins
 *fill*         0x20000002        0x2 ff
 .data.CMP_out_pins
                0x20000004        0x2 ./source/CMP.o
                0x20000004                CMP_out_pins
 *fill*         0x20000006        0x2 ff
 .data.arrayP2CMP
                0x20000008        0xc ./source/CMP.o
                0x20000008                arrayP2CMP
 .data.arrayP2DAC
                0x20000014        0x8 ./source/DAC.o
                0x20000014                arrayP2DAC
 .data.arrayP2FTM
                0x2000001c       0x10 ./source/FTM.o
                0x2000001c                arrayP2FTM
 .data.arrayFTMirqs
                0x2000002c        0x4 ./source/FTM.o
                0x2000002c                arrayFTMirqs
 .data.ticksScale
                0x20000030        0x4 ./source/measureFreq.o
                0x20000030                ticksScale
 .data.uartRXpins
                0x20000034        0x5 ./source/uart.o
 *fill*         0x20000039        0x3 ff
 .data.uartTXpins
                0x2000003c        0x5 ./source/uart.o
 *fill*         0x20000041        0x3 ff
 .data.markersRXbuffer
                0x20000044       0x14 ./source/uart.o
 .data.uartIRQs_TX_RX
                0x20000058        0x6 ./source/uart.o
                0x20000058                uartIRQs_TX_RX
 *fill*         0x2000005e        0x2 ff
 .data.uartIRQs_ERR
                0x20000060        0x6 ./source/uart.o
                0x20000060                uartIRQs_ERR
 *fill*         0x20000066        0x2 ff
 .data.uartIRQs_LON
                0x20000068        0x6 ./source/uart.o
                0x20000068                uartIRQs_LON
 .data.idle     0x2000006e        0x1 ./source/FSK_Demodulator.o
 .data.idle     0x2000006f        0x1 ./source/FSK_Modulator.o
                0x20000070                . = ALIGN (0x8)
                0x20000070                _edata = .

.igot.plt       0x20000070        0x0 load address 0x00004e80
 .igot.plt      0x20000070        0x0 ./source/ADC.o

.bss_RAM2       0x1fff0000        0x0
                [!provide]                PROVIDE (__start_bss_RAM2, .)
 *(SORT_BY_ALIGNMENT(.bss.$RAM2*))
 *(SORT_BY_ALIGNMENT(.bss.$SRAM_LOWER*))
                0x1fff0000                . = ALIGN ((. != 0x0)?0x8:0x1)
                [!provide]                PROVIDE (__end_bss_RAM2, .)

.bss_RAM3       0x14000000        0x0
                [!provide]                PROVIDE (__start_bss_RAM3, .)
 *(SORT_BY_ALIGNMENT(.bss.$RAM3*))
 *(SORT_BY_ALIGNMENT(.bss.$FLEX_RAM*))
                0x14000000                . = ALIGN ((. != 0x0)?0x8:0x1)
                [!provide]                PROVIDE (__end_bss_RAM3, .)

.bss            0x20000080     0xe690
                0x20000080                _bss = .
 *(SORT_BY_ALIGNMENT(.bss*))
 .bss.pwmSenLUT
                0x20000080       0x20 ./source/waveGen.o
                0x20000080                pwmSenLUT
 .bss.func      0x200000a0        0x4 ./source/ADC.o
 .bss.base      0x200000a4        0x4 ./source/CMP.o
                0x200000a4                base
 .bss.DAC0callback
                0x200000a8        0x4 ./source/DAC.o
                0x200000a8                DAC0callback
 .bss.dmaFuns   0x200000ac       0x10 ./source/DMA.o
 .bss.dmacounter
                0x200000bc        0x4 ./source/DMA.o
                0x200000bc                dmacounter
 .bss.index     0x200000c0        0x4 ./source/FSK_Modulator.o
 .bss.arrayFTMcallbacks
                0x200000c4       0x10 ./source/FTM.o
                0x200000c4                arrayFTMcallbacks
 .bss.pdb_conf_def
                0x200000d4       0x10 ./source/PDB.o
                0x200000d4                pdb_conf_def
 .bss.pdb_dac_conf_def
                0x200000e4        0x8 ./source/PDB.o
                0x200000e4                pdb_dac_conf_def
 .bss.timerEnabled
                0x200000ec        0x4 ./source/PIT.o
 .bss.timerInChainMode
                0x200000f0        0x4 ./source/PIT.o
 .bss.pitFuns   0x200000f4       0x10 ./source/PIT.o
 .bss.queue     0x20000104     0x1f48 ./source/bitStreamQueue.o
 .bss.signal_frame
                0x2000204c        0xb ./source/bitStreamQueue.o
 *fill*         0x20002057        0x1 
 .bss.frame_index
                0x20002058        0x4 ./source/bitStreamQueue.o
 .bss.p2irqFunctions
                0x2000205c      0x280 ./source/gpio.o
                0x2000205c                p2irqFunctions
 .bss.dif       0x200022dc        0x4 ./source/measureFreq.o
                0x200022dc                dif
 .bss.measureDataBase
                0x200022e0       0x10 ./source/measureFreq.o
                0x200022e0                measureDataBase
 .bss.i.5100    0x200022f0        0x4 ./source/measureFreq.o
 .bss.firstMeasure.5101
                0x200022f4        0x4 ./source/measureFreq.o
 .bss.secondMeasure.5102
                0x200022f8        0x4 ./source/measureFreq.o
 .bss.markCounter.5103
                0x200022fc        0x4 ./source/measureFreq.o
 .bss.spaceCounter.5104
                0x20002300        0x4 ./source/measureFreq.o
 .bss.uartMode  0x20002304        0x5 ./source/uart.o
 *fill*         0x20002309        0x3 
 .bss.RXbuffers
                0x2000230c     0x9c40 ./source/uart.o
 .bss.flagsReading
                0x2000bf4c        0x5 ./source/uart.o
 *fill*         0x2000bf51        0x3 
 .bss.countersRXfailed
                0x2000bf54        0x5 ./source/uart.o
 *fill*         0x2000bf59        0x3 
 .bss.TXbuffers
                0x2000bf5c     0x2710 ./source/uart.o
 .bss.outMarkersTXbuffer
                0x2000e66c        0x5 ./source/uart.o
 *fill*         0x2000e671        0x3 
 .bss.inMarkersTXbuffer
                0x2000e674        0x5 ./source/uart.o
 *fill*         0x2000e679        0x3 
 .bss.lensTXbuffer
                0x2000e67c        0x5 ./source/uart.o
 *fill*         0x2000e681        0x3 
 .bss.wavesArray
                0x2000e684       0x24 ./source/waveGen.o
                0x2000e684                wavesArray
 .bss.senLUT    0x2000e6a8       0x40 ./source/waveGen.o
                0x2000e6a8                senLUT
 .bss.ftm_counter
                0x2000e6e8        0x4 ./source/waveGen.o
 .bss.rpAux.7843
                0x2000e6ec        0x4 ./source/waveGen.o
 .bss.i.7842    0x2000e6f0        0x4 ./source/waveGen.o
 .bss.i.7855    0x2000e6f4        0x4 ./source/waveGen.o
 .bss.counter.7859
                0x2000e6f8        0x4 ./source/waveGen.o
 .bss.__LDM_interruptDisableCount
                0x2000e6fc        0x4 ./SDK/startup/hardware.o
 .bss.errno     0x2000e700        0x4 c:/nxp/mcuxpressoide_10.2.0_759/ide/tools/bin/../lib/gcc/arm-none-eabi/7.2.1/../../../../arm-none-eabi/lib/thumb/v7e-m/fpv4-sp/hard\libcr_c.a(errno.o)
                0x2000e700                errno
 .bss.dma_initialized
                0x2000e704        0x1 ./source/DMA.o
 .bss.currVal   0x2000e705        0x1 ./source/FSK_Modulator.o
 .bss.nextVal   0x2000e706        0x1 ./source/FSK_Modulator.o
 .bss.wId       0x2000e707        0x1 ./source/FSK_Modulator.o
 .bss.pitInitDone
                0x2000e708        0x1 ./source/PIT.o
 .bss.frame_ready
                0x2000e709        0x1 ./source/bitStreamQueue.o
 *(SORT_BY_ALIGNMENT(COMMON))
                0x2000e710                . = ALIGN (0x8)
 *fill*         0x2000e70a        0x6 
                0x2000e710                _ebss = .
                [!provide]                PROVIDE (end, .)

.noinit_RAM2    0x1fff0000        0x0
 *(SORT_BY_ALIGNMENT(.noinit.$RAM2*))
 *(SORT_BY_ALIGNMENT(.noinit.$SRAM_LOWER*))
                0x1fff0000                . = ALIGN (0x8)

.noinit_RAM3    0x14000000        0x0
 *(SORT_BY_ALIGNMENT(.noinit.$RAM3*))
 *(SORT_BY_ALIGNMENT(.noinit.$FLEX_RAM*))
                0x14000000                . = ALIGN (0x8)

.noinit         0x2000e710        0x0
                0x2000e710                _noinit = .
 *(SORT_BY_ALIGNMENT(.noinit*))
                0x2000e710                . = ALIGN (0x8)
                0x2000e710                _end_noinit = .
                0x00001000                _HeapSize = 0x1000

.heap           0x2000e710     0x1000
                0x2000e710                _pvHeapStart = .
                0x2000f710                . = (. + _HeapSize)
 *fill*         0x2000e710     0x1000 
                0x2000f710                . = ALIGN (0x8)
                0x2000f710                _pvHeapLimit = .
                0x00001000                _StackSize = 0x1000

.heap2stackfill
                0x2000f710     0x1000
                0x20010710                . = (. + _StackSize)
 *fill*         0x2000f710     0x1000 

.stack          0x2002f000        0x0
                0x2002f000                _vStackBase = .
                0x2002f000                . = ALIGN (0x8)
                0x20030000                _vStackTop = (. + _StackSize)
                0x00000000                _image_start = LOADADDR (.text)
                0x00004e80                _image_end = (LOADADDR (.data) + SIZEOF (.data))
                0x00004e80                _image_size = (_image_end - _image_start)
OUTPUT(FTMpwm.axf elf32-littlearm)

.debug_info     0x00000000     0xa659
 .debug_info    0x00000000      0xc80 ./source/ADC.o
 .debug_info    0x00000c80       0x4c ./source/App.o
 .debug_info    0x00000ccc      0x189 ./source/Bell202.o
 .debug_info    0x00000e55      0x84a ./source/CMP.o
 .debug_info    0x0000169f      0xa46 ./source/DAC.o
 .debug_info    0x000020e5      0x7fd ./source/DMA.o
 .debug_info    0x000028e2      0x350 ./source/DMAMUX.o
 .debug_info    0x00002c32      0x54f ./source/FSK_Demodulator.o
 .debug_info    0x00003181      0x240 ./source/FSK_Modulator.o
 .debug_info    0x000033c1     0x1229 ./source/FTM.o
 .debug_info    0x000045ea      0x601 ./source/PDB.o
 .debug_info    0x00004beb      0xa70 ./source/PIT.o
 .debug_info    0x0000565b      0x329 ./source/bitStreamQueue.o
 .debug_info    0x00005984      0xdf4 ./source/gpio.o
 .debug_info    0x00006778      0x4b0 ./source/measureFreq.o
 .debug_info    0x00006c28     0x10ca ./source/uart.o
 .debug_info    0x00007cf2     0x1354 ./source/waveGen.o
 .debug_info    0x00009046      0x675 ./SDK/startup/hardware.o
 .debug_info    0x000096bb       0xb7 ./SDK/startup/main.o
 .debug_info    0x00009772       0x3b ./SDK/startup/semihost_hardfault.o
 .debug_info    0x000097ad      0x8b0 ./SDK/startup/startup_mk64f12.o
 .debug_info    0x0000a05d      0x5fc ./SDK/CMSIS/system_MK64F12.o

.debug_abbrev   0x00000000     0x2362
 .debug_abbrev  0x00000000      0x263 ./source/ADC.o
 .debug_abbrev  0x00000263       0x2f ./source/App.o
 .debug_abbrev  0x00000292       0xba ./source/Bell202.o
 .debug_abbrev  0x0000034c      0x1d5 ./source/CMP.o
 .debug_abbrev  0x00000521      0x245 ./source/DAC.o
 .debug_abbrev  0x00000766      0x203 ./source/DMA.o
 .debug_abbrev  0x00000969      0x137 ./source/DMAMUX.o
 .debug_abbrev  0x00000aa0      0x15b ./source/FSK_Demodulator.o
 .debug_abbrev  0x00000bfb       0xdd ./source/FSK_Modulator.o
 .debug_abbrev  0x00000cd8      0x2eb ./source/FTM.o
 .debug_abbrev  0x00000fc3      0x1ce ./source/PDB.o
 .debug_abbrev  0x00001191      0x23d ./source/PIT.o
 .debug_abbrev  0x000013ce      0x177 ./source/bitStreamQueue.o
 .debug_abbrev  0x00001545      0x290 ./source/gpio.o
 .debug_abbrev  0x000017d5      0x165 ./source/measureFreq.o
 .debug_abbrev  0x0000193a      0x2ae ./source/uart.o
 .debug_abbrev  0x00001be8      0x2fb ./source/waveGen.o
 .debug_abbrev  0x00001ee3      0x138 ./SDK/startup/hardware.o
 .debug_abbrev  0x0000201b       0x7d ./SDK/startup/main.o
 .debug_abbrev  0x00002098       0x2f ./SDK/startup/semihost_hardfault.o
 .debug_abbrev  0x000020c7      0x15c ./SDK/startup/startup_mk64f12.o
 .debug_abbrev  0x00002223      0x13f ./SDK/CMSIS/system_MK64F12.o

.debug_aranges  0x00000000      0xb10
 .debug_aranges
                0x00000000       0x68 ./source/ADC.o
 .debug_aranges
                0x00000068       0x28 ./source/App.o
 .debug_aranges
                0x00000090       0x28 ./source/Bell202.o
 .debug_aranges
                0x000000b8       0x50 ./source/CMP.o
 .debug_aranges
                0x00000108       0x68 ./source/DAC.o
 .debug_aranges
                0x00000170       0x58 ./source/DMA.o
 .debug_aranges
                0x000001c8       0x30 ./source/DMAMUX.o
 .debug_aranges
                0x000001f8       0x48 ./source/FSK_Demodulator.o
 .debug_aranges
                0x00000240       0x28 ./source/FSK_Modulator.o
 .debug_aranges
                0x00000268       0xf0 ./source/FTM.o
 .debug_aranges
                0x00000358       0x60 ./source/PDB.o
 .debug_aranges
                0x000003b8       0xa0 ./source/PIT.o
 .debug_aranges
                0x00000458       0x68 ./source/bitStreamQueue.o
 .debug_aranges
                0x000004c0       0xc8 ./source/gpio.o
 .debug_aranges
                0x00000588       0x48 ./source/measureFreq.o
 .debug_aranges
                0x000005d0       0xf8 ./source/uart.o
 .debug_aranges
                0x000006c8       0x78 ./source/waveGen.o
 .debug_aranges
                0x00000740       0x30 ./SDK/startup/hardware.o
 .debug_aranges
                0x00000770       0x20 ./SDK/startup/main.o
 .debug_aranges
                0x00000790       0x20 ./SDK/startup/semihost_hardfault.o
 .debug_aranges
                0x000007b0      0x330 ./SDK/startup/startup_mk64f12.o
 .debug_aranges
                0x00000ae0       0x30 ./SDK/CMSIS/system_MK64F12.o

.debug_ranges   0x00000000      0x9b0
 .debug_ranges  0x00000000       0x58 ./source/ADC.o
 .debug_ranges  0x00000058       0x18 ./source/App.o
 .debug_ranges  0x00000070       0x18 ./source/Bell202.o
 .debug_ranges  0x00000088       0x40 ./source/CMP.o
 .debug_ranges  0x000000c8       0x58 ./source/DAC.o
 .debug_ranges  0x00000120       0x48 ./source/DMA.o
 .debug_ranges  0x00000168       0x20 ./source/DMAMUX.o
 .debug_ranges  0x00000188       0x38 ./source/FSK_Demodulator.o
 .debug_ranges  0x000001c0       0x18 ./source/FSK_Modulator.o
 .debug_ranges  0x000001d8       0xe0 ./source/FTM.o
 .debug_ranges  0x000002b8       0x50 ./source/PDB.o
 .debug_ranges  0x00000308       0x90 ./source/PIT.o
 .debug_ranges  0x00000398       0x58 ./source/bitStreamQueue.o
 .debug_ranges  0x000003f0       0xb8 ./source/gpio.o
 .debug_ranges  0x000004a8       0x38 ./source/measureFreq.o
 .debug_ranges  0x000004e0       0xe8 ./source/uart.o
 .debug_ranges  0x000005c8       0x68 ./source/waveGen.o
 .debug_ranges  0x00000630       0x20 ./SDK/startup/hardware.o
 .debug_ranges  0x00000650       0x10 ./SDK/startup/main.o
 .debug_ranges  0x00000660       0x10 ./SDK/startup/semihost_hardfault.o
 .debug_ranges  0x00000670      0x320 ./SDK/startup/startup_mk64f12.o
 .debug_ranges  0x00000990       0x20 ./SDK/CMSIS/system_MK64F12.o

.debug_macro    0x00000000    0x12bb8
 .debug_macro   0x00000000       0x96 ./source/ADC.o
 .debug_macro   0x00000096      0xa5a ./source/ADC.o
 .debug_macro   0x00000af0       0x22 ./source/ADC.o
 .debug_macro   0x00000b12      0x34e ./source/ADC.o
 .debug_macro   0x00000e60       0x5c ./source/ADC.o
 .debug_macro   0x00000ebc       0x1c ./source/ADC.o
 .debug_macro   0x00000ed8       0x22 ./source/ADC.o
 .debug_macro   0x00000efa       0xdf ./source/ADC.o
 .debug_macro   0x00000fd9      0xecf ./source/ADC.o
 .debug_macro   0x00001ea8       0x48 ./source/ADC.o
 .debug_macro   0x00001ef0     0xe07b ./source/ADC.o
 .debug_macro   0x0000ff6b       0x16 ./source/ADC.o
 .debug_macro   0x0000ff81       0x33 ./source/App.o
 .debug_macro   0x0000ffb4       0x80 ./source/Bell202.o
 .debug_macro   0x00010034       0x40 ./source/Bell202.o
 .debug_macro   0x00010074       0xae ./source/CMP.o
 .debug_macro   0x00010122       0x3a ./source/CMP.o
 .debug_macro   0x0001015c       0xa7 ./source/DAC.o
 .debug_macro   0x00010203       0x28 ./source/DAC.o
 .debug_macro   0x0001022b       0x96 ./source/DMA.o
 .debug_macro   0x000102c1       0x22 ./source/DMA.o
 .debug_macro   0x000102e3       0x81 ./source/DMAMUX.o
 .debug_macro   0x00010364       0xa8 ./source/FSK_Demodulator.o
 .debug_macro   0x0001040c       0x10 ./source/FSK_Demodulator.o
 .debug_macro   0x0001041c       0x99 ./source/FSK_Modulator.o
 .debug_macro   0x000104b5       0x16 ./source/FSK_Modulator.o
 .debug_macro   0x000104cb       0xb3 ./source/FTM.o
 .debug_macro   0x0001057e       0x1c ./source/FTM.o
 .debug_macro   0x0001059a       0xb7 ./source/PDB.o
 .debug_macro   0x00010651       0x9e ./source/PIT.o
 .debug_macro   0x000106ef       0x10 ./source/PIT.o
 .debug_macro   0x000106ff       0x5b ./source/bitStreamQueue.o
 .debug_macro   0x0001075a       0xa4 ./source/gpio.o
 .debug_macro   0x000107fe       0xb3 ./source/measureFreq.o
 .debug_macro   0x000108b1      0x118 ./source/uart.o
 .debug_macro   0x000109c9       0x10 ./source/uart.o
 .debug_macro   0x000109d9     0x122b ./source/uart.o
 .debug_macro   0x00011c04       0x16 ./source/uart.o
 .debug_macro   0x00011c1a      0x17e ./source/waveGen.o
 .debug_macro   0x00011d98       0x22 ./source/waveGen.o
 .debug_macro   0x00011dba       0x52 ./source/waveGen.o
 .debug_macro   0x00011e0c       0x17 ./source/waveGen.o
 .debug_macro   0x00011e23       0x8d ./source/waveGen.o
 .debug_macro   0x00011eb0       0x35 ./source/waveGen.o
 .debug_macro   0x00011ee5       0x9c ./source/waveGen.o
 .debug_macro   0x00011f81      0x174 ./source/waveGen.o
 .debug_macro   0x000120f5       0x57 ./source/waveGen.o
 .debug_macro   0x0001214c       0x58 ./source/waveGen.o
 .debug_macro   0x000121a4       0x1f ./source/waveGen.o
 .debug_macro   0x000121c3       0x43 ./source/waveGen.o
 .debug_macro   0x00012206       0x20 ./source/waveGen.o
 .debug_macro   0x00012226      0x18e ./source/waveGen.o
 .debug_macro   0x000123b4      0x330 ./source/waveGen.o
 .debug_macro   0x000126e4      0x1e1 ./source/waveGen.o
 .debug_macro   0x000128c5       0x28 ./source/waveGen.o
 .debug_macro   0x000128ed       0xd9 ./source/waveGen.o
 .debug_macro   0x000129c6       0x9c ./SDK/startup/hardware.o
 .debug_macro   0x00012a62       0x9c ./SDK/startup/main.o
 .debug_macro   0x00012afe       0x11 ./SDK/startup/semihost_hardfault.o
 .debug_macro   0x00012b0f       0x29 ./SDK/startup/startup_mk64f12.o
 .debug_macro   0x00012b38       0x80 ./SDK/CMSIS/system_MK64F12.o

.debug_line     0x00000000     0x3496
 .debug_line    0x00000000      0x226 ./source/ADC.o
 .debug_line    0x00000226       0x61 ./source/App.o
 .debug_line    0x00000287      0x13a ./source/Bell202.o
 .debug_line    0x000003c1      0x1c5 ./source/CMP.o
 .debug_line    0x00000586      0x22c ./source/DAC.o
 .debug_line    0x000007b2      0x21e ./source/DMA.o
 .debug_line    0x000009d0      0x160 ./source/DMAMUX.o
 .debug_line    0x00000b30      0x1c6 ./source/FSK_Demodulator.o
 .debug_line    0x00000cf6      0x171 ./source/FSK_Modulator.o
 .debug_line    0x00000e67      0x490 ./source/FTM.o
 .debug_line    0x000012f7      0x1e5 ./source/PDB.o
 .debug_line    0x000014dc      0x2fe ./source/PIT.o
 .debug_line    0x000017da      0x1ce ./source/bitStreamQueue.o
 .debug_line    0x000019a8      0x347 ./source/gpio.o
 .debug_line    0x00001cef      0x1b7 ./source/measureFreq.o
 .debug_line    0x00001ea6      0x550 ./source/uart.o
 .debug_line    0x000023f6      0x45f ./source/waveGen.o
 .debug_line    0x00002855      0x1d4 ./SDK/startup/hardware.o
 .debug_line    0x00002a29      0x175 ./SDK/startup/main.o
 .debug_line    0x00002b9e       0x59 ./SDK/startup/semihost_hardfault.o
 .debug_line    0x00002bf7      0x6d8 ./SDK/startup/startup_mk64f12.o
 .debug_line    0x000032cf      0x1c7 ./SDK/CMSIS/system_MK64F12.o

.debug_str      0x00000000    0x7e375
 .debug_str     0x00000000    0x70d7d ./source/ADC.o
                              0x70f79 (size before relaxing)
 .debug_str     0x00070d7d       0xa7 ./source/App.o
                               0x2da5 (size before relaxing)
 .debug_str     0x00070e24      0x1e5 ./source/Bell202.o
                               0x3a1c (size before relaxing)
 .debug_str     0x00071009      0x2d2 ./source/CMP.o
                              0x70d0a (size before relaxing)
 .debug_str     0x000712db      0x2da ./source/DAC.o
                              0x70e66 (size before relaxing)
 .debug_str     0x000715b5      0x361 ./source/DMA.o
                              0x708d2 (size before relaxing)
 .debug_str     0x00071916       0x9b ./source/DMAMUX.o
                              0x70620 (size before relaxing)
 .debug_str     0x000719b1      0x1b9 ./source/FSK_Demodulator.o
                               0x3d85 (size before relaxing)
 .debug_str     0x00071b6a      0x1c2 ./source/FSK_Modulator.o
                               0x3aa2 (size before relaxing)
 .debug_str     0x00071d2c      0x64e ./source/FTM.o
                              0x71230 (size before relaxing)
 .debug_str     0x0007237a      0x284 ./source/PDB.o
                              0x707ed (size before relaxing)
 .debug_str     0x000725fe      0x1ea ./source/PIT.o
                              0x70d20 (size before relaxing)
 .debug_str     0x000727e8      0x158 ./source/bitStreamQueue.o
                               0x3998 (size before relaxing)
 .debug_str     0x00072940      0x25e ./source/gpio.o
                              0x70e65 (size before relaxing)
 .debug_str     0x00072b9e      0x2e8 ./source/measureFreq.o
                               0x3e65 (size before relaxing)
 .debug_str     0x00072e86     0x7011 ./source/uart.o
                              0x77d07 (size before relaxing)
 .debug_str     0x00079e97     0x3cb8 ./source/waveGen.o
                              0x74a60 (size before relaxing)
 .debug_str     0x0007db4f      0x16f ./SDK/startup/hardware.o
                              0x771fa (size before relaxing)
 .debug_str     0x0007dcbe       0x1b ./SDK/startup/main.o
                              0x76fce (size before relaxing)
 .debug_str     0x0007dcd9       0x36 ./SDK/startup/semihost_hardfault.o
                               0x2d34 (size before relaxing)
 .debug_str     0x0007dd0f      0x604 ./SDK/startup/startup_mk64f12.o
                               0x35a2 (size before relaxing)
 .debug_str     0x0007e313       0x62 ./SDK/CMSIS/system_MK64F12.o
                              0x77109 (size before relaxing)

.comment        0x00000000       0x7e
 .comment       0x00000000       0x7e ./source/ADC.o
                                 0x7f (size before relaxing)
 .comment       0x0000007e       0x7f ./source/App.o
 .comment       0x0000007e       0x7f ./source/Bell202.o
 .comment       0x0000007e       0x7f ./source/CMP.o
 .comment       0x0000007e       0x7f ./source/DAC.o
 .comment       0x0000007e       0x7f ./source/DMA.o
 .comment       0x0000007e       0x7f ./source/DMAMUX.o
 .comment       0x0000007e       0x7f ./source/FSK_Demodulator.o
 .comment       0x0000007e       0x7f ./source/FSK_Modulator.o
 .comment       0x0000007e       0x7f ./source/FTM.o
 .comment       0x0000007e       0x7f ./source/PDB.o
 .comment       0x0000007e       0x7f ./source/PIT.o
 .comment       0x0000007e       0x7f ./source/bitStreamQueue.o
 .comment       0x0000007e       0x7f ./source/gpio.o
 .comment       0x0000007e       0x7f ./source/measureFreq.o
 .comment       0x0000007e       0x7f ./source/uart.o
 .comment       0x0000007e       0x7f ./source/waveGen.o
 .comment       0x0000007e       0x7f ./SDK/startup/hardware.o
 .comment       0x0000007e       0x7f ./SDK/startup/main.o
 .comment       0x0000007e       0x7f ./SDK/startup/semihost_hardfault.o
 .comment       0x0000007e       0x7f ./SDK/startup/startup_mk64f12.o
 .comment       0x0000007e       0x7f ./SDK/CMSIS/system_MK64F12.o
 .comment       0x0000007e       0x7f c:/nxp/mcuxpressoide_10.2.0_759/ide/tools/bin/../lib/gcc/arm-none-eabi/7.2.1/../../../../arm-none-eabi/lib/thumb/v7e-m/fpv4-sp/hard\libcr_c.a(sin.o)
 .comment       0x0000007e       0x7f c:/nxp/mcuxpressoide_10.2.0_759/ide/tools/bin/../lib/gcc/arm-none-eabi/7.2.1/../../../../arm-none-eabi/lib/thumb/v7e-m/fpv4-sp/hard\libcr_c.a(_sincos.o)
 .comment       0x0000007e       0x7f c:/nxp/mcuxpressoide_10.2.0_759/ide/tools/bin/../lib/gcc/arm-none-eabi/7.2.1/../../../../arm-none-eabi/lib/thumb/v7e-m/fpv4-sp/hard\libcr_c.a(errno.o)
 .comment       0x0000007e       0x7f c:/nxp/mcuxpressoide_10.2.0_759/ide/tools/bin/../lib/gcc/arm-none-eabi/7.2.1/../../../../arm-none-eabi/lib/thumb/v7e-m/fpv4-sp/hard\libcr_c.a(fabs.o)
 .comment       0x0000007e       0x7f c:/nxp/mcuxpressoide_10.2.0_759/ide/tools/bin/../lib/gcc/arm-none-eabi/7.2.1/../../../../arm-none-eabi/lib/thumb/v7e-m/fpv4-sp/hard\libcr_c.a(_hugeval.o)
 .comment       0x0000007e       0x7f c:/nxp/mcuxpressoide_10.2.0_759/ide/tools/bin/../lib/gcc/arm-none-eabi/7.2.1/thumb/v7e-m/fpv4-sp/hard\libcr_eabihelpers.a(double.o)
 .comment       0x0000007e       0x7f c:/nxp/mcuxpressoide_10.2.0_759/ide/tools/bin/../lib/gcc/arm-none-eabi/7.2.1/thumb/v7e-m/fpv4-sp/hard\libcr_eabihelpers.a(float.o)

.ARM.attributes
                0x00000000       0x39
 .ARM.attributes
                0x00000000       0x39 ./source/ADC.o
 .ARM.attributes
                0x00000039       0x39 ./source/App.o
 .ARM.attributes
                0x00000072       0x39 ./source/Bell202.o
 .ARM.attributes
                0x000000ab       0x39 ./source/CMP.o
 .ARM.attributes
                0x000000e4       0x39 ./source/DAC.o
 .ARM.attributes
                0x0000011d       0x39 ./source/DMA.o
 .ARM.attributes
                0x00000156       0x39 ./source/DMAMUX.o
 .ARM.attributes
                0x0000018f       0x39 ./source/FSK_Demodulator.o
 .ARM.attributes
                0x000001c8       0x39 ./source/FSK_Modulator.o
 .ARM.attributes
                0x00000201       0x39 ./source/FTM.o
 .ARM.attributes
                0x0000023a       0x39 ./source/PDB.o
 .ARM.attributes
                0x00000273       0x39 ./source/PIT.o
 .ARM.attributes
                0x000002ac       0x39 ./source/bitStreamQueue.o
 .ARM.attributes
                0x000002e5       0x39 ./source/gpio.o
 .ARM.attributes
                0x0000031e       0x39 ./source/measureFreq.o
 .ARM.attributes
                0x00000357       0x39 ./source/uart.o
 .ARM.attributes
                0x00000390       0x39 ./source/waveGen.o
 .ARM.attributes
                0x000003c9       0x39 ./SDK/startup/hardware.o
 .ARM.attributes
                0x00000402       0x39 ./SDK/startup/main.o
 .ARM.attributes
                0x0000043b       0x39 ./SDK/startup/semihost_hardfault.o
 .ARM.attributes
                0x00000474       0x39 ./SDK/startup/startup_mk64f12.o
 .ARM.attributes
                0x000004ad       0x39 ./SDK/CMSIS/system_MK64F12.o
 .ARM.attributes
                0x000004e6       0x39 c:/nxp/mcuxpressoide_10.2.0_759/ide/tools/bin/../lib/gcc/arm-none-eabi/7.2.1/../../../../arm-none-eabi/lib/thumb/v7e-m/fpv4-sp/hard\libcr_c.a(sin.o)
 .ARM.attributes
                0x0000051f       0x39 c:/nxp/mcuxpressoide_10.2.0_759/ide/tools/bin/../lib/gcc/arm-none-eabi/7.2.1/../../../../arm-none-eabi/lib/thumb/v7e-m/fpv4-sp/hard\libcr_c.a(_sincos.o)
 .ARM.attributes
                0x00000558       0x39 c:/nxp/mcuxpressoide_10.2.0_759/ide/tools/bin/../lib/gcc/arm-none-eabi/7.2.1/../../../../arm-none-eabi/lib/thumb/v7e-m/fpv4-sp/hard\libcr_c.a(errno.o)
 .ARM.attributes
                0x00000591       0x39 c:/nxp/mcuxpressoide_10.2.0_759/ide/tools/bin/../lib/gcc/arm-none-eabi/7.2.1/../../../../arm-none-eabi/lib/thumb/v7e-m/fpv4-sp/hard\libcr_c.a(fabs.o)
 .ARM.attributes
                0x000005ca       0x39 c:/nxp/mcuxpressoide_10.2.0_759/ide/tools/bin/../lib/gcc/arm-none-eabi/7.2.1/../../../../arm-none-eabi/lib/thumb/v7e-m/fpv4-sp/hard\libcr_c.a(_hugeval.o)
 .ARM.attributes
                0x00000603       0x39 c:/nxp/mcuxpressoide_10.2.0_759/ide/tools/bin/../lib/gcc/arm-none-eabi/7.2.1/thumb/v7e-m/fpv4-sp/hard\libcr_eabihelpers.a(double.o)
 .ARM.attributes
                0x0000063c       0x39 c:/nxp/mcuxpressoide_10.2.0_759/ide/tools/bin/../lib/gcc/arm-none-eabi/7.2.1/thumb/v7e-m/fpv4-sp/hard\libcr_eabihelpers.a(float.o)

.debug_frame    0x00000000     0x24d0
 .debug_frame   0x00000000      0x170 ./source/ADC.o
 .debug_frame   0x00000170       0x48 ./source/App.o
 .debug_frame   0x000001b8       0x58 ./source/Bell202.o
 .debug_frame   0x00000210      0x10c ./source/CMP.o
 .debug_frame   0x0000031c      0x188 ./source/DAC.o
 .debug_frame   0x000004a4      0x10c ./source/DMA.o
 .debug_frame   0x000005b0       0x74 ./source/DMAMUX.o
 .debug_frame   0x00000624       0xdc ./source/FSK_Demodulator.o
 .debug_frame   0x00000700       0x50 ./source/FSK_Modulator.o
 .debug_frame   0x00000750      0x408 ./source/FTM.o
 .debug_frame   0x00000b58      0x160 ./source/PDB.o
 .debug_frame   0x00000cb8      0x270 ./source/PIT.o
 .debug_frame   0x00000f28      0x170 ./source/bitStreamQueue.o
 .debug_frame   0x00001098      0x350 ./source/gpio.o
 .debug_frame   0x000013e8       0xe4 ./source/measureFreq.o
 .debug_frame   0x000014cc      0x40c ./source/uart.o
 .debug_frame   0x000018d8      0x1c4 ./source/waveGen.o
 .debug_frame   0x00001a9c       0x70 ./SDK/startup/hardware.o
 .debug_frame   0x00001b0c       0x2c ./SDK/startup/main.o
 .debug_frame   0x00001b38       0x20 ./SDK/startup/semihost_hardfault.o
 .debug_frame   0x00001b58      0x904 ./SDK/startup/startup_mk64f12.o
 .debug_frame   0x0000245c       0x74 ./SDK/CMSIS/system_MK64F12.o
