Archive member included to satisfy reference by file (symbol)

c:/nxp/mcuxpressoide_10.2.0_759/ide/tools/bin/../lib/gcc/arm-none-eabi/7.2.1/../../../../arm-none-eabi/lib/thumb/v7e-m/fpv4-sp/hard\libcr_c.a(memset.o)
                              ./source/waveGen.o (memset)
c:/nxp/mcuxpressoide_10.2.0_759/ide/tools/bin/../lib/gcc/arm-none-eabi/7.2.1/../../../../arm-none-eabi/lib/thumb/v7e-m/fpv4-sp/hard\libcr_c.a(sin.o)
                              ./source/waveGen.o (sin)
c:/nxp/mcuxpressoide_10.2.0_759/ide/tools/bin/../lib/gcc/arm-none-eabi/7.2.1/../../../../arm-none-eabi/lib/thumb/v7e-m/fpv4-sp/hard\libcr_c.a(_sincos.o)
                              c:/nxp/mcuxpressoide_10.2.0_759/ide/tools/bin/../lib/gcc/arm-none-eabi/7.2.1/../../../../arm-none-eabi/lib/thumb/v7e-m/fpv4-sp/hard\libcr_c.a(sin.o) (_sincos)
c:/nxp/mcuxpressoide_10.2.0_759/ide/tools/bin/../lib/gcc/arm-none-eabi/7.2.1/../../../../arm-none-eabi/lib/thumb/v7e-m/fpv4-sp/hard\libcr_c.a(errno.o)
                              c:/nxp/mcuxpressoide_10.2.0_759/ide/tools/bin/../lib/gcc/arm-none-eabi/7.2.1/../../../../arm-none-eabi/lib/thumb/v7e-m/fpv4-sp/hard\libcr_c.a(_sincos.o) (errno)
c:/nxp/mcuxpressoide_10.2.0_759/ide/tools/bin/../lib/gcc/arm-none-eabi/7.2.1/../../../../arm-none-eabi/lib/thumb/v7e-m/fpv4-sp/hard\libcr_c.a(fabs.o)
                              c:/nxp/mcuxpressoide_10.2.0_759/ide/tools/bin/../lib/gcc/arm-none-eabi/7.2.1/../../../../arm-none-eabi/lib/thumb/v7e-m/fpv4-sp/hard\libcr_c.a(_sincos.o) (fabs)
c:/nxp/mcuxpressoide_10.2.0_759/ide/tools/bin/../lib/gcc/arm-none-eabi/7.2.1/../../../../arm-none-eabi/lib/thumb/v7e-m/fpv4-sp/hard\libcr_c.a(_hugeval.o)
                              c:/nxp/mcuxpressoide_10.2.0_759/ide/tools/bin/../lib/gcc/arm-none-eabi/7.2.1/../../../../arm-none-eabi/lib/thumb/v7e-m/fpv4-sp/hard\libcr_c.a(_sincos.o) (__huge_val)
c:/nxp/mcuxpressoide_10.2.0_759/ide/tools/bin/../lib/gcc/arm-none-eabi/7.2.1/thumb/v7e-m/fpv4-sp/hard\libcr_eabihelpers.a(double.o)
                              ./source/measureFreq.o (__aeabi_dmul)
c:/nxp/mcuxpressoide_10.2.0_759/ide/tools/bin/../lib/gcc/arm-none-eabi/7.2.1/thumb/v7e-m/fpv4-sp/hard\libcr_eabihelpers.a(float.o)
                              ./source/FTM.o (__aeabi_f2d)
c:/nxp/mcuxpressoide_10.2.0_759/ide/tools/bin/../lib/gcc/arm-none-eabi/7.2.1/thumb/v7e-m/fpv4-sp/hard\libcr_eabihelpers.a(memcpy.o)
                              c:/nxp/mcuxpressoide_10.2.0_759/ide/tools/bin/../lib/gcc/arm-none-eabi/7.2.1/../../../../arm-none-eabi/lib/thumb/v7e-m/fpv4-sp/hard\libcr_c.a(memset.o) (__aeabi_lowlevel_memset)

Discarded input sections

 .group         0x00000000        0xc ./source/ADC.o
 .text          0x00000000        0x0 ./source/ADC.o
 .data          0x00000000        0x0 ./source/ADC.o
 .bss           0x00000000        0x0 ./source/ADC.o
 .debug_info    0x00000000       0x21 ./source/ADC.o
 .debug_abbrev  0x00000000       0x13 ./source/ADC.o
 .debug_aranges
                0x00000000       0x18 ./source/ADC.o
 .debug_macro   0x00000000       0x1b ./source/ADC.o
 .debug_macro   0x00000000      0xa5a ./source/ADC.o
 .debug_line    0x00000000       0x39 ./source/ADC.o
 .debug_str     0x00000000     0x2d16 ./source/ADC.o
 .comment       0x00000000       0x7f ./source/ADC.o
 .ARM.attributes
                0x00000000       0x39 ./source/ADC.o
 .group         0x00000000        0xc ./source/App.o
 .group         0x00000000        0xc ./source/App.o
 .group         0x00000000        0xc ./source/App.o
 .group         0x00000000        0xc ./source/App.o
 .group         0x00000000        0xc ./source/App.o
 .group         0x00000000        0xc ./source/App.o
 .group         0x00000000        0xc ./source/App.o
 .group         0x00000000        0xc ./source/App.o
 .group         0x00000000        0xc ./source/App.o
 .group         0x00000000        0xc ./source/App.o
 .group         0x00000000        0xc ./source/App.o
 .group         0x00000000        0xc ./source/App.o
 .group         0x00000000        0xc ./source/App.o
 .group         0x00000000        0xc ./source/App.o
 .group         0x00000000        0xc ./source/App.o
 .group         0x00000000        0xc ./source/App.o
 .group         0x00000000        0xc ./source/App.o
 .group         0x00000000        0xc ./source/App.o
 .group         0x00000000        0xc ./source/App.o
 .group         0x00000000        0xc ./source/App.o
 .group         0x00000000        0xc ./source/App.o
 .group         0x00000000        0xc ./source/App.o
 .group         0x00000000        0xc ./source/App.o
 .group         0x00000000        0xc ./source/App.o
 .group         0x00000000        0xc ./source/App.o
 .group         0x00000000        0xc ./source/App.o
 .group         0x00000000        0xc ./source/App.o
 .group         0x00000000        0xc ./source/App.o
 .text          0x00000000        0x0 ./source/App.o
 .data          0x00000000        0x0 ./source/App.o
 .bss           0x00000000        0x0 ./source/App.o
[...]
Memory Configuration

Name             Origin             Length             Attributes
PROGRAM_FLASH    0x00000000         0x00100000         xr
SRAM_UPPER       0x20000000         0x00030000         xrw
SRAM_LOWER       0x1fff0000         0x00010000         xrw
FLEX_RAM         0x14000000         0x00001000         xrw
*default*        0x00000000         0xffffffff

Linker script and memory map

LOAD ./source/ADC.o
LOAD ./source/App.o
LOAD ./source/DAC.o
LOAD ./source/FTM.o
LOAD ./source/PIT.o
LOAD ./source/SysTick.o
LOAD ./source/bitStreamQueue.o
LOAD ./source/comController2pc.o
LOAD ./source/gpio.o
LOAD ./source/measureFreq.o
LOAD ./source/timer.o
LOAD ./source/uart.o
LOAD ./source/waveGen.o
LOAD ./SDK/startup/hardware.o
LOAD ./SDK/startup/main.o
LOAD ./SDK/startup/semihost_hardfault.o
LOAD ./SDK/startup/startup_mk64f12.o
LOAD ./SDK/CMSIS/system_MK64F12.o
START GROUP
LOAD c:/nxp/mcuxpressoide_10.2.0_759/ide/tools/bin/../lib/gcc/arm-none-eabi/7.2.1/../../../../arm-none-eabi/lib/thumb/v7e-m/fpv4-sp/hard\libcr_c.a
LOAD c:/nxp/mcuxpressoide_10.2.0_759/ide/tools/bin/../lib/gcc/arm-none-eabi/7.2.1/thumb/v7e-m/fpv4-sp/hard\libcr_eabihelpers.a
END GROUP
                0x00000000                __base_PROGRAM_FLASH = 0x0
                0x00000000                __base_Flash = 0x0
                0x00100000                __top_PROGRAM_FLASH = 0x100000
                0x00100000                __top_Flash = 0x100000
                0x20000000                __base_SRAM_UPPER = 0x20000000
                0x20000000                __base_RAM = 0x20000000
                0x20030000                __top_SRAM_UPPER = 0x20030000
                0x20030000                __top_RAM = 0x20030000
                0x1fff0000                __base_SRAM_LOWER = 0x1fff0000
                0x1fff0000                __base_RAM2 = 0x1fff0000
                0x20000000                __top_SRAM_LOWER = 0x20000000
                0x20000000                __top_RAM2 = 0x20000000
                0x14000000                __base_FLEX_RAM = 0x14000000
                0x14000000                __base_RAM3 = 0x14000000
                0x14001000                __top_FLEX_RAM = 0x14001000
                0x14001000                __top_RAM3 = 0x14001000

.text           0x00000000     0x20b8
 FILL mask 0xff
                0x00000000                __vectors_start__ = ABSOLUTE (.)
 *(SORT_BY_ALIGNMENT(.isr_vector))
 .isr_vector    0x00000000      0x198 ./SDK/startup/startup_mk64f12.o
                0x00000000                g_pfnVectors
                0x00000000                __Vectors
                0x00000198                . = ALIGN (0x4)
                0x00000198                __section_table_start = .
                0x00000198                __data_section_table = .
                0x00000198        0x4 LONG 0x20b8 LOADADDR (.data)
                0x0000019c        0x4 LONG 0x20000000 ADDR (.data)
                0x000001a0        0x4 LONG 0x58 SIZEOF (.data)
                0x000001a4        0x4 LONG 0x20b8 LOADADDR (.data_RAM2)
                0x000001a8        0x4 LONG 0x1fff0000 ADDR (.data_RAM2)
                0x000001ac        0x4 LONG 0x0 SIZEOF (.data_RAM2)
                0x000001b0        0x4 LONG 0x20b8 LOADADDR (.data_RAM3)
                0x000001b4        0x4 LONG 0x14000000 ADDR (.data_RAM3)
                0x000001b8        0x4 LONG 0x0 SIZEOF (.data_RAM3)
                0x000001bc                __data_section_table_end = .
                0x000001bc                __bss_section_table = .
                0x000001bc        0x4 LONG 0x20000058 ADDR (.bss)
                0x000001c0        0x4 LONG 0x830 SIZEOF (.bss)
                0x000001c4        0x4 LONG 0x1fff0000 ADDR (.bss_RAM2)
                0x000001c8        0x4 LONG 0x0 SIZEOF (.bss_RAM2)
                0x000001cc        0x4 LONG 0x14000000 ADDR (.bss_RAM3)
                0x000001d0        0x4 LONG 0x0 SIZEOF (.bss_RAM3)
                0x000001d4                __bss_section_table_end = .
                0x000001d4                __section_table_end = .
 *(SORT_BY_ALIGNMENT(.after_vectors*))
 .after_vectors.reset
                0x000001d4       0x4c ./SDK/startup/startup_mk64f12.o
                0x000001d4                ResetISR
 .after_vectors
                0x00000220       0x14 ./SDK/startup/startup_mk64f12.o
                0x00000220                NMI_Handler
                0x00000224                MemManage_Handler
                0x00000226                BusFault_Handler
                0x00000228                UsageFault_Handler
                0x0000022a                SVC_Handler
                0x0000022c                DebugMon_Handler
                0x0000022e                PendSV_Handler
                0x00000232                DMA_Error_DriverIRQHandler
                0x00000232                LPTMR0_DriverIRQHandler
                0x00000232                FTM1_DriverIRQHandler
                0x00000232                FTM2_DriverIRQHandler
                0x00000232                PIT2_DriverIRQHandler
                0x00000232                SDHC_DriverIRQHandler
                0x00000232                I2S0_Tx_DriverIRQHandler
                0x00000232                RTC_Seconds_DriverIRQHandler
                0x00000232                DMA6_DriverIRQHandler
                0x00000232                LLWU_DriverIRQHandler
                0x00000232                MCM_DriverIRQHandler
                0x00000232                MCG_DriverIRQHandler
                0x00000232                ENET_1588_Timer_DriverIRQHandler
                0x00000232                I2C2_DriverIRQHandler
                0x00000232                DAC1_DriverIRQHandler
                0x00000232                SPI1_DriverIRQHandler
                0x00000232                CMP1_DriverIRQHandler
                0x00000232                UART5_RX_TX_DriverIRQHandler
                0x00000232                FTM0_DriverIRQHandler
                0x00000232                IntDefaultHandler
                0x00000232                USB0_DriverIRQHandler
                0x00000232                UART5_ERR_DriverIRQHandler
                0x00000232                PORTC_DriverIRQHandler
                0x00000232                DMA11_DriverIRQHandler
                0x00000232                DAC0_DriverIRQHandler
                0x00000232                DMA10_DriverIRQHandler
                0x00000232                CMP2_DriverIRQHandler
                0x00000232                UART2_ERR_DriverIRQHandler
                0x00000232                SPI2_DriverIRQHandler
                0x00000232                LVD_LVW_DriverIRQHandler
                0x00000232                PIT0_DriverIRQHandler
                0x00000232                RNG_DriverIRQHandler
                0x00000232                DMA5_DriverIRQHandler
                0x00000232                DMA12_DriverIRQHandler
                0x00000232                UART2_RX_TX_DriverIRQHandler
                0x00000232                USBDCD_DriverIRQHandler
                0x00000232                UART3_ERR_DriverIRQHandler
                0x00000232                DMA3_DriverIRQHandler
                0x00000232                DMA8_DriverIRQHandler
                0x00000232                DMA9_DriverIRQHandler
                0x00000232                UART0_ERR_DriverIRQHandler
                0x00000232                CMT_DriverIRQHandler
                0x00000232                Reserved71_DriverIRQHandler
                0x00000232                ADC1_DriverIRQHandler
                0x00000232                PORTA_DriverIRQHandler
                0x00000232                DMA14_DriverIRQHandler
                0x00000232                PIT3_DriverIRQHandler
                0x00000232                PIT1_DriverIRQHandler
                0x00000232                WDOG_EWM_DriverIRQHandler
                0x00000232                PDB0_DriverIRQHandler
                0x00000232                RTC_DriverIRQHandler
                0x00000232                I2S0_Rx_DriverIRQHandler
                0x00000232                Read_Collision_DriverIRQHandler
                0x00000232                SWI_DriverIRQHandler
                0x00000232                UART4_RX_TX_DriverIRQHandler
                0x00000232                UART4_ERR_DriverIRQHandler
                0x00000232                PORTB_DriverIRQHandler
                0x00000232                UART0_LON_DriverIRQHandler
                0x00000232                DMA0_DriverIRQHandler
                0x00000232                DMA1_DriverIRQHandler
                0x00000232                I2C1_DriverIRQHandler
                0x00000232                UART3_RX_TX_DriverIRQHandler
                0x00000232                ENET_Receive_DriverIRQHandler
                0x00000232                DMA13_DriverIRQHandler
                0x00000232                ENET_Error_DriverIRQHandler
                0x00000232                DMA15_DriverIRQHandler
                0x00000232                UART0_RX_TX_DriverIRQHandler
                0x00000232                SPI0_DriverIRQHandler
                0x00000232                ADC0_DriverIRQHandler
                0x00000232                CMP0_DriverIRQHandler
                0x00000232                CAN0_DriverIRQHandler
                0x00000232                FTM3_DriverIRQHandler
                0x00000232                DMA4_DriverIRQHandler
                0x00000232                UART1_ERR_DriverIRQHandler
                0x00000232                DMA2_DriverIRQHandler
                0x00000232                ENET_Transmit_DriverIRQHandler
                0x00000232                PORTD_DriverIRQHandler
                0x00000232                PORTE_DriverIRQHandler
                0x00000232                FTFE_DriverIRQHandler
                0x00000232                I2C0_DriverIRQHandler
                0x00000232                DMA7_DriverIRQHandler
                0x00000232                UART1_RX_TX_DriverIRQHandler
 .after_vectors.init_data
                0x00000234       0x1e ./SDK/startup/startup_mk64f12.o
                0x00000234                data_init
 .after_vectors.init_bss
                0x00000252       0x12 ./SDK/startup/startup_mk64f12.o
                0x00000252                bss_init
                0x00000400                . = 0x400
 *fill*         0x00000264      0x19c ff
                0x00000400                PROVIDE (__FLASH_CONFIG_START__, .)
 *(SORT_BY_ALIGNMENT(.FlashConfig))
 .FlashConfig   0x00000400       0x10 ./SDK/startup/startup_mk64f12.o
                0x00000400                Flash_Config
                0x00000410                PROVIDE (__FLASH_CONFIG_END__, .)
                0x00000001                ASSERT (! ((__FLASH_CONFIG_START__ == __FLASH_CONFIG_END__)), Linker Flash Config Support Enabled, but no .FlashConfig section provided within application)
 *(SORT_BY_ALIGNMENT(.text*))
 .text.FMcallback
                0x00000410       0x34 ./source/App.o
                0x00000410                FMcallback
 .text.App_Init
                0x00000444       0x8c ./source/App.o
                0x00000444                App_Init
 .text.App_Run  0x000004d0       0x5c ./source/App.o
                0x000004d0                App_Run
 .text.writeDACdata
                0x0000052c       0x24 ./source/DAC.o
                0x0000052c                writeDACdata
 .text.DACclockGating
                0x00000550       0x28 ./source/DAC.o
                0x00000550                DACclockGating
 .text.DACinit  0x00000578      0x104 ./source/DAC.o
                0x00000578                DACinit
 .text.updateSoftwareTrigger
                0x0000067c       0x20 ./source/DAC.o
                0x0000067c                updateSoftwareTrigger
 .text.DACgetBFreadPointer
                0x0000069c       0x1c ./source/DAC.o
                0x0000069c                DACgetBFreadPointer
 .text.DAC0_IRQHandler
                0x000006b8       0x54 ./source/DAC.o
                0x000006b8                DAC0_IRQHandler
 .text.setFTMtimer
                0x0000070c       0xa8 ./source/FTM.o
                0x0000070c                setFTMtimer
 .text.FTMclockGating
                0x000007b4       0x38 ./source/FTM.o
                0x000007b4                FTMclockGating
 .text.updatePWMduty
                0x000007ec       0x60 ./source/FTM.o
                0x000007ec                updatePWMduty
 .text.getPWMduty
                0x0000084c       0x40 ./source/FTM.o
                0x0000084c                getPWMduty
 .text.updateCnV
                0x0000088c       0x20 ./source/FTM.o
                0x0000088c                updateCnV
 .text.getCnV   0x000008ac       0x24 ./source/FTM.o
                0x000008ac                getCnV
 .text.getMOD_FTM
                0x000008d0       0x20 ./source/FTM.o
                0x000008d0                getMOD_FTM
 .text.disableFTMinterrupts
                0x000008f0       0x2c ./source/FTM.o
                0x000008f0                disableFTMinterrupts
 .text.enablePinFTM
                0x0000091c       0x34 ./source/FTM.o
                0x0000091c                enablePinFTM
 .text.updatePWMperiod
                0x00000950       0x6c ./source/FTM.o
                0x00000950                updatePWMperiod
 .text.FTMinit  0x000009bc      0x240 ./source/FTM.o
                0x000009bc                FTMinit
 .text.softwareFTMtrigger
                0x00000bfc       0x28 ./source/FTM.o
                0x00000bfc                softwareFTMtrigger
 .text.FTMx_IRQHandler
                0x00000c24       0x74 ./source/FTM.o
                0x00000c24                FTMx_IRQHandler
 .text.PITenableClock
                0x00000c98       0x20 ./source/PIT.o
 .text.PITtimerSet
                0x00000cb8       0x58 ./source/PIT.o
 .text.PITinit  0x00000d10      0x114 ./source/PIT.o
                0x00000d10                PITinit
 .text.PITmodifyTimer
                0x00000e24       0x1c ./source/PIT.o
                0x00000e24                PITmodifyTimer
 .text.PIT0_IRQHandler
                0x00000e40       0x24 ./source/PIT.o
                0x00000e40                PIT0_IRQHandler
 .text.PIT1_IRQHandler
                0x00000e64       0x24 ./source/PIT.o
                0x00000e64                PIT1_IRQHandler
 .text.PIT2_IRQHandler
                0x00000e88       0x24 ./source/PIT.o
                0x00000e88                PIT2_IRQHandler
 .text.PIT3_IRQHandler
                0x00000eac       0x24 ./source/PIT.o
                0x00000eac                PIT3_IRQHandler
 .text.SysTick_Handler
                0x00000ed0       0x10 ./source/SysTick.o
                0x00000ed0                SysTick_Handler
 .text.PORTX_IRQHandler
                0x00000ee0       0x5c ./source/gpio.o
                0x00000ee0                PORTX_IRQHandler
 .text.measFreqCallback
                0x00000f3c       0xec ./source/measureFreq.o
                0x00000f3c                measFreqCallback
 .text.initFreqMeasure
                0x00001028       0x64 ./source/measureFreq.o
                0x00001028                initFreqMeasure
 .text.getFreqMeasure
                0x0000108c       0x10 ./source/measureFreq.o
                0x0000108c                getFreqMeasure
 .text.isNewMeasReady
                0x0000109c        0xc ./source/measureFreq.o
                0x0000109c                isNewMeasReady
 .text.SetTimer
                0x000010a8       0x54 ./source/timer.o
                0x000010a8                SetTimer
 .text.copyTXmsg
                0x000010fc       0x50 ./source/uart.o
                0x000010fc                copyTXmsg
 .text.uartWriteMsg
                0x0000114c       0xbc ./source/uart.o
                0x0000114c                uartWriteMsg
 .text.UARTX_RX_TX_IRQHandler
                0x00001208      0x118 ./source/uart.o
                0x00001208                UARTX_RX_TX_IRQHandler
 .text.UART_setBaudRate
                0x00001320       0x68 ./source/uart.o
                0x00001320                UART_setBaudRate
 .text.UART_clockGating
                0x00001388       0x64 ./source/uart.o
                0x00001388                UART_clockGating
 .text.uartInit
                0x000013ec      0x1a4 ./source/uart.o
                0x000013ec                uartInit
 .text.DACcallback
                0x00001590       0x58 ./source/waveGen.o
                0x00001590                DACcallback
 .text.softwareTriggerDAC
                0x000015e8       0x54 ./source/waveGen.o
                0x000015e8                softwareTriggerDAC
 .text.softwareTriggerFTM
                0x0000163c       0x80 ./source/waveGen.o
                0x0000163c                softwareTriggerFTM
 .text.FTMpwmCallback
                0x000016bc       0x50 ./source/waveGen.o
                0x000016bc                FTMpwmCallback
 .text.updateWaveFreq
                0x0000170c       0x20 ./source/waveGen.o
                0x0000170c                updateWaveFreq
 .text.sinWaveGen
                0x0000172c       0x88 ./source/waveGen.o
                0x0000172c                sinWaveGen
 .text.pwmSinWaveGen
                0x000017b4       0xa8 ./source/waveGen.o
                0x000017b4                pwmSinWaveGen
 .text.initWaveGen
                0x0000185c       0x38 ./source/waveGen.o
                0x0000185c                initWaveGen
 .text.hw_Init  0x00001894       0xc0 ./SDK/startup/hardware.o
                0x00001894                hw_Init
 .text.hw_EnableInterrupts
                0x00001954       0x18 ./SDK/startup/hardware.o
                0x00001954                hw_EnableInterrupts
 .text.hw_DisableInterrupts
                0x0000196c       0x10 ./SDK/startup/hardware.o
                0x0000196c                hw_DisableInterrupts
 .text.SystemInit
                0x0000197c       0x34 ./SDK/CMSIS/system_MK64F12.o
                0x0000197c                SystemInit
 .text.__aeabi_dmul
                0x000019b0      0x11c c:/nxp/mcuxpressoide_10.2.0_759/ide/tools/bin/../lib/gcc/arm-none-eabi/7.2.1/thumb/v7e-m/fpv4-sp/hard\libcr_eabihelpers.a(double.o)
                0x000019b0                __aeabi_dmul
 .text.__aeabi_ddiv
                0x00001acc      0x138 c:/nxp/mcuxpressoide_10.2.0_759/ide/tools/bin/../lib/gcc/arm-none-eabi/7.2.1/thumb/v7e-m/fpv4-sp/hard\libcr_eabihelpers.a(double.o)
                0x00001acc                __aeabi_ddiv
 .text.__aeabi_f2d
                0x00001c04       0x38 c:/nxp/mcuxpressoide_10.2.0_759/ide/tools/bin/../lib/gcc/arm-none-eabi/7.2.1/thumb/v7e-m/fpv4-sp/hard\libcr_eabihelpers.a(float.o)
                0x00001c04                __aeabi_f2d
 .text.setFTMprescaler
                0x00001c3c       0x14 ./source/FTM.o
                0x00001c3c                setFTMprescaler
 .text.getPrescalerFactor
                0x00001c50       0x38 ./source/FTM.o
                0x00001c50                getPrescalerFactor
 .text.FTM0_IRQHandler
                0x00001c88        0xa ./source/FTM.o
                0x00001c88                FTM0_IRQHandler
 .text.FTM1_IRQHandler
                0x00001c92        0xa ./source/FTM.o
                0x00001c92                FTM1_IRQHandler
 .text.FTM2_IRQHandler
                0x00001c9c        0xa ./source/FTM.o
                0x00001c9c                FTM2_IRQHandler
 .text.PITenable
                0x00001ca6       0x20 ./source/PIT.o
 .text.PITtimerInit
                0x00001cc6       0x3a ./source/PIT.o
 .text.PORTA_IRQHandler
                0x00001d00        0xa ./source/gpio.o
                0x00001d00                PORTA_IRQHandler
 .text.PORTB_IRQHandler
                0x00001d0a        0xa ./source/gpio.o
                0x00001d0a                PORTB_IRQHandler
 .text.PORTC_IRQHandler
                0x00001d14        0xa ./source/gpio.o
                0x00001d14                PORTC_IRQHandler
 .text.PORTD_IRQHandler
                0x00001d1e        0xa ./source/gpio.o
                0x00001d1e                PORTD_IRQHandler
 .text.PORTE_IRQHandler
                0x00001d28        0xa ./source/gpio.o
                0x00001d28                PORTE_IRQHandler
 .text.setPCRmux
                0x00001d32       0x16 ./source/gpio.o
                0x00001d32                setPCRmux
 .text.setPCRirqc
                0x00001d48       0x16 ./source/gpio.o
                0x00001d48                setPCRirqc
 .text.UART0_LON_IRQHandler
                0x00001d5e        0x2 ./source/uart.o
                0x00001d5e                UART0_LON_IRQHandler
 .text.UART0_RX_TX_IRQHandler
                0x00001d60        0xa ./source/uart.o
                0x00001d60                UART0_RX_TX_IRQHandler
 .text.UART0_ERR_IRQHandler
                0x00001d6a        0x2 ./source/uart.o
                0x00001d6a                UART0_ERR_IRQHandler
 .text.UART1_RX_TX_IRQHandler
                0x00001d6c        0xa ./source/uart.o
                0x00001d6c                UART1_RX_TX_IRQHandler
 .text.UART1_ERR_IRQHandler
                0x00001d76        0x2 ./source/uart.o
                0x00001d76                UART1_ERR_IRQHandler
 .text.UART2_RX_TX_IRQHandler
                0x00001d78        0xa ./source/uart.o
                0x00001d78                UART2_RX_TX_IRQHandler
 .text.UART2_ERR_IRQHandler
                0x00001d82        0x2 ./source/uart.o
                0x00001d82                UART2_ERR_IRQHandler
 .text.UART3_RX_TX_IRQHandler
                0x00001d84        0xa ./source/uart.o
                0x00001d84                UART3_RX_TX_IRQHandler
 .text.UART3_ERR_IRQHandler
                0x00001d8e        0x2 ./source/uart.o
                0x00001d8e                UART3_ERR_IRQHandler
 .text.UART4_RX_TX_IRQHandler
                0x00001d90        0xa ./source/uart.o
                0x00001d90                UART4_RX_TX_IRQHandler
 .text.UART4_ERR_IRQHandler
                0x00001d9a        0x2 ./source/uart.o
                0x00001d9a                UART4_ERR_IRQHandler
 .text.main     0x00001d9c       0x18 ./SDK/startup/main.o
                0x00001d9c                main
 .text.HardFault_Handler
                0x00001db4       0x2a ./SDK/startup/semihost_hardfault.o
                0x00001db4                HardFault_Handler
 .text.DMA0_IRQHandler
                0x00001dde        0x8 ./SDK/startup/startup_mk64f12.o
                0x00001dde                DMA0_IRQHandler
 .text.DMA1_IRQHandler
                0x00001de6        0x8 ./SDK/startup/startup_mk64f12.o
                0x00001de6                DMA1_IRQHandler
 .text.DMA2_IRQHandler
                0x00001dee        0x8 ./SDK/startup/startup_mk64f12.o
                0x00001dee                DMA2_IRQHandler
 .text.DMA3_IRQHandler
                0x00001df6        0x8 ./SDK/startup/startup_mk64f12.o
                0x00001df6                DMA3_IRQHandler
 .text.DMA4_IRQHandler
                0x00001dfe        0x8 ./SDK/startup/startup_mk64f12.o
                0x00001dfe                DMA4_IRQHandler
 .text.DMA5_IRQHandler
                0x00001e06        0x8 ./SDK/startup/startup_mk64f12.o
                0x00001e06                DMA5_IRQHandler
 .text.DMA6_IRQHandler
                0x00001e0e        0x8 ./SDK/startup/startup_mk64f12.o
                0x00001e0e                DMA6_IRQHandler
 .text.DMA7_IRQHandler
                0x00001e16        0x8 ./SDK/startup/startup_mk64f12.o
                0x00001e16                DMA7_IRQHandler
 .text.DMA8_IRQHandler
                0x00001e1e        0x8 ./SDK/startup/startup_mk64f12.o
                0x00001e1e                DMA8_IRQHandler
 .text.DMA9_IRQHandler
                0x00001e26        0x8 ./SDK/startup/startup_mk64f12.o
                0x00001e26                DMA9_IRQHandler
 .text.DMA10_IRQHandler
                0x00001e2e        0x8 ./SDK/startup/startup_mk64f12.o
                0x00001e2e                DMA10_IRQHandler
 .text.DMA11_IRQHandler
                0x00001e36        0x8 ./SDK/startup/startup_mk64f12.o
                0x00001e36                DMA11_IRQHandler
 .text.DMA12_IRQHandler
                0x00001e3e        0x8 ./SDK/startup/startup_mk64f12.o
                0x00001e3e                DMA12_IRQHandler
 .text.DMA13_IRQHandler
                0x00001e46        0x8 ./SDK/startup/startup_mk64f12.o
                0x00001e46                DMA13_IRQHandler
 .text.DMA14_IRQHandler
                0x00001e4e        0x8 ./SDK/startup/startup_mk64f12.o
                0x00001e4e                DMA14_IRQHandler
 .text.DMA15_IRQHandler
                0x00001e56        0x8 ./SDK/startup/startup_mk64f12.o
                0x00001e56                DMA15_IRQHandler
 .text.DMA_Error_IRQHandler
                0x00001e5e        0x8 ./SDK/startup/startup_mk64f12.o
                0x00001e5e                DMA_Error_IRQHandler
 .text.MCM_IRQHandler
                0x00001e66        0x8 ./SDK/startup/startup_mk64f12.o
                0x00001e66                MCM_IRQHandler
 .text.FTFE_IRQHandler
                0x00001e6e        0x8 ./SDK/startup/startup_mk64f12.o
                0x00001e6e                FTFE_IRQHandler
 .text.Read_Collision_IRQHandler
                0x00001e76        0x8 ./SDK/startup/startup_mk64f12.o
                0x00001e76                Read_Collision_IRQHandler
 .text.LVD_LVW_IRQHandler
                0x00001e7e        0x8 ./SDK/startup/startup_mk64f12.o
                0x00001e7e                LVD_LVW_IRQHandler
 .text.LLWU_IRQHandler
                0x00001e86        0x8 ./SDK/startup/startup_mk64f12.o
                0x00001e86                LLWU_IRQHandler
 .text.WDOG_EWM_IRQHandler
                0x00001e8e        0x8 ./SDK/startup/startup_mk64f12.o
                0x00001e8e                WDOG_EWM_IRQHandler
 .text.RNG_IRQHandler
                0x00001e96        0x8 ./SDK/startup/startup_mk64f12.o
                0x00001e96                RNG_IRQHandler
 .text.I2C0_IRQHandler
                0x00001e9e        0x8 ./SDK/startup/startup_mk64f12.o
                0x00001e9e                I2C0_IRQHandler
 .text.I2C1_IRQHandler
                0x00001ea6        0x8 ./SDK/startup/startup_mk64f12.o
                0x00001ea6                I2C1_IRQHandler
 .text.SPI0_IRQHandler
                0x00001eae        0x8 ./SDK/startup/startup_mk64f12.o
                0x00001eae                SPI0_IRQHandler
 .text.SPI1_IRQHandler
                0x00001eb6        0x8 ./SDK/startup/startup_mk64f12.o
                0x00001eb6                SPI1_IRQHandler
 .text.I2S0_Tx_IRQHandler
                0x00001ebe        0x8 ./SDK/startup/startup_mk64f12.o
                0x00001ebe                I2S0_Tx_IRQHandler
 .text.I2S0_Rx_IRQHandler
                0x00001ec6        0x8 ./SDK/startup/startup_mk64f12.o
                0x00001ec6                I2S0_Rx_IRQHandler
 .text.ADC0_IRQHandler
                0x00001ece        0x8 ./SDK/startup/startup_mk64f12.o
                0x00001ece                ADC0_IRQHandler
 .text.CMP0_IRQHandler
                0x00001ed6        0x8 ./SDK/startup/startup_mk64f12.o
                0x00001ed6                CMP0_IRQHandler
 .text.CMP1_IRQHandler
                0x00001ede        0x8 ./SDK/startup/startup_mk64f12.o
                0x00001ede                CMP1_IRQHandler
 .text.CMT_IRQHandler
                0x00001ee6        0x8 ./SDK/startup/startup_mk64f12.o
                0x00001ee6                CMT_IRQHandler
 .text.RTC_IRQHandler
                0x00001eee        0x8 ./SDK/startup/startup_mk64f12.o
                0x00001eee                RTC_IRQHandler
 .text.RTC_Seconds_IRQHandler
                0x00001ef6        0x8 ./SDK/startup/startup_mk64f12.o
                0x00001ef6                RTC_Seconds_IRQHandler
 .text.PDB0_IRQHandler
                0x00001efe        0x8 ./SDK/startup/startup_mk64f12.o
                0x00001efe                PDB0_IRQHandler
 .text.USB0_IRQHandler
                0x00001f06        0x8 ./SDK/startup/startup_mk64f12.o
                0x00001f06                USB0_IRQHandler
 .text.USBDCD_IRQHandler
                0x00001f0e        0x8 ./SDK/startup/startup_mk64f12.o
                0x00001f0e                USBDCD_IRQHandler
 .text.Reserved71_IRQHandler
                0x00001f16        0x8 ./SDK/startup/startup_mk64f12.o
                0x00001f16                Reserved71_IRQHandler
 .text.MCG_IRQHandler
                0x00001f1e        0x8 ./SDK/startup/startup_mk64f12.o
                0x00001f1e                MCG_IRQHandler
 .text.LPTMR0_IRQHandler
                0x00001f26        0x8 ./SDK/startup/startup_mk64f12.o
                0x00001f26                LPTMR0_IRQHandler
 .text.SWI_IRQHandler
                0x00001f2e        0x8 ./SDK/startup/startup_mk64f12.o
                0x00001f2e                SWI_IRQHandler
 .text.SPI2_IRQHandler
                0x00001f36        0x8 ./SDK/startup/startup_mk64f12.o
                0x00001f36                SPI2_IRQHandler
 .text.UART5_RX_TX_IRQHandler
                0x00001f3e        0x8 ./SDK/startup/startup_mk64f12.o
                0x00001f3e                UART5_RX_TX_IRQHandler
 .text.UART5_ERR_IRQHandler
                0x00001f46        0x8 ./SDK/startup/startup_mk64f12.o
                0x00001f46                UART5_ERR_IRQHandler
 .text.CMP2_IRQHandler
                0x00001f4e        0x8 ./SDK/startup/startup_mk64f12.o
                0x00001f4e                CMP2_IRQHandler
 .text.FTM3_IRQHandler
                0x00001f56        0x8 ./SDK/startup/startup_mk64f12.o
                0x00001f56                FTM3_IRQHandler
 .text.DAC1_IRQHandler
                0x00001f5e        0x8 ./SDK/startup/startup_mk64f12.o
                0x00001f5e                DAC1_IRQHandler
 .text.ADC1_IRQHandler
                0x00001f66        0x8 ./SDK/startup/startup_mk64f12.o
                0x00001f66                ADC1_IRQHandler
 .text.I2C2_IRQHandler
                0x00001f6e        0x8 ./SDK/startup/startup_mk64f12.o
                0x00001f6e                I2C2_IRQHandler
 .text.CAN0_ORed_Message_buffer_IRQHandler
                0x00001f76        0x8 ./SDK/startup/startup_mk64f12.o
                0x00001f76                CAN0_ORed_Message_buffer_IRQHandler
 .text.CAN0_Bus_Off_IRQHandler
                0x00001f7e        0x8 ./SDK/startup/startup_mk64f12.o
                0x00001f7e                CAN0_Bus_Off_IRQHandler
 .text.CAN0_Error_IRQHandler
                0x00001f86        0x8 ./SDK/startup/startup_mk64f12.o
                0x00001f86                CAN0_Error_IRQHandler
 .text.CAN0_Tx_Warning_IRQHandler
                0x00001f8e        0x8 ./SDK/startup/startup_mk64f12.o
                0x00001f8e                CAN0_Tx_Warning_IRQHandler
 .text.CAN0_Rx_Warning_IRQHandler
                0x00001f96        0x8 ./SDK/startup/startup_mk64f12.o
                0x00001f96                CAN0_Rx_Warning_IRQHandler
 .text.CAN0_Wake_Up_IRQHandler
                0x00001f9e        0x8 ./SDK/startup/startup_mk64f12.o
                0x00001f9e                CAN0_Wake_Up_IRQHandler
 .text.SDHC_IRQHandler
                0x00001fa6        0x8 ./SDK/startup/startup_mk64f12.o
                0x00001fa6                SDHC_IRQHandler
 .text.ENET_1588_Timer_IRQHandler
                0x00001fae        0x8 ./SDK/startup/startup_mk64f12.o
                0x00001fae                ENET_1588_Timer_IRQHandler
 .text.ENET_Transmit_IRQHandler
                0x00001fb6        0x8 ./SDK/startup/startup_mk64f12.o
                0x00001fb6                ENET_Transmit_IRQHandler
 .text.ENET_Receive_IRQHandler
                0x00001fbe        0x8 ./SDK/startup/startup_mk64f12.o
                0x00001fbe                ENET_Receive_IRQHandler
 .text.ENET_Error_IRQHandler
                0x00001fc6        0x8 ./SDK/startup/startup_mk64f12.o
                0x00001fc6                ENET_Error_IRQHandler
 .text.SystemInitHook
                0x00001fce        0x2 ./SDK/CMSIS/system_MK64F12.o
                0x00001fce                SystemInitHook
 .text.memset   0x00001fd0        0x4 c:/nxp/mcuxpressoide_10.2.0_759/ide/tools/bin/../lib/gcc/arm-none-eabi/7.2.1/../../../../arm-none-eabi/lib/thumb/v7e-m/fpv4-sp/hard\libcr_c.a(memset.o)
                0x00001fd0                memset
 .text.__aeabi_d2iz
                0x00001fd4       0x40 c:/nxp/mcuxpressoide_10.2.0_759/ide/tools/bin/../lib/gcc/arm-none-eabi/7.2.1/thumb/v7e-m/fpv4-sp/hard\libcr_eabihelpers.a(double.o)
                0x00001fd4                __aeabi_d2iz
 .text.__aeabi_memset_lowlevel
                0x00002014       0x32 c:/nxp/mcuxpressoide_10.2.0_759/ide/tools/bin/../lib/gcc/arm-none-eabi/7.2.1/thumb/v7e-m/fpv4-sp/hard\libcr_eabihelpers.a(memcpy.o)
                0x00002014                __aeabi_lowlevel_memset
 *(SORT_BY_ALIGNMENT(.rodata) SORT_BY_ALIGNMENT(.rodata.*) SORT_BY_ALIGNMENT(.constdata) SORT_BY_ALIGNMENT(.constdata.*))
 *fill*         0x00002046        0x2 ff
 .rodata        0x00002048       0x2d ./source/gpio.o
 *fill*         0x00002075        0x3 ff
 .rodata        0x00002078       0x2c ./source/uart.o
 .rodata.uartRXpins
                0x000020a4        0x5 ./source/uart.o
 *fill*         0x000020a9        0x3 ff
 .rodata.uartTXpins
                0x000020ac        0x5 ./source/uart.o
                0x000020b8                . = ALIGN (0x8)
 *fill*         0x000020b1        0x7 ff

.glue_7         0x000020b8        0x0
 .glue_7        0x000020b8        0x0 linker stubs

.glue_7t        0x000020b8        0x0
 .glue_7t       0x000020b8        0x0 linker stubs

.vfp11_veneer   0x000020b8        0x0
 .vfp11_veneer  0x000020b8        0x0 linker stubs

.v4_bx          0x000020b8        0x0
 .v4_bx         0x000020b8        0x0 linker stubs

.iplt           0x000020b8        0x0
 .iplt          0x000020b8        0x0 ./source/App.o

.rel.dyn        0x000020b8        0x0
 .rel.iplt      0x000020b8        0x0 ./source/App.o

.ARM.extab
 *(SORT_BY_ALIGNMENT(.ARM.extab*) SORT_BY_ALIGNMENT(.gnu.linkonce.armextab.*))
                0x000020b8                __exidx_start = .

.ARM.exidx
 *(SORT_BY_ALIGNMENT(.ARM.exidx*) SORT_BY_ALIGNMENT(.gnu.linkonce.armexidx.*))
                0x000020b8                __exidx_end = .
                0x000020b8                _etext = .

.m_usb_data
 *(SORT_BY_ALIGNMENT(m_usb_bdt))

.data_RAM2      0x1fff0000        0x0 load address 0x000020b8
 FILL mask 0xff
                [!provide]                PROVIDE (__start_data_RAM2, .)
 *(SORT_BY_ALIGNMENT(.ramfunc.$RAM2))
 *(SORT_BY_ALIGNMENT(.ramfunc.$SRAM_LOWER))
 *(SORT_BY_ALIGNMENT(.data.$RAM2*))
 *(SORT_BY_ALIGNMENT(.data.$SRAM_LOWER*))
                0x1fff0000                . = ALIGN (0x8)
                [!provide]                PROVIDE (__end_data_RAM2, .)

.data_RAM3      0x14000000        0x0 load address 0x000020b8
 FILL mask 0xff
                [!provide]                PROVIDE (__start_data_RAM3, .)
 *(SORT_BY_ALIGNMENT(.ramfunc.$RAM3))
 *(SORT_BY_ALIGNMENT(.ramfunc.$FLEX_RAM))
 *(SORT_BY_ALIGNMENT(.data.$RAM3*))
 *(SORT_BY_ALIGNMENT(.data.$FLEX_RAM*))
                0x14000000                . = ALIGN (0x8)
                [!provide]                PROVIDE (__end_data_RAM3, .)

.uninit_RESERVED
                0x20000000        0x0
 *(SORT_BY_ALIGNMENT(.bss.$RESERVED*))
                0x20000000                . = ALIGN (0x4)
                0x20000000                _end_uninit_RESERVED = .

.data           0x20000000       0x58 load address 0x000020b8
 FILL mask 0xff
                0x20000000                _data = .
 *(SORT_BY_ALIGNMENT(vtable))
 *(SORT_BY_ALIGNMENT(.ramfunc*))
 *(SORT_BY_ALIGNMENT(.data*))
 .data.debugFlag
                0x20000000        0x4 ./source/App.o
                0x20000000                debugFlag
 .data.i.7649   0x20000004        0x4 ./source/App.o
 .data.arrayP2DAC
                0x20000008        0x8 ./source/DAC.o
                0x20000008                arrayP2DAC
 .data.arrayFTMirqs
                0x20000010        0x4 ./source/FTM.o
                0x20000010                arrayFTMirqs
 .data.arrayP2FTM
                0x20000014       0x10 ./source/FTM.o
                0x20000014                arrayP2FTM
 .data.ticksScale
                0x20000024        0x4 ./source/measureFreq.o
                0x20000024                ticksScale
 .data.markersRXbuffer
                0x20000028       0x14 ./source/uart.o
 .data.uartIRQs_ERR
                0x2000003c        0x6 ./source/uart.o
                0x2000003c                uartIRQs_ERR
 *fill*         0x20000042        0x2 ff
 .data.uartIRQs_LON
                0x20000044        0x6 ./source/uart.o
                0x20000044                uartIRQs_LON
 *fill*         0x2000004a        0x2 ff
 .data.uartIRQs_TX_RX
                0x2000004c        0x6 ./source/uart.o
                0x2000004c                uartIRQs_TX_RX
 .data.key      0x20000052        0x1 ./source/App.o
                0x20000052                key
                0x20000058                . = ALIGN (0x8)
 *fill*         0x20000053        0x5 ff
                0x20000058                _edata = .

.igot.plt       0x20000058        0x0 load address 0x00002110
 .igot.plt      0x20000058        0x0 ./source/App.o

.bss_RAM2       0x1fff0000        0x0
                [!provide]                PROVIDE (__start_bss_RAM2, .)
 *(SORT_BY_ALIGNMENT(.bss.$RAM2*))
 *(SORT_BY_ALIGNMENT(.bss.$SRAM_LOWER*))
                0x1fff0000                . = ALIGN ((. != 0x0)?0x8:0x1)
                [!provide]                PROVIDE (__end_bss_RAM2, .)

.bss_RAM3       0x14000000        0x0
                [!provide]                PROVIDE (__start_bss_RAM3, .)
 *(SORT_BY_ALIGNMENT(.bss.$RAM3*))
 *(SORT_BY_ALIGNMENT(.bss.$FLEX_RAM*))
                0x14000000                . = ALIGN ((. != 0x0)?0x8:0x1)
                [!provide]                PROVIDE (__end_bss_RAM3, .)

.bss            0x20000058      0x830
                0x20000058                _bss = .
 *(SORT_BY_ALIGNMENT(.bss*))
 .bss.freq      0x20000058        0x4 ./source/App.o
                0x20000058                freq
 .bss.DAC0callback
                0x2000005c        0x4 ./source/DAC.o
                0x2000005c                DAC0callback
 .bss.arrayFTMcallbacks
                0x20000060       0x10 ./source/FTM.o
                0x20000060                arrayFTMcallbacks
 .bss.pitFuns   0x20000070       0x10 ./source/PIT.o
 .bss.timerEnabled
                0x20000080        0x4 ./source/PIT.o
 .bss.timerInChainMode
                0x20000084        0x4 ./source/PIT.o
 .bss.sysTickFun
                0x20000088        0x4 ./source/SysTick.o
                0x20000088                sysTickFun
 .bss.p2irqFunctions
                0x2000008c      0x280 ./source/gpio.o
                0x2000008c                p2irqFunctions
 .bss.dif       0x2000030c        0x4 ./source/measureFreq.o
                0x2000030c                dif
 .bss.difAux.5020
                0x20000310        0x4 ./source/measureFreq.o
 .bss.firstMeasure.5018
                0x20000314        0x4 ./source/measureFreq.o
 .bss.i.5017    0x20000318        0x4 ./source/measureFreq.o
 .bss.measureDataBase
                0x2000031c        0xc ./source/measureFreq.o
                0x2000031c                measureDataBase
 .bss.secondMeasure.5019
                0x20000328        0x4 ./source/measureFreq.o
 .bss.timers    0x2000032c       0x70 ./source/timer.o
 .bss.RXbuffers
                0x2000039c       0x28 ./source/uart.o
 .bss.TXbuffers
                0x200003c4      0x3e8 ./source/uart.o
 .bss.countersRXfailed
                0x200007ac        0x5 ./source/uart.o
 *fill*         0x200007b1        0x3 
 .bss.flagsReading
                0x200007b4        0x5 ./source/uart.o
 *fill*         0x200007b9        0x3 
 .bss.inMarkersTXbuffer
                0x200007bc        0x5 ./source/uart.o
 *fill*         0x200007c1        0x3 
 .bss.lensTXbuffer
                0x200007c4        0x5 ./source/uart.o
 *fill*         0x200007c9        0x3 
 .bss.outMarkersTXbuffer
                0x200007cc        0x5 ./source/uart.o
 *fill*         0x200007d1        0x3 
 .bss.uartMode  0x200007d4        0x5 ./source/uart.o
 *fill*         0x200007d9        0x3 
 .bss.counter.5926
                0x200007dc        0x4 ./source/waveGen.o
 .bss.i.5909    0x200007e0        0x4 ./source/waveGen.o
 .bss.i.5922    0x200007e4        0x4 ./source/waveGen.o
 .bss.pwmSenLUT
                0x200007e8       0x40 ./source/waveGen.o
                0x200007e8                pwmSenLUT
 .bss.rpAux.5910
                0x20000828        0x4 ./source/waveGen.o
 .bss.senLUT    0x2000082c       0x40 ./source/waveGen.o
                0x2000082c                senLUT
 .bss.wavesArray
                0x2000086c       0x18 ./source/waveGen.o
                0x2000086c                wavesArray
 .bss.__LDM_interruptDisableCount
                0x20000884        0x4 ./SDK/startup/hardware.o
 *(SORT_BY_ALIGNMENT(COMMON))
                0x20000888                . = ALIGN (0x8)
                0x20000888                _ebss = .
                [!provide]                PROVIDE (end, .)

.noinit_RAM2    0x1fff0000        0x0
 *(SORT_BY_ALIGNMENT(.noinit.$RAM2*))
 *(SORT_BY_ALIGNMENT(.noinit.$SRAM_LOWER*))
                0x1fff0000                . = ALIGN (0x8)

.noinit_RAM3    0x14000000        0x0
 *(SORT_BY_ALIGNMENT(.noinit.$RAM3*))
 *(SORT_BY_ALIGNMENT(.noinit.$FLEX_RAM*))
                0x14000000                . = ALIGN (0x8)

.noinit         0x20000888        0x0
                0x20000888                _noinit = .
 *(SORT_BY_ALIGNMENT(.noinit*))
                0x20000888                . = ALIGN (0x8)
                0x20000888                _end_noinit = .
                0x00001000                _HeapSize = 0x1000

.heap           0x20000888     0x1000
                0x20000888                _pvHeapStart = .
                0x20001888                . = (. + _HeapSize)
 *fill*         0x20000888     0x1000 
                0x20001888                . = ALIGN (0x8)
                0x20001888                _pvHeapLimit = .
                0x00001000                _StackSize = 0x1000

.heap2stackfill
                0x20001888     0x1000
                0x20002888                . = (. + _StackSize)
 *fill*         0x20001888     0x1000 

.stack          0x2002f000        0x0
                0x2002f000                _vStackBase = .
                0x2002f000                . = ALIGN (0x8)
                0x20030000                _vStackTop = (. + _StackSize)
                0x00000000                _image_start = LOADADDR (.text)
                0x00002110                _image_end = (LOADADDR (.data) + SIZEOF (.data))
                0x00002110                _image_size = (_image_end - _image_start)
OUTPUT(FTMpwm.axf elf32-littlearm)

.debug_info     0x00000000     0x8f43
 .debug_info    0x00000000      0xcbe ./source/App.o
 .debug_info    0x00000cbe      0xa86 ./source/DAC.o
 .debug_info    0x00001744     0x1273 ./source/FTM.o
 .debug_info    0x000029b7      0xa50 ./source/PIT.o
 .debug_info    0x00003407      0x518 ./source/SysTick.o
 .debug_info    0x0000391f      0xf57 ./source/gpio.o
 .debug_info    0x00004876      0x43d ./source/measureFreq.o
 .debug_info    0x00004cb3      0x286 ./source/timer.o
 .debug_info    0x00004f39     0x1266 ./source/uart.o
 .debug_info    0x0000619f     0x135b ./source/waveGen.o
 .debug_info    0x000074fa      0x675 ./SDK/startup/hardware.o
 .debug_info    0x00007b6f      0x120 ./SDK/startup/main.o
 .debug_info    0x00007c8f       0x3b ./SDK/startup/semihost_hardfault.o
 .debug_info    0x00007cca      0xc71 ./SDK/startup/startup_mk64f12.o
 .debug_info    0x0000893b      0x608 ./SDK/CMSIS/system_MK64F12.o

.debug_abbrev   0x00000000     0x1d0e
 .debug_abbrev  0x00000000      0x27d ./source/App.o
 .debug_abbrev  0x0000027d      0x28b ./source/DAC.o
 .debug_abbrev  0x00000508      0x38d ./source/FTM.o
 .debug_abbrev  0x00000895      0x261 ./source/PIT.o
 .debug_abbrev  0x00000af6      0x19c ./source/SysTick.o
 .debug_abbrev  0x00000c92      0x305 ./source/gpio.o
 .debug_abbrev  0x00000f97      0x16a ./source/measureFreq.o
 .debug_abbrev  0x00001101      0x140 ./source/timer.o
 .debug_abbrev  0x00001241      0x352 ./source/uart.o
 .debug_abbrev  0x00001593      0x2f4 ./source/waveGen.o
 .debug_abbrev  0x00001887      0x138 ./SDK/startup/hardware.o
 .debug_abbrev  0x000019bf       0x9b ./SDK/startup/main.o
 .debug_abbrev  0x00001a5a       0x2f ./SDK/startup/semihost_hardfault.o
 .debug_abbrev  0x00001a89      0x13b ./SDK/startup/startup_mk64f12.o
 .debug_abbrev  0x00001bc4      0x14a ./SDK/CMSIS/system_MK64F12.o

.debug_aranges  0x00000000      0x860
 .debug_aranges
                0x00000000       0x30 ./source/App.o
 .debug_aranges
                0x00000030       0x60 ./source/DAC.o
 .debug_aranges
                0x00000090       0xc0 ./source/FTM.o
 .debug_aranges
                0x00000150       0x68 ./source/PIT.o
 .debug_aranges
                0x000001b8       0x28 ./source/SysTick.o
 .debug_aranges
                0x000001e0       0xc0 ./source/gpio.o
 .debug_aranges
                0x000002a0       0x40 ./source/measureFreq.o
 .debug_aranges
                0x000002e0       0x50 ./source/timer.o
 .debug_aranges
                0x00000330       0xf0 ./source/uart.o
 .debug_aranges
                0x00000420       0x70 ./source/waveGen.o
 .debug_aranges
                0x00000490       0x30 ./SDK/startup/hardware.o
 .debug_aranges
                0x000004c0       0x20 ./SDK/startup/main.o
 .debug_aranges
                0x000004e0       0x20 ./SDK/startup/semihost_hardfault.o
 .debug_aranges
                0x00000500      0x330 ./SDK/startup/startup_mk64f12.o
 .debug_aranges
                0x00000830       0x30 ./SDK/CMSIS/system_MK64F12.o

.debug_ranges   0x00000000      0x788
 .debug_ranges  0x00000000       0x20 ./source/App.o
 .debug_ranges  0x00000020       0x50 ./source/DAC.o
 .debug_ranges  0x00000070       0xb0 ./source/FTM.o
 .debug_ranges  0x00000120       0x70 ./source/PIT.o
 .debug_ranges  0x00000190       0x18 ./source/SysTick.o
 .debug_ranges  0x000001a8       0xb0 ./source/gpio.o
 .debug_ranges  0x00000258       0x30 ./source/measureFreq.o
 .debug_ranges  0x00000288       0x40 ./source/timer.o
 .debug_ranges  0x000002c8       0xe0 ./source/uart.o
 .debug_ranges  0x000003a8       0x60 ./source/waveGen.o
 .debug_ranges  0x00000408       0x20 ./SDK/startup/hardware.o
 .debug_ranges  0x00000428       0x10 ./SDK/startup/main.o
 .debug_ranges  0x00000438       0x10 ./SDK/startup/semihost_hardfault.o
 .debug_ranges  0x00000448      0x320 ./SDK/startup/startup_mk64f12.o
 .debug_ranges  0x00000768       0x20 ./SDK/CMSIS/system_MK64F12.o

.debug_macro    0x00000000    0x11d42
 .debug_macro   0x00000000      0x18e ./source/App.o
 .debug_macro   0x0000018e      0x34e ./source/App.o
 .debug_macro   0x000004dc       0x40 ./source/App.o
 .debug_macro   0x0000051c       0x16 ./source/App.o
 .debug_macro   0x00000532       0x22 ./source/App.o
 .debug_macro   0x00000554       0x22 ./source/App.o
 .debug_macro   0x00000576       0x52 ./source/App.o
 .debug_macro   0x000005c8       0x17 ./source/App.o
 .debug_macro   0x000005df       0x8d ./source/App.o
 .debug_macro   0x0000066c       0x35 ./source/App.o
 .debug_macro   0x000006a1       0x9c ./source/App.o
 .debug_macro   0x0000073d      0x174 ./source/App.o
 .debug_macro   0x000008b1       0x57 ./source/App.o
 .debug_macro   0x00000908       0x58 ./source/App.o
 .debug_macro   0x00000960       0x1f ./source/App.o
 .debug_macro   0x0000097f       0x43 ./source/App.o
 .debug_macro   0x000009c2       0x20 ./source/App.o
 .debug_macro   0x000009e2      0x18e ./source/App.o
 .debug_macro   0x00000b70      0x330 ./source/App.o
 .debug_macro   0x00000ea0      0x1e1 ./source/App.o
 .debug_macro   0x00001081       0x5c ./source/App.o
 .debug_macro   0x000010dd       0x1c ./source/App.o
 .debug_macro   0x000010f9       0x22 ./source/App.o
 .debug_macro   0x0000111b       0xd9 ./source/App.o
 .debug_macro   0x000011f4      0xecf ./source/App.o
 .debug_macro   0x000020c3       0x48 ./source/App.o
 .debug_macro   0x0000210b     0xe07b ./source/App.o
 .debug_macro   0x00010186       0x3a ./source/App.o
 .debug_macro   0x000101c0       0xa7 ./source/DAC.o
 .debug_macro   0x00010267       0x28 ./source/DAC.o
 .debug_macro   0x0001028f       0xdf ./source/DAC.o
 .debug_macro   0x0001036e       0xad ./source/FTM.o
 .debug_macro   0x0001041b       0x22 ./source/FTM.o
 .debug_macro   0x0001043d       0x9e ./source/PIT.o
 .debug_macro   0x000104db       0x10 ./source/PIT.o
 .debug_macro   0x000104eb       0x96 ./source/SysTick.o
 .debug_macro   0x00010581       0xa4 ./source/gpio.o
 .debug_macro   0x00010625       0x3f ./source/measureFreq.o
 .debug_macro   0x00010664       0x58 ./source/timer.o
 .debug_macro   0x000106bc       0x10 ./source/timer.o
 .debug_macro   0x000106cc      0x118 ./source/uart.o
 .debug_macro   0x000107e4       0x10 ./source/uart.o
 .debug_macro   0x000107f4     0x122b ./source/uart.o
 .debug_macro   0x00011a1f       0x16 ./source/uart.o
 .debug_macro   0x00011a35      0x121 ./source/waveGen.o
 .debug_macro   0x00011b56       0x9c ./SDK/startup/hardware.o
 .debug_macro   0x00011bf2       0x9c ./SDK/startup/main.o
 .debug_macro   0x00011c8e       0x11 ./SDK/startup/semihost_hardfault.o
 .debug_macro   0x00011c9f       0x23 ./SDK/startup/startup_mk64f12.o
 .debug_macro   0x00011cc2       0x80 ./SDK/CMSIS/system_MK64F12.o

.debug_line     0x00000000     0x27da
 .debug_line    0x00000000      0x357 ./source/App.o
 .debug_line    0x00000357      0x219 ./source/DAC.o
 .debug_line    0x00000570      0x3e8 ./source/FTM.o
 .debug_line    0x00000958      0x27e ./source/PIT.o
 .debug_line    0x00000bd6      0x163 ./source/SysTick.o
 .debug_line    0x00000d39      0x313 ./source/gpio.o
 .debug_line    0x0000104c      0x13c ./source/measureFreq.o
 .debug_line    0x00001188      0x178 ./source/timer.o
 .debug_line    0x00001300      0x510 ./source/uart.o
 .debug_line    0x00001810      0x38b ./source/waveGen.o
 .debug_line    0x00001b9b      0x1cb ./SDK/startup/hardware.o
 .debug_line    0x00001d66      0x175 ./SDK/startup/main.o
 .debug_line    0x00001edb       0x55 ./SDK/startup/semihost_hardfault.o
 .debug_line    0x00001f30      0x6d8 ./SDK/startup/startup_mk64f12.o
 .debug_line    0x00002608      0x1d2 ./SDK/CMSIS/system_MK64F12.o

.debug_str      0x00000000    0x7d25b
 .debug_str     0x00000000    0x74233 ./source/App.o
                              0x744f4 (size before relaxing)
 .debug_str     0x00074233      0x8c8 ./source/DAC.o
                              0x70e66 (size before relaxing)
 .debug_str     0x00074afb      0x612 ./source/FTM.o
                              0x711ca (size before relaxing)
 .debug_str     0x0007510d      0x1b2 ./source/PIT.o
                              0x70c83 (size before relaxing)
 .debug_str     0x000752bf       0xab ./source/SysTick.o
                              0x70db1 (size before relaxing)
 .debug_str     0x0007536a      0x2cc ./source/gpio.o
                              0x70e65 (size before relaxing)
 .debug_str     0x00075636      0x11d ./source/measureFreq.o
                               0x31a6 (size before relaxing)
 .debug_str     0x00075753      0x13a ./source/timer.o
                               0x39f4 (size before relaxing)
 .debug_str     0x0007588d     0x6ffd ./source/uart.o
                              0x77d0f (size before relaxing)
 .debug_str     0x0007c88a      0x15a ./source/waveGen.o
                               0x7c22 (size before relaxing)
 .debug_str     0x0007c9e4      0x16f ./SDK/startup/hardware.o
                              0x771fa (size before relaxing)
 .debug_str     0x0007cb53       0x1b ./SDK/startup/main.o
                              0x77010 (size before relaxing)
 .debug_str     0x0007cb6e       0x36 ./SDK/startup/semihost_hardfault.o
                               0x2d34 (size before relaxing)
 .debug_str     0x0007cba4      0x660 ./SDK/startup/startup_mk64f12.o
                               0x35a3 (size before relaxing)
 .debug_str     0x0007d204       0x57 ./SDK/CMSIS/system_MK64F12.o
                              0x77109 (size before relaxing)

.comment        0x00000000       0x7e
 .comment       0x00000000       0x7e ./source/App.o
                                 0x7f (size before relaxing)
 .comment       0x0000007e       0x7f ./source/DAC.o
 .comment       0x0000007e       0x7f ./source/FTM.o
 .comment       0x0000007e       0x7f ./source/PIT.o
 .comment       0x0000007e       0x7f ./source/SysTick.o
 .comment       0x0000007e       0x7f ./source/gpio.o
 .comment       0x0000007e       0x7f ./source/measureFreq.o
 .comment       0x0000007e       0x7f ./source/timer.o
 .comment       0x0000007e       0x7f ./source/uart.o
 .comment       0x0000007e       0x7f ./source/waveGen.o
 .comment       0x0000007e       0x7f ./SDK/startup/hardware.o
 .comment       0x0000007e       0x7f ./SDK/startup/main.o
 .comment       0x0000007e       0x7f ./SDK/startup/semihost_hardfault.o
 .comment       0x0000007e       0x7f ./SDK/startup/startup_mk64f12.o
 .comment       0x0000007e       0x7f ./SDK/CMSIS/system_MK64F12.o
 .comment       0x0000007e       0x7f c:/nxp/mcuxpressoide_10.2.0_759/ide/tools/bin/../lib/gcc/arm-none-eabi/7.2.1/../../../../arm-none-eabi/lib/thumb/v7e-m/fpv4-sp/hard\libcr_c.a(memset.o)
 .comment       0x0000007e       0x7f c:/nxp/mcuxpressoide_10.2.0_759/ide/tools/bin/../lib/gcc/arm-none-eabi/7.2.1/thumb/v7e-m/fpv4-sp/hard\libcr_eabihelpers.a(double.o)
 .comment       0x0000007e       0x7f c:/nxp/mcuxpressoide_10.2.0_759/ide/tools/bin/../lib/gcc/arm-none-eabi/7.2.1/thumb/v7e-m/fpv4-sp/hard\libcr_eabihelpers.a(float.o)

.ARM.attributes
                0x00000000       0x37
 .ARM.attributes
                0x00000000       0x39 ./source/App.o
 .ARM.attributes
                0x00000039       0x39 ./source/DAC.o
 .ARM.attributes
                0x00000072       0x39 ./source/FTM.o
 .ARM.attributes
                0x000000ab       0x39 ./source/PIT.o
 .ARM.attributes
                0x000000e4       0x39 ./source/SysTick.o
 .ARM.attributes
                0x0000011d       0x39 ./source/gpio.o
 .ARM.attributes
                0x00000156       0x39 ./source/measureFreq.o
 .ARM.attributes
                0x0000018f       0x39 ./source/timer.o
 .ARM.attributes
                0x000001c8       0x39 ./source/uart.o
 .ARM.attributes
                0x00000201       0x39 ./source/waveGen.o
 .ARM.attributes
                0x0000023a       0x39 ./SDK/startup/hardware.o
 .ARM.attributes
                0x00000273       0x39 ./SDK/startup/main.o
 .ARM.attributes
                0x000002ac       0x39 ./SDK/startup/semihost_hardfault.o
 .ARM.attributes
                0x000002e5       0x39 ./SDK/startup/startup_mk64f12.o
 .ARM.attributes
                0x0000031e       0x39 ./SDK/CMSIS/system_MK64F12.o
 .ARM.attributes
                0x00000357       0x39 c:/nxp/mcuxpressoide_10.2.0_759/ide/tools/bin/../lib/gcc/arm-none-eabi/7.2.1/../../../../arm-none-eabi/lib/thumb/v7e-m/fpv4-sp/hard\libcr_c.a(memset.o)
 .ARM.attributes
                0x00000390       0x39 c:/nxp/mcuxpressoide_10.2.0_759/ide/tools/bin/../lib/gcc/arm-none-eabi/7.2.1/thumb/v7e-m/fpv4-sp/hard\libcr_eabihelpers.a(double.o)
 .ARM.attributes
                0x000003c9       0x39 c:/nxp/mcuxpressoide_10.2.0_759/ide/tools/bin/../lib/gcc/arm-none-eabi/7.2.1/thumb/v7e-m/fpv4-sp/hard\libcr_eabihelpers.a(float.o)
 .ARM.attributes
                0x00000402       0x25 c:/nxp/mcuxpressoide_10.2.0_759/ide/tools/bin/../lib/gcc/arm-none-eabi/7.2.1/thumb/v7e-m/fpv4-sp/hard\libcr_eabihelpers.a(memcpy.o)

.debug_frame    0x00000000     0x153c
 .debug_frame   0x00000000       0x60 ./source/App.o
 .debug_frame   0x00000060       0xb4 ./source/DAC.o
 .debug_frame   0x00000114      0x1d4 ./source/FTM.o
 .debug_frame   0x000002e8       0xf8 ./source/PIT.o
 .debug_frame   0x000003e0       0x38 ./source/SysTick.o
 .debug_frame   0x00000418      0x230 ./source/gpio.o
 .debug_frame   0x00000648       0x7c ./source/measureFreq.o
 .debug_frame   0x000006c4       0xa4 ./source/timer.o
 .debug_frame   0x00000768      0x2b4 ./source/uart.o
 .debug_frame   0x00000a1c      0x14c ./source/waveGen.o
 .debug_frame   0x00000b68       0x40 ./SDK/startup/hardware.o
 .debug_frame   0x00000ba8       0x28 ./SDK/startup/main.o
 .debug_frame   0x00000bd0       0x20 ./SDK/startup/semihost_hardfault.o
 .debug_frame   0x00000bf0      0x904 ./SDK/startup/startup_mk64f12.o
 .debug_frame   0x000014f4       0x48 ./SDK/CMSIS/system_MK64F12.o

.debug_loc      0x00000000     0x235e
 .debug_loc     0x00000000      0x263 ./source/DAC.o
 .debug_loc     0x00000263      0x9ac ./source/FTM.o
 .debug_loc     0x00000c0f      0x2a0 ./source/PIT.o
 .debug_loc     0x00000eaf       0x6b ./source/SysTick.o
 .debug_loc     0x00000f1a      0x605 ./source/gpio.o
 .debug_loc     0x0000151f       0x5e ./source/measureFreq.o
 .debug_loc     0x0000157d      0x13b ./source/timer.o
 .debug_loc     0x000016b8      0x683 ./source/uart.o
 .debug_loc     0x00001d3b      0x393 ./source/waveGen.o
 .debug_loc     0x000020ce      0x1e7 ./SDK/startup/startup_mk64f12.o
 .debug_loc     0x000022b5       0xa9 ./SDK/CMSIS/system_MK64F12.o
