Archive member included to satisfy reference by file (symbol)

c:/nxp/mcuxpressoide_10.2.0_759/ide/tools/bin/../lib/gcc/arm-none-eabi/7.2.1/../../../../arm-none-eabi/lib/thumb/v7e-m/fpv4-sp/hard\libcr_c.a(sin.o)
                              ./source/App.o (sin)
c:/nxp/mcuxpressoide_10.2.0_759/ide/tools/bin/../lib/gcc/arm-none-eabi/7.2.1/../../../../arm-none-eabi/lib/thumb/v7e-m/fpv4-sp/hard\libcr_c.a(_sincos.o)
                              c:/nxp/mcuxpressoide_10.2.0_759/ide/tools/bin/../lib/gcc/arm-none-eabi/7.2.1/../../../../arm-none-eabi/lib/thumb/v7e-m/fpv4-sp/hard\libcr_c.a(sin.o) (_sincos)
c:/nxp/mcuxpressoide_10.2.0_759/ide/tools/bin/../lib/gcc/arm-none-eabi/7.2.1/../../../../arm-none-eabi/lib/thumb/v7e-m/fpv4-sp/hard\libcr_c.a(errno.o)
                              c:/nxp/mcuxpressoide_10.2.0_759/ide/tools/bin/../lib/gcc/arm-none-eabi/7.2.1/../../../../arm-none-eabi/lib/thumb/v7e-m/fpv4-sp/hard\libcr_c.a(_sincos.o) (errno)
c:/nxp/mcuxpressoide_10.2.0_759/ide/tools/bin/../lib/gcc/arm-none-eabi/7.2.1/../../../../arm-none-eabi/lib/thumb/v7e-m/fpv4-sp/hard\libcr_c.a(fabs.o)
                              c:/nxp/mcuxpressoide_10.2.0_759/ide/tools/bin/../lib/gcc/arm-none-eabi/7.2.1/../../../../arm-none-eabi/lib/thumb/v7e-m/fpv4-sp/hard\libcr_c.a(_sincos.o) (fabs)
c:/nxp/mcuxpressoide_10.2.0_759/ide/tools/bin/../lib/gcc/arm-none-eabi/7.2.1/../../../../arm-none-eabi/lib/thumb/v7e-m/fpv4-sp/hard\libcr_c.a(_hugeval.o)
                              c:/nxp/mcuxpressoide_10.2.0_759/ide/tools/bin/../lib/gcc/arm-none-eabi/7.2.1/../../../../arm-none-eabi/lib/thumb/v7e-m/fpv4-sp/hard\libcr_c.a(_sincos.o) (__huge_val)
c:/nxp/mcuxpressoide_10.2.0_759/ide/tools/bin/../lib/gcc/arm-none-eabi/7.2.1/thumb/v7e-m/fpv4-sp/hard\libcr_eabihelpers.a(double.o)
                              ./source/App.o (__aeabi_dmul)
c:/nxp/mcuxpressoide_10.2.0_759/ide/tools/bin/../lib/gcc/arm-none-eabi/7.2.1/thumb/v7e-m/fpv4-sp/hard\libcr_eabihelpers.a(float.o)
                              ./source/App.o (__aeabi_f2d)

Discarded input sections

 .group         0x00000000        0xc ./source/ADC.o
 .text          0x00000000        0x0 ./source/ADC.o
 .data          0x00000000        0x0 ./source/ADC.o
 .bss           0x00000000        0x0 ./source/ADC.o
 .debug_info    0x00000000       0x21 ./source/ADC.o
 .debug_abbrev  0x00000000       0x13 ./source/ADC.o
 .debug_aranges
                0x00000000       0x18 ./source/ADC.o
 .debug_macro   0x00000000       0x1b ./source/ADC.o
 .debug_macro   0x00000000      0xa5a ./source/ADC.o
 .debug_line    0x00000000       0x39 ./source/ADC.o
 .debug_str     0x00000000     0x2d17 ./source/ADC.o
 .comment       0x00000000       0x7f ./source/ADC.o
 .ARM.attributes
                0x00000000       0x39 ./source/ADC.o
 .group         0x00000000        0xc ./source/App.o
 .group         0x00000000        0xc ./source/App.o
 .group         0x00000000        0xc ./source/App.o
 .group         0x00000000        0xc ./source/App.o
 .group         0x00000000        0xc ./source/App.o
 .group         0x00000000        0xc ./source/App.o
 .group         0x00000000        0xc ./source/App.o
 .group         0x00000000        0xc ./source/App.o
 .group         0x00000000        0xc ./source/App.o
 .group         0x00000000        0xc ./source/App.o
 .group         0x00000000        0xc ./source/App.o
 .group         0x00000000        0xc ./source/App.o
 .group         0x00000000        0xc ./source/App.o
 .group         0x00000000        0xc ./source/App.o
 .group         0x00000000        0xc ./source/App.o
 .group         0x00000000        0xc ./source/App.o
 .group         0x00000000        0xc ./source/App.o
 .group         0x00000000        0xc ./source/App.o
 .group         0x00000000        0xc ./source/App.o
 .group         0x00000000        0xc ./source/App.o
 .text          0x00000000        0x0 ./source/App.o
 .data          0x00000000        0x0 ./source/App.o
 .bss           0x00000000        0x0 ./source/App.o
 .debug_macro   0x00000000      0xa5a ./source/App.o
 .group         0x00000000        0xc ./source/CMP.o
 .group         0x00000000        0xc ./source/CMP.o
 .group         0x00000000        0xc ./source/CMP.o
 .group         0x00000000        0xc ./source/CMP.o
 .group         0x00000000        0xc ./source/CMP.o
 .group         0x00000000        0xc ./source/CMP.o
 .group         0x00000000        0xc ./source/CMP.o
 .group         0x00000000        0xc ./source/CMP.o
 .group         0x00000000        0xc ./source/CMP.o
 .group         0x00000000        0xc ./source/CMP.o
 .group         0x00000000        0xc ./source/CMP.o
 .text          0x00000000        0x0 ./source/CMP.o
 .data          0x00000000        0x0 ./source/CMP.o
 .bss           0x00000000        0x0 ./source/CMP.o
 .text.enableDMA
                0x00000000        0x2 ./source/CMP.o
 .debug_macro   0x00000000      0xa5a ./source/CMP.o
 .debug_macro   0x00000000      0x34e ./source/CMP.o
 .debug_macro   0x00000000       0x22 ./source/CMP.o
 .group         0x00000000        0xc ./source/DAC.o
 .group         0x00000000        0xc ./source/DAC.o
 .group         0x00000000        0xc ./source/DAC.o
 .group         0x00000000        0xc ./source/DAC.o
 .group         0x00000000        0xc ./source/DAC.o
 .group         0x00000000        0xc ./source/DAC.o
 .group         0x00000000        0xc ./source/DAC.o
 .group         0x00000000        0xc ./source/DAC.o
 .group         0x00000000        0xc ./source/DAC.o
 .group         0x00000000        0xc ./source/DAC.o
 .group         0x00000000        0xc ./source/DAC.o
 .group         0x00000000        0xc ./source/DAC.o
 .text          0x00000000        0x0 ./source/DAC.o
 .data          0x00000000        0x0 ./source/DAC.o
 .bss           0x00000000        0x0 ./source/DAC.o
 .debug_macro   0x00000000      0xa5a ./source/DAC.o
 .debug_macro   0x00000000       0x1c ./source/DAC.o
 .debug_macro   0x00000000       0x5c ./source/DAC.o
 .debug_macro   0x00000000      0x34e ./source/DAC.o
 .debug_macro   0x00000000       0x1c ./source/DAC.o
 .debug_macro   0x00000000       0x22 ./source/DAC.o
 .debug_macro   0x00000000       0xdf ./source/DAC.o
 .debug_macro   0x00000000      0xecf ./source/DAC.o
 .debug_macro   0x00000000       0x48 ./source/DAC.o
 .debug_macro   0x00000000     0xe07b ./source/DAC.o
 .debug_macro   0x00000000       0x22 ./source/DAC.o
 .debug_macro   0x00000000       0x22 ./source/DAC.o
 .group         0x00000000        0xc ./source/DMA.o
 .group         0x00000000        0xc ./source/DMA.o
 .group         0x00000000        0xc ./source/DMA.o
 .group         0x00000000        0xc ./source/DMA.o
 .group         0x00000000        0xc ./source/DMA.o
 .group         0x00000000        0xc ./source/DMA.o
 .group         0x00000000        0xc ./source/DMA.o
 .group         0x00000000        0xc ./source/DMA.o
 .group         0x00000000        0xc ./source/DMA.o
 .text          0x00000000        0x0 ./source/DMA.o
 .data          0x00000000        0x0 ./source/DMA.o
 .bss           0x00000000        0x0 ./source/DMA.o
 .debug_info    0x00000000       0x9a ./source/DMA.o
 .debug_abbrev  0x00000000       0x5f ./source/DMA.o
 .debug_aranges
                0x00000000       0x18 ./source/DMA.o
 .debug_macro   0x00000000       0x6e ./source/DMA.o
 .debug_macro   0x00000000      0xa5a ./source/DMA.o
 .debug_macro   0x00000000       0x5c ./source/DMA.o
 .debug_macro   0x00000000      0x34e ./source/DMA.o
 .debug_macro   0x00000000       0x1c ./source/DMA.o
 .debug_macro   0x00000000       0x22 ./source/DMA.o
 .debug_macro   0x00000000       0xdf ./source/DMA.o
 .debug_macro   0x00000000      0xecf ./source/DMA.o
 .debug_macro   0x00000000       0x48 ./source/DMA.o
 .debug_macro   0x00000000     0xe07b ./source/DMA.o
 .debug_line    0x00000000      0x10c ./source/DMA.o
 .debug_str     0x00000000    0x70445 ./source/DMA.o
 .comment       0x00000000       0x7f ./source/DMA.o
 .ARM.attributes
                0x00000000       0x39 ./source/DMA.o
 .group         0x00000000        0xc ./source/FTM.o
 .group         0x00000000        0xc ./source/FTM.o
 .group         0x00000000        0xc ./source/FTM.o
 .group         0x00000000        0xc ./source/FTM.o
 .group         0x00000000        0xc ./source/FTM.o
 .group         0x00000000        0xc ./source/FTM.o
 .group         0x00000000        0xc ./source/FTM.o
 .group         0x00000000        0xc ./source/FTM.o
 .group         0x00000000        0xc ./source/FTM.o
 .group         0x00000000        0xc ./source/FTM.o
 .group         0x00000000        0xc ./source/FTM.o
 .group         0x00000000        0xc ./source/FTM.o
 .text          0x00000000        0x0 ./source/FTM.o
 .data          0x00000000        0x0 ./source/FTM.o
 .bss           0x00000000        0x0 ./source/FTM.o
 .text.setFTMtimer
                0x00000000       0xb0 ./source/FTM.o
 .text.FTMclockGating
                0x00000000       0x38 ./source/FTM.o
 .text.setFTMprescaler
                0x00000000       0x14 ./source/FTM.o
 .text.FTMinit  0x00000000       0xf8 ./source/FTM.o
 .text.updatePWMduty
                0x00000000        0x2 ./source/FTM.o
 .text.updatePWMperiod
                0x00000000        0x2 ./source/FTM.o
 .text.updateCnV
                0x00000000        0x2 ./source/FTM.o
 .text.getCnV   0x00000000        0x4 ./source/FTM.o
 .text.enableFTMinterrupts
                0x00000000       0x24 ./source/FTM.o
 .text.disableFTMinterrupts
                0x00000000       0x2c ./source/FTM.o
 .data.arrayFTMirqs
                0x00000000        0x4 ./source/FTM.o
 .debug_macro   0x00000000      0xa5a ./source/FTM.o
 .debug_macro   0x00000000       0x5c ./source/FTM.o
 .debug_macro   0x00000000      0x34e ./source/FTM.o
 .debug_macro   0x00000000       0x1c ./source/FTM.o
 .debug_macro   0x00000000       0x22 ./source/FTM.o
 .debug_macro   0x00000000       0xdf ./source/FTM.o
 .debug_macro   0x00000000      0xecf ./source/FTM.o
 .debug_macro   0x00000000       0x48 ./source/FTM.o
 .debug_macro   0x00000000     0xe07b ./source/FTM.o
 .debug_macro   0x00000000       0x22 ./source/FTM.o
 .debug_macro   0x00000000       0x22 ./source/FTM.o
 .group         0x00000000        0xc ./source/SysTick.o
 .group         0x00000000        0xc ./source/SysTick.o
 .group         0x00000000        0xc ./source/SysTick.o
 .group         0x00000000        0xc ./source/SysTick.o
 .group         0x00000000        0xc ./source/SysTick.o
 .group         0x00000000        0xc ./source/SysTick.o
 .group         0x00000000        0xc ./source/SysTick.o
 .group         0x00000000        0xc ./source/SysTick.o
 .group         0x00000000        0xc ./source/SysTick.o
 .group         0x00000000        0xc ./source/SysTick.o
 .group         0x00000000        0xc ./source/SysTick.o
 .text          0x00000000        0x0 ./source/SysTick.o
 .data          0x00000000        0x0 ./source/SysTick.o
 .bss           0x00000000        0x0 ./source/SysTick.o
 .debug_macro   0x00000000      0xa5a ./source/SysTick.o
 .debug_macro   0x00000000       0x22 ./source/SysTick.o
 .debug_macro   0x00000000       0x5c ./source/SysTick.o
 .debug_macro   0x00000000      0x34e ./source/SysTick.o
 .debug_macro   0x00000000       0x1c ./source/SysTick.o
 .debug_macro   0x00000000       0x22 ./source/SysTick.o
 .debug_macro   0x00000000       0xdf ./source/SysTick.o
 .debug_macro   0x00000000      0xecf ./source/SysTick.o
 .debug_macro   0x00000000       0x48 ./source/SysTick.o
 .debug_macro   0x00000000     0xe07b ./source/SysTick.o
 .debug_macro   0x00000000      0x174 ./source/SysTick.o
 .group         0x00000000        0xc ./source/comController2pc.o
 .group         0x00000000        0xc ./source/comController2pc.o
 .group         0x00000000        0xc ./source/comController2pc.o
 .group         0x00000000        0xc ./source/comController2pc.o
 .group         0x00000000        0xc ./source/comController2pc.o
 .text          0x00000000        0x0 ./source/comController2pc.o
 .data          0x00000000        0x0 ./source/comController2pc.o
 .bss           0x00000000        0x0 ./source/comController2pc.o
 .text.sendMessage2pc
                0x00000000       0x3c ./source/comController2pc.o
 .text.areStringsEqual
                0x00000000       0x24 ./source/comController2pc.o
 .text.rxCallback
                0x00000000       0x68 ./source/comController2pc.o
 .bss.answerMsg
                0x00000000        0x1 ./source/comController2pc.o
 .bss.package2pc
                0x00000000        0x6 ./source/comController2pc.o
 .debug_macro   0x00000000      0xa5a ./source/comController2pc.o
 .debug_macro   0x00000000       0x1c ./source/comController2pc.o
 .debug_macro   0x00000000       0x22 ./source/comController2pc.o
 .debug_macro   0x00000000      0x34e ./source/comController2pc.o
 .group         0x00000000        0xc ./source/pinsHandler.o
 .group         0x00000000        0xc ./source/pinsHandler.o
 .group         0x00000000        0xc ./source/pinsHandler.o
 .group         0x00000000        0xc ./source/pinsHandler.o
 .group         0x00000000        0xc ./source/pinsHandler.o
 .group         0x00000000        0xc ./source/pinsHandler.o
 .group         0x00000000        0xc ./source/pinsHandler.o
 .group         0x00000000        0xc ./source/pinsHandler.o
 .group         0x00000000        0xc ./source/pinsHandler.o
 .group         0x00000000        0xc ./source/pinsHandler.o
 .group         0x00000000        0xc ./source/pinsHandler.o
 .text          0x00000000        0x0 ./source/pinsHandler.o
 .data          0x00000000        0x0 ./source/pinsHandler.o
 .bss           0x00000000        0x0 ./source/pinsHandler.o
 .text.isPinValid
                0x00000000        0xc ./source/pinsHandler.o
 .text.setPCRpullEnable
                0x00000000        0xe ./source/pinsHandler.o
 .text.setPCRpullUp
                0x00000000        0xe ./source/pinsHandler.o
 .text.setPCRpullDown
                0x00000000        0xe ./source/pinsHandler.o
 .text.setPCRopenDrainEnable
                0x00000000        0xe ./source/pinsHandler.o
 .debug_macro   0x00000000      0xa5a ./source/pinsHandler.o
 .debug_macro   0x00000000       0x5c ./source/pinsHandler.o
 .debug_macro   0x00000000      0x34e ./source/pinsHandler.o
 .debug_macro   0x00000000       0x1c ./source/pinsHandler.o
 .debug_macro   0x00000000       0x22 ./source/pinsHandler.o
 .debug_macro   0x00000000       0xdf ./source/pinsHandler.o
 .debug_macro   0x00000000      0xecf ./source/pinsHandler.o
 .debug_macro   0x00000000       0x48 ./source/pinsHandler.o
 .debug_macro   0x00000000     0xe07b ./source/pinsHandler.o
 .debug_macro   0x00000000       0x22 ./source/pinsHandler.o
 .debug_macro   0x00000000       0x22 ./source/pinsHandler.o
 .group         0x00000000        0xc ./source/timer.o
 .group         0x00000000        0xc ./source/timer.o
 .group         0x00000000        0xc ./source/timer.o
 .group         0x00000000        0xc ./source/timer.o
 .text          0x00000000        0x0 ./source/timer.o
 .data          0x00000000        0x0 ./source/timer.o
 .bss           0x00000000        0x0 ./source/timer.o
 .text.EnableTimer
                0x00000000       0x10 ./source/timer.o
 .text.DisableTimer
                0x00000000       0x10 ./source/timer.o
 .text.RestartTimer
                0x00000000       0x10 ./source/timer.o
 .text.GetTimerCount
                0x00000000       0x10 ./source/timer.o
 .debug_macro   0x00000000      0xa5a ./source/timer.o
 .debug_macro   0x00000000       0x22 ./source/timer.o
 .debug_macro   0x00000000      0x34e ./source/timer.o
 .group         0x00000000        0xc ./source/uart.o
 .group         0x00000000        0xc ./source/uart.o
 .group         0x00000000        0xc ./source/uart.o
 .group         0x00000000        0xc ./source/uart.o
 .group         0x00000000        0xc ./source/uart.o
 .group         0x00000000        0xc ./source/uart.o
 .group         0x00000000        0xc ./source/uart.o
 .group         0x00000000        0xc ./source/uart.o
 .group         0x00000000        0xc ./source/uart.o
 .group         0x00000000        0xc ./source/uart.o
 .group         0x00000000        0xc ./source/uart.o
 .group         0x00000000        0xc ./source/uart.o
 .group         0x00000000        0xc ./source/uart.o
 .group         0x00000000        0xc ./source/uart.o
 .group         0x00000000        0xc ./source/uart.o
 .text          0x00000000        0x0 ./source/uart.o
 .data          0x00000000        0x0 ./source/uart.o
 .bss           0x00000000        0x0 ./source/uart.o
 .text.uartIsRxMsg
                0x00000000       0x64 ./source/uart.o
 .text.uartGetRxMsgLength
                0x00000000       0x10 ./source/uart.o
 .text.uartReadMsg
                0x00000000       0xec ./source/uart.o
 .text.uartIsTxMsgComplete
                0x00000000       0x38 ./source/uart.o
 .text.resetRXbuffer
                0x00000000       0x18 ./source/uart.o
 .text.isRXrejected
                0x00000000        0xc ./source/uart.o
 .text.copyTXmsg
                0x00000000       0x50 ./source/uart.o
 .text.uartWriteMsg
                0x00000000       0xbc ./source/uart.o
 .text.UARTX_LON_IRQHandler
                0x00000000        0x2 ./source/uart.o
 .text.UARTX_ERR_IRQHandler
                0x00000000        0x2 ./source/uart.o
 .text.UART_setParity
                0x00000000       0x38 ./source/uart.o
 .text.UART_setNdataBits
                0x00000000       0x24 ./source/uart.o
 .bss.inMarkersTXbuffer
                0x00000000        0x5 ./source/uart.o
 .debug_macro   0x00000000      0xa5a ./source/uart.o
 .debug_macro   0x00000000      0x34e ./source/uart.o
 .debug_macro   0x00000000       0x5c ./source/uart.o
 .debug_macro   0x00000000       0x1c ./source/uart.o
 .debug_macro   0x00000000       0x22 ./source/uart.o
 .debug_macro   0x00000000       0xdf ./source/uart.o
 .debug_macro   0x00000000      0xecf ./source/uart.o
 .debug_macro   0x00000000       0x48 ./source/uart.o
 .debug_macro   0x00000000     0xe07b ./source/uart.o
 .debug_macro   0x00000000       0x22 ./source/uart.o
 .debug_macro   0x00000000       0x22 ./source/uart.o
 .group         0x00000000        0xc ./SDK/startup/hardware.o
 .group         0x00000000        0xc ./SDK/startup/hardware.o
 .group         0x00000000        0xc ./SDK/startup/hardware.o
 .group         0x00000000        0xc ./SDK/startup/hardware.o
 .group         0x00000000        0xc ./SDK/startup/hardware.o
 .group         0x00000000        0xc ./SDK/startup/hardware.o
 .group         0x00000000        0xc ./SDK/startup/hardware.o
 .group         0x00000000        0xc ./SDK/startup/hardware.o
 .group         0x00000000        0xc ./SDK/startup/hardware.o
 .group         0x00000000        0xc ./SDK/startup/hardware.o
 .group         0x00000000        0xc ./SDK/startup/hardware.o
 .group         0x00000000        0xc ./SDK/startup/hardware.o
 .group         0x00000000        0xc ./SDK/startup/hardware.o
 .text          0x00000000        0x0 ./SDK/startup/hardware.o
 .data          0x00000000        0x0 ./SDK/startup/hardware.o
 .bss           0x00000000        0x0 ./SDK/startup/hardware.o
 .debug_macro   0x00000000      0xa5a ./SDK/startup/hardware.o
 .debug_macro   0x00000000      0x34e ./SDK/startup/hardware.o
 .debug_macro   0x00000000       0x22 ./SDK/startup/hardware.o
 .debug_macro   0x00000000       0x10 ./SDK/startup/hardware.o
 .debug_macro   0x00000000       0x5c ./SDK/startup/hardware.o
 .debug_macro   0x00000000       0x1c ./SDK/startup/hardware.o
 .debug_macro   0x00000000       0x22 ./SDK/startup/hardware.o
 .debug_macro   0x00000000       0xdf ./SDK/startup/hardware.o
 .debug_macro   0x00000000      0xecf ./SDK/startup/hardware.o
 .debug_macro   0x00000000       0x48 ./SDK/startup/hardware.o
 .debug_macro   0x00000000     0xe07b ./SDK/startup/hardware.o
 .debug_macro   0x00000000     0x122b ./SDK/startup/hardware.o
 .debug_macro   0x00000000       0x16 ./SDK/startup/hardware.o
 .group         0x00000000        0xc ./SDK/startup/main.o
 .group         0x00000000        0xc ./SDK/startup/main.o
 .group         0x00000000        0xc ./SDK/startup/main.o
 .group         0x00000000        0xc ./SDK/startup/main.o
 .group         0x00000000        0xc ./SDK/startup/main.o
 .group         0x00000000        0xc ./SDK/startup/main.o
 .group         0x00000000        0xc ./SDK/startup/main.o
 .group         0x00000000        0xc ./SDK/startup/main.o
 .group         0x00000000        0xc ./SDK/startup/main.o
 .group         0x00000000        0xc ./SDK/startup/main.o
 .group         0x00000000        0xc ./SDK/startup/main.o
 .group         0x00000000        0xc ./SDK/startup/main.o
 .group         0x00000000        0xc ./SDK/startup/main.o
 .text          0x00000000        0x0 ./SDK/startup/main.o
 .data          0x00000000        0x0 ./SDK/startup/main.o
 .bss           0x00000000        0x0 ./SDK/startup/main.o
 .debug_macro   0x00000000      0xa5a ./SDK/startup/main.o
 .debug_macro   0x00000000      0x34e ./SDK/startup/main.o
 .debug_macro   0x00000000       0x22 ./SDK/startup/main.o
 .debug_macro   0x00000000       0x10 ./SDK/startup/main.o
 .debug_macro   0x00000000       0x5c ./SDK/startup/main.o
 .debug_macro   0x00000000       0x1c ./SDK/startup/main.o
 .debug_macro   0x00000000       0x22 ./SDK/startup/main.o
 .debug_macro   0x00000000       0xdf ./SDK/startup/main.o
 .debug_macro   0x00000000      0xecf ./SDK/startup/main.o
 .debug_macro   0x00000000       0x48 ./SDK/startup/main.o
 .debug_macro   0x00000000     0xe07b ./SDK/startup/main.o
 .debug_macro   0x00000000     0x122b ./SDK/startup/main.o
 .debug_macro   0x00000000       0x16 ./SDK/startup/main.o
 .group         0x00000000        0xc ./SDK/startup/semihost_hardfault.o
 .text          0x00000000        0x0 ./SDK/startup/semihost_hardfault.o
 .data          0x00000000        0x0 ./SDK/startup/semihost_hardfault.o
 .bss           0x00000000        0x0 ./SDK/startup/semihost_hardfault.o
 .debug_macro   0x00000000      0xa5a ./SDK/startup/semihost_hardfault.o
 .group         0x00000000        0xc ./SDK/startup/startup_mk64f12.o
 .text          0x00000000        0x0 ./SDK/startup/startup_mk64f12.o
 .data          0x00000000        0x0 ./SDK/startup/startup_mk64f12.o
 .bss           0x00000000        0x0 ./SDK/startup/startup_mk64f12.o
 .text.UART0_LON_IRQHandler
                0x00000000        0x8 ./SDK/startup/startup_mk64f12.o
 .text.UART0_RX_TX_IRQHandler
                0x00000000        0x8 ./SDK/startup/startup_mk64f12.o
 .text.UART0_ERR_IRQHandler
                0x00000000        0x8 ./SDK/startup/startup_mk64f12.o
 .text.UART1_RX_TX_IRQHandler
                0x00000000        0x8 ./SDK/startup/startup_mk64f12.o
 .text.UART1_ERR_IRQHandler
                0x00000000        0x8 ./SDK/startup/startup_mk64f12.o
 .text.UART2_RX_TX_IRQHandler
                0x00000000        0x8 ./SDK/startup/startup_mk64f12.o
 .text.UART2_ERR_IRQHandler
                0x00000000        0x8 ./SDK/startup/startup_mk64f12.o
 .text.UART3_RX_TX_IRQHandler
                0x00000000        0x8 ./SDK/startup/startup_mk64f12.o
 .text.UART3_ERR_IRQHandler
                0x00000000        0x8 ./SDK/startup/startup_mk64f12.o
 .text.CMP0_IRQHandler
                0x00000000        0x8 ./SDK/startup/startup_mk64f12.o
 .text.FTM0_IRQHandler
                0x00000000        0x8 ./SDK/startup/startup_mk64f12.o
 .text.FTM1_IRQHandler
                0x00000000        0x8 ./SDK/startup/startup_mk64f12.o
 .text.FTM2_IRQHandler
                0x00000000        0x8 ./SDK/startup/startup_mk64f12.o
 .text.UART4_RX_TX_IRQHandler
                0x00000000        0x8 ./SDK/startup/startup_mk64f12.o
 .text.UART4_ERR_IRQHandler
                0x00000000        0x8 ./SDK/startup/startup_mk64f12.o
 .debug_macro   0x00000000      0xa5a ./SDK/startup/startup_mk64f12.o
 .group         0x00000000        0xc ./SDK/CMSIS/system_MK64F12.o
 .group         0x00000000        0xc ./SDK/CMSIS/system_MK64F12.o
 .group         0x00000000        0xc ./SDK/CMSIS/system_MK64F12.o
 .group         0x00000000        0xc ./SDK/CMSIS/system_MK64F12.o
 .group         0x00000000        0xc ./SDK/CMSIS/system_MK64F12.o
 .group         0x00000000        0xc ./SDK/CMSIS/system_MK64F12.o
 .group         0x00000000        0xc ./SDK/CMSIS/system_MK64F12.o
 .group         0x00000000        0xc ./SDK/CMSIS/system_MK64F12.o
 .group         0x00000000        0xc ./SDK/CMSIS/system_MK64F12.o
 .group         0x00000000        0xc ./SDK/CMSIS/system_MK64F12.o
 .group         0x00000000        0xc ./SDK/CMSIS/system_MK64F12.o
 .text          0x00000000        0x0 ./SDK/CMSIS/system_MK64F12.o
 .data          0x00000000        0x0 ./SDK/CMSIS/system_MK64F12.o
 .bss           0x00000000        0x0 ./SDK/CMSIS/system_MK64F12.o
 .text.SystemCoreClockUpdate
                0x00000000      0x1ac ./SDK/CMSIS/system_MK64F12.o
 .data.SystemCoreClock
                0x00000000        0x4 ./SDK/CMSIS/system_MK64F12.o
 .debug_macro   0x00000000      0xa5a ./SDK/CMSIS/system_MK64F12.o
 .debug_macro   0x00000000      0x34e ./SDK/CMSIS/system_MK64F12.o
 .debug_macro   0x00000000       0x10 ./SDK/CMSIS/system_MK64F12.o
 .debug_macro   0x00000000       0x5c ./SDK/CMSIS/system_MK64F12.o
 .debug_macro   0x00000000       0x1c ./SDK/CMSIS/system_MK64F12.o
 .debug_macro   0x00000000       0x22 ./SDK/CMSIS/system_MK64F12.o
 .debug_macro   0x00000000       0xdf ./SDK/CMSIS/system_MK64F12.o
 .debug_macro   0x00000000      0xecf ./SDK/CMSIS/system_MK64F12.o
 .debug_macro   0x00000000       0x48 ./SDK/CMSIS/system_MK64F12.o
 .debug_macro   0x00000000     0xe07b ./SDK/CMSIS/system_MK64F12.o
 .debug_macro   0x00000000     0x122b ./SDK/CMSIS/system_MK64F12.o
 .text          0x00000000        0x0 c:/nxp/mcuxpressoide_10.2.0_759/ide/tools/bin/../lib/gcc/arm-none-eabi/7.2.1/../../../../arm-none-eabi/lib/thumb/v7e-m/fpv4-sp/hard\libcr_c.a(sin.o)
 .data          0x00000000        0x0 c:/nxp/mcuxpressoide_10.2.0_759/ide/tools/bin/../lib/gcc/arm-none-eabi/7.2.1/../../../../arm-none-eabi/lib/thumb/v7e-m/fpv4-sp/hard\libcr_c.a(sin.o)
 .bss           0x00000000        0x0 c:/nxp/mcuxpressoide_10.2.0_759/ide/tools/bin/../lib/gcc/arm-none-eabi/7.2.1/../../../../arm-none-eabi/lib/thumb/v7e-m/fpv4-sp/hard\libcr_c.a(sin.o)
 .text          0x00000000        0x0 c:/nxp/mcuxpressoide_10.2.0_759/ide/tools/bin/../lib/gcc/arm-none-eabi/7.2.1/../../../../arm-none-eabi/lib/thumb/v7e-m/fpv4-sp/hard\libcr_c.a(_sincos.o)
 .data          0x00000000        0x0 c:/nxp/mcuxpressoide_10.2.0_759/ide/tools/bin/../lib/gcc/arm-none-eabi/7.2.1/../../../../arm-none-eabi/lib/thumb/v7e-m/fpv4-sp/hard\libcr_c.a(_sincos.o)
 .bss           0x00000000        0x0 c:/nxp/mcuxpressoide_10.2.0_759/ide/tools/bin/../lib/gcc/arm-none-eabi/7.2.1/../../../../arm-none-eabi/lib/thumb/v7e-m/fpv4-sp/hard\libcr_c.a(_sincos.o)
 .text          0x00000000        0x0 c:/nxp/mcuxpressoide_10.2.0_759/ide/tools/bin/../lib/gcc/arm-none-eabi/7.2.1/../../../../arm-none-eabi/lib/thumb/v7e-m/fpv4-sp/hard\libcr_c.a(errno.o)
 .data          0x00000000        0x0 c:/nxp/mcuxpressoide_10.2.0_759/ide/tools/bin/../lib/gcc/arm-none-eabi/7.2.1/../../../../arm-none-eabi/lib/thumb/v7e-m/fpv4-sp/hard\libcr_c.a(errno.o)
 .bss           0x00000000        0x0 c:/nxp/mcuxpressoide_10.2.0_759/ide/tools/bin/../lib/gcc/arm-none-eabi/7.2.1/../../../../arm-none-eabi/lib/thumb/v7e-m/fpv4-sp/hard\libcr_c.a(errno.o)
 .text          0x00000000        0x0 c:/nxp/mcuxpressoide_10.2.0_759/ide/tools/bin/../lib/gcc/arm-none-eabi/7.2.1/../../../../arm-none-eabi/lib/thumb/v7e-m/fpv4-sp/hard\libcr_c.a(fabs.o)
 .data          0x00000000        0x0 c:/nxp/mcuxpressoide_10.2.0_759/ide/tools/bin/../lib/gcc/arm-none-eabi/7.2.1/../../../../arm-none-eabi/lib/thumb/v7e-m/fpv4-sp/hard\libcr_c.a(fabs.o)
 .bss           0x00000000        0x0 c:/nxp/mcuxpressoide_10.2.0_759/ide/tools/bin/../lib/gcc/arm-none-eabi/7.2.1/../../../../arm-none-eabi/lib/thumb/v7e-m/fpv4-sp/hard\libcr_c.a(fabs.o)
 .text          0x00000000        0x0 c:/nxp/mcuxpressoide_10.2.0_759/ide/tools/bin/../lib/gcc/arm-none-eabi/7.2.1/../../../../arm-none-eabi/lib/thumb/v7e-m/fpv4-sp/hard\libcr_c.a(_hugeval.o)
 .data          0x00000000        0x0 c:/nxp/mcuxpressoide_10.2.0_759/ide/tools/bin/../lib/gcc/arm-none-eabi/7.2.1/../../../../arm-none-eabi/lib/thumb/v7e-m/fpv4-sp/hard\libcr_c.a(_hugeval.o)
 .bss           0x00000000        0x0 c:/nxp/mcuxpressoide_10.2.0_759/ide/tools/bin/../lib/gcc/arm-none-eabi/7.2.1/../../../../arm-none-eabi/lib/thumb/v7e-m/fpv4-sp/hard\libcr_c.a(_hugeval.o)
 .rodata.__huge_vall
                0x00000000        0x8 c:/nxp/mcuxpressoide_10.2.0_759/ide/tools/bin/../lib/gcc/arm-none-eabi/7.2.1/../../../../arm-none-eabi/lib/thumb/v7e-m/fpv4-sp/hard\libcr_c.a(_hugeval.o)
 .text          0x00000000        0x0 c:/nxp/mcuxpressoide_10.2.0_759/ide/tools/bin/../lib/gcc/arm-none-eabi/7.2.1/thumb/v7e-m/fpv4-sp/hard\libcr_eabihelpers.a(double.o)
 .data          0x00000000        0x0 c:/nxp/mcuxpressoide_10.2.0_759/ide/tools/bin/../lib/gcc/arm-none-eabi/7.2.1/thumb/v7e-m/fpv4-sp/hard\libcr_eabihelpers.a(double.o)
 .bss           0x00000000        0x0 c:/nxp/mcuxpressoide_10.2.0_759/ide/tools/bin/../lib/gcc/arm-none-eabi/7.2.1/thumb/v7e-m/fpv4-sp/hard\libcr_eabihelpers.a(double.o)
 .text.__aeabi_drsub
                0x00000000       0x18 c:/nxp/mcuxpressoide_10.2.0_759/ide/tools/bin/../lib/gcc/arm-none-eabi/7.2.1/thumb/v7e-m/fpv4-sp/hard\libcr_eabihelpers.a(double.o)
 .text.__aeabi_dneg
                0x00000000        0xe c:/nxp/mcuxpressoide_10.2.0_759/ide/tools/bin/../lib/gcc/arm-none-eabi/7.2.1/thumb/v7e-m/fpv4-sp/hard\libcr_eabihelpers.a(double.o)
 .text.__aeabi_d2uiz
                0x00000000       0x30 c:/nxp/mcuxpressoide_10.2.0_759/ide/tools/bin/../lib/gcc/arm-none-eabi/7.2.1/thumb/v7e-m/fpv4-sp/hard\libcr_eabihelpers.a(double.o)
 .text.__aeabi_d2lz
                0x00000000       0x6c c:/nxp/mcuxpressoide_10.2.0_759/ide/tools/bin/../lib/gcc/arm-none-eabi/7.2.1/thumb/v7e-m/fpv4-sp/hard\libcr_eabihelpers.a(double.o)
 .text.__aeabi_d2ulz
                0x00000000       0x56 c:/nxp/mcuxpressoide_10.2.0_759/ide/tools/bin/../lib/gcc/arm-none-eabi/7.2.1/thumb/v7e-m/fpv4-sp/hard\libcr_eabihelpers.a(double.o)
 .text.__bhs_ul2d
                0x00000000       0x8a c:/nxp/mcuxpressoide_10.2.0_759/ide/tools/bin/../lib/gcc/arm-none-eabi/7.2.1/thumb/v7e-m/fpv4-sp/hard\libcr_eabihelpers.a(double.o)
 .text.__aeabi_ui2d
                0x00000000        0x8 c:/nxp/mcuxpressoide_10.2.0_759/ide/tools/bin/../lib/gcc/arm-none-eabi/7.2.1/thumb/v7e-m/fpv4-sp/hard\libcr_eabihelpers.a(double.o)
 .text.__aeabi_l2d
                0x00000000       0x1a c:/nxp/mcuxpressoide_10.2.0_759/ide/tools/bin/../lib/gcc/arm-none-eabi/7.2.1/thumb/v7e-m/fpv4-sp/hard\libcr_eabihelpers.a(double.o)
 .text.__aeabi_ul2d
                0x00000000        0x8 c:/nxp/mcuxpressoide_10.2.0_759/ide/tools/bin/../lib/gcc/arm-none-eabi/7.2.1/thumb/v7e-m/fpv4-sp/hard\libcr_eabihelpers.a(double.o)
 .text.__aeabi_dcmpeq
                0x00000000       0x30 c:/nxp/mcuxpressoide_10.2.0_759/ide/tools/bin/../lib/gcc/arm-none-eabi/7.2.1/thumb/v7e-m/fpv4-sp/hard\libcr_eabihelpers.a(double.o)
 .text.__aeabi_dcmpgt
                0x00000000       0x58 c:/nxp/mcuxpressoide_10.2.0_759/ide/tools/bin/../lib/gcc/arm-none-eabi/7.2.1/thumb/v7e-m/fpv4-sp/hard\libcr_eabihelpers.a(double.o)
 .text.__aeabi_dcmple
                0x00000000       0x5a c:/nxp/mcuxpressoide_10.2.0_759/ide/tools/bin/../lib/gcc/arm-none-eabi/7.2.1/thumb/v7e-m/fpv4-sp/hard\libcr_eabihelpers.a(double.o)
 .text.__aeabi_dcmpun
                0x00000000       0x1a c:/nxp/mcuxpressoide_10.2.0_759/ide/tools/bin/../lib/gcc/arm-none-eabi/7.2.1/thumb/v7e-m/fpv4-sp/hard\libcr_eabihelpers.a(double.o)
 .text.__aeabi_cdcmple
                0x00000000       0x2c c:/nxp/mcuxpressoide_10.2.0_759/ide/tools/bin/../lib/gcc/arm-none-eabi/7.2.1/thumb/v7e-m/fpv4-sp/hard\libcr_eabihelpers.a(double.o)
 .text.__aeabi_cdrcmple
                0x00000000       0x14 c:/nxp/mcuxpressoide_10.2.0_759/ide/tools/bin/../lib/gcc/arm-none-eabi/7.2.1/thumb/v7e-m/fpv4-sp/hard\libcr_eabihelpers.a(double.o)
 .text          0x00000000        0x0 c:/nxp/mcuxpressoide_10.2.0_759/ide/tools/bin/../lib/gcc/arm-none-eabi/7.2.1/thumb/v7e-m/fpv4-sp/hard\libcr_eabihelpers.a(float.o)
 .data          0x00000000        0x0 c:/nxp/mcuxpressoide_10.2.0_759/ide/tools/bin/../lib/gcc/arm-none-eabi/7.2.1/thumb/v7e-m/fpv4-sp/hard\libcr_eabihelpers.a(float.o)
 .bss           0x00000000        0x0 c:/nxp/mcuxpressoide_10.2.0_759/ide/tools/bin/../lib/gcc/arm-none-eabi/7.2.1/thumb/v7e-m/fpv4-sp/hard\libcr_eabihelpers.a(float.o)
 .text.__aeabi_fmul
                0x00000000       0xb0 c:/nxp/mcuxpressoide_10.2.0_759/ide/tools/bin/../lib/gcc/arm-none-eabi/7.2.1/thumb/v7e-m/fpv4-sp/hard\libcr_eabihelpers.a(float.o)
 .text.__aeabi_fdiv
                0x00000000       0xc8 c:/nxp/mcuxpressoide_10.2.0_759/ide/tools/bin/../lib/gcc/arm-none-eabi/7.2.1/thumb/v7e-m/fpv4-sp/hard\libcr_eabihelpers.a(float.o)
 .text.__aeabi_fsub
                0x00000000       0xf0 c:/nxp/mcuxpressoide_10.2.0_759/ide/tools/bin/../lib/gcc/arm-none-eabi/7.2.1/thumb/v7e-m/fpv4-sp/hard\libcr_eabihelpers.a(float.o)
 .text.__aeabi_fadd
                0x00000000       0xc8 c:/nxp/mcuxpressoide_10.2.0_759/ide/tools/bin/../lib/gcc/arm-none-eabi/7.2.1/thumb/v7e-m/fpv4-sp/hard\libcr_eabihelpers.a(float.o)
 .text.__aeabi_frsub
                0x00000000        0xc c:/nxp/mcuxpressoide_10.2.0_759/ide/tools/bin/../lib/gcc/arm-none-eabi/7.2.1/thumb/v7e-m/fpv4-sp/hard\libcr_eabihelpers.a(float.o)
 .text.__aeabi_fneg
                0x00000000        0x6 c:/nxp/mcuxpressoide_10.2.0_759/ide/tools/bin/../lib/gcc/arm-none-eabi/7.2.1/thumb/v7e-m/fpv4-sp/hard\libcr_eabihelpers.a(float.o)
 .text.__aeabi_f2iz
                0x00000000       0x36 c:/nxp/mcuxpressoide_10.2.0_759/ide/tools/bin/../lib/gcc/arm-none-eabi/7.2.1/thumb/v7e-m/fpv4-sp/hard\libcr_eabihelpers.a(float.o)
 .text.__aeabi_f2uiz
                0x00000000       0x28 c:/nxp/mcuxpressoide_10.2.0_759/ide/tools/bin/../lib/gcc/arm-none-eabi/7.2.1/thumb/v7e-m/fpv4-sp/hard\libcr_eabihelpers.a(float.o)
 .text.__aeabi_f2lz
                0x00000000       0x5c c:/nxp/mcuxpressoide_10.2.0_759/ide/tools/bin/../lib/gcc/arm-none-eabi/7.2.1/thumb/v7e-m/fpv4-sp/hard\libcr_eabihelpers.a(float.o)
 .text.__aeabi_f2ulz
                0x00000000       0x3e c:/nxp/mcuxpressoide_10.2.0_759/ide/tools/bin/../lib/gcc/arm-none-eabi/7.2.1/thumb/v7e-m/fpv4-sp/hard\libcr_eabihelpers.a(float.o)
 .text.__bhs_ui2f
                0x00000000       0x26 c:/nxp/mcuxpressoide_10.2.0_759/ide/tools/bin/../lib/gcc/arm-none-eabi/7.2.1/thumb/v7e-m/fpv4-sp/hard\libcr_eabihelpers.a(float.o)
 .text.__bhs_ul2f
                0x00000000       0x46 c:/nxp/mcuxpressoide_10.2.0_759/ide/tools/bin/../lib/gcc/arm-none-eabi/7.2.1/thumb/v7e-m/fpv4-sp/hard\libcr_eabihelpers.a(float.o)
 .text.__aeabi_i2f
                0x00000000       0x12 c:/nxp/mcuxpressoide_10.2.0_759/ide/tools/bin/../lib/gcc/arm-none-eabi/7.2.1/thumb/v7e-m/fpv4-sp/hard\libcr_eabihelpers.a(float.o)
 .text.__aeabi_ui2f
                0x00000000        0x8 c:/nxp/mcuxpressoide_10.2.0_759/ide/tools/bin/../lib/gcc/arm-none-eabi/7.2.1/thumb/v7e-m/fpv4-sp/hard\libcr_eabihelpers.a(float.o)
 .text.__aeabi_l2f
                0x00000000       0x1a c:/nxp/mcuxpressoide_10.2.0_759/ide/tools/bin/../lib/gcc/arm-none-eabi/7.2.1/thumb/v7e-m/fpv4-sp/hard\libcr_eabihelpers.a(float.o)
 .text.__aeabi_ul2f
                0x00000000        0x8 c:/nxp/mcuxpressoide_10.2.0_759/ide/tools/bin/../lib/gcc/arm-none-eabi/7.2.1/thumb/v7e-m/fpv4-sp/hard\libcr_eabihelpers.a(float.o)
 .text.__aeabi_fcmpeq
                0x00000000       0x1e c:/nxp/mcuxpressoide_10.2.0_759/ide/tools/bin/../lib/gcc/arm-none-eabi/7.2.1/thumb/v7e-m/fpv4-sp/hard\libcr_eabihelpers.a(float.o)
 .text.__aeabi_fcmplt
                0x00000000       0x3a c:/nxp/mcuxpressoide_10.2.0_759/ide/tools/bin/../lib/gcc/arm-none-eabi/7.2.1/thumb/v7e-m/fpv4-sp/hard\libcr_eabihelpers.a(float.o)
 .text.__aeabi_fcmpgt
                0x00000000       0x3a c:/nxp/mcuxpressoide_10.2.0_759/ide/tools/bin/../lib/gcc/arm-none-eabi/7.2.1/thumb/v7e-m/fpv4-sp/hard\libcr_eabihelpers.a(float.o)
 .text.__aeabi_fcmple
                0x00000000       0x3e c:/nxp/mcuxpressoide_10.2.0_759/ide/tools/bin/../lib/gcc/arm-none-eabi/7.2.1/thumb/v7e-m/fpv4-sp/hard\libcr_eabihelpers.a(float.o)
 .text.__aeabi_fcmpge
                0x00000000       0x3e c:/nxp/mcuxpressoide_10.2.0_759/ide/tools/bin/../lib/gcc/arm-none-eabi/7.2.1/thumb/v7e-m/fpv4-sp/hard\libcr_eabihelpers.a(float.o)
 .text.__aeabi_fcmpun
                0x00000000       0x1a c:/nxp/mcuxpressoide_10.2.0_759/ide/tools/bin/../lib/gcc/arm-none-eabi/7.2.1/thumb/v7e-m/fpv4-sp/hard\libcr_eabihelpers.a(float.o)
 .text.__aeabi_cfcmple
                0x00000000       0x20 c:/nxp/mcuxpressoide_10.2.0_759/ide/tools/bin/../lib/gcc/arm-none-eabi/7.2.1/thumb/v7e-m/fpv4-sp/hard\libcr_eabihelpers.a(float.o)
 .text.__aeabi_cfrcmple
                0x00000000        0xa c:/nxp/mcuxpressoide_10.2.0_759/ide/tools/bin/../lib/gcc/arm-none-eabi/7.2.1/thumb/v7e-m/fpv4-sp/hard\libcr_eabihelpers.a(float.o)

Memory Configuration

Name             Origin             Length             Attributes
PROGRAM_FLASH    0x00000000         0x00100000         xr
SRAM_UPPER       0x20000000         0x00030000         xrw
SRAM_LOWER       0x1fff0000         0x00010000         xrw
FLEX_RAM         0x14000000         0x00001000         xrw
*default*        0x00000000         0xffffffff

Linker script and memory map

LOAD ./source/ADC.o
LOAD ./source/App.o
LOAD ./source/CMP.o
LOAD ./source/DAC.o
LOAD ./source/DMA.o
LOAD ./source/FTM.o
LOAD ./source/SysTick.o
LOAD ./source/comController2pc.o
LOAD ./source/pinsHandler.o
LOAD ./source/timer.o
LOAD ./source/uart.o
LOAD ./SDK/startup/hardware.o
LOAD ./SDK/startup/main.o
LOAD ./SDK/startup/semihost_hardfault.o
LOAD ./SDK/startup/startup_mk64f12.o
LOAD ./SDK/CMSIS/system_MK64F12.o
START GROUP
LOAD c:/nxp/mcuxpressoide_10.2.0_759/ide/tools/bin/../lib/gcc/arm-none-eabi/7.2.1/../../../../arm-none-eabi/lib/thumb/v7e-m/fpv4-sp/hard\libcr_c.a
LOAD c:/nxp/mcuxpressoide_10.2.0_759/ide/tools/bin/../lib/gcc/arm-none-eabi/7.2.1/thumb/v7e-m/fpv4-sp/hard\libcr_eabihelpers.a
END GROUP
                0x00000000                __base_PROGRAM_FLASH = 0x0
                0x00000000                __base_Flash = 0x0
                0x00100000                __top_PROGRAM_FLASH = 0x100000
                0x00100000                __top_Flash = 0x100000
                0x20000000                __base_SRAM_UPPER = 0x20000000
                0x20000000                __base_RAM = 0x20000000
                0x20030000                __top_SRAM_UPPER = 0x20030000
                0x20030000                __top_RAM = 0x20030000
                0x1fff0000                __base_SRAM_LOWER = 0x1fff0000
                0x1fff0000                __base_RAM2 = 0x1fff0000
                0x20000000                __top_SRAM_LOWER = 0x20000000
                0x20000000                __top_RAM2 = 0x20000000
                0x14000000                __base_FLEX_RAM = 0x14000000
                0x14000000                __base_RAM3 = 0x14000000
                0x14001000                __top_FLEX_RAM = 0x14001000
                0x14001000                __top_RAM3 = 0x14001000

.text           0x00000000     0x19f8
 FILL mask 0xff
                0x00000000                __vectors_start__ = ABSOLUTE (.)
 *(SORT_BY_ALIGNMENT(.isr_vector))
 .isr_vector    0x00000000      0x198 ./SDK/startup/startup_mk64f12.o
                0x00000000                g_pfnVectors
                0x00000000                __Vectors
                0x00000198                . = ALIGN (0x4)
                0x00000198                __section_table_start = .
                0x00000198                __data_section_table = .
                0x00000198        0x4 LONG 0x19f8 LOADADDR (.data)
                0x0000019c        0x4 LONG 0x20000000 ADDR (.data)
                0x000001a0        0x4 LONG 0x60 SIZEOF (.data)
                0x000001a4        0x4 LONG 0x19f8 LOADADDR (.data_RAM2)
                0x000001a8        0x4 LONG 0x1fff0000 ADDR (.data_RAM2)
                0x000001ac        0x4 LONG 0x0 SIZEOF (.data_RAM2)
                0x000001b0        0x4 LONG 0x19f8 LOADADDR (.data_RAM3)
                0x000001b4        0x4 LONG 0x14000000 ADDR (.data_RAM3)
                0x000001b8        0x4 LONG 0x0 SIZEOF (.data_RAM3)
                0x000001bc                __data_section_table_end = .
                0x000001bc                __bss_section_table = .
                0x000001bc        0x4 LONG 0x20000060 ADDR (.bss)
                0x000001c0        0x4 LONG 0x4b8 SIZEOF (.bss)
                0x000001c4        0x4 LONG 0x1fff0000 ADDR (.bss_RAM2)
                0x000001c8        0x4 LONG 0x0 SIZEOF (.bss_RAM2)
                0x000001cc        0x4 LONG 0x14000000 ADDR (.bss_RAM3)
                0x000001d0        0x4 LONG 0x0 SIZEOF (.bss_RAM3)
                0x000001d4                __bss_section_table_end = .
                0x000001d4                __section_table_end = .
 *(SORT_BY_ALIGNMENT(.after_vectors*))
 .after_vectors.reset
                0x000001d4       0x4c ./SDK/startup/startup_mk64f12.o
                0x000001d4                ResetISR
 .after_vectors
                0x00000220       0x14 ./SDK/startup/startup_mk64f12.o
                0x00000220                NMI_Handler
                0x00000224                MemManage_Handler
                0x00000226                BusFault_Handler
                0x00000228                UsageFault_Handler
                0x0000022a                SVC_Handler
                0x0000022c                DebugMon_Handler
                0x0000022e                PendSV_Handler
                0x00000232                DMA_Error_DriverIRQHandler
                0x00000232                LPTMR0_DriverIRQHandler
                0x00000232                FTM1_DriverIRQHandler
                0x00000232                FTM2_DriverIRQHandler
                0x00000232                PIT2_DriverIRQHandler
                0x00000232                SDHC_DriverIRQHandler
                0x00000232                I2S0_Tx_DriverIRQHandler
                0x00000232                RTC_Seconds_DriverIRQHandler
                0x00000232                DMA6_DriverIRQHandler
                0x00000232                LLWU_DriverIRQHandler
                0x00000232                MCM_DriverIRQHandler
                0x00000232                MCG_DriverIRQHandler
                0x00000232                ENET_1588_Timer_DriverIRQHandler
                0x00000232                I2C2_DriverIRQHandler
                0x00000232                DAC1_DriverIRQHandler
                0x00000232                SPI1_DriverIRQHandler
                0x00000232                CMP1_DriverIRQHandler
                0x00000232                UART5_RX_TX_DriverIRQHandler
                0x00000232                FTM0_DriverIRQHandler
                0x00000232                IntDefaultHandler
                0x00000232                USB0_DriverIRQHandler
                0x00000232                UART5_ERR_DriverIRQHandler
                0x00000232                PORTC_DriverIRQHandler
                0x00000232                DMA11_DriverIRQHandler
                0x00000232                DAC0_DriverIRQHandler
                0x00000232                DMA10_DriverIRQHandler
                0x00000232                CMP2_DriverIRQHandler
                0x00000232                UART2_ERR_DriverIRQHandler
                0x00000232                SPI2_DriverIRQHandler
                0x00000232                LVD_LVW_DriverIRQHandler
                0x00000232                PIT0_DriverIRQHandler
                0x00000232                RNG_DriverIRQHandler
                0x00000232                DMA5_DriverIRQHandler
                0x00000232                DMA12_DriverIRQHandler
                0x00000232                UART2_RX_TX_DriverIRQHandler
                0x00000232                USBDCD_DriverIRQHandler
                0x00000232                UART3_ERR_DriverIRQHandler
                0x00000232                DMA3_DriverIRQHandler
                0x00000232                DMA8_DriverIRQHandler
                0x00000232                DMA9_DriverIRQHandler
                0x00000232                UART0_ERR_DriverIRQHandler
                0x00000232                CMT_DriverIRQHandler
                0x00000232                Reserved71_DriverIRQHandler
                0x00000232                ADC1_DriverIRQHandler
                0x00000232                PORTA_DriverIRQHandler
                0x00000232                DMA14_DriverIRQHandler
                0x00000232                PIT3_DriverIRQHandler
                0x00000232                PIT1_DriverIRQHandler
                0x00000232                WDOG_EWM_DriverIRQHandler
                0x00000232                PDB0_DriverIRQHandler
                0x00000232                RTC_DriverIRQHandler
                0x00000232                I2S0_Rx_DriverIRQHandler
                0x00000232                Read_Collision_DriverIRQHandler
                0x00000232                SWI_DriverIRQHandler
                0x00000232                UART4_RX_TX_DriverIRQHandler
                0x00000232                UART4_ERR_DriverIRQHandler
                0x00000232                PORTB_DriverIRQHandler
                0x00000232                UART0_LON_DriverIRQHandler
                0x00000232                DMA0_DriverIRQHandler
                0x00000232                DMA1_DriverIRQHandler
                0x00000232                I2C1_DriverIRQHandler
                0x00000232                UART3_RX_TX_DriverIRQHandler
                0x00000232                ENET_Receive_DriverIRQHandler
                0x00000232                DMA13_DriverIRQHandler
                0x00000232                ENET_Error_DriverIRQHandler
                0x00000232                DMA15_DriverIRQHandler
                0x00000232                UART0_RX_TX_DriverIRQHandler
                0x00000232                SPI0_DriverIRQHandler
                0x00000232                ADC0_DriverIRQHandler
                0x00000232                CMP0_DriverIRQHandler
                0x00000232                CAN0_DriverIRQHandler
                0x00000232                FTM3_DriverIRQHandler
                0x00000232                DMA4_DriverIRQHandler
                0x00000232                UART1_ERR_DriverIRQHandler
                0x00000232                DMA2_DriverIRQHandler
                0x00000232                ENET_Transmit_DriverIRQHandler
                0x00000232                PORTD_DriverIRQHandler
                0x00000232                PORTE_DriverIRQHandler
                0x00000232                FTFE_DriverIRQHandler
                0x00000232                I2C0_DriverIRQHandler
                0x00000232                DMA7_DriverIRQHandler
                0x00000232                UART1_RX_TX_DriverIRQHandler
 .after_vectors.init_data
                0x00000234       0x1e ./SDK/startup/startup_mk64f12.o
                0x00000234                data_init
 .after_vectors.init_bss
                0x00000252       0x12 ./SDK/startup/startup_mk64f12.o
                0x00000252                bss_init
                0x00000400                . = 0x400
 *fill*         0x00000264      0x19c ff
                0x00000400                PROVIDE (__FLASH_CONFIG_START__, .)
 *(SORT_BY_ALIGNMENT(.FlashConfig))
 .FlashConfig   0x00000400       0x10 ./SDK/startup/startup_mk64f12.o
                0x00000400                Flash_Config
                0x00000410                PROVIDE (__FLASH_CONFIG_END__, .)
                0x00000001                ASSERT (! ((__FLASH_CONFIG_START__ == __FLASH_CONFIG_END__)), Linker Flash Config Support Enabled, but no .FlashConfig section provided within application)
 *(SORT_BY_ALIGNMENT(.text*))
 .text.senoidalCallback
                0x00000410       0x9c ./source/App.o
                0x00000410                senoidalCallback
 *fill*         0x000004ac        0x4 ff
 .text._sincos  0x000004b0      0x214 c:/nxp/mcuxpressoide_10.2.0_759/ide/tools/bin/../lib/gcc/arm-none-eabi/7.2.1/../../../../arm-none-eabi/lib/thumb/v7e-m/fpv4-sp/hard\libcr_c.a(_sincos.o)
                0x000004b0                _sincos
 .text.App_Init
                0x000006c4       0x34 ./source/App.o
                0x000006c4                App_Init
 .text.clockGating
                0x000006f8       0x20 ./source/CMP.o
 .text.configurePins
                0x00000718       0x74 ./source/CMP.o
 .text.initCMP  0x0000078c       0x70 ./source/CMP.o
                0x0000078c                initCMP
 .text.CMP0_IRQHandler
                0x000007fc       0x14 ./source/CMP.o
                0x000007fc                CMP0_IRQHandler
 .text.writeDACvalue
                0x00000810       0x58 ./source/DAC.o
                0x00000810                writeDACvalue
 .text.DACclockGating
                0x00000868       0x1c ./source/DAC.o
                0x00000868                DACclockGating
 .text.DACinit  0x00000884       0x3c ./source/DAC.o
                0x00000884                DACinit
 .text.FTMx_IRQHandler
                0x000008c0       0x74 ./source/FTM.o
                0x000008c0                FTMx_IRQHandler
 .text.SysTick_Init
                0x00000934       0x2c ./source/SysTick.o
                0x00000934                SysTick_Init
 .text.SysTick_Handler
                0x00000960       0x10 ./source/SysTick.o
                0x00000960                SysTick_Handler
 .text.initResourcesController2pc
                0x00000970       0x48 ./source/comController2pc.o
                0x00000970                initResourcesController2pc
 .text.sysTickCallback
                0x000009b8       0x34 ./source/timer.o
                0x000009b8                sysTickCallback
 .text.InitializeTimers
                0x000009ec       0x40 ./source/timer.o
                0x000009ec                InitializeTimers
 .text.SetTimer
                0x00000a2c       0x54 ./source/timer.o
                0x00000a2c                SetTimer
 .text.UARTX_RX_TX_IRQHandler
                0x00000a80      0x118 ./source/uart.o
                0x00000a80                UARTX_RX_TX_IRQHandler
 .text.UART_setBaudRate
                0x00000b98       0x68 ./source/uart.o
                0x00000b98                UART_setBaudRate
 .text.UART_clockGating
                0x00000c00       0x64 ./source/uart.o
                0x00000c00                UART_clockGating
 .text.uartInit
                0x00000c64      0x1a4 ./source/uart.o
                0x00000c64                uartInit
 .text.hw_Init  0x00000e08       0xc0 ./SDK/startup/hardware.o
                0x00000e08                hw_Init
 .text.hw_EnableInterrupts
                0x00000ec8       0x18 ./SDK/startup/hardware.o
                0x00000ec8                hw_EnableInterrupts
 .text.hw_DisableInterrupts
                0x00000ee0       0x10 ./SDK/startup/hardware.o
                0x00000ee0                hw_DisableInterrupts
 .text.SystemInit
                0x00000ef0       0x34 ./SDK/CMSIS/system_MK64F12.o
                0x00000ef0                SystemInit
 .text.__aeabi_dmul
                0x00000f24      0x11c c:/nxp/mcuxpressoide_10.2.0_759/ide/tools/bin/../lib/gcc/arm-none-eabi/7.2.1/thumb/v7e-m/fpv4-sp/hard\libcr_eabihelpers.a(double.o)
                0x00000f24                __aeabi_dmul
 .text.__aeabi_ddiv
                0x00001040      0x138 c:/nxp/mcuxpressoide_10.2.0_759/ide/tools/bin/../lib/gcc/arm-none-eabi/7.2.1/thumb/v7e-m/fpv4-sp/hard\libcr_eabihelpers.a(double.o)
                0x00001040                __aeabi_ddiv
 .text.__aeabi_dsub
                0x00001178      0x1b4 c:/nxp/mcuxpressoide_10.2.0_759/ide/tools/bin/../lib/gcc/arm-none-eabi/7.2.1/thumb/v7e-m/fpv4-sp/hard\libcr_eabihelpers.a(double.o)
                0x00001178                __aeabi_dsub
 .text.__aeabi_dadd
                0x0000132c      0x10c c:/nxp/mcuxpressoide_10.2.0_759/ide/tools/bin/../lib/gcc/arm-none-eabi/7.2.1/thumb/v7e-m/fpv4-sp/hard\libcr_eabihelpers.a(double.o)
                0x0000132c                __aeabi_dadd
 .text.__aeabi_d2f
                0x00001438       0x54 c:/nxp/mcuxpressoide_10.2.0_759/ide/tools/bin/../lib/gcc/arm-none-eabi/7.2.1/thumb/v7e-m/fpv4-sp/hard\libcr_eabihelpers.a(double.o)
                0x00001438                __aeabi_d2f
 .text.__aeabi_f2d
                0x0000148c       0x38 c:/nxp/mcuxpressoide_10.2.0_759/ide/tools/bin/../lib/gcc/arm-none-eabi/7.2.1/thumb/v7e-m/fpv4-sp/hard\libcr_eabihelpers.a(float.o)
                0x0000148c                __aeabi_f2d
 .text.App_Run  0x000014c4        0x2 ./source/App.o
                0x000014c4                App_Run
 .text.enableInterrupts
                0x000014c6        0xa ./source/CMP.o
 .text.configureInputs
                0x000014d0       0x18 ./source/CMP.o
 .text.configureDAC
                0x000014e8        0x6 ./source/CMP.o
 .text.FTM0_IRQHandler
                0x000014ee        0xa ./source/FTM.o
                0x000014ee                FTM0_IRQHandler
 .text.FTM1_IRQHandler
                0x000014f8        0xa ./source/FTM.o
                0x000014f8                FTM1_IRQHandler
 .text.FTM2_IRQHandler
                0x00001502        0xa ./source/FTM.o
                0x00001502                FTM2_IRQHandler
 .text.setPCRmux
                0x0000150c       0x16 ./source/pinsHandler.o
                0x0000150c                setPCRmux
 .text.setPCRirqc
                0x00001522       0x16 ./source/pinsHandler.o
                0x00001522                setPCRirqc
 .text.UART0_LON_IRQHandler
                0x00001538        0x2 ./source/uart.o
                0x00001538                UART0_LON_IRQHandler
 .text.UART0_RX_TX_IRQHandler
                0x0000153a        0xa ./source/uart.o
                0x0000153a                UART0_RX_TX_IRQHandler
 .text.UART0_ERR_IRQHandler
                0x00001544        0x2 ./source/uart.o
                0x00001544                UART0_ERR_IRQHandler
 .text.UART1_RX_TX_IRQHandler
                0x00001546        0xa ./source/uart.o
                0x00001546                UART1_RX_TX_IRQHandler
 .text.UART1_ERR_IRQHandler
                0x00001550        0x2 ./source/uart.o
                0x00001550                UART1_ERR_IRQHandler
 .text.UART2_RX_TX_IRQHandler
                0x00001552        0xa ./source/uart.o
                0x00001552                UART2_RX_TX_IRQHandler
 .text.UART2_ERR_IRQHandler
                0x0000155c        0x2 ./source/uart.o
                0x0000155c                UART2_ERR_IRQHandler
 .text.UART3_RX_TX_IRQHandler
                0x0000155e        0xa ./source/uart.o
                0x0000155e                UART3_RX_TX_IRQHandler
 .text.UART3_ERR_IRQHandler
                0x00001568        0x2 ./source/uart.o
                0x00001568                UART3_ERR_IRQHandler
 .text.UART4_RX_TX_IRQHandler
                0x0000156a        0xa ./source/uart.o
                0x0000156a                UART4_RX_TX_IRQHandler
 .text.UART4_ERR_IRQHandler
                0x00001574        0x2 ./source/uart.o
                0x00001574                UART4_ERR_IRQHandler
 .text.main     0x00001576       0x18 ./SDK/startup/main.o
                0x00001576                main
 .text.HardFault_Handler
                0x0000158e       0x2a ./SDK/startup/semihost_hardfault.o
                0x0000158e                HardFault_Handler
 .text.DMA0_IRQHandler
                0x000015b8        0x8 ./SDK/startup/startup_mk64f12.o
                0x000015b8                DMA0_IRQHandler
 .text.DMA1_IRQHandler
                0x000015c0        0x8 ./SDK/startup/startup_mk64f12.o
                0x000015c0                DMA1_IRQHandler
 .text.DMA2_IRQHandler
                0x000015c8        0x8 ./SDK/startup/startup_mk64f12.o
                0x000015c8                DMA2_IRQHandler
 .text.DMA3_IRQHandler
                0x000015d0        0x8 ./SDK/startup/startup_mk64f12.o
                0x000015d0                DMA3_IRQHandler
 .text.DMA4_IRQHandler
                0x000015d8        0x8 ./SDK/startup/startup_mk64f12.o
                0x000015d8                DMA4_IRQHandler
 .text.DMA5_IRQHandler
                0x000015e0        0x8 ./SDK/startup/startup_mk64f12.o
                0x000015e0                DMA5_IRQHandler
 .text.DMA6_IRQHandler
                0x000015e8        0x8 ./SDK/startup/startup_mk64f12.o
                0x000015e8                DMA6_IRQHandler
 .text.DMA7_IRQHandler
                0x000015f0        0x8 ./SDK/startup/startup_mk64f12.o
                0x000015f0                DMA7_IRQHandler
 .text.DMA8_IRQHandler
                0x000015f8        0x8 ./SDK/startup/startup_mk64f12.o
                0x000015f8                DMA8_IRQHandler
 .text.DMA9_IRQHandler
                0x00001600        0x8 ./SDK/startup/startup_mk64f12.o
                0x00001600                DMA9_IRQHandler
 .text.DMA10_IRQHandler
                0x00001608        0x8 ./SDK/startup/startup_mk64f12.o
                0x00001608                DMA10_IRQHandler
 .text.DMA11_IRQHandler
                0x00001610        0x8 ./SDK/startup/startup_mk64f12.o
                0x00001610                DMA11_IRQHandler
 .text.DMA12_IRQHandler
                0x00001618        0x8 ./SDK/startup/startup_mk64f12.o
                0x00001618                DMA12_IRQHandler
 .text.DMA13_IRQHandler
                0x00001620        0x8 ./SDK/startup/startup_mk64f12.o
                0x00001620                DMA13_IRQHandler
 .text.DMA14_IRQHandler
                0x00001628        0x8 ./SDK/startup/startup_mk64f12.o
                0x00001628                DMA14_IRQHandler
 .text.DMA15_IRQHandler
                0x00001630        0x8 ./SDK/startup/startup_mk64f12.o
                0x00001630                DMA15_IRQHandler
 .text.DMA_Error_IRQHandler
                0x00001638        0x8 ./SDK/startup/startup_mk64f12.o
                0x00001638                DMA_Error_IRQHandler
 .text.MCM_IRQHandler
                0x00001640        0x8 ./SDK/startup/startup_mk64f12.o
                0x00001640                MCM_IRQHandler
 .text.FTFE_IRQHandler
                0x00001648        0x8 ./SDK/startup/startup_mk64f12.o
                0x00001648                FTFE_IRQHandler
 .text.Read_Collision_IRQHandler
                0x00001650        0x8 ./SDK/startup/startup_mk64f12.o
                0x00001650                Read_Collision_IRQHandler
 .text.LVD_LVW_IRQHandler
                0x00001658        0x8 ./SDK/startup/startup_mk64f12.o
                0x00001658                LVD_LVW_IRQHandler
 .text.LLWU_IRQHandler
                0x00001660        0x8 ./SDK/startup/startup_mk64f12.o
                0x00001660                LLWU_IRQHandler
 .text.WDOG_EWM_IRQHandler
                0x00001668        0x8 ./SDK/startup/startup_mk64f12.o
                0x00001668                WDOG_EWM_IRQHandler
 .text.RNG_IRQHandler
                0x00001670        0x8 ./SDK/startup/startup_mk64f12.o
                0x00001670                RNG_IRQHandler
 .text.I2C0_IRQHandler
                0x00001678        0x8 ./SDK/startup/startup_mk64f12.o
                0x00001678                I2C0_IRQHandler
 .text.I2C1_IRQHandler
                0x00001680        0x8 ./SDK/startup/startup_mk64f12.o
                0x00001680                I2C1_IRQHandler
 .text.SPI0_IRQHandler
                0x00001688        0x8 ./SDK/startup/startup_mk64f12.o
                0x00001688                SPI0_IRQHandler
 .text.SPI1_IRQHandler
                0x00001690        0x8 ./SDK/startup/startup_mk64f12.o
                0x00001690                SPI1_IRQHandler
 .text.I2S0_Tx_IRQHandler
                0x00001698        0x8 ./SDK/startup/startup_mk64f12.o
                0x00001698                I2S0_Tx_IRQHandler
 .text.I2S0_Rx_IRQHandler
                0x000016a0        0x8 ./SDK/startup/startup_mk64f12.o
                0x000016a0                I2S0_Rx_IRQHandler
 .text.ADC0_IRQHandler
                0x000016a8        0x8 ./SDK/startup/startup_mk64f12.o
                0x000016a8                ADC0_IRQHandler
 .text.CMP1_IRQHandler
                0x000016b0        0x8 ./SDK/startup/startup_mk64f12.o
                0x000016b0                CMP1_IRQHandler
 .text.CMT_IRQHandler
                0x000016b8        0x8 ./SDK/startup/startup_mk64f12.o
                0x000016b8                CMT_IRQHandler
 .text.RTC_IRQHandler
                0x000016c0        0x8 ./SDK/startup/startup_mk64f12.o
                0x000016c0                RTC_IRQHandler
 .text.RTC_Seconds_IRQHandler
                0x000016c8        0x8 ./SDK/startup/startup_mk64f12.o
                0x000016c8                RTC_Seconds_IRQHandler
 .text.PIT0_IRQHandler
                0x000016d0        0x8 ./SDK/startup/startup_mk64f12.o
                0x000016d0                PIT0_IRQHandler
 .text.PIT1_IRQHandler
                0x000016d8        0x8 ./SDK/startup/startup_mk64f12.o
                0x000016d8                PIT1_IRQHandler
 .text.PIT2_IRQHandler
                0x000016e0        0x8 ./SDK/startup/startup_mk64f12.o
                0x000016e0                PIT2_IRQHandler
 .text.PIT3_IRQHandler
                0x000016e8        0x8 ./SDK/startup/startup_mk64f12.o
                0x000016e8                PIT3_IRQHandler
 .text.PDB0_IRQHandler
                0x000016f0        0x8 ./SDK/startup/startup_mk64f12.o
                0x000016f0                PDB0_IRQHandler
 .text.USB0_IRQHandler
                0x000016f8        0x8 ./SDK/startup/startup_mk64f12.o
                0x000016f8                USB0_IRQHandler
 .text.USBDCD_IRQHandler
                0x00001700        0x8 ./SDK/startup/startup_mk64f12.o
                0x00001700                USBDCD_IRQHandler
 .text.Reserved71_IRQHandler
                0x00001708        0x8 ./SDK/startup/startup_mk64f12.o
                0x00001708                Reserved71_IRQHandler
 .text.DAC0_IRQHandler
                0x00001710        0x8 ./SDK/startup/startup_mk64f12.o
                0x00001710                DAC0_IRQHandler
 .text.MCG_IRQHandler
                0x00001718        0x8 ./SDK/startup/startup_mk64f12.o
                0x00001718                MCG_IRQHandler
 .text.LPTMR0_IRQHandler
                0x00001720        0x8 ./SDK/startup/startup_mk64f12.o
                0x00001720                LPTMR0_IRQHandler
 .text.PORTA_IRQHandler
                0x00001728        0x8 ./SDK/startup/startup_mk64f12.o
                0x00001728                PORTA_IRQHandler
 .text.PORTB_IRQHandler
                0x00001730        0x8 ./SDK/startup/startup_mk64f12.o
                0x00001730                PORTB_IRQHandler
 .text.PORTC_IRQHandler
                0x00001738        0x8 ./SDK/startup/startup_mk64f12.o
                0x00001738                PORTC_IRQHandler
 .text.PORTD_IRQHandler
                0x00001740        0x8 ./SDK/startup/startup_mk64f12.o
                0x00001740                PORTD_IRQHandler
 .text.PORTE_IRQHandler
                0x00001748        0x8 ./SDK/startup/startup_mk64f12.o
                0x00001748                PORTE_IRQHandler
 .text.SWI_IRQHandler
                0x00001750        0x8 ./SDK/startup/startup_mk64f12.o
                0x00001750                SWI_IRQHandler
 .text.SPI2_IRQHandler
                0x00001758        0x8 ./SDK/startup/startup_mk64f12.o
                0x00001758                SPI2_IRQHandler
 .text.UART5_RX_TX_IRQHandler
                0x00001760        0x8 ./SDK/startup/startup_mk64f12.o
                0x00001760                UART5_RX_TX_IRQHandler
 .text.UART5_ERR_IRQHandler
                0x00001768        0x8 ./SDK/startup/startup_mk64f12.o
                0x00001768                UART5_ERR_IRQHandler
 .text.CMP2_IRQHandler
                0x00001770        0x8 ./SDK/startup/startup_mk64f12.o
                0x00001770                CMP2_IRQHandler
 .text.FTM3_IRQHandler
                0x00001778        0x8 ./SDK/startup/startup_mk64f12.o
                0x00001778                FTM3_IRQHandler
 .text.DAC1_IRQHandler
                0x00001780        0x8 ./SDK/startup/startup_mk64f12.o
                0x00001780                DAC1_IRQHandler
 .text.ADC1_IRQHandler
                0x00001788        0x8 ./SDK/startup/startup_mk64f12.o
                0x00001788                ADC1_IRQHandler
 .text.I2C2_IRQHandler
                0x00001790        0x8 ./SDK/startup/startup_mk64f12.o
                0x00001790                I2C2_IRQHandler
 .text.CAN0_ORed_Message_buffer_IRQHandler
                0x00001798        0x8 ./SDK/startup/startup_mk64f12.o
                0x00001798                CAN0_ORed_Message_buffer_IRQHandler
 .text.CAN0_Bus_Off_IRQHandler
                0x000017a0        0x8 ./SDK/startup/startup_mk64f12.o
                0x000017a0                CAN0_Bus_Off_IRQHandler
 .text.CAN0_Error_IRQHandler
                0x000017a8        0x8 ./SDK/startup/startup_mk64f12.o
                0x000017a8                CAN0_Error_IRQHandler
 .text.CAN0_Tx_Warning_IRQHandler
                0x000017b0        0x8 ./SDK/startup/startup_mk64f12.o
                0x000017b0                CAN0_Tx_Warning_IRQHandler
 .text.CAN0_Rx_Warning_IRQHandler
                0x000017b8        0x8 ./SDK/startup/startup_mk64f12.o
                0x000017b8                CAN0_Rx_Warning_IRQHandler
 .text.CAN0_Wake_Up_IRQHandler
                0x000017c0        0x8 ./SDK/startup/startup_mk64f12.o
                0x000017c0                CAN0_Wake_Up_IRQHandler
 .text.SDHC_IRQHandler
                0x000017c8        0x8 ./SDK/startup/startup_mk64f12.o
                0x000017c8                SDHC_IRQHandler
 .text.ENET_1588_Timer_IRQHandler
                0x000017d0        0x8 ./SDK/startup/startup_mk64f12.o
                0x000017d0                ENET_1588_Timer_IRQHandler
 .text.ENET_Transmit_IRQHandler
                0x000017d8        0x8 ./SDK/startup/startup_mk64f12.o
                0x000017d8                ENET_Transmit_IRQHandler
 .text.ENET_Receive_IRQHandler
                0x000017e0        0x8 ./SDK/startup/startup_mk64f12.o
                0x000017e0                ENET_Receive_IRQHandler
 .text.ENET_Error_IRQHandler
                0x000017e8        0x8 ./SDK/startup/startup_mk64f12.o
                0x000017e8                ENET_Error_IRQHandler
 .text.SystemInitHook
                0x000017f0        0x2 ./SDK/CMSIS/system_MK64F12.o
                0x000017f0                SystemInitHook
 .text.sin      0x000017f2       0x40 c:/nxp/mcuxpressoide_10.2.0_759/ide/tools/bin/../lib/gcc/arm-none-eabi/7.2.1/../../../../arm-none-eabi/lib/thumb/v7e-m/fpv4-sp/hard\libcr_c.a(sin.o)
                0x000017f2                sin
 .text.fabs     0x00001832       0x22 c:/nxp/mcuxpressoide_10.2.0_759/ide/tools/bin/../lib/gcc/arm-none-eabi/7.2.1/../../../../arm-none-eabi/lib/thumb/v7e-m/fpv4-sp/hard\libcr_c.a(fabs.o)
                0x00001832                fabs
 .text.__aeabi_d2iz
                0x00001854       0x40 c:/nxp/mcuxpressoide_10.2.0_759/ide/tools/bin/../lib/gcc/arm-none-eabi/7.2.1/thumb/v7e-m/fpv4-sp/hard\libcr_eabihelpers.a(double.o)
                0x00001854                __aeabi_d2iz
 .text.__bhs_ui2d
                0x00001894       0x46 c:/nxp/mcuxpressoide_10.2.0_759/ide/tools/bin/../lib/gcc/arm-none-eabi/7.2.1/thumb/v7e-m/fpv4-sp/hard\libcr_eabihelpers.a(double.o)
                0x00001894                __bhs_ui2d
 .text.__aeabi_i2d
                0x000018da       0x12 c:/nxp/mcuxpressoide_10.2.0_759/ide/tools/bin/../lib/gcc/arm-none-eabi/7.2.1/thumb/v7e-m/fpv4-sp/hard\libcr_eabihelpers.a(double.o)
                0x000018da                __aeabi_i2d
 .text.__aeabi_dcmplt
                0x000018ec       0x58 c:/nxp/mcuxpressoide_10.2.0_759/ide/tools/bin/../lib/gcc/arm-none-eabi/7.2.1/thumb/v7e-m/fpv4-sp/hard\libcr_eabihelpers.a(double.o)
                0x000018ec                __aeabi_dcmplt
 .text.__aeabi_dcmpge
                0x00001944       0x58 c:/nxp/mcuxpressoide_10.2.0_759/ide/tools/bin/../lib/gcc/arm-none-eabi/7.2.1/thumb/v7e-m/fpv4-sp/hard\libcr_eabihelpers.a(double.o)
                0x00001944                __aeabi_dcmpge
 *(SORT_BY_ALIGNMENT(.rodata) SORT_BY_ALIGNMENT(.rodata.*) SORT_BY_ALIGNMENT(.constdata) SORT_BY_ALIGNMENT(.constdata.*))
 *fill*         0x0000199c        0x4 ff
 .rodata.__huge_val
                0x000019a0        0x8 c:/nxp/mcuxpressoide_10.2.0_759/ide/tools/bin/../lib/gcc/arm-none-eabi/7.2.1/../../../../arm-none-eabi/lib/thumb/v7e-m/fpv4-sp/hard\libcr_c.a(_hugeval.o)
                0x000019a0                __huge_val
 .rodata        0x000019a8       0x14 ./source/CMP.o
 .rodata        0x000019bc       0x2c ./source/uart.o
 .rodata.uartRXpins
                0x000019e8        0x5 ./source/uart.o
 *fill*         0x000019ed        0x3 ff
 .rodata.uartTXpins
                0x000019f0        0x5 ./source/uart.o
                0x000019f8                . = ALIGN (0x8)
 *fill*         0x000019f5        0x3 ff

.glue_7         0x000019f8        0x0
 .glue_7        0x000019f8        0x0 linker stubs

.glue_7t        0x000019f8        0x0
 .glue_7t       0x000019f8        0x0 linker stubs

.vfp11_veneer   0x000019f8        0x0
 .vfp11_veneer  0x000019f8        0x0 linker stubs

.v4_bx          0x000019f8        0x0
 .v4_bx         0x000019f8        0x0 linker stubs

.iplt           0x000019f8        0x0
 .iplt          0x000019f8        0x0 ./source/App.o

.rel.dyn        0x000019f8        0x0
 .rel.iplt      0x000019f8        0x0 ./source/App.o

.ARM.extab
 *(SORT_BY_ALIGNMENT(.ARM.extab*) SORT_BY_ALIGNMENT(.gnu.linkonce.armextab.*))
                0x000019f8                __exidx_start = .

.ARM.exidx
 *(SORT_BY_ALIGNMENT(.ARM.exidx*) SORT_BY_ALIGNMENT(.gnu.linkonce.armexidx.*))
                0x000019f8                __exidx_end = .
                0x000019f8                _etext = .

.m_usb_data
 *(SORT_BY_ALIGNMENT(m_usb_bdt))

.data_RAM2      0x1fff0000        0x0 load address 0x000019f8
 FILL mask 0xff
                [!provide]                PROVIDE (__start_data_RAM2, .)
 *(SORT_BY_ALIGNMENT(.ramfunc.$RAM2))
 *(SORT_BY_ALIGNMENT(.ramfunc.$SRAM_LOWER))
 *(SORT_BY_ALIGNMENT(.data.$RAM2*))
 *(SORT_BY_ALIGNMENT(.data.$SRAM_LOWER*))
                0x1fff0000                . = ALIGN (0x8)
                [!provide]                PROVIDE (__end_data_RAM2, .)

.data_RAM3      0x14000000        0x0 load address 0x000019f8
 FILL mask 0xff
                [!provide]                PROVIDE (__start_data_RAM3, .)
 *(SORT_BY_ALIGNMENT(.ramfunc.$RAM3))
 *(SORT_BY_ALIGNMENT(.ramfunc.$FLEX_RAM))
 *(SORT_BY_ALIGNMENT(.data.$RAM3*))
 *(SORT_BY_ALIGNMENT(.data.$FLEX_RAM*))
                0x14000000                . = ALIGN (0x8)
                [!provide]                PROVIDE (__end_data_RAM3, .)

.uninit_RESERVED
                0x20000000        0x0
 *(SORT_BY_ALIGNMENT(.bss.$RESERVED*))
                0x20000000                . = ALIGN (0x4)
                0x20000000                _end_uninit_RESERVED = .

.data           0x20000000       0x60 load address 0x000019f8
 FILL mask 0xff
                0x20000000                _data = .
 *(SORT_BY_ALIGNMENT(vtable))
 *(SORT_BY_ALIGNMENT(.ramfunc*))
 *(SORT_BY_ALIGNMENT(.data*))
 .data.CMP_in_pins
                0x20000000        0x2 ./source/CMP.o
                0x20000000                CMP_in_pins
 *fill*         0x20000002        0x2 ff
 .data.CMP_out_pins
                0x20000004        0x2 ./source/CMP.o
                0x20000004                CMP_out_pins
 *fill*         0x20000006        0x2 ff
 .data.arrayCMPirqs
                0x20000008        0x3 ./source/CMP.o
                0x20000008                arrayCMPirqs
 *fill*         0x2000000b        0x1 ff
 .data.arrayP2CMP
                0x2000000c        0xc ./source/CMP.o
                0x2000000c                arrayP2CMP
 .data.arrayP2DAC
                0x20000018        0x8 ./source/DAC.o
                0x20000018                arrayP2DAC
 .data.arrayP2FTM
                0x20000020       0x10 ./source/FTM.o
                0x20000020                arrayP2FTM
 .data.markersRXbuffer
                0x20000030       0x14 ./source/uart.o
 .data.uartIRQs_ERR
                0x20000044        0x6 ./source/uart.o
                0x20000044                uartIRQs_ERR
 *fill*         0x2000004a        0x2 ff
 .data.uartIRQs_LON
                0x2000004c        0x6 ./source/uart.o
                0x2000004c                uartIRQs_LON
 *fill*         0x20000052        0x2 ff
 .data.uartIRQs_TX_RX
                0x20000054        0x6 ./source/uart.o
                0x20000054                uartIRQs_TX_RX
                0x20000060                . = ALIGN (0x8)
 *fill*         0x2000005a        0x6 ff
                0x20000060                _edata = .

.igot.plt       0x20000060        0x0 load address 0x00001a58
 .igot.plt      0x20000060        0x0 ./source/App.o

.bss_RAM2       0x1fff0000        0x0
                [!provide]                PROVIDE (__start_bss_RAM2, .)
 *(SORT_BY_ALIGNMENT(.bss.$RAM2*))
 *(SORT_BY_ALIGNMENT(.bss.$SRAM_LOWER*))
                0x1fff0000                . = ALIGN ((. != 0x0)?0x8:0x1)
                [!provide]                PROVIDE (__end_bss_RAM2, .)

.bss_RAM3       0x14000000        0x0
                [!provide]                PROVIDE (__start_bss_RAM3, .)
 *(SORT_BY_ALIGNMENT(.bss.$RAM3*))
 *(SORT_BY_ALIGNMENT(.bss.$FLEX_RAM*))
                0x14000000                . = ALIGN ((. != 0x0)?0x8:0x1)
                [!provide]                PROVIDE (__end_bss_RAM3, .)

.bss            0x20000060      0x4b8
                0x20000060                _bss = .
 *(SORT_BY_ALIGNMENT(.bss*))
 .bss.t.5718    0x20000060        0x4 ./source/App.o
 .bss.arrayFTMcallbacks
                0x20000064       0x10 ./source/FTM.o
                0x20000064                arrayFTMcallbacks
 .bss.sysTickFun
                0x20000074        0x4 ./source/SysTick.o
                0x20000074                sysTickFun
 .bss.cantCharsInPackage
                0x20000078        0x4 ./source/comController2pc.o
                0x20000078                cantCharsInPackage
 .bss.errorsCounter
                0x2000007c        0x4 ./source/comController2pc.o
                0x2000007c                errorsCounter
 .bss.timers    0x20000080       0x50 ./source/timer.o
 .bss.RXbuffers
                0x200000d0       0x28 ./source/uart.o
 .bss.TXbuffers
                0x200000f8      0x3e8 ./source/uart.o
 .bss.countersRXfailed
                0x200004e0        0x5 ./source/uart.o
 *fill*         0x200004e5        0x3 
 .bss.flagsReading
                0x200004e8        0x5 ./source/uart.o
 *fill*         0x200004ed        0x3 
 .bss.lensTXbuffer
                0x200004f0        0x5 ./source/uart.o
 *fill*         0x200004f5        0x3 
 .bss.outMarkersTXbuffer
                0x200004f8        0x5 ./source/uart.o
 *fill*         0x200004fd        0x3 
 .bss.uartMode  0x20000500        0x5 ./source/uart.o
 *fill*         0x20000505        0x3 
 .bss.__LDM_interruptDisableCount
                0x20000508        0x4 ./SDK/startup/hardware.o
 .bss.errno     0x2000050c        0x4 c:/nxp/mcuxpressoide_10.2.0_759/ide/tools/bin/../lib/gcc/arm-none-eabi/7.2.1/../../../../arm-none-eabi/lib/thumb/v7e-m/fpv4-sp/hard\libcr_c.a(errno.o)
                0x2000050c                errno
 .bss.initialized
                0x20000510        0x1 ./source/timer.o
 *(SORT_BY_ALIGNMENT(COMMON))
                0x20000518                . = ALIGN (0x8)
 *fill*         0x20000511        0x7 
                0x20000518                _ebss = .
                [!provide]                PROVIDE (end, .)

.noinit_RAM2    0x1fff0000        0x0
 *(SORT_BY_ALIGNMENT(.noinit.$RAM2*))
 *(SORT_BY_ALIGNMENT(.noinit.$SRAM_LOWER*))
                0x1fff0000                . = ALIGN (0x8)

.noinit_RAM3    0x14000000        0x0
 *(SORT_BY_ALIGNMENT(.noinit.$RAM3*))
 *(SORT_BY_ALIGNMENT(.noinit.$FLEX_RAM*))
                0x14000000                . = ALIGN (0x8)

.noinit         0x20000518        0x0
                0x20000518                _noinit = .
 *(SORT_BY_ALIGNMENT(.noinit*))
                0x20000518                . = ALIGN (0x8)
                0x20000518                _end_noinit = .
                0x00001000                _HeapSize = 0x1000

.heap           0x20000518     0x1000
                0x20000518                _pvHeapStart = .
                0x20001518                . = (. + _HeapSize)
 *fill*         0x20000518     0x1000 
                0x20001518                . = ALIGN (0x8)
                0x20001518                _pvHeapLimit = .
                0x00001000                _StackSize = 0x1000

.heap2stackfill
                0x20001518     0x1000
                0x20002518                . = (. + _StackSize)
 *fill*         0x20001518     0x1000 

.stack          0x2002f000        0x0
                0x2002f000                _vStackBase = .
                0x2002f000                . = ALIGN (0x8)
                0x20030000                _vStackTop = (. + _StackSize)
                0x00000000                _image_start = LOADADDR (.text)
                0x00001a58                _image_end = (LOADADDR (.data) + SIZEOF (.data))
                0x00001a58                _image_size = (_image_end - _image_start)
OUTPUT(CMPplusDMA.axf elf32-littlearm)

.debug_info     0x00000000     0x635f
 .debug_info    0x00000000      0xaa7 ./source/App.o
 .debug_info    0x00000aa7      0xb0a ./source/CMP.o
 .debug_info    0x000015b1      0x426 ./source/DAC.o
 .debug_info    0x000019d7      0xe3a ./source/FTM.o
 .debug_info    0x00002811      0x518 ./source/SysTick.o
 .debug_info    0x00002d29      0x3a4 ./source/comController2pc.o
 .debug_info    0x000030cd      0x369 ./source/pinsHandler.o
 .debug_info    0x00003436      0x27a ./source/timer.o
 .debug_info    0x000036b0     0x1266 ./source/uart.o
 .debug_info    0x00004916      0x675 ./SDK/startup/hardware.o
 .debug_info    0x00004f8b      0x120 ./SDK/startup/main.o
 .debug_info    0x000050ab       0x3b ./SDK/startup/semihost_hardfault.o
 .debug_info    0x000050e6      0xc71 ./SDK/startup/startup_mk64f12.o
 .debug_info    0x00005d57      0x608 ./SDK/CMSIS/system_MK64F12.o

.debug_abbrev   0x00000000     0x173f
 .debug_abbrev  0x00000000      0x28c ./source/App.o
 .debug_abbrev  0x0000028c      0x27e ./source/CMP.o
 .debug_abbrev  0x0000050a      0x1af ./source/DAC.o
 .debug_abbrev  0x000006b9      0x30b ./source/FTM.o
 .debug_abbrev  0x000009c4      0x19c ./source/SysTick.o
 .debug_abbrev  0x00000b60      0x166 ./source/comController2pc.o
 .debug_abbrev  0x00000cc6      0x160 ./source/pinsHandler.o
 .debug_abbrev  0x00000e26      0x140 ./source/timer.o
 .debug_abbrev  0x00000f66      0x352 ./source/uart.o
 .debug_abbrev  0x000012b8      0x138 ./SDK/startup/hardware.o
 .debug_abbrev  0x000013f0       0x9b ./SDK/startup/main.o
 .debug_abbrev  0x0000148b       0x2f ./SDK/startup/semihost_hardfault.o
 .debug_abbrev  0x000014ba      0x13b ./SDK/startup/startup_mk64f12.o
 .debug_abbrev  0x000015f5      0x14a ./SDK/CMSIS/system_MK64F12.o

.debug_loc      0x00000000     0x10af
 .debug_loc     0x00000000       0x1f ./source/App.o
 .debug_loc     0x0000001f      0x126 ./source/CMP.o
 .debug_loc     0x00000145       0xaf ./source/DAC.o
 .debug_loc     0x000001f4      0x207 ./source/FTM.o
 .debug_loc     0x000003fb       0x6b ./source/SysTick.o
 .debug_loc     0x00000466      0x118 ./source/comController2pc.o
 .debug_loc     0x0000057e       0xe3 ./source/pinsHandler.o
 .debug_loc     0x00000661      0x13b ./source/timer.o
 .debug_loc     0x0000079c      0x683 ./source/uart.o
 .debug_loc     0x00000e1f      0x1e7 ./SDK/startup/startup_mk64f12.o
 .debug_loc     0x00001006       0xa9 ./SDK/CMSIS/system_MK64F12.o

.debug_aranges  0x00000000      0x700
 .debug_aranges
                0x00000000       0x30 ./source/App.o
 .debug_aranges
                0x00000030       0x58 ./source/CMP.o
 .debug_aranges
                0x00000088       0x30 ./source/DAC.o
 .debug_aranges
                0x000000b8       0x88 ./source/FTM.o
 .debug_aranges
                0x00000140       0x28 ./source/SysTick.o
 .debug_aranges
                0x00000168       0x38 ./source/comController2pc.o
 .debug_aranges
                0x000001a0       0x50 ./source/pinsHandler.o
 .debug_aranges
                0x000001f0       0x50 ./source/timer.o
 .debug_aranges
                0x00000240       0xf0 ./source/uart.o
 .debug_aranges
                0x00000330       0x30 ./SDK/startup/hardware.o
 .debug_aranges
                0x00000360       0x20 ./SDK/startup/main.o
 .debug_aranges
                0x00000380       0x20 ./SDK/startup/semihost_hardfault.o
 .debug_aranges
                0x000003a0      0x330 ./SDK/startup/startup_mk64f12.o
 .debug_aranges
                0x000006d0       0x30 ./SDK/CMSIS/system_MK64F12.o

.debug_ranges   0x00000000      0x658
 .debug_ranges  0x00000000       0x20 ./source/App.o
 .debug_ranges  0x00000020       0x48 ./source/CMP.o
 .debug_ranges  0x00000068       0x20 ./source/DAC.o
 .debug_ranges  0x00000088       0xb0 ./source/FTM.o
 .debug_ranges  0x00000138       0x18 ./source/SysTick.o
 .debug_ranges  0x00000150       0x28 ./source/comController2pc.o
 .debug_ranges  0x00000178       0x40 ./source/pinsHandler.o
 .debug_ranges  0x000001b8       0x40 ./source/timer.o
 .debug_ranges  0x000001f8       0xe0 ./source/uart.o
 .debug_ranges  0x000002d8       0x20 ./SDK/startup/hardware.o
 .debug_ranges  0x000002f8       0x10 ./SDK/startup/main.o
 .debug_ranges  0x00000308       0x10 ./SDK/startup/semihost_hardfault.o
 .debug_ranges  0x00000318      0x320 ./SDK/startup/startup_mk64f12.o
 .debug_ranges  0x00000638       0x20 ./SDK/CMSIS/system_MK64F12.o

.debug_macro    0x00000000    0x11aeb
 .debug_macro   0x00000000      0x117 ./source/App.o
 .debug_macro   0x00000117       0x1c ./source/App.o
 .debug_macro   0x00000133       0x1c ./source/App.o
 .debug_macro   0x0000014f      0x34e ./source/App.o
 .debug_macro   0x0000049d       0x22 ./source/App.o
 .debug_macro   0x000004bf       0x22 ./source/App.o
 .debug_macro   0x000004e1       0x52 ./source/App.o
 .debug_macro   0x00000533       0x17 ./source/App.o
 .debug_macro   0x0000054a       0x8d ./source/App.o
 .debug_macro   0x000005d7       0x35 ./source/App.o
 .debug_macro   0x0000060c       0x9c ./source/App.o
 .debug_macro   0x000006a8      0x174 ./source/App.o
 .debug_macro   0x0000081c       0x57 ./source/App.o
 .debug_macro   0x00000873       0x58 ./source/App.o
 .debug_macro   0x000008cb       0x1f ./source/App.o
 .debug_macro   0x000008ea       0x43 ./source/App.o
 .debug_macro   0x0000092d       0x20 ./source/App.o
 .debug_macro   0x0000094d      0x18e ./source/App.o
 .debug_macro   0x00000adb      0x330 ./source/App.o
 .debug_macro   0x00000e0b      0x1e1 ./source/App.o
 .debug_macro   0x00000fec       0xae ./source/CMP.o
 .debug_macro   0x0000109a       0x5c ./source/CMP.o
 .debug_macro   0x000010f6       0x1c ./source/CMP.o
 .debug_macro   0x00001112       0x22 ./source/CMP.o
 .debug_macro   0x00001134       0xdf ./source/CMP.o
 .debug_macro   0x00001213      0xecf ./source/CMP.o
 .debug_macro   0x000020e2       0x48 ./source/CMP.o
 .debug_macro   0x0000212a     0xe07b ./source/CMP.o
 .debug_macro   0x000101a5       0x22 ./source/CMP.o
 .debug_macro   0x000101c7       0x95 ./source/DAC.o
 .debug_macro   0x0001025c       0xa1 ./source/FTM.o
 .debug_macro   0x000102fd       0x22 ./source/FTM.o
 .debug_macro   0x0001031f       0x96 ./source/SysTick.o
 .debug_macro   0x000103b5       0x61 ./source/comController2pc.o
 .debug_macro   0x00010416       0x46 ./source/comController2pc.o
 .debug_macro   0x0001045c       0x92 ./source/pinsHandler.o
 .debug_macro   0x000104ee       0x58 ./source/timer.o
 .debug_macro   0x00010546       0x10 ./source/timer.o
 .debug_macro   0x00010556      0x118 ./source/uart.o
 .debug_macro   0x0001066e       0x40 ./source/uart.o
 .debug_macro   0x000106ae       0x10 ./source/uart.o
 .debug_macro   0x000106be     0x122b ./source/uart.o
 .debug_macro   0x000118e9       0x16 ./source/uart.o
 .debug_macro   0x000118ff       0x9c ./SDK/startup/hardware.o
 .debug_macro   0x0001199b       0x9c ./SDK/startup/main.o
 .debug_macro   0x00011a37       0x11 ./SDK/startup/semihost_hardfault.o
 .debug_macro   0x00011a48       0x23 ./SDK/startup/startup_mk64f12.o
 .debug_macro   0x00011a6b       0x80 ./SDK/CMSIS/system_MK64F12.o

.debug_line     0x00000000     0x2004
 .debug_line    0x00000000      0x29a ./source/App.o
 .debug_line    0x0000029a      0x1e7 ./source/CMP.o
 .debug_line    0x00000481      0x173 ./source/DAC.o
 .debug_line    0x000005f4      0x2b9 ./source/FTM.o
 .debug_line    0x000008ad      0x163 ./source/SysTick.o
 .debug_line    0x00000a10      0x173 ./source/comController2pc.o
 .debug_line    0x00000b83      0x1b3 ./source/pinsHandler.o
 .debug_line    0x00000d36      0x178 ./source/timer.o
 .debug_line    0x00000eae      0x517 ./source/uart.o
 .debug_line    0x000013c5      0x1cb ./SDK/startup/hardware.o
 .debug_line    0x00001590      0x175 ./SDK/startup/main.o
 .debug_line    0x00001705       0x55 ./SDK/startup/semihost_hardfault.o
 .debug_line    0x0000175a      0x6d8 ./SDK/startup/startup_mk64f12.o
 .debug_line    0x00001e32      0x1d2 ./SDK/CMSIS/system_MK64F12.o

.debug_str      0x00000000    0x7cbc2
 .debug_str     0x00000000     0x731b ./source/App.o
                               0x75ad (size before relaxing)
 .debug_str     0x0000731b    0x6d506 ./source/CMP.o
                              0x70d91 (size before relaxing)
 .debug_str     0x00074821       0x96 ./source/DAC.o
                              0x70708 (size before relaxing)
 .debug_str     0x000748b7      0x51c ./source/FTM.o
                              0x71090 (size before relaxing)
 .debug_str     0x00074dd3       0xab ./source/SysTick.o
                              0x70db2 (size before relaxing)
 .debug_str     0x00074e7e      0x2a3 ./source/comController2pc.o
                               0x3b4d (size before relaxing)
 .debug_str     0x00075121       0xac ./source/pinsHandler.o
                              0x7061b (size before relaxing)
 .debug_str     0x000751cd      0x129 ./source/timer.o
                               0x39dd (size before relaxing)
 .debug_str     0x000752f6     0x6fc0 ./source/uart.o
                              0x77d01 (size before relaxing)
 .debug_str     0x0007c2b6      0x16f ./SDK/startup/hardware.o
                              0x771fb (size before relaxing)
 .debug_str     0x0007c425       0x1b ./SDK/startup/main.o
                              0x77011 (size before relaxing)
 .debug_str     0x0007c440       0x36 ./SDK/startup/semihost_hardfault.o
                               0x2d35 (size before relaxing)
 .debug_str     0x0007c476      0x6f5 ./SDK/startup/startup_mk64f12.o
                               0x35a4 (size before relaxing)
 .debug_str     0x0007cb6b       0x57 ./SDK/CMSIS/system_MK64F12.o
                              0x7710a (size before relaxing)

.comment        0x00000000       0x7e
 .comment       0x00000000       0x7e ./source/App.o
                                 0x7f (size before relaxing)
 .comment       0x0000007e       0x7f ./source/CMP.o
 .comment       0x0000007e       0x7f ./source/DAC.o
 .comment       0x0000007e       0x7f ./source/FTM.o
 .comment       0x0000007e       0x7f ./source/SysTick.o
 .comment       0x0000007e       0x7f ./source/comController2pc.o
 .comment       0x0000007e       0x7f ./source/pinsHandler.o
 .comment       0x0000007e       0x7f ./source/timer.o
 .comment       0x0000007e       0x7f ./source/uart.o
 .comment       0x0000007e       0x7f ./SDK/startup/hardware.o
 .comment       0x0000007e       0x7f ./SDK/startup/main.o
 .comment       0x0000007e       0x7f ./SDK/startup/semihost_hardfault.o
 .comment       0x0000007e       0x7f ./SDK/startup/startup_mk64f12.o
 .comment       0x0000007e       0x7f ./SDK/CMSIS/system_MK64F12.o
 .comment       0x0000007e       0x7f c:/nxp/mcuxpressoide_10.2.0_759/ide/tools/bin/../lib/gcc/arm-none-eabi/7.2.1/../../../../arm-none-eabi/lib/thumb/v7e-m/fpv4-sp/hard\libcr_c.a(sin.o)
 .comment       0x0000007e       0x7f c:/nxp/mcuxpressoide_10.2.0_759/ide/tools/bin/../lib/gcc/arm-none-eabi/7.2.1/../../../../arm-none-eabi/lib/thumb/v7e-m/fpv4-sp/hard\libcr_c.a(_sincos.o)
 .comment       0x0000007e       0x7f c:/nxp/mcuxpressoide_10.2.0_759/ide/tools/bin/../lib/gcc/arm-none-eabi/7.2.1/../../../../arm-none-eabi/lib/thumb/v7e-m/fpv4-sp/hard\libcr_c.a(errno.o)
 .comment       0x0000007e       0x7f c:/nxp/mcuxpressoide_10.2.0_759/ide/tools/bin/../lib/gcc/arm-none-eabi/7.2.1/../../../../arm-none-eabi/lib/thumb/v7e-m/fpv4-sp/hard\libcr_c.a(fabs.o)
 .comment       0x0000007e       0x7f c:/nxp/mcuxpressoide_10.2.0_759/ide/tools/bin/../lib/gcc/arm-none-eabi/7.2.1/../../../../arm-none-eabi/lib/thumb/v7e-m/fpv4-sp/hard\libcr_c.a(_hugeval.o)
 .comment       0x0000007e       0x7f c:/nxp/mcuxpressoide_10.2.0_759/ide/tools/bin/../lib/gcc/arm-none-eabi/7.2.1/thumb/v7e-m/fpv4-sp/hard\libcr_eabihelpers.a(double.o)
 .comment       0x0000007e       0x7f c:/nxp/mcuxpressoide_10.2.0_759/ide/tools/bin/../lib/gcc/arm-none-eabi/7.2.1/thumb/v7e-m/fpv4-sp/hard\libcr_eabihelpers.a(float.o)

.ARM.attributes
                0x00000000       0x39
 .ARM.attributes
                0x00000000       0x39 ./source/App.o
 .ARM.attributes
                0x00000039       0x39 ./source/CMP.o
 .ARM.attributes
                0x00000072       0x39 ./source/DAC.o
 .ARM.attributes
                0x000000ab       0x39 ./source/FTM.o
 .ARM.attributes
                0x000000e4       0x39 ./source/SysTick.o
 .ARM.attributes
                0x0000011d       0x39 ./source/comController2pc.o
 .ARM.attributes
                0x00000156       0x39 ./source/pinsHandler.o
 .ARM.attributes
                0x0000018f       0x39 ./source/timer.o
 .ARM.attributes
                0x000001c8       0x39 ./source/uart.o
 .ARM.attributes
                0x00000201       0x39 ./SDK/startup/hardware.o
 .ARM.attributes
                0x0000023a       0x39 ./SDK/startup/main.o
 .ARM.attributes
                0x00000273       0x39 ./SDK/startup/semihost_hardfault.o
 .ARM.attributes
                0x000002ac       0x39 ./SDK/startup/startup_mk64f12.o
 .ARM.attributes
                0x000002e5       0x39 ./SDK/CMSIS/system_MK64F12.o
 .ARM.attributes
                0x0000031e       0x39 c:/nxp/mcuxpressoide_10.2.0_759/ide/tools/bin/../lib/gcc/arm-none-eabi/7.2.1/../../../../arm-none-eabi/lib/thumb/v7e-m/fpv4-sp/hard\libcr_c.a(sin.o)
 .ARM.attributes
                0x00000357       0x39 c:/nxp/mcuxpressoide_10.2.0_759/ide/tools/bin/../lib/gcc/arm-none-eabi/7.2.1/../../../../arm-none-eabi/lib/thumb/v7e-m/fpv4-sp/hard\libcr_c.a(_sincos.o)
 .ARM.attributes
                0x00000390       0x39 c:/nxp/mcuxpressoide_10.2.0_759/ide/tools/bin/../lib/gcc/arm-none-eabi/7.2.1/../../../../arm-none-eabi/lib/thumb/v7e-m/fpv4-sp/hard\libcr_c.a(errno.o)
 .ARM.attributes
                0x000003c9       0x39 c:/nxp/mcuxpressoide_10.2.0_759/ide/tools/bin/../lib/gcc/arm-none-eabi/7.2.1/../../../../arm-none-eabi/lib/thumb/v7e-m/fpv4-sp/hard\libcr_c.a(fabs.o)
 .ARM.attributes
                0x00000402       0x39 c:/nxp/mcuxpressoide_10.2.0_759/ide/tools/bin/../lib/gcc/arm-none-eabi/7.2.1/../../../../arm-none-eabi/lib/thumb/v7e-m/fpv4-sp/hard\libcr_c.a(_hugeval.o)
 .ARM.attributes
                0x0000043b       0x39 c:/nxp/mcuxpressoide_10.2.0_759/ide/tools/bin/../lib/gcc/arm-none-eabi/7.2.1/thumb/v7e-m/fpv4-sp/hard\libcr_eabihelpers.a(double.o)
 .ARM.attributes
                0x00000474       0x39 c:/nxp/mcuxpressoide_10.2.0_759/ide/tools/bin/../lib/gcc/arm-none-eabi/7.2.1/thumb/v7e-m/fpv4-sp/hard\libcr_eabihelpers.a(float.o)

.debug_frame    0x00000000     0x10e8
 .debug_frame   0x00000000       0x54 ./source/App.o
 .debug_frame   0x00000054       0xb0 ./source/CMP.o
 .debug_frame   0x00000104       0x48 ./source/DAC.o
 .debug_frame   0x0000014c      0x130 ./source/FTM.o
 .debug_frame   0x0000027c       0x38 ./source/SysTick.o
 .debug_frame   0x000002b4       0x88 ./source/comController2pc.o
 .debug_frame   0x0000033c       0x80 ./source/pinsHandler.o
 .debug_frame   0x000003bc       0xa4 ./source/timer.o
 .debug_frame   0x00000460      0x2b4 ./source/uart.o
 .debug_frame   0x00000714       0x40 ./SDK/startup/hardware.o
 .debug_frame   0x00000754       0x28 ./SDK/startup/main.o
 .debug_frame   0x0000077c       0x20 ./SDK/startup/semihost_hardfault.o
 .debug_frame   0x0000079c      0x904 ./SDK/startup/startup_mk64f12.o
 .debug_frame   0x000010a0       0x48 ./SDK/CMSIS/system_MK64F12.o
