Archive member included to satisfy reference by file (symbol)

c:/nxp/mcuxpressoide_10.2.0_759/ide/tools/bin/../lib/gcc/arm-none-eabi/7.2.1/../../../../arm-none-eabi/lib/thumb/v7e-m/fpv4-sp/hard\libcr_c.a(sin.o)
                              ./source/App.o (sin)
c:/nxp/mcuxpressoide_10.2.0_759/ide/tools/bin/../lib/gcc/arm-none-eabi/7.2.1/../../../../arm-none-eabi/lib/thumb/v7e-m/fpv4-sp/hard\libcr_c.a(_sincos.o)
                              c:/nxp/mcuxpressoide_10.2.0_759/ide/tools/bin/../lib/gcc/arm-none-eabi/7.2.1/../../../../arm-none-eabi/lib/thumb/v7e-m/fpv4-sp/hard\libcr_c.a(sin.o) (_sincos)
c:/nxp/mcuxpressoide_10.2.0_759/ide/tools/bin/../lib/gcc/arm-none-eabi/7.2.1/../../../../arm-none-eabi/lib/thumb/v7e-m/fpv4-sp/hard\libcr_c.a(errno.o)
                              c:/nxp/mcuxpressoide_10.2.0_759/ide/tools/bin/../lib/gcc/arm-none-eabi/7.2.1/../../../../arm-none-eabi/lib/thumb/v7e-m/fpv4-sp/hard\libcr_c.a(_sincos.o) (errno)
c:/nxp/mcuxpressoide_10.2.0_759/ide/tools/bin/../lib/gcc/arm-none-eabi/7.2.1/../../../../arm-none-eabi/lib/thumb/v7e-m/fpv4-sp/hard\libcr_c.a(fabs.o)
                              c:/nxp/mcuxpressoide_10.2.0_759/ide/tools/bin/../lib/gcc/arm-none-eabi/7.2.1/../../../../arm-none-eabi/lib/thumb/v7e-m/fpv4-sp/hard\libcr_c.a(_sincos.o) (fabs)
c:/nxp/mcuxpressoide_10.2.0_759/ide/tools/bin/../lib/gcc/arm-none-eabi/7.2.1/../../../../arm-none-eabi/lib/thumb/v7e-m/fpv4-sp/hard\libcr_c.a(_hugeval.o)
                              c:/nxp/mcuxpressoide_10.2.0_759/ide/tools/bin/../lib/gcc/arm-none-eabi/7.2.1/../../../../arm-none-eabi/lib/thumb/v7e-m/fpv4-sp/hard\libcr_c.a(_sincos.o) (__huge_val)
c:/nxp/mcuxpressoide_10.2.0_759/ide/tools/bin/../lib/gcc/arm-none-eabi/7.2.1/thumb/v7e-m/fpv4-sp/hard\libcr_eabihelpers.a(double.o)
                              ./source/App.o (__aeabi_dmul)
c:/nxp/mcuxpressoide_10.2.0_759/ide/tools/bin/../lib/gcc/arm-none-eabi/7.2.1/thumb/v7e-m/fpv4-sp/hard\libcr_eabihelpers.a(float.o)
                              ./source/App.o (__aeabi_f2d)

Discarded input sections

 .group         0x00000000        0xc ./source/ADC.o
 .text          0x00000000        0x0 ./source/ADC.o
 .data          0x00000000        0x0 ./source/ADC.o
 .bss           0x00000000        0x0 ./source/ADC.o
 .debug_info    0x00000000       0x21 ./source/ADC.o
 .debug_abbrev  0x00000000       0x13 ./source/ADC.o
 .debug_aranges
                0x00000000       0x18 ./source/ADC.o
 .debug_macro   0x00000000       0x1b ./source/ADC.o
 .debug_macro   0x00000000      0xa5a ./source/ADC.o
 .debug_line    0x00000000       0x39 ./source/ADC.o
 .debug_str     0x00000000     0x2d17 ./source/ADC.o
 .comment       0x00000000       0x7f ./source/ADC.o
 .ARM.attributes
                0x00000000       0x39 ./source/ADC.o
 .group         0x00000000        0xc ./source/App.o
 .group         0x00000000        0xc ./source/App.o
 .group         0x00000000        0xc ./source/App.o
 .group         0x00000000        0xc ./source/App.o
 .group         0x00000000        0xc ./source/App.o
 .group         0x00000000        0xc ./source/App.o
 .group         0x00000000        0xc ./source/App.o
 .group         0x00000000        0xc ./source/App.o
 .group         0x00000000        0xc ./source/App.o
 .group         0x00000000        0xc ./source/App.o
 .group         0x00000000        0xc ./source/App.o
 .group         0x00000000        0xc ./source/App.o
 .group         0x00000000        0xc ./source/App.o
 .group         0x00000000        0xc ./source/App.o
 .group         0x00000000        0xc ./source/App.o
 .group         0x00000000        0xc ./source/App.o
 .group         0x00000000        0xc ./source/App.o
 .group         0x00000000        0xc ./source/App.o
 .group         0x00000000        0xc ./source/App.o
 .group         0x00000000        0xc ./source/App.o
 .text          0x00000000        0x0 ./source/App.o
 .data          0x00000000        0x0 ./source/App.o
 .bss           0x00000000        0x0 ./source/App.o
 .text.senoidalCallback
                0x00000000       0x9c ./source/App.o
 .bss.t.5717    0x00000000        0x4 ./source/App.o
 .debug_macro   0x00000000      0xa5a ./source/App.o
 .group         0x00000000        0xc ./source/CMP.o
 .group         0x00000000        0xc ./source/CMP.o
 .group         0x00000000        0xc ./source/CMP.o
 .group         0x00000000        0xc ./source/CMP.o
 .group         0x00000000        0xc ./source/CMP.o
 .group         0x00000000        0xc ./source/CMP.o
 .group         0x00000000        0xc ./source/CMP.o
 .group         0x00000000        0xc ./source/CMP.o
 .group         0x00000000        0xc ./source/CMP.o
 .group         0x00000000        0xc ./source/CMP.o
 .group         0x00000000        0xc ./source/CMP.o
 .text          0x00000000        0x0 ./source/CMP.o
 .data          0x00000000        0x0 ./source/CMP.o
 .bss           0x00000000        0x0 ./source/CMP.o
 .text.enableDMA
                0x00000000        0x2 ./source/CMP.o
 .debug_macro   0x00000000      0xa5a ./source/CMP.o
 .debug_macro   0x00000000      0x34e ./source/CMP.o
 .debug_macro   0x00000000       0x22 ./source/CMP.o
 .group         0x00000000        0xc ./source/DAC.o
 .group         0x00000000        0xc ./source/DAC.o
 .group         0x00000000        0xc ./source/DAC.o
 .group         0x00000000        0xc ./source/DAC.o
 .group         0x00000000        0xc ./source/DAC.o
 .group         0x00000000        0xc ./source/DAC.o
 .group         0x00000000        0xc ./source/DAC.o
 .group         0x00000000        0xc ./source/DAC.o
 .group         0x00000000        0xc ./source/DAC.o
 .group         0x00000000        0xc ./source/DAC.o
 .group         0x00000000        0xc ./source/DAC.o
 .group         0x00000000        0xc ./source/DAC.o
 .text          0x00000000        0x0 ./source/DAC.o
 .data          0x00000000        0x0 ./source/DAC.o
 .bss           0x00000000        0x0 ./source/DAC.o
 .text.writeDACvalue
                0x00000000       0x58 ./source/DAC.o
 .text.DACclockGating
                0x00000000       0x1c ./source/DAC.o
 .text.DACinit  0x00000000       0x3c ./source/DAC.o
 .data.arrayP2DAC
                0x00000000        0x8 ./source/DAC.o
 .debug_info    0x00000000      0x426 ./source/DAC.o
 .debug_abbrev  0x00000000      0x1af ./source/DAC.o
 .debug_loc     0x00000000       0xaf ./source/DAC.o
 .debug_aranges
                0x00000000       0x30 ./source/DAC.o
 .debug_ranges  0x00000000       0x20 ./source/DAC.o
 .debug_macro   0x00000000       0x95 ./source/DAC.o
 .debug_macro   0x00000000      0xa5a ./source/DAC.o
 .debug_macro   0x00000000       0x1c ./source/DAC.o
 .debug_macro   0x00000000       0x5c ./source/DAC.o
 .debug_macro   0x00000000      0x34e ./source/DAC.o
 .debug_macro   0x00000000       0x1c ./source/DAC.o
 .debug_macro   0x00000000       0x22 ./source/DAC.o
 .debug_macro   0x00000000       0xdf ./source/DAC.o
 .debug_macro   0x00000000      0xecf ./source/DAC.o
 .debug_macro   0x00000000       0x48 ./source/DAC.o
 .debug_macro   0x00000000     0xe07b ./source/DAC.o
 .debug_macro   0x00000000       0x22 ./source/DAC.o
 .debug_macro   0x00000000       0x22 ./source/DAC.o
 .debug_line    0x00000000      0x173 ./source/DAC.o
 .debug_str     0x00000000    0x70708 ./source/DAC.o
 .comment       0x00000000       0x7f ./source/DAC.o
 .debug_frame   0x00000000       0x48 ./source/DAC.o
 .ARM.attributes
                0x00000000       0x39 ./source/DAC.o
 .group         0x00000000        0xc ./source/DMA.o
 .group         0x00000000        0xc ./source/DMA.o
 .group         0x00000000        0xc ./source/DMA.o
 .group         0x00000000        0xc ./source/DMA.o
 .group         0x00000000        0xc ./source/DMA.o
 .group         0x00000000        0xc ./source/DMA.o
 .group         0x00000000        0xc ./source/DMA.o
 .group         0x00000000        0xc ./source/DMA.o
 .group         0x00000000        0xc ./source/DMA.o
 .text          0x00000000        0x0 ./source/DMA.o
 .data          0x00000000        0x0 ./source/DMA.o
 .bss           0x00000000        0x0 ./source/DMA.o
 .debug_info    0x00000000       0x9a ./source/DMA.o
 .debug_abbrev  0x00000000       0x5f ./source/DMA.o
 .debug_aranges
                0x00000000       0x18 ./source/DMA.o
 .debug_macro   0x00000000       0x6e ./source/DMA.o
 .debug_macro   0x00000000      0xa5a ./source/DMA.o
 .debug_macro   0x00000000       0x5c ./source/DMA.o
 .debug_macro   0x00000000      0x34e ./source/DMA.o
 .debug_macro   0x00000000       0x1c ./source/DMA.o
 .debug_macro   0x00000000       0x22 ./source/DMA.o
 .debug_macro   0x00000000       0xdf ./source/DMA.o
 .debug_macro   0x00000000      0xecf ./source/DMA.o
 .debug_macro   0x00000000       0x48 ./source/DMA.o
 .debug_macro   0x00000000     0xe07b ./source/DMA.o
 .debug_line    0x00000000      0x10c ./source/DMA.o
 .debug_str     0x00000000    0x70445 ./source/DMA.o
 .comment       0x00000000       0x7f ./source/DMA.o
 .ARM.attributes
                0x00000000       0x39 ./source/DMA.o
 .group         0x00000000        0xc ./source/FTM.o
 .group         0x00000000        0xc ./source/FTM.o
 .group         0x00000000        0xc ./source/FTM.o
 .group         0x00000000        0xc ./source/FTM.o
 .group         0x00000000        0xc ./source/FTM.o
 .group         0x00000000        0xc ./source/FTM.o
 .group         0x00000000        0xc ./source/FTM.o
 .group         0x00000000        0xc ./source/FTM.o
 .group         0x00000000        0xc ./source/FTM.o
 .group         0x00000000        0xc ./source/FTM.o
 .group         0x00000000        0xc ./source/FTM.o
 .group         0x00000000        0xc ./source/FTM.o
 .text          0x00000000        0x0 ./source/FTM.o
 .data          0x00000000        0x0 ./source/FTM.o
 .bss           0x00000000        0x0 ./source/FTM.o
 .text.setFTMtimer
                0x00000000       0xb0 ./source/FTM.o
 .text.FTMclockGating
                0x00000000       0x38 ./source/FTM.o
 .text.setFTMprescaler
                0x00000000       0x14 ./source/FTM.o
 .text.FTMinit  0x00000000       0xf8 ./source/FTM.o
 .text.updatePWMduty
                0x00000000        0x2 ./source/FTM.o
 .text.updatePWMperiod
                0x00000000        0x2 ./source/FTM.o
 .text.updateCnV
                0x00000000        0x2 ./source/FTM.o
 .text.getCnV   0x00000000        0x4 ./source/FTM.o
 .text.enableFTMinterrupts
                0x00000000       0x24 ./source/FTM.o
 .text.disableFTMinterrupts
                0x00000000       0x2c ./source/FTM.o
 .data.arrayFTMirqs
                0x00000000        0x4 ./source/FTM.o
 .debug_macro   0x00000000      0xa5a ./source/FTM.o
 .debug_macro   0x00000000       0x5c ./source/FTM.o
 .debug_macro   0x00000000      0x34e ./source/FTM.o
 .debug_macro   0x00000000       0x1c ./source/FTM.o
 .debug_macro   0x00000000       0x22 ./source/FTM.o
 .debug_macro   0x00000000       0xdf ./source/FTM.o
 .debug_macro   0x00000000      0xecf ./source/FTM.o
 .debug_macro   0x00000000       0x48 ./source/FTM.o
 .debug_macro   0x00000000     0xe07b ./source/FTM.o
 .debug_macro   0x00000000       0x22 ./source/FTM.o
 .debug_macro   0x00000000       0x22 ./source/FTM.o
 .group         0x00000000        0xc ./source/SysTick.o
 .group         0x00000000        0xc ./source/SysTick.o
 .group         0x00000000        0xc ./source/SysTick.o
 .group         0x00000000        0xc ./source/SysTick.o
 .group         0x00000000        0xc ./source/SysTick.o
 .group         0x00000000        0xc ./source/SysTick.o
 .group         0x00000000        0xc ./source/SysTick.o
 .group         0x00000000        0xc ./source/SysTick.o
 .group         0x00000000        0xc ./source/SysTick.o
 .group         0x00000000        0xc ./source/SysTick.o
 .group         0x00000000        0xc ./source/SysTick.o
 .text          0x00000000        0x0 ./source/SysTick.o
 .data          0x00000000        0x0 ./source/SysTick.o
 .bss           0x00000000        0x0 ./source/SysTick.o
 .text.SysTick_Init
                0x00000000       0x2c ./source/SysTick.o
 .debug_macro   0x00000000      0xa5a ./source/SysTick.o
 .debug_macro   0x00000000       0x22 ./source/SysTick.o
 .debug_macro   0x00000000       0x5c ./source/SysTick.o
 .debug_macro   0x00000000      0x34e ./source/SysTick.o
 .debug_macro   0x00000000       0x1c ./source/SysTick.o
 .debug_macro   0x00000000       0x22 ./source/SysTick.o
 .debug_macro   0x00000000       0xdf ./source/SysTick.o
 .debug_macro   0x00000000      0xecf ./source/SysTick.o
 .debug_macro   0x00000000       0x48 ./source/SysTick.o
 .debug_macro   0x00000000     0xe07b ./source/SysTick.o
 .debug_macro   0x00000000      0x174 ./source/SysTick.o
 .group         0x00000000        0xc ./source/comController2pc.o
 .group         0x00000000        0xc ./source/comController2pc.o
 .group         0x00000000        0xc ./source/comController2pc.o
 .group         0x00000000        0xc ./source/comController2pc.o
 .group         0x00000000        0xc ./source/comController2pc.o
 .text          0x00000000        0x0 ./source/comController2pc.o
 .data          0x00000000        0x0 ./source/comController2pc.o
 .bss           0x00000000        0x0 ./source/comController2pc.o
 .text.initResourcesController2pc
                0x00000000       0x48 ./source/comController2pc.o
 .text.sendMessage2pc
                0x00000000       0x3c ./source/comController2pc.o
 .text.areStringsEqual
                0x00000000       0x24 ./source/comController2pc.o
 .text.rxCallback
                0x00000000       0x68 ./source/comController2pc.o
 .bss.answerMsg
                0x00000000        0x1 ./source/comController2pc.o
 .bss.cantCharsInPackage
                0x00000000        0x4 ./source/comController2pc.o
 .bss.errorsCounter
                0x00000000        0x4 ./source/comController2pc.o
 .bss.package2pc
                0x00000000        0x6 ./source/comController2pc.o
 .debug_info    0x00000000      0x3a4 ./source/comController2pc.o
 .debug_abbrev  0x00000000      0x166 ./source/comController2pc.o
 .debug_loc     0x00000000      0x118 ./source/comController2pc.o
 .debug_aranges
                0x00000000       0x38 ./source/comController2pc.o
 .debug_ranges  0x00000000       0x28 ./source/comController2pc.o
 .debug_macro   0x00000000       0x61 ./source/comController2pc.o
 .debug_macro   0x00000000      0xa5a ./source/comController2pc.o
 .debug_macro   0x00000000       0x1c ./source/comController2pc.o
 .debug_macro   0x00000000       0x22 ./source/comController2pc.o
 .debug_macro   0x00000000      0x34e ./source/comController2pc.o
 .debug_macro   0x00000000       0x46 ./source/comController2pc.o
 .debug_line    0x00000000      0x173 ./source/comController2pc.o
 .debug_str     0x00000000     0x3b4d ./source/comController2pc.o
 .comment       0x00000000       0x7f ./source/comController2pc.o
 .debug_frame   0x00000000       0x88 ./source/comController2pc.o
 .ARM.attributes
                0x00000000       0x39 ./source/comController2pc.o
 .group         0x00000000        0xc ./source/pinsHandler.o
 .group         0x00000000        0xc ./source/pinsHandler.o
 .group         0x00000000        0xc ./source/pinsHandler.o
 .group         0x00000000        0xc ./source/pinsHandler.o
 .group         0x00000000        0xc ./source/pinsHandler.o
 .group         0x00000000        0xc ./source/pinsHandler.o
 .group         0x00000000        0xc ./source/pinsHandler.o
 .group         0x00000000        0xc ./source/pinsHandler.o
 .group         0x00000000        0xc ./source/pinsHandler.o
 .group         0x00000000        0xc ./source/pinsHandler.o
 .group         0x00000000        0xc ./source/pinsHandler.o
 .text          0x00000000        0x0 ./source/pinsHandler.o
 .data          0x00000000        0x0 ./source/pinsHandler.o
 .bss           0x00000000        0x0 ./source/pinsHandler.o
 .text.isPinValid
                0x00000000        0xc ./source/pinsHandler.o
 .text.setPCRpullEnable
                0x00000000        0xe ./source/pinsHandler.o
 .text.setPCRpullUp
                0x00000000        0xe ./source/pinsHandler.o
 .text.setPCRpullDown
                0x00000000        0xe ./source/pinsHandler.o
 .text.setPCRopenDrainEnable
                0x00000000        0xe ./source/pinsHandler.o
 .debug_macro   0x00000000      0xa5a ./source/pinsHandler.o
 .debug_macro   0x00000000       0x5c ./source/pinsHandler.o
 .debug_macro   0x00000000      0x34e ./source/pinsHandler.o
 .debug_macro   0x00000000       0x1c ./source/pinsHandler.o
 .debug_macro   0x00000000       0x22 ./source/pinsHandler.o
 .debug_macro   0x00000000       0xdf ./source/pinsHandler.o
 .debug_macro   0x00000000      0xecf ./source/pinsHandler.o
 .debug_macro   0x00000000       0x48 ./source/pinsHandler.o
 .debug_macro   0x00000000     0xe07b ./source/pinsHandler.o
 .debug_macro   0x00000000       0x22 ./source/pinsHandler.o
 .debug_macro   0x00000000       0x22 ./source/pinsHandler.o
 .group         0x00000000        0xc ./source/timer.o
 .group         0x00000000        0xc ./source/timer.o
 .group         0x00000000        0xc ./source/timer.o
 .group         0x00000000        0xc ./source/timer.o
 .text          0x00000000        0x0 ./source/timer.o
 .data          0x00000000        0x0 ./source/timer.o
 .bss           0x00000000        0x0 ./source/timer.o
 .text.sysTickCallback
                0x00000000       0x34 ./source/timer.o
 .text.InitializeTimers
                0x00000000       0x40 ./source/timer.o
 .text.SetTimer
                0x00000000       0x54 ./source/timer.o
 .text.EnableTimer
                0x00000000       0x10 ./source/timer.o
 .text.DisableTimer
                0x00000000       0x10 ./source/timer.o
 .text.RestartTimer
                0x00000000       0x10 ./source/timer.o
 .text.GetTimerCount
                0x00000000       0x10 ./source/timer.o
 .bss.initialized
                0x00000000        0x1 ./source/timer.o
 .bss.timers    0x00000000       0x50 ./source/timer.o
 .debug_info    0x00000000      0x27a ./source/timer.o
 .debug_abbrev  0x00000000      0x140 ./source/timer.o
 .debug_loc     0x00000000      0x13b ./source/timer.o
 .debug_aranges
                0x00000000       0x50 ./source/timer.o
 .debug_ranges  0x00000000       0x40 ./source/timer.o
 .debug_macro   0x00000000       0x58 ./source/timer.o
 .debug_macro   0x00000000      0xa5a ./source/timer.o
 .debug_macro   0x00000000       0x22 ./source/timer.o
 .debug_macro   0x00000000      0x34e ./source/timer.o
 .debug_macro   0x00000000       0x10 ./source/timer.o
 .debug_line    0x00000000      0x178 ./source/timer.o
 .debug_str     0x00000000     0x39dd ./source/timer.o
 .comment       0x00000000       0x7f ./source/timer.o
 .debug_frame   0x00000000       0xa4 ./source/timer.o
 .ARM.attributes
                0x00000000       0x39 ./source/timer.o
 .group         0x00000000        0xc ./source/uart.o
 .group         0x00000000        0xc ./source/uart.o
 .group         0x00000000        0xc ./source/uart.o
 .group         0x00000000        0xc ./source/uart.o
 .group         0x00000000        0xc ./source/uart.o
 .group         0x00000000        0xc ./source/uart.o
 .group         0x00000000        0xc ./source/uart.o
 .group         0x00000000        0xc ./source/uart.o
 .group         0x00000000        0xc ./source/uart.o
 .group         0x00000000        0xc ./source/uart.o
 .group         0x00000000        0xc ./source/uart.o
 .group         0x00000000        0xc ./source/uart.o
 .group         0x00000000        0xc ./source/uart.o
 .group         0x00000000        0xc ./source/uart.o
 .group         0x00000000        0xc ./source/uart.o
 .text          0x00000000        0x0 ./source/uart.o
 .data          0x00000000        0x0 ./source/uart.o
 .bss           0x00000000        0x0 ./source/uart.o
 .text.uartIsRxMsg
                0x00000000       0x64 ./source/uart.o
 .text.uartGetRxMsgLength
                0x00000000       0x10 ./source/uart.o
 .text.uartReadMsg
                0x00000000       0xec ./source/uart.o
 .text.uartIsTxMsgComplete
                0x00000000       0x38 ./source/uart.o
 .text.resetRXbuffer
                0x00000000       0x18 ./source/uart.o
 .text.isRXrejected
                0x00000000        0xc ./source/uart.o
 .text.copyTXmsg
                0x00000000       0x50 ./source/uart.o
 .text.uartWriteMsg
                0x00000000       0xbc ./source/uart.o
 .text.UARTX_LON_IRQHandler
                0x00000000        0x2 ./source/uart.o
 .text.UARTX_ERR_IRQHandler
                0x00000000        0x2 ./source/uart.o
 .text.UART_setParity
                0x00000000       0x38 ./source/uart.o
 .text.UART_setBaudRate
                0x00000000       0x68 ./source/uart.o
 .text.UART_setNdataBits
                0x00000000       0x24 ./source/uart.o
 .text.UART_clockGating
                0x00000000       0x64 ./source/uart.o
 .text.uartInit
                0x00000000      0x1a4 ./source/uart.o
 .bss.inMarkersTXbuffer
                0x00000000        0x5 ./source/uart.o
 .bss.uartMode  0x00000000        0x5 ./source/uart.o
 .data.uartIRQs_ERR
                0x00000000        0x6 ./source/uart.o
 .data.uartIRQs_LON
                0x00000000        0x6 ./source/uart.o
 .data.uartIRQs_TX_RX
                0x00000000        0x6 ./source/uart.o
 .rodata.uartRXpins
                0x00000000        0x5 ./source/uart.o
 .rodata.uartTXpins
                0x00000000        0x5 ./source/uart.o
 .debug_macro   0x00000000      0xa5a ./source/uart.o
 .debug_macro   0x00000000      0x34e ./source/uart.o
 .debug_macro   0x00000000       0x5c ./source/uart.o
 .debug_macro   0x00000000       0x1c ./source/uart.o
 .debug_macro   0x00000000       0x22 ./source/uart.o
 .debug_macro   0x00000000       0xdf ./source/uart.o
 .debug_macro   0x00000000      0xecf ./source/uart.o
 .debug_macro   0x00000000       0x48 ./source/uart.o
 .debug_macro   0x00000000     0xe07b ./source/uart.o
 .debug_macro   0x00000000       0x22 ./source/uart.o
 .debug_macro   0x00000000       0x22 ./source/uart.o
 .group         0x00000000        0xc ./SDK/startup/hardware.o
 .group         0x00000000        0xc ./SDK/startup/hardware.o
 .group         0x00000000        0xc ./SDK/startup/hardware.o
 .group         0x00000000        0xc ./SDK/startup/hardware.o
 .group         0x00000000        0xc ./SDK/startup/hardware.o
 .group         0x00000000        0xc ./SDK/startup/hardware.o
 .group         0x00000000        0xc ./SDK/startup/hardware.o
 .group         0x00000000        0xc ./SDK/startup/hardware.o
 .group         0x00000000        0xc ./SDK/startup/hardware.o
 .group         0x00000000        0xc ./SDK/startup/hardware.o
 .group         0x00000000        0xc ./SDK/startup/hardware.o
 .group         0x00000000        0xc ./SDK/startup/hardware.o
 .group         0x00000000        0xc ./SDK/startup/hardware.o
 .text          0x00000000        0x0 ./SDK/startup/hardware.o
 .data          0x00000000        0x0 ./SDK/startup/hardware.o
 .bss           0x00000000        0x0 ./SDK/startup/hardware.o
 .debug_macro   0x00000000      0xa5a ./SDK/startup/hardware.o
 .debug_macro   0x00000000      0x34e ./SDK/startup/hardware.o
 .debug_macro   0x00000000       0x22 ./SDK/startup/hardware.o
 .debug_macro   0x00000000       0x10 ./SDK/startup/hardware.o
 .debug_macro   0x00000000       0x5c ./SDK/startup/hardware.o
 .debug_macro   0x00000000       0x1c ./SDK/startup/hardware.o
 .debug_macro   0x00000000       0x22 ./SDK/startup/hardware.o
 .debug_macro   0x00000000       0xdf ./SDK/startup/hardware.o
 .debug_macro   0x00000000      0xecf ./SDK/startup/hardware.o
 .debug_macro   0x00000000       0x48 ./SDK/startup/hardware.o
 .debug_macro   0x00000000     0xe07b ./SDK/startup/hardware.o
 .debug_macro   0x00000000     0x122b ./SDK/startup/hardware.o
 .debug_macro   0x00000000       0x16 ./SDK/startup/hardware.o
 .group         0x00000000        0xc ./SDK/startup/main.o
 .group         0x00000000        0xc ./SDK/startup/main.o
 .group         0x00000000        0xc ./SDK/startup/main.o
 .group         0x00000000        0xc ./SDK/startup/main.o
 .group         0x00000000        0xc ./SDK/startup/main.o
 .group         0x00000000        0xc ./SDK/startup/main.o
 .group         0x00000000        0xc ./SDK/startup/main.o
 .group         0x00000000        0xc ./SDK/startup/main.o
 .group         0x00000000        0xc ./SDK/startup/main.o
 .group         0x00000000        0xc ./SDK/startup/main.o
 .group         0x00000000        0xc ./SDK/startup/main.o
 .group         0x00000000        0xc ./SDK/startup/main.o
 .group         0x00000000        0xc ./SDK/startup/main.o
 .text          0x00000000        0x0 ./SDK/startup/main.o
 .data          0x00000000        0x0 ./SDK/startup/main.o
 .bss           0x00000000        0x0 ./SDK/startup/main.o
 .debug_macro   0x00000000      0xa5a ./SDK/startup/main.o
 .debug_macro   0x00000000      0x34e ./SDK/startup/main.o
 .debug_macro   0x00000000       0x22 ./SDK/startup/main.o
 .debug_macro   0x00000000       0x10 ./SDK/startup/main.o
 .debug_macro   0x00000000       0x5c ./SDK/startup/main.o
 .debug_macro   0x00000000       0x1c ./SDK/startup/main.o
 .debug_macro   0x00000000       0x22 ./SDK/startup/main.o
 .debug_macro   0x00000000       0xdf ./SDK/startup/main.o
 .debug_macro   0x00000000      0xecf ./SDK/startup/main.o
 .debug_macro   0x00000000       0x48 ./SDK/startup/main.o
 .debug_macro   0x00000000     0xe07b ./SDK/startup/main.o
 .debug_macro   0x00000000     0x122b ./SDK/startup/main.o
 .debug_macro   0x00000000       0x16 ./SDK/startup/main.o
 .group         0x00000000        0xc ./SDK/startup/semihost_hardfault.o
 .text          0x00000000        0x0 ./SDK/startup/semihost_hardfault.o
 .data          0x00000000        0x0 ./SDK/startup/semihost_hardfault.o
 .bss           0x00000000        0x0 ./SDK/startup/semihost_hardfault.o
 .debug_macro   0x00000000      0xa5a ./SDK/startup/semihost_hardfault.o
 .group         0x00000000        0xc ./SDK/startup/startup_mk64f12.o
 .text          0x00000000        0x0 ./SDK/startup/startup_mk64f12.o
 .data          0x00000000        0x0 ./SDK/startup/startup_mk64f12.o
 .bss           0x00000000        0x0 ./SDK/startup/startup_mk64f12.o
 .text.UART0_LON_IRQHandler
                0x00000000        0x8 ./SDK/startup/startup_mk64f12.o
 .text.UART0_RX_TX_IRQHandler
                0x00000000        0x8 ./SDK/startup/startup_mk64f12.o
 .text.UART0_ERR_IRQHandler
                0x00000000        0x8 ./SDK/startup/startup_mk64f12.o
 .text.UART1_RX_TX_IRQHandler
                0x00000000        0x8 ./SDK/startup/startup_mk64f12.o
 .text.UART1_ERR_IRQHandler
                0x00000000        0x8 ./SDK/startup/startup_mk64f12.o
 .text.UART2_RX_TX_IRQHandler
                0x00000000        0x8 ./SDK/startup/startup_mk64f12.o
 .text.UART2_ERR_IRQHandler
                0x00000000        0x8 ./SDK/startup/startup_mk64f12.o
 .text.UART3_RX_TX_IRQHandler
                0x00000000        0x8 ./SDK/startup/startup_mk64f12.o
 .text.UART3_ERR_IRQHandler
                0x00000000        0x8 ./SDK/startup/startup_mk64f12.o
 .text.CMP0_IRQHandler
                0x00000000        0x8 ./SDK/startup/startup_mk64f12.o
 .text.FTM0_IRQHandler
                0x00000000        0x8 ./SDK/startup/startup_mk64f12.o
 .text.FTM1_IRQHandler
                0x00000000        0x8 ./SDK/startup/startup_mk64f12.o
 .text.FTM2_IRQHandler
                0x00000000        0x8 ./SDK/startup/startup_mk64f12.o
 .text.UART4_RX_TX_IRQHandler
                0x00000000        0x8 ./SDK/startup/startup_mk64f12.o
 .text.UART4_ERR_IRQHandler
                0x00000000        0x8 ./SDK/startup/startup_mk64f12.o
 .debug_macro   0x00000000      0xa5a ./SDK/startup/startup_mk64f12.o
 .group         0x00000000        0xc ./SDK/CMSIS/system_MK64F12.o
 .group         0x00000000        0xc ./SDK/CMSIS/system_MK64F12.o
 .group         0x00000000        0xc ./SDK/CMSIS/system_MK64F12.o
 .group         0x00000000        0xc ./SDK/CMSIS/system_MK64F12.o
 .group         0x00000000        0xc ./SDK/CMSIS/system_MK64F12.o
 .group         0x00000000        0xc ./SDK/CMSIS/system_MK64F12.o
 .group         0x00000000        0xc ./SDK/CMSIS/system_MK64F12.o
 .group         0x00000000        0xc ./SDK/CMSIS/system_MK64F12.o
 .group         0x00000000        0xc ./SDK/CMSIS/system_MK64F12.o
 .group         0x00000000        0xc ./SDK/CMSIS/system_MK64F12.o
 .group         0x00000000        0xc ./SDK/CMSIS/system_MK64F12.o
 .text          0x00000000        0x0 ./SDK/CMSIS/system_MK64F12.o
 .data          0x00000000        0x0 ./SDK/CMSIS/system_MK64F12.o
 .bss           0x00000000        0x0 ./SDK/CMSIS/system_MK64F12.o
 .text.SystemCoreClockUpdate
                0x00000000      0x1ac ./SDK/CMSIS/system_MK64F12.o
 .data.SystemCoreClock
                0x00000000        0x4 ./SDK/CMSIS/system_MK64F12.o
 .debug_macro   0x00000000      0xa5a ./SDK/CMSIS/system_MK64F12.o
 .debug_macro   0x00000000      0x34e ./SDK/CMSIS/system_MK64F12.o
 .debug_macro   0x00000000       0x10 ./SDK/CMSIS/system_MK64F12.o
 .debug_macro   0x00000000       0x5c ./SDK/CMSIS/system_MK64F12.o
 .debug_macro   0x00000000       0x1c ./SDK/CMSIS/system_MK64F12.o
 .debug_macro   0x00000000       0x22 ./SDK/CMSIS/system_MK64F12.o
 .debug_macro   0x00000000       0xdf ./SDK/CMSIS/system_MK64F12.o
 .debug_macro   0x00000000      0xecf ./SDK/CMSIS/system_MK64F12.o
 .debug_macro   0x00000000       0x48 ./SDK/CMSIS/system_MK64F12.o
 .debug_macro   0x00000000     0xe07b ./SDK/CMSIS/system_MK64F12.o
 .debug_macro   0x00000000     0x122b ./SDK/CMSIS/system_MK64F12.o
 .text          0x00000000        0x0 c:/nxp/mcuxpressoide_10.2.0_759/ide/tools/bin/../lib/gcc/arm-none-eabi/7.2.1/../../../../arm-none-eabi/lib/thumb/v7e-m/fpv4-sp/hard\libcr_c.a(sin.o)
 .data          0x00000000        0x0 c:/nxp/mcuxpressoide_10.2.0_759/ide/tools/bin/../lib/gcc/arm-none-eabi/7.2.1/../../../../arm-none-eabi/lib/thumb/v7e-m/fpv4-sp/hard\libcr_c.a(sin.o)
 .bss           0x00000000        0x0 c:/nxp/mcuxpressoide_10.2.0_759/ide/tools/bin/../lib/gcc/arm-none-eabi/7.2.1/../../../../arm-none-eabi/lib/thumb/v7e-m/fpv4-sp/hard\libcr_c.a(sin.o)
 .text.sin      0x00000000       0x40 c:/nxp/mcuxpressoide_10.2.0_759/ide/tools/bin/../lib/gcc/arm-none-eabi/7.2.1/../../../../arm-none-eabi/lib/thumb/v7e-m/fpv4-sp/hard\libcr_c.a(sin.o)
 .comment       0x00000000       0x7f c:/nxp/mcuxpressoide_10.2.0_759/ide/tools/bin/../lib/gcc/arm-none-eabi/7.2.1/../../../../arm-none-eabi/lib/thumb/v7e-m/fpv4-sp/hard\libcr_c.a(sin.o)
 .ARM.attributes
                0x00000000       0x39 c:/nxp/mcuxpressoide_10.2.0_759/ide/tools/bin/../lib/gcc/arm-none-eabi/7.2.1/../../../../arm-none-eabi/lib/thumb/v7e-m/fpv4-sp/hard\libcr_c.a(sin.o)
 .text          0x00000000        0x0 c:/nxp/mcuxpressoide_10.2.0_759/ide/tools/bin/../lib/gcc/arm-none-eabi/7.2.1/../../../../arm-none-eabi/lib/thumb/v7e-m/fpv4-sp/hard\libcr_c.a(_sincos.o)
 .data          0x00000000        0x0 c:/nxp/mcuxpressoide_10.2.0_759/ide/tools/bin/../lib/gcc/arm-none-eabi/7.2.1/../../../../arm-none-eabi/lib/thumb/v7e-m/fpv4-sp/hard\libcr_c.a(_sincos.o)
 .bss           0x00000000        0x0 c:/nxp/mcuxpressoide_10.2.0_759/ide/tools/bin/../lib/gcc/arm-none-eabi/7.2.1/../../../../arm-none-eabi/lib/thumb/v7e-m/fpv4-sp/hard\libcr_c.a(_sincos.o)
 .text._sincos  0x00000000      0x214 c:/nxp/mcuxpressoide_10.2.0_759/ide/tools/bin/../lib/gcc/arm-none-eabi/7.2.1/../../../../arm-none-eabi/lib/thumb/v7e-m/fpv4-sp/hard\libcr_c.a(_sincos.o)
 .comment       0x00000000       0x7f c:/nxp/mcuxpressoide_10.2.0_759/ide/tools/bin/../lib/gcc/arm-none-eabi/7.2.1/../../../../arm-none-eabi/lib/thumb/v7e-m/fpv4-sp/hard\libcr_c.a(_sincos.o)
 .ARM.attributes
                0x00000000       0x39 c:/nxp/mcuxpressoide_10.2.0_759/ide/tools/bin/../lib/gcc/arm-none-eabi/7.2.1/../../../../arm-none-eabi/lib/thumb/v7e-m/fpv4-sp/hard\libcr_c.a(_sincos.o)
 .text          0x00000000        0x0 c:/nxp/mcuxpressoide_10.2.0_759/ide/tools/bin/../lib/gcc/arm-none-eabi/7.2.1/../../../../arm-none-eabi/lib/thumb/v7e-m/fpv4-sp/hard\libcr_c.a(errno.o)
 .data          0x00000000        0x0 c:/nxp/mcuxpressoide_10.2.0_759/ide/tools/bin/../lib/gcc/arm-none-eabi/7.2.1/../../../../arm-none-eabi/lib/thumb/v7e-m/fpv4-sp/hard\libcr_c.a(errno.o)
 .bss           0x00000000        0x0 c:/nxp/mcuxpressoide_10.2.0_759/ide/tools/bin/../lib/gcc/arm-none-eabi/7.2.1/../../../../arm-none-eabi/lib/thumb/v7e-m/fpv4-sp/hard\libcr_c.a(errno.o)
 .bss.errno     0x00000000        0x4 c:/nxp/mcuxpressoide_10.2.0_759/ide/tools/bin/../lib/gcc/arm-none-eabi/7.2.1/../../../../arm-none-eabi/lib/thumb/v7e-m/fpv4-sp/hard\libcr_c.a(errno.o)
 .comment       0x00000000       0x7f c:/nxp/mcuxpressoide_10.2.0_759/ide/tools/bin/../lib/gcc/arm-none-eabi/7.2.1/../../../../arm-none-eabi/lib/thumb/v7e-m/fpv4-sp/hard\libcr_c.a(errno.o)
 .ARM.attributes
                0x00000000       0x39 c:/nxp/mcuxpressoide_10.2.0_759/ide/tools/bin/../lib/gcc/arm-none-eabi/7.2.1/../../../../arm-none-eabi/lib/thumb/v7e-m/fpv4-sp/hard\libcr_c.a(errno.o)
 .text          0x00000000        0x0 c:/nxp/mcuxpressoide_10.2.0_759/ide/tools/bin/../lib/gcc/arm-none-eabi/7.2.1/../../../../arm-none-eabi/lib/thumb/v7e-m/fpv4-sp/hard\libcr_c.a(fabs.o)
 .data          0x00000000        0x0 c:/nxp/mcuxpressoide_10.2.0_759/ide/tools/bin/../lib/gcc/arm-none-eabi/7.2.1/../../../../arm-none-eabi/lib/thumb/v7e-m/fpv4-sp/hard\libcr_c.a(fabs.o)
 .bss           0x00000000        0x0 c:/nxp/mcuxpressoide_10.2.0_759/ide/tools/bin/../lib/gcc/arm-none-eabi/7.2.1/../../../../arm-none-eabi/lib/thumb/v7e-m/fpv4-sp/hard\libcr_c.a(fabs.o)
 .text.fabs     0x00000000       0x22 c:/nxp/mcuxpressoide_10.2.0_759/ide/tools/bin/../lib/gcc/arm-none-eabi/7.2.1/../../../../arm-none-eabi/lib/thumb/v7e-m/fpv4-sp/hard\libcr_c.a(fabs.o)
 .comment       0x00000000       0x7f c:/nxp/mcuxpressoide_10.2.0_759/ide/tools/bin/../lib/gcc/arm-none-eabi/7.2.1/../../../../arm-none-eabi/lib/thumb/v7e-m/fpv4-sp/hard\libcr_c.a(fabs.o)
 .ARM.attributes
                0x00000000       0x39 c:/nxp/mcuxpressoide_10.2.0_759/ide/tools/bin/../lib/gcc/arm-none-eabi/7.2.1/../../../../arm-none-eabi/lib/thumb/v7e-m/fpv4-sp/hard\libcr_c.a(fabs.o)
 .text          0x00000000        0x0 c:/nxp/mcuxpressoide_10.2.0_759/ide/tools/bin/../lib/gcc/arm-none-eabi/7.2.1/../../../../arm-none-eabi/lib/thumb/v7e-m/fpv4-sp/hard\libcr_c.a(_hugeval.o)
 .data          0x00000000        0x0 c:/nxp/mcuxpressoide_10.2.0_759/ide/tools/bin/../lib/gcc/arm-none-eabi/7.2.1/../../../../arm-none-eabi/lib/thumb/v7e-m/fpv4-sp/hard\libcr_c.a(_hugeval.o)
 .bss           0x00000000        0x0 c:/nxp/mcuxpressoide_10.2.0_759/ide/tools/bin/../lib/gcc/arm-none-eabi/7.2.1/../../../../arm-none-eabi/lib/thumb/v7e-m/fpv4-sp/hard\libcr_c.a(_hugeval.o)
 .rodata.__huge_val
                0x00000000        0x8 c:/nxp/mcuxpressoide_10.2.0_759/ide/tools/bin/../lib/gcc/arm-none-eabi/7.2.1/../../../../arm-none-eabi/lib/thumb/v7e-m/fpv4-sp/hard\libcr_c.a(_hugeval.o)
 .rodata.__huge_vall
                0x00000000        0x8 c:/nxp/mcuxpressoide_10.2.0_759/ide/tools/bin/../lib/gcc/arm-none-eabi/7.2.1/../../../../arm-none-eabi/lib/thumb/v7e-m/fpv4-sp/hard\libcr_c.a(_hugeval.o)
 .comment       0x00000000       0x7f c:/nxp/mcuxpressoide_10.2.0_759/ide/tools/bin/../lib/gcc/arm-none-eabi/7.2.1/../../../../arm-none-eabi/lib/thumb/v7e-m/fpv4-sp/hard\libcr_c.a(_hugeval.o)
 .ARM.attributes
                0x00000000       0x39 c:/nxp/mcuxpressoide_10.2.0_759/ide/tools/bin/../lib/gcc/arm-none-eabi/7.2.1/../../../../arm-none-eabi/lib/thumb/v7e-m/fpv4-sp/hard\libcr_c.a(_hugeval.o)
 .text          0x00000000        0x0 c:/nxp/mcuxpressoide_10.2.0_759/ide/tools/bin/../lib/gcc/arm-none-eabi/7.2.1/thumb/v7e-m/fpv4-sp/hard\libcr_eabihelpers.a(double.o)
 .data          0x00000000        0x0 c:/nxp/mcuxpressoide_10.2.0_759/ide/tools/bin/../lib/gcc/arm-none-eabi/7.2.1/thumb/v7e-m/fpv4-sp/hard\libcr_eabihelpers.a(double.o)
 .bss           0x00000000        0x0 c:/nxp/mcuxpressoide_10.2.0_759/ide/tools/bin/../lib/gcc/arm-none-eabi/7.2.1/thumb/v7e-m/fpv4-sp/hard\libcr_eabihelpers.a(double.o)
 .text.__aeabi_dmul
                0x00000000      0x11c c:/nxp/mcuxpressoide_10.2.0_759/ide/tools/bin/../lib/gcc/arm-none-eabi/7.2.1/thumb/v7e-m/fpv4-sp/hard\libcr_eabihelpers.a(double.o)
 .text.__aeabi_ddiv
                0x00000000      0x138 c:/nxp/mcuxpressoide_10.2.0_759/ide/tools/bin/../lib/gcc/arm-none-eabi/7.2.1/thumb/v7e-m/fpv4-sp/hard\libcr_eabihelpers.a(double.o)
 .text.__aeabi_dsub
                0x00000000      0x1b4 c:/nxp/mcuxpressoide_10.2.0_759/ide/tools/bin/../lib/gcc/arm-none-eabi/7.2.1/thumb/v7e-m/fpv4-sp/hard\libcr_eabihelpers.a(double.o)
 .text.__aeabi_dadd
                0x00000000      0x10c c:/nxp/mcuxpressoide_10.2.0_759/ide/tools/bin/../lib/gcc/arm-none-eabi/7.2.1/thumb/v7e-m/fpv4-sp/hard\libcr_eabihelpers.a(double.o)
 .text.__aeabi_drsub
                0x00000000       0x18 c:/nxp/mcuxpressoide_10.2.0_759/ide/tools/bin/../lib/gcc/arm-none-eabi/7.2.1/thumb/v7e-m/fpv4-sp/hard\libcr_eabihelpers.a(double.o)
 .text.__aeabi_dneg
                0x00000000        0xe c:/nxp/mcuxpressoide_10.2.0_759/ide/tools/bin/../lib/gcc/arm-none-eabi/7.2.1/thumb/v7e-m/fpv4-sp/hard\libcr_eabihelpers.a(double.o)
 .text.__aeabi_d2f
                0x00000000       0x54 c:/nxp/mcuxpressoide_10.2.0_759/ide/tools/bin/../lib/gcc/arm-none-eabi/7.2.1/thumb/v7e-m/fpv4-sp/hard\libcr_eabihelpers.a(double.o)
 .text.__aeabi_d2iz
                0x00000000       0x40 c:/nxp/mcuxpressoide_10.2.0_759/ide/tools/bin/../lib/gcc/arm-none-eabi/7.2.1/thumb/v7e-m/fpv4-sp/hard\libcr_eabihelpers.a(double.o)
 .text.__aeabi_d2uiz
                0x00000000       0x30 c:/nxp/mcuxpressoide_10.2.0_759/ide/tools/bin/../lib/gcc/arm-none-eabi/7.2.1/thumb/v7e-m/fpv4-sp/hard\libcr_eabihelpers.a(double.o)
 .text.__aeabi_d2lz
                0x00000000       0x6c c:/nxp/mcuxpressoide_10.2.0_759/ide/tools/bin/../lib/gcc/arm-none-eabi/7.2.1/thumb/v7e-m/fpv4-sp/hard\libcr_eabihelpers.a(double.o)
 .text.__aeabi_d2ulz
                0x00000000       0x56 c:/nxp/mcuxpressoide_10.2.0_759/ide/tools/bin/../lib/gcc/arm-none-eabi/7.2.1/thumb/v7e-m/fpv4-sp/hard\libcr_eabihelpers.a(double.o)
 .text.__bhs_ui2d
                0x00000000       0x46 c:/nxp/mcuxpressoide_10.2.0_759/ide/tools/bin/../lib/gcc/arm-none-eabi/7.2.1/thumb/v7e-m/fpv4-sp/hard\libcr_eabihelpers.a(double.o)
 .text.__bhs_ul2d
                0x00000000       0x8a c:/nxp/mcuxpressoide_10.2.0_759/ide/tools/bin/../lib/gcc/arm-none-eabi/7.2.1/thumb/v7e-m/fpv4-sp/hard\libcr_eabihelpers.a(double.o)
 .text.__aeabi_i2d
                0x00000000       0x12 c:/nxp/mcuxpressoide_10.2.0_759/ide/tools/bin/../lib/gcc/arm-none-eabi/7.2.1/thumb/v7e-m/fpv4-sp/hard\libcr_eabihelpers.a(double.o)
 .text.__aeabi_ui2d
                0x00000000        0x8 c:/nxp/mcuxpressoide_10.2.0_759/ide/tools/bin/../lib/gcc/arm-none-eabi/7.2.1/thumb/v7e-m/fpv4-sp/hard\libcr_eabihelpers.a(double.o)
 .text.__aeabi_l2d
                0x00000000       0x1a c:/nxp/mcuxpressoide_10.2.0_759/ide/tools/bin/../lib/gcc/arm-none-eabi/7.2.1/thumb/v7e-m/fpv4-sp/hard\libcr_eabihelpers.a(double.o)
 .text.__aeabi_ul2d
                0x00000000        0x8 c:/nxp/mcuxpressoide_10.2.0_759/ide/tools/bin/../lib/gcc/arm-none-eabi/7.2.1/thumb/v7e-m/fpv4-sp/hard\libcr_eabihelpers.a(double.o)
 .text.__aeabi_dcmpeq
                0x00000000       0x30 c:/nxp/mcuxpressoide_10.2.0_759/ide/tools/bin/../lib/gcc/arm-none-eabi/7.2.1/thumb/v7e-m/fpv4-sp/hard\libcr_eabihelpers.a(double.o)
 .text.__aeabi_dcmplt
                0x00000000       0x58 c:/nxp/mcuxpressoide_10.2.0_759/ide/tools/bin/../lib/gcc/arm-none-eabi/7.2.1/thumb/v7e-m/fpv4-sp/hard\libcr_eabihelpers.a(double.o)
 .text.__aeabi_dcmpgt
                0x00000000       0x58 c:/nxp/mcuxpressoide_10.2.0_759/ide/tools/bin/../lib/gcc/arm-none-eabi/7.2.1/thumb/v7e-m/fpv4-sp/hard\libcr_eabihelpers.a(double.o)
 .text.__aeabi_dcmple
                0x00000000       0x5a c:/nxp/mcuxpressoide_10.2.0_759/ide/tools/bin/../lib/gcc/arm-none-eabi/7.2.1/thumb/v7e-m/fpv4-sp/hard\libcr_eabihelpers.a(double.o)
 .text.__aeabi_dcmpge
                0x00000000       0x58 c:/nxp/mcuxpressoide_10.2.0_759/ide/tools/bin/../lib/gcc/arm-none-eabi/7.2.1/thumb/v7e-m/fpv4-sp/hard\libcr_eabihelpers.a(double.o)
 .text.__aeabi_dcmpun
                0x00000000       0x1a c:/nxp/mcuxpressoide_10.2.0_759/ide/tools/bin/../lib/gcc/arm-none-eabi/7.2.1/thumb/v7e-m/fpv4-sp/hard\libcr_eabihelpers.a(double.o)
 .text.__aeabi_cdcmple
                0x00000000       0x2c c:/nxp/mcuxpressoide_10.2.0_759/ide/tools/bin/../lib/gcc/arm-none-eabi/7.2.1/thumb/v7e-m/fpv4-sp/hard\libcr_eabihelpers.a(double.o)
 .text.__aeabi_cdrcmple
                0x00000000       0x14 c:/nxp/mcuxpressoide_10.2.0_759/ide/tools/bin/../lib/gcc/arm-none-eabi/7.2.1/thumb/v7e-m/fpv4-sp/hard\libcr_eabihelpers.a(double.o)
 .comment       0x00000000       0x7f c:/nxp/mcuxpressoide_10.2.0_759/ide/tools/bin/../lib/gcc/arm-none-eabi/7.2.1/thumb/v7e-m/fpv4-sp/hard\libcr_eabihelpers.a(double.o)
 .ARM.attributes
                0x00000000       0x39 c:/nxp/mcuxpressoide_10.2.0_759/ide/tools/bin/../lib/gcc/arm-none-eabi/7.2.1/thumb/v7e-m/fpv4-sp/hard\libcr_eabihelpers.a(double.o)
 .text          0x00000000        0x0 c:/nxp/mcuxpressoide_10.2.0_759/ide/tools/bin/../lib/gcc/arm-none-eabi/7.2.1/thumb/v7e-m/fpv4-sp/hard\libcr_eabihelpers.a(float.o)
 .data          0x00000000        0x0 c:/nxp/mcuxpressoide_10.2.0_759/ide/tools/bin/../lib/gcc/arm-none-eabi/7.2.1/thumb/v7e-m/fpv4-sp/hard\libcr_eabihelpers.a(float.o)
 .bss           0x00000000        0x0 c:/nxp/mcuxpressoide_10.2.0_759/ide/tools/bin/../lib/gcc/arm-none-eabi/7.2.1/thumb/v7e-m/fpv4-sp/hard\libcr_eabihelpers.a(float.o)
 .text.__aeabi_fmul
                0x00000000       0xb0 c:/nxp/mcuxpressoide_10.2.0_759/ide/tools/bin/../lib/gcc/arm-none-eabi/7.2.1/thumb/v7e-m/fpv4-sp/hard\libcr_eabihelpers.a(float.o)
 .text.__aeabi_fdiv
                0x00000000       0xc8 c:/nxp/mcuxpressoide_10.2.0_759/ide/tools/bin/../lib/gcc/arm-none-eabi/7.2.1/thumb/v7e-m/fpv4-sp/hard\libcr_eabihelpers.a(float.o)
 .text.__aeabi_fsub
                0x00000000       0xf0 c:/nxp/mcuxpressoide_10.2.0_759/ide/tools/bin/../lib/gcc/arm-none-eabi/7.2.1/thumb/v7e-m/fpv4-sp/hard\libcr_eabihelpers.a(float.o)
 .text.__aeabi_fadd
                0x00000000       0xc8 c:/nxp/mcuxpressoide_10.2.0_759/ide/tools/bin/../lib/gcc/arm-none-eabi/7.2.1/thumb/v7e-m/fpv4-sp/hard\libcr_eabihelpers.a(float.o)
 .text.__aeabi_frsub
                0x00000000        0xc c:/nxp/mcuxpressoide_10.2.0_759/ide/tools/bin/../lib/gcc/arm-none-eabi/7.2.1/thumb/v7e-m/fpv4-sp/hard\libcr_eabihelpers.a(float.o)
 .text.__aeabi_fneg
                0x00000000        0x6 c:/nxp/mcuxpressoide_10.2.0_759/ide/tools/bin/../lib/gcc/arm-none-eabi/7.2.1/thumb/v7e-m/fpv4-sp/hard\libcr_eabihelpers.a(float.o)
 .text.__aeabi_f2iz
                0x00000000       0x36 c:/nxp/mcuxpressoide_10.2.0_759/ide/tools/bin/../lib/gcc/arm-none-eabi/7.2.1/thumb/v7e-m/fpv4-sp/hard\libcr_eabihelpers.a(float.o)
 .text.__aeabi_f2uiz
                0x00000000       0x28 c:/nxp/mcuxpressoide_10.2.0_759/ide/tools/bin/../lib/gcc/arm-none-eabi/7.2.1/thumb/v7e-m/fpv4-sp/hard\libcr_eabihelpers.a(float.o)
 .text.__aeabi_f2lz
                0x00000000       0x5c c:/nxp/mcuxpressoide_10.2.0_759/ide/tools/bin/../lib/gcc/arm-none-eabi/7.2.1/thumb/v7e-m/fpv4-sp/hard\libcr_eabihelpers.a(float.o)
 .text.__aeabi_f2ulz
                0x00000000       0x3e c:/nxp/mcuxpressoide_10.2.0_759/ide/tools/bin/../lib/gcc/arm-none-eabi/7.2.1/thumb/v7e-m/fpv4-sp/hard\libcr_eabihelpers.a(float.o)
 .text.__bhs_ui2f
                0x00000000       0x26 c:/nxp/mcuxpressoide_10.2.0_759/ide/tools/bin/../lib/gcc/arm-none-eabi/7.2.1/thumb/v7e-m/fpv4-sp/hard\libcr_eabihelpers.a(float.o)
 .text.__bhs_ul2f
                0x00000000       0x46 c:/nxp/mcuxpressoide_10.2.0_759/ide/tools/bin/../lib/gcc/arm-none-eabi/7.2.1/thumb/v7e-m/fpv4-sp/hard\libcr_eabihelpers.a(float.o)
 .text.__aeabi_i2f
                0x00000000       0x12 c:/nxp/mcuxpressoide_10.2.0_759/ide/tools/bin/../lib/gcc/arm-none-eabi/7.2.1/thumb/v7e-m/fpv4-sp/hard\libcr_eabihelpers.a(float.o)
 .text.__aeabi_ui2f
                0x00000000        0x8 c:/nxp/mcuxpressoide_10.2.0_759/ide/tools/bin/../lib/gcc/arm-none-eabi/7.2.1/thumb/v7e-m/fpv4-sp/hard\libcr_eabihelpers.a(float.o)
 .text.__aeabi_l2f
                0x00000000       0x1a c:/nxp/mcuxpressoide_10.2.0_759/ide/tools/bin/../lib/gcc/arm-none-eabi/7.2.1/thumb/v7e-m/fpv4-sp/hard\libcr_eabihelpers.a(float.o)
 .text.__aeabi_ul2f
                0x00000000        0x8 c:/nxp/mcuxpressoide_10.2.0_759/ide/tools/bin/../lib/gcc/arm-none-eabi/7.2.1/thumb/v7e-m/fpv4-sp/hard\libcr_eabihelpers.a(float.o)
 .text.__aeabi_f2d
                0x00000000       0x38 c:/nxp/mcuxpressoide_10.2.0_759/ide/tools/bin/../lib/gcc/arm-none-eabi/7.2.1/thumb/v7e-m/fpv4-sp/hard\libcr_eabihelpers.a(float.o)
 .text.__aeabi_fcmpeq
                0x00000000       0x1e c:/nxp/mcuxpressoide_10.2.0_759/ide/tools/bin/../lib/gcc/arm-none-eabi/7.2.1/thumb/v7e-m/fpv4-sp/hard\libcr_eabihelpers.a(float.o)
 .text.__aeabi_fcmplt
                0x00000000       0x3a c:/nxp/mcuxpressoide_10.2.0_759/ide/tools/bin/../lib/gcc/arm-none-eabi/7.2.1/thumb/v7e-m/fpv4-sp/hard\libcr_eabihelpers.a(float.o)
 .text.__aeabi_fcmpgt
                0x00000000       0x3a c:/nxp/mcuxpressoide_10.2.0_759/ide/tools/bin/../lib/gcc/arm-none-eabi/7.2.1/thumb/v7e-m/fpv4-sp/hard\libcr_eabihelpers.a(float.o)
 .text.__aeabi_fcmple
                0x00000000       0x3e c:/nxp/mcuxpressoide_10.2.0_759/ide/tools/bin/../lib/gcc/arm-none-eabi/7.2.1/thumb/v7e-m/fpv4-sp/hard\libcr_eabihelpers.a(float.o)
 .text.__aeabi_fcmpge
                0x00000000       0x3e c:/nxp/mcuxpressoide_10.2.0_759/ide/tools/bin/../lib/gcc/arm-none-eabi/7.2.1/thumb/v7e-m/fpv4-sp/hard\libcr_eabihelpers.a(float.o)
 .text.__aeabi_fcmpun
                0x00000000       0x1a c:/nxp/mcuxpressoide_10.2.0_759/ide/tools/bin/../lib/gcc/arm-none-eabi/7.2.1/thumb/v7e-m/fpv4-sp/hard\libcr_eabihelpers.a(float.o)
 .text.__aeabi_cfcmple
                0x00000000       0x20 c:/nxp/mcuxpressoide_10.2.0_759/ide/tools/bin/../lib/gcc/arm-none-eabi/7.2.1/thumb/v7e-m/fpv4-sp/hard\libcr_eabihelpers.a(float.o)
 .text.__aeabi_cfrcmple
                0x00000000        0xa c:/nxp/mcuxpressoide_10.2.0_759/ide/tools/bin/../lib/gcc/arm-none-eabi/7.2.1/thumb/v7e-m/fpv4-sp/hard\libcr_eabihelpers.a(float.o)
 .comment       0x00000000       0x7f c:/nxp/mcuxpressoide_10.2.0_759/ide/tools/bin/../lib/gcc/arm-none-eabi/7.2.1/thumb/v7e-m/fpv4-sp/hard\libcr_eabihelpers.a(float.o)
 .ARM.attributes
                0x00000000       0x39 c:/nxp/mcuxpressoide_10.2.0_759/ide/tools/bin/../lib/gcc/arm-none-eabi/7.2.1/thumb/v7e-m/fpv4-sp/hard\libcr_eabihelpers.a(float.o)

Memory Configuration

Name             Origin             Length             Attributes
PROGRAM_FLASH    0x00000000         0x00100000         xr
SRAM_UPPER       0x20000000         0x00030000         xrw
SRAM_LOWER       0x1fff0000         0x00010000         xrw
FLEX_RAM         0x14000000         0x00001000         xrw
*default*        0x00000000         0xffffffff

Linker script and memory map

LOAD ./source/ADC.o
LOAD ./source/App.o
LOAD ./source/CMP.o
LOAD ./source/DAC.o
LOAD ./source/DMA.o
LOAD ./source/FTM.o
LOAD ./source/SysTick.o
LOAD ./source/comController2pc.o
LOAD ./source/pinsHandler.o
LOAD ./source/timer.o
LOAD ./source/uart.o
LOAD ./SDK/startup/hardware.o
LOAD ./SDK/startup/main.o
LOAD ./SDK/startup/semihost_hardfault.o
LOAD ./SDK/startup/startup_mk64f12.o
LOAD ./SDK/CMSIS/system_MK64F12.o
START GROUP
LOAD c:/nxp/mcuxpressoide_10.2.0_759/ide/tools/bin/../lib/gcc/arm-none-eabi/7.2.1/../../../../arm-none-eabi/lib/thumb/v7e-m/fpv4-sp/hard\libcr_c.a
LOAD c:/nxp/mcuxpressoide_10.2.0_759/ide/tools/bin/../lib/gcc/arm-none-eabi/7.2.1/thumb/v7e-m/fpv4-sp/hard\libcr_eabihelpers.a
END GROUP
                0x00000000                __base_PROGRAM_FLASH = 0x0
                0x00000000                __base_Flash = 0x0
                0x00100000                __top_PROGRAM_FLASH = 0x100000
                0x00100000                __top_Flash = 0x100000
                0x20000000                __base_SRAM_UPPER = 0x20000000
                0x20000000                __base_RAM = 0x20000000
                0x20030000                __top_SRAM_UPPER = 0x20030000
                0x20030000                __top_RAM = 0x20030000
                0x1fff0000                __base_SRAM_LOWER = 0x1fff0000
                0x1fff0000                __base_RAM2 = 0x1fff0000
                0x20000000                __top_SRAM_LOWER = 0x20000000
                0x20000000                __top_RAM2 = 0x20000000
                0x14000000                __base_FLEX_RAM = 0x14000000
                0x14000000                __base_RAM3 = 0x14000000
                0x14001000                __top_FLEX_RAM = 0x14001000
                0x14001000                __top_RAM3 = 0x14001000

.text           0x00000000      0xb78
 FILL mask 0xff
                0x00000000                __vectors_start__ = ABSOLUTE (.)
 *(SORT_BY_ALIGNMENT(.isr_vector))
 .isr_vector    0x00000000      0x198 ./SDK/startup/startup_mk64f12.o
                0x00000000                g_pfnVectors
                0x00000000                __Vectors
                0x00000198                . = ALIGN (0x4)
                0x00000198                __section_table_start = .
                0x00000198                __data_section_table = .
                0x00000198        0x4 LONG 0xb78 LOADADDR (.data)
                0x0000019c        0x4 LONG 0x20000000 ADDR (.data)
                0x000001a0        0x4 LONG 0x40 SIZEOF (.data)
                0x000001a4        0x4 LONG 0xb78 LOADADDR (.data_RAM2)
                0x000001a8        0x4 LONG 0x1fff0000 ADDR (.data_RAM2)
                0x000001ac        0x4 LONG 0x0 SIZEOF (.data_RAM2)
                0x000001b0        0x4 LONG 0xb78 LOADADDR (.data_RAM3)
                0x000001b4        0x4 LONG 0x14000000 ADDR (.data_RAM3)
                0x000001b8        0x4 LONG 0x0 SIZEOF (.data_RAM3)
                0x000001bc                __data_section_table_end = .
                0x000001bc                __bss_section_table = .
                0x000001bc        0x4 LONG 0x20000040 ADDR (.bss)
                0x000001c0        0x4 LONG 0x450 SIZEOF (.bss)
                0x000001c4        0x4 LONG 0x1fff0000 ADDR (.bss_RAM2)
                0x000001c8        0x4 LONG 0x0 SIZEOF (.bss_RAM2)
                0x000001cc        0x4 LONG 0x14000000 ADDR (.bss_RAM3)
                0x000001d0        0x4 LONG 0x0 SIZEOF (.bss_RAM3)
                0x000001d4                __bss_section_table_end = .
                0x000001d4                __section_table_end = .
 *(SORT_BY_ALIGNMENT(.after_vectors*))
 .after_vectors.reset
                0x000001d4       0x4c ./SDK/startup/startup_mk64f12.o
                0x000001d4                ResetISR
 .after_vectors
                0x00000220       0x14 ./SDK/startup/startup_mk64f12.o
                0x00000220                NMI_Handler
                0x00000224                MemManage_Handler
                0x00000226                BusFault_Handler
                0x00000228                UsageFault_Handler
                0x0000022a                SVC_Handler
                0x0000022c                DebugMon_Handler
                0x0000022e                PendSV_Handler
                0x00000232                DMA_Error_DriverIRQHandler
                0x00000232                LPTMR0_DriverIRQHandler
                0x00000232                FTM1_DriverIRQHandler
                0x00000232                FTM2_DriverIRQHandler
                0x00000232                PIT2_DriverIRQHandler
                0x00000232                SDHC_DriverIRQHandler
                0x00000232                I2S0_Tx_DriverIRQHandler
                0x00000232                RTC_Seconds_DriverIRQHandler
                0x00000232                DMA6_DriverIRQHandler
                0x00000232                LLWU_DriverIRQHandler
                0x00000232                MCM_DriverIRQHandler
                0x00000232                MCG_DriverIRQHandler
                0x00000232                ENET_1588_Timer_DriverIRQHandler
                0x00000232                I2C2_DriverIRQHandler
                0x00000232                DAC1_DriverIRQHandler
                0x00000232                SPI1_DriverIRQHandler
                0x00000232                CMP1_DriverIRQHandler
                0x00000232                UART5_RX_TX_DriverIRQHandler
                0x00000232                FTM0_DriverIRQHandler
                0x00000232                IntDefaultHandler
                0x00000232                USB0_DriverIRQHandler
                0x00000232                UART5_ERR_DriverIRQHandler
                0x00000232                PORTC_DriverIRQHandler
                0x00000232                DMA11_DriverIRQHandler
                0x00000232                DAC0_DriverIRQHandler
                0x00000232                DMA10_DriverIRQHandler
                0x00000232                CMP2_DriverIRQHandler
                0x00000232                UART2_ERR_DriverIRQHandler
                0x00000232                SPI2_DriverIRQHandler
                0x00000232                LVD_LVW_DriverIRQHandler
                0x00000232                PIT0_DriverIRQHandler
                0x00000232                RNG_DriverIRQHandler
                0x00000232                DMA5_DriverIRQHandler
                0x00000232                DMA12_DriverIRQHandler
                0x00000232                UART2_RX_TX_DriverIRQHandler
                0x00000232                USBDCD_DriverIRQHandler
                0x00000232                UART3_ERR_DriverIRQHandler
                0x00000232                DMA3_DriverIRQHandler
                0x00000232                DMA8_DriverIRQHandler
                0x00000232                DMA9_DriverIRQHandler
                0x00000232                UART0_ERR_DriverIRQHandler
                0x00000232                CMT_DriverIRQHandler
                0x00000232                Reserved71_DriverIRQHandler
                0x00000232                ADC1_DriverIRQHandler
                0x00000232                PORTA_DriverIRQHandler
                0x00000232                DMA14_DriverIRQHandler
                0x00000232                PIT3_DriverIRQHandler
                0x00000232                PIT1_DriverIRQHandler
                0x00000232                WDOG_EWM_DriverIRQHandler
                0x00000232                PDB0_DriverIRQHandler
                0x00000232                RTC_DriverIRQHandler
                0x00000232                I2S0_Rx_DriverIRQHandler
                0x00000232                Read_Collision_DriverIRQHandler
                0x00000232                SWI_DriverIRQHandler
                0x00000232                UART4_RX_TX_DriverIRQHandler
                0x00000232                UART4_ERR_DriverIRQHandler
                0x00000232                PORTB_DriverIRQHandler
                0x00000232                UART0_LON_DriverIRQHandler
                0x00000232                DMA0_DriverIRQHandler
                0x00000232                DMA1_DriverIRQHandler
                0x00000232                I2C1_DriverIRQHandler
                0x00000232                UART3_RX_TX_DriverIRQHandler
                0x00000232                ENET_Receive_DriverIRQHandler
                0x00000232                DMA13_DriverIRQHandler
                0x00000232                ENET_Error_DriverIRQHandler
                0x00000232                DMA15_DriverIRQHandler
                0x00000232                UART0_RX_TX_DriverIRQHandler
                0x00000232                SPI0_DriverIRQHandler
                0x00000232                ADC0_DriverIRQHandler
                0x00000232                CMP0_DriverIRQHandler
                0x00000232                CAN0_DriverIRQHandler
                0x00000232                FTM3_DriverIRQHandler
                0x00000232                DMA4_DriverIRQHandler
                0x00000232                UART1_ERR_DriverIRQHandler
                0x00000232                DMA2_DriverIRQHandler
                0x00000232                ENET_Transmit_DriverIRQHandler
                0x00000232                PORTD_DriverIRQHandler
                0x00000232                PORTE_DriverIRQHandler
                0x00000232                FTFE_DriverIRQHandler
                0x00000232                I2C0_DriverIRQHandler
                0x00000232                DMA7_DriverIRQHandler
                0x00000232                UART1_RX_TX_DriverIRQHandler
 .after_vectors.init_data
                0x00000234       0x1e ./SDK/startup/startup_mk64f12.o
                0x00000234                data_init
 .after_vectors.init_bss
                0x00000252       0x12 ./SDK/startup/startup_mk64f12.o
                0x00000252                bss_init
                0x00000400                . = 0x400
 *fill*         0x00000264      0x19c ff
                0x00000400                PROVIDE (__FLASH_CONFIG_START__, .)
 *(SORT_BY_ALIGNMENT(.FlashConfig))
 .FlashConfig   0x00000400       0x10 ./SDK/startup/startup_mk64f12.o
                0x00000400                Flash_Config
                0x00000410                PROVIDE (__FLASH_CONFIG_END__, .)
                0x00000001                ASSERT (! ((__FLASH_CONFIG_START__ == __FLASH_CONFIG_END__)), Linker Flash Config Support Enabled, but no .FlashConfig section provided within application)
 *(SORT_BY_ALIGNMENT(.text*))
 .text.clockGating
                0x00000410       0x20 ./source/CMP.o
 .text.enableInterrupts
                0x00000430       0x14 ./source/CMP.o
 .text.configureInputs
                0x00000444       0x20 ./source/CMP.o
 .text.configureDAC
                0x00000464       0x14 ./source/CMP.o
 .text.configurePins
                0x00000478       0x74 ./source/CMP.o
 .text.initCMP  0x000004ec       0x70 ./source/CMP.o
                0x000004ec                initCMP
 .text.CMP0_IRQHandler
                0x0000055c       0x14 ./source/CMP.o
                0x0000055c                CMP0_IRQHandler
 .text.FTMx_IRQHandler
                0x00000570       0x74 ./source/FTM.o
                0x00000570                FTMx_IRQHandler
 .text.SysTick_Handler
                0x000005e4       0x10 ./source/SysTick.o
                0x000005e4                SysTick_Handler
 .text.UARTX_RX_TX_IRQHandler
                0x000005f4      0x118 ./source/uart.o
                0x000005f4                UARTX_RX_TX_IRQHandler
 .text.hw_Init  0x0000070c       0xc0 ./SDK/startup/hardware.o
                0x0000070c                hw_Init
 .text.hw_EnableInterrupts
                0x000007cc       0x18 ./SDK/startup/hardware.o
                0x000007cc                hw_EnableInterrupts
 .text.hw_DisableInterrupts
                0x000007e4       0x10 ./SDK/startup/hardware.o
                0x000007e4                hw_DisableInterrupts
 .text.SystemInit
                0x000007f4       0x34 ./SDK/CMSIS/system_MK64F12.o
                0x000007f4                SystemInit
 .text.App_Init
                0x00000828        0xa ./source/App.o
                0x00000828                App_Init
 .text.App_Run  0x00000832        0x2 ./source/App.o
                0x00000832                App_Run
 .text.FTM0_IRQHandler
                0x00000834        0xa ./source/FTM.o
                0x00000834                FTM0_IRQHandler
 .text.FTM1_IRQHandler
                0x0000083e        0xa ./source/FTM.o
                0x0000083e                FTM1_IRQHandler
 .text.FTM2_IRQHandler
                0x00000848        0xa ./source/FTM.o
                0x00000848                FTM2_IRQHandler
 .text.setPCRmux
                0x00000852       0x16 ./source/pinsHandler.o
                0x00000852                setPCRmux
 .text.setPCRirqc
                0x00000868       0x16 ./source/pinsHandler.o
                0x00000868                setPCRirqc
 .text.UART0_LON_IRQHandler
                0x0000087e        0x2 ./source/uart.o
                0x0000087e                UART0_LON_IRQHandler
 .text.UART0_RX_TX_IRQHandler
                0x00000880        0xa ./source/uart.o
                0x00000880                UART0_RX_TX_IRQHandler
 .text.UART0_ERR_IRQHandler
                0x0000088a        0x2 ./source/uart.o
                0x0000088a                UART0_ERR_IRQHandler
 .text.UART1_RX_TX_IRQHandler
                0x0000088c        0xa ./source/uart.o
                0x0000088c                UART1_RX_TX_IRQHandler
 .text.UART1_ERR_IRQHandler
                0x00000896        0x2 ./source/uart.o
                0x00000896                UART1_ERR_IRQHandler
 .text.UART2_RX_TX_IRQHandler
                0x00000898        0xa ./source/uart.o
                0x00000898                UART2_RX_TX_IRQHandler
 .text.UART2_ERR_IRQHandler
                0x000008a2        0x2 ./source/uart.o
                0x000008a2                UART2_ERR_IRQHandler
 .text.UART3_RX_TX_IRQHandler
                0x000008a4        0xa ./source/uart.o
                0x000008a4                UART3_RX_TX_IRQHandler
 .text.UART3_ERR_IRQHandler
                0x000008ae        0x2 ./source/uart.o
                0x000008ae                UART3_ERR_IRQHandler
 .text.UART4_RX_TX_IRQHandler
                0x000008b0        0xa ./source/uart.o
                0x000008b0                UART4_RX_TX_IRQHandler
 .text.UART4_ERR_IRQHandler
                0x000008ba        0x2 ./source/uart.o
                0x000008ba                UART4_ERR_IRQHandler
 .text.main     0x000008bc       0x18 ./SDK/startup/main.o
                0x000008bc                main
 .text.HardFault_Handler
                0x000008d4       0x2a ./SDK/startup/semihost_hardfault.o
                0x000008d4                HardFault_Handler
 .text.DMA0_IRQHandler
                0x000008fe        0x8 ./SDK/startup/startup_mk64f12.o
                0x000008fe                DMA0_IRQHandler
 .text.DMA1_IRQHandler
                0x00000906        0x8 ./SDK/startup/startup_mk64f12.o
                0x00000906                DMA1_IRQHandler
 .text.DMA2_IRQHandler
                0x0000090e        0x8 ./SDK/startup/startup_mk64f12.o
                0x0000090e                DMA2_IRQHandler
 .text.DMA3_IRQHandler
                0x00000916        0x8 ./SDK/startup/startup_mk64f12.o
                0x00000916                DMA3_IRQHandler
 .text.DMA4_IRQHandler
                0x0000091e        0x8 ./SDK/startup/startup_mk64f12.o
                0x0000091e                DMA4_IRQHandler
 .text.DMA5_IRQHandler
                0x00000926        0x8 ./SDK/startup/startup_mk64f12.o
                0x00000926                DMA5_IRQHandler
 .text.DMA6_IRQHandler
                0x0000092e        0x8 ./SDK/startup/startup_mk64f12.o
                0x0000092e                DMA6_IRQHandler
 .text.DMA7_IRQHandler
                0x00000936        0x8 ./SDK/startup/startup_mk64f12.o
                0x00000936                DMA7_IRQHandler
 .text.DMA8_IRQHandler
                0x0000093e        0x8 ./SDK/startup/startup_mk64f12.o
                0x0000093e                DMA8_IRQHandler
 .text.DMA9_IRQHandler
                0x00000946        0x8 ./SDK/startup/startup_mk64f12.o
                0x00000946                DMA9_IRQHandler
 .text.DMA10_IRQHandler
                0x0000094e        0x8 ./SDK/startup/startup_mk64f12.o
                0x0000094e                DMA10_IRQHandler
 .text.DMA11_IRQHandler
                0x00000956        0x8 ./SDK/startup/startup_mk64f12.o
                0x00000956                DMA11_IRQHandler
 .text.DMA12_IRQHandler
                0x0000095e        0x8 ./SDK/startup/startup_mk64f12.o
                0x0000095e                DMA12_IRQHandler
 .text.DMA13_IRQHandler
                0x00000966        0x8 ./SDK/startup/startup_mk64f12.o
                0x00000966                DMA13_IRQHandler
 .text.DMA14_IRQHandler
                0x0000096e        0x8 ./SDK/startup/startup_mk64f12.o
                0x0000096e                DMA14_IRQHandler
 .text.DMA15_IRQHandler
                0x00000976        0x8 ./SDK/startup/startup_mk64f12.o
                0x00000976                DMA15_IRQHandler
 .text.DMA_Error_IRQHandler
                0x0000097e        0x8 ./SDK/startup/startup_mk64f12.o
                0x0000097e                DMA_Error_IRQHandler
 .text.MCM_IRQHandler
                0x00000986        0x8 ./SDK/startup/startup_mk64f12.o
                0x00000986                MCM_IRQHandler
 .text.FTFE_IRQHandler
                0x0000098e        0x8 ./SDK/startup/startup_mk64f12.o
                0x0000098e                FTFE_IRQHandler
 .text.Read_Collision_IRQHandler
                0x00000996        0x8 ./SDK/startup/startup_mk64f12.o
                0x00000996                Read_Collision_IRQHandler
 .text.LVD_LVW_IRQHandler
                0x0000099e        0x8 ./SDK/startup/startup_mk64f12.o
                0x0000099e                LVD_LVW_IRQHandler
 .text.LLWU_IRQHandler
                0x000009a6        0x8 ./SDK/startup/startup_mk64f12.o
                0x000009a6                LLWU_IRQHandler
 .text.WDOG_EWM_IRQHandler
                0x000009ae        0x8 ./SDK/startup/startup_mk64f12.o
                0x000009ae                WDOG_EWM_IRQHandler
 .text.RNG_IRQHandler
                0x000009b6        0x8 ./SDK/startup/startup_mk64f12.o
                0x000009b6                RNG_IRQHandler
 .text.I2C0_IRQHandler
                0x000009be        0x8 ./SDK/startup/startup_mk64f12.o
                0x000009be                I2C0_IRQHandler
 .text.I2C1_IRQHandler
                0x000009c6        0x8 ./SDK/startup/startup_mk64f12.o
                0x000009c6                I2C1_IRQHandler
 .text.SPI0_IRQHandler
                0x000009ce        0x8 ./SDK/startup/startup_mk64f12.o
                0x000009ce                SPI0_IRQHandler
 .text.SPI1_IRQHandler
                0x000009d6        0x8 ./SDK/startup/startup_mk64f12.o
                0x000009d6                SPI1_IRQHandler
 .text.I2S0_Tx_IRQHandler
                0x000009de        0x8 ./SDK/startup/startup_mk64f12.o
                0x000009de                I2S0_Tx_IRQHandler
 .text.I2S0_Rx_IRQHandler
                0x000009e6        0x8 ./SDK/startup/startup_mk64f12.o
                0x000009e6                I2S0_Rx_IRQHandler
 .text.ADC0_IRQHandler
                0x000009ee        0x8 ./SDK/startup/startup_mk64f12.o
                0x000009ee                ADC0_IRQHandler
 .text.CMP1_IRQHandler
                0x000009f6        0x8 ./SDK/startup/startup_mk64f12.o
                0x000009f6                CMP1_IRQHandler
 .text.CMT_IRQHandler
                0x000009fe        0x8 ./SDK/startup/startup_mk64f12.o
                0x000009fe                CMT_IRQHandler
 .text.RTC_IRQHandler
                0x00000a06        0x8 ./SDK/startup/startup_mk64f12.o
                0x00000a06                RTC_IRQHandler
 .text.RTC_Seconds_IRQHandler
                0x00000a0e        0x8 ./SDK/startup/startup_mk64f12.o
                0x00000a0e                RTC_Seconds_IRQHandler
 .text.PIT0_IRQHandler
                0x00000a16        0x8 ./SDK/startup/startup_mk64f12.o
                0x00000a16                PIT0_IRQHandler
 .text.PIT1_IRQHandler
                0x00000a1e        0x8 ./SDK/startup/startup_mk64f12.o
                0x00000a1e                PIT1_IRQHandler
 .text.PIT2_IRQHandler
                0x00000a26        0x8 ./SDK/startup/startup_mk64f12.o
                0x00000a26                PIT2_IRQHandler
 .text.PIT3_IRQHandler
                0x00000a2e        0x8 ./SDK/startup/startup_mk64f12.o
                0x00000a2e                PIT3_IRQHandler
 .text.PDB0_IRQHandler
                0x00000a36        0x8 ./SDK/startup/startup_mk64f12.o
                0x00000a36                PDB0_IRQHandler
 .text.USB0_IRQHandler
                0x00000a3e        0x8 ./SDK/startup/startup_mk64f12.o
                0x00000a3e                USB0_IRQHandler
 .text.USBDCD_IRQHandler
                0x00000a46        0x8 ./SDK/startup/startup_mk64f12.o
                0x00000a46                USBDCD_IRQHandler
 .text.Reserved71_IRQHandler
                0x00000a4e        0x8 ./SDK/startup/startup_mk64f12.o
                0x00000a4e                Reserved71_IRQHandler
 .text.DAC0_IRQHandler
                0x00000a56        0x8 ./SDK/startup/startup_mk64f12.o
                0x00000a56                DAC0_IRQHandler
 .text.MCG_IRQHandler
                0x00000a5e        0x8 ./SDK/startup/startup_mk64f12.o
                0x00000a5e                MCG_IRQHandler
 .text.LPTMR0_IRQHandler
                0x00000a66        0x8 ./SDK/startup/startup_mk64f12.o
                0x00000a66                LPTMR0_IRQHandler
 .text.PORTA_IRQHandler
                0x00000a6e        0x8 ./SDK/startup/startup_mk64f12.o
                0x00000a6e                PORTA_IRQHandler
 .text.PORTB_IRQHandler
                0x00000a76        0x8 ./SDK/startup/startup_mk64f12.o
                0x00000a76                PORTB_IRQHandler
 .text.PORTC_IRQHandler
                0x00000a7e        0x8 ./SDK/startup/startup_mk64f12.o
                0x00000a7e                PORTC_IRQHandler
 .text.PORTD_IRQHandler
                0x00000a86        0x8 ./SDK/startup/startup_mk64f12.o
                0x00000a86                PORTD_IRQHandler
 .text.PORTE_IRQHandler
                0x00000a8e        0x8 ./SDK/startup/startup_mk64f12.o
                0x00000a8e                PORTE_IRQHandler
 .text.SWI_IRQHandler
                0x00000a96        0x8 ./SDK/startup/startup_mk64f12.o
                0x00000a96                SWI_IRQHandler
 .text.SPI2_IRQHandler
                0x00000a9e        0x8 ./SDK/startup/startup_mk64f12.o
                0x00000a9e                SPI2_IRQHandler
 .text.UART5_RX_TX_IRQHandler
                0x00000aa6        0x8 ./SDK/startup/startup_mk64f12.o
                0x00000aa6                UART5_RX_TX_IRQHandler
 .text.UART5_ERR_IRQHandler
                0x00000aae        0x8 ./SDK/startup/startup_mk64f12.o
                0x00000aae                UART5_ERR_IRQHandler
 .text.CMP2_IRQHandler
                0x00000ab6        0x8 ./SDK/startup/startup_mk64f12.o
                0x00000ab6                CMP2_IRQHandler
 .text.FTM3_IRQHandler
                0x00000abe        0x8 ./SDK/startup/startup_mk64f12.o
                0x00000abe                FTM3_IRQHandler
 .text.DAC1_IRQHandler
                0x00000ac6        0x8 ./SDK/startup/startup_mk64f12.o
                0x00000ac6                DAC1_IRQHandler
 .text.ADC1_IRQHandler
                0x00000ace        0x8 ./SDK/startup/startup_mk64f12.o
                0x00000ace                ADC1_IRQHandler
 .text.I2C2_IRQHandler
                0x00000ad6        0x8 ./SDK/startup/startup_mk64f12.o
                0x00000ad6                I2C2_IRQHandler
 .text.CAN0_ORed_Message_buffer_IRQHandler
                0x00000ade        0x8 ./SDK/startup/startup_mk64f12.o
                0x00000ade                CAN0_ORed_Message_buffer_IRQHandler
 .text.CAN0_Bus_Off_IRQHandler
                0x00000ae6        0x8 ./SDK/startup/startup_mk64f12.o
                0x00000ae6                CAN0_Bus_Off_IRQHandler
 .text.CAN0_Error_IRQHandler
                0x00000aee        0x8 ./SDK/startup/startup_mk64f12.o
                0x00000aee                CAN0_Error_IRQHandler
 .text.CAN0_Tx_Warning_IRQHandler
                0x00000af6        0x8 ./SDK/startup/startup_mk64f12.o
                0x00000af6                CAN0_Tx_Warning_IRQHandler
 .text.CAN0_Rx_Warning_IRQHandler
                0x00000afe        0x8 ./SDK/startup/startup_mk64f12.o
                0x00000afe                CAN0_Rx_Warning_IRQHandler
 .text.CAN0_Wake_Up_IRQHandler
                0x00000b06        0x8 ./SDK/startup/startup_mk64f12.o
                0x00000b06                CAN0_Wake_Up_IRQHandler
 .text.SDHC_IRQHandler
                0x00000b0e        0x8 ./SDK/startup/startup_mk64f12.o
                0x00000b0e                SDHC_IRQHandler
 .text.ENET_1588_Timer_IRQHandler
                0x00000b16        0x8 ./SDK/startup/startup_mk64f12.o
                0x00000b16                ENET_1588_Timer_IRQHandler
 .text.ENET_Transmit_IRQHandler
                0x00000b1e        0x8 ./SDK/startup/startup_mk64f12.o
                0x00000b1e                ENET_Transmit_IRQHandler
 .text.ENET_Receive_IRQHandler
                0x00000b26        0x8 ./SDK/startup/startup_mk64f12.o
                0x00000b26                ENET_Receive_IRQHandler
 .text.ENET_Error_IRQHandler
                0x00000b2e        0x8 ./SDK/startup/startup_mk64f12.o
                0x00000b2e                ENET_Error_IRQHandler
 .text.SystemInitHook
                0x00000b36        0x2 ./SDK/CMSIS/system_MK64F12.o
                0x00000b36                SystemInitHook
 *(SORT_BY_ALIGNMENT(.rodata) SORT_BY_ALIGNMENT(.rodata.*) SORT_BY_ALIGNMENT(.constdata) SORT_BY_ALIGNMENT(.constdata.*))
 .rodata        0x00000b38       0x14 ./source/CMP.o
 .rodata        0x00000b4c       0x2c ./source/uart.o
                0x00000b78                . = ALIGN (0x8)

.glue_7         0x00000b78        0x0
 .glue_7        0x00000b78        0x0 linker stubs

.glue_7t        0x00000b78        0x0
 .glue_7t       0x00000b78        0x0 linker stubs

.vfp11_veneer   0x00000b78        0x0
 .vfp11_veneer  0x00000b78        0x0 linker stubs

.v4_bx          0x00000b78        0x0
 .v4_bx         0x00000b78        0x0 linker stubs

.iplt           0x00000b78        0x0
 .iplt          0x00000b78        0x0 ./source/App.o

.rel.dyn        0x00000b78        0x0
 .rel.iplt      0x00000b78        0x0 ./source/App.o

.ARM.extab
 *(SORT_BY_ALIGNMENT(.ARM.extab*) SORT_BY_ALIGNMENT(.gnu.linkonce.armextab.*))
                0x00000b78                __exidx_start = .

.ARM.exidx
 *(SORT_BY_ALIGNMENT(.ARM.exidx*) SORT_BY_ALIGNMENT(.gnu.linkonce.armexidx.*))
                0x00000b78                __exidx_end = .
                0x00000b78                _etext = .

.m_usb_data
 *(SORT_BY_ALIGNMENT(m_usb_bdt))

.data_RAM2      0x1fff0000        0x0 load address 0x00000b78
 FILL mask 0xff
                [!provide]                PROVIDE (__start_data_RAM2, .)
 *(SORT_BY_ALIGNMENT(.ramfunc.$RAM2))
 *(SORT_BY_ALIGNMENT(.ramfunc.$SRAM_LOWER))
 *(SORT_BY_ALIGNMENT(.data.$RAM2*))
 *(SORT_BY_ALIGNMENT(.data.$SRAM_LOWER*))
                0x1fff0000                . = ALIGN (0x8)
                [!provide]                PROVIDE (__end_data_RAM2, .)

.data_RAM3      0x14000000        0x0 load address 0x00000b78
 FILL mask 0xff
                [!provide]                PROVIDE (__start_data_RAM3, .)
 *(SORT_BY_ALIGNMENT(.ramfunc.$RAM3))
 *(SORT_BY_ALIGNMENT(.ramfunc.$FLEX_RAM))
 *(SORT_BY_ALIGNMENT(.data.$RAM3*))
 *(SORT_BY_ALIGNMENT(.data.$FLEX_RAM*))
                0x14000000                . = ALIGN (0x8)
                [!provide]                PROVIDE (__end_data_RAM3, .)

.uninit_RESERVED
                0x20000000        0x0
 *(SORT_BY_ALIGNMENT(.bss.$RESERVED*))
                0x20000000                . = ALIGN (0x4)
                0x20000000                _end_uninit_RESERVED = .

.data           0x20000000       0x40 load address 0x00000b78
 FILL mask 0xff
                0x20000000                _data = .
 *(SORT_BY_ALIGNMENT(vtable))
 *(SORT_BY_ALIGNMENT(.ramfunc*))
 *(SORT_BY_ALIGNMENT(.data*))
 .data.CMP_in_pins
                0x20000000        0x2 ./source/CMP.o
                0x20000000                CMP_in_pins
 *fill*         0x20000002        0x2 ff
 .data.CMP_out_pins
                0x20000004        0x2 ./source/CMP.o
                0x20000004                CMP_out_pins
 *fill*         0x20000006        0x2 ff
 .data.arrayCMPirqs
                0x20000008        0x3 ./source/CMP.o
                0x20000008                arrayCMPirqs
 *fill*         0x2000000b        0x1 ff
 .data.arrayP2CMP
                0x2000000c        0xc ./source/CMP.o
                0x2000000c                arrayP2CMP
 .data.arrayP2FTM
                0x20000018       0x10 ./source/FTM.o
                0x20000018                arrayP2FTM
 .data.markersRXbuffer
                0x20000028       0x14 ./source/uart.o
                0x20000040                . = ALIGN (0x8)
 *fill*         0x2000003c        0x4 ff
                0x20000040                _edata = .

.igot.plt       0x20000040        0x0 load address 0x00000bb8
 .igot.plt      0x20000040        0x0 ./source/App.o

.bss_RAM2       0x1fff0000        0x0
                [!provide]                PROVIDE (__start_bss_RAM2, .)
 *(SORT_BY_ALIGNMENT(.bss.$RAM2*))
 *(SORT_BY_ALIGNMENT(.bss.$SRAM_LOWER*))
                0x1fff0000                . = ALIGN ((. != 0x0)?0x8:0x1)
                [!provide]                PROVIDE (__end_bss_RAM2, .)

.bss_RAM3       0x14000000        0x0
                [!provide]                PROVIDE (__start_bss_RAM3, .)
 *(SORT_BY_ALIGNMENT(.bss.$RAM3*))
 *(SORT_BY_ALIGNMENT(.bss.$FLEX_RAM*))
                0x14000000                . = ALIGN ((. != 0x0)?0x8:0x1)
                [!provide]                PROVIDE (__end_bss_RAM3, .)

.bss            0x20000040      0x450
                0x20000040                _bss = .
 *(SORT_BY_ALIGNMENT(.bss*))
 .bss.base      0x20000040        0x4 ./source/CMP.o
                0x20000040                base
 .bss.arrayFTMcallbacks
                0x20000044       0x10 ./source/FTM.o
                0x20000044                arrayFTMcallbacks
 .bss.sysTickFun
                0x20000054        0x4 ./source/SysTick.o
                0x20000054                sysTickFun
 .bss.RXbuffers
                0x20000058       0x28 ./source/uart.o
 .bss.TXbuffers
                0x20000080      0x3e8 ./source/uart.o
 .bss.countersRXfailed
                0x20000468        0x5 ./source/uart.o
 *fill*         0x2000046d        0x3 
 .bss.flagsReading
                0x20000470        0x5 ./source/uart.o
 *fill*         0x20000475        0x3 
 .bss.lensTXbuffer
                0x20000478        0x5 ./source/uart.o
 *fill*         0x2000047d        0x3 
 .bss.outMarkersTXbuffer
                0x20000480        0x5 ./source/uart.o
 *fill*         0x20000485        0x3 
 .bss.__LDM_interruptDisableCount
                0x20000488        0x4 ./SDK/startup/hardware.o
 *(SORT_BY_ALIGNMENT(COMMON))
                0x20000490                . = ALIGN (0x8)
 *fill*         0x2000048c        0x4 
                0x20000490                _ebss = .
                [!provide]                PROVIDE (end, .)

.noinit_RAM2    0x1fff0000        0x0
 *(SORT_BY_ALIGNMENT(.noinit.$RAM2*))
 *(SORT_BY_ALIGNMENT(.noinit.$SRAM_LOWER*))
                0x1fff0000                . = ALIGN (0x8)

.noinit_RAM3    0x14000000        0x0
 *(SORT_BY_ALIGNMENT(.noinit.$RAM3*))
 *(SORT_BY_ALIGNMENT(.noinit.$FLEX_RAM*))
                0x14000000                . = ALIGN (0x8)

.noinit         0x20000490        0x0
                0x20000490                _noinit = .
 *(SORT_BY_ALIGNMENT(.noinit*))
                0x20000490                . = ALIGN (0x8)
                0x20000490                _end_noinit = .
                0x00001000                _HeapSize = 0x1000

.heap           0x20000490     0x1000
                0x20000490                _pvHeapStart = .
                0x20001490                . = (. + _HeapSize)
 *fill*         0x20000490     0x1000 
                0x20001490                . = ALIGN (0x8)
                0x20001490                _pvHeapLimit = .
                0x00001000                _StackSize = 0x1000

.heap2stackfill
                0x20001490     0x1000
                0x20002490                . = (. + _StackSize)
 *fill*         0x20001490     0x1000 

.stack          0x2002f000        0x0
                0x2002f000                _vStackBase = .
                0x2002f000                . = ALIGN (0x8)
                0x20030000                _vStackTop = (. + _StackSize)
                0x00000000                _image_start = LOADADDR (.text)
                0x00000bb8                _image_end = (LOADADDR (.data) + SIZEOF (.data))
                0x00000bb8                _image_size = (_image_end - _image_start)
OUTPUT(CMPplusDMA.axf elf32-littlearm)

.debug_info     0x00000000     0x57bd
 .debug_info    0x00000000      0x9c1 ./source/App.o
 .debug_info    0x000009c1      0xa92 ./source/CMP.o
 .debug_info    0x00001453      0xe3a ./source/FTM.o
 .debug_info    0x0000228d      0x518 ./source/SysTick.o
 .debug_info    0x000027a5      0x369 ./source/pinsHandler.o
 .debug_info    0x00002b0e     0x1266 ./source/uart.o
 .debug_info    0x00003d74      0x675 ./SDK/startup/hardware.o
 .debug_info    0x000043e9      0x120 ./SDK/startup/main.o
 .debug_info    0x00004509       0x3b ./SDK/startup/semihost_hardfault.o
 .debug_info    0x00004544      0xc71 ./SDK/startup/startup_mk64f12.o
 .debug_info    0x000051b5      0x608 ./SDK/CMSIS/system_MK64F12.o

.debug_abbrev   0x00000000     0x12a5
 .debug_abbrev  0x00000000      0x265 ./source/App.o
 .debug_abbrev  0x00000265      0x260 ./source/CMP.o
 .debug_abbrev  0x000004c5      0x30b ./source/FTM.o
 .debug_abbrev  0x000007d0      0x19c ./source/SysTick.o
 .debug_abbrev  0x0000096c      0x160 ./source/pinsHandler.o
 .debug_abbrev  0x00000acc      0x352 ./source/uart.o
 .debug_abbrev  0x00000e1e      0x138 ./SDK/startup/hardware.o
 .debug_abbrev  0x00000f56       0x9b ./SDK/startup/main.o
 .debug_abbrev  0x00000ff1       0x2f ./SDK/startup/semihost_hardfault.o
 .debug_abbrev  0x00001020      0x13b ./SDK/startup/startup_mk64f12.o
 .debug_abbrev  0x0000115b      0x14a ./SDK/CMSIS/system_MK64F12.o

.debug_loc      0x00000000      0xd9a
 .debug_loc     0x00000000       0x1f ./source/App.o
 .debug_loc     0x0000001f      0x113 ./source/CMP.o
 .debug_loc     0x00000132      0x207 ./source/FTM.o
 .debug_loc     0x00000339       0x6b ./source/SysTick.o
 .debug_loc     0x000003a4       0xe3 ./source/pinsHandler.o
 .debug_loc     0x00000487      0x683 ./source/uart.o
 .debug_loc     0x00000b0a      0x1e7 ./SDK/startup/startup_mk64f12.o
 .debug_loc     0x00000cf1       0xa9 ./SDK/CMSIS/system_MK64F12.o

.debug_aranges  0x00000000      0x648
 .debug_aranges
                0x00000000       0x30 ./source/App.o
 .debug_aranges
                0x00000030       0x58 ./source/CMP.o
 .debug_aranges
                0x00000088       0x88 ./source/FTM.o
 .debug_aranges
                0x00000110       0x28 ./source/SysTick.o
 .debug_aranges
                0x00000138       0x50 ./source/pinsHandler.o
 .debug_aranges
                0x00000188       0xf0 ./source/uart.o
 .debug_aranges
                0x00000278       0x30 ./SDK/startup/hardware.o
 .debug_aranges
                0x000002a8       0x20 ./SDK/startup/main.o
 .debug_aranges
                0x000002c8       0x20 ./SDK/startup/semihost_hardfault.o
 .debug_aranges
                0x000002e8      0x330 ./SDK/startup/startup_mk64f12.o
 .debug_aranges
                0x00000618       0x30 ./SDK/CMSIS/system_MK64F12.o

.debug_ranges   0x00000000      0x5d0
 .debug_ranges  0x00000000       0x20 ./source/App.o
 .debug_ranges  0x00000020       0x48 ./source/CMP.o
 .debug_ranges  0x00000068       0xb0 ./source/FTM.o
 .debug_ranges  0x00000118       0x18 ./source/SysTick.o
 .debug_ranges  0x00000130       0x40 ./source/pinsHandler.o
 .debug_ranges  0x00000170       0xe0 ./source/uart.o
 .debug_ranges  0x00000250       0x20 ./SDK/startup/hardware.o
 .debug_ranges  0x00000270       0x10 ./SDK/startup/main.o
 .debug_ranges  0x00000280       0x10 ./SDK/startup/semihost_hardfault.o
 .debug_ranges  0x00000290      0x320 ./SDK/startup/startup_mk64f12.o
 .debug_ranges  0x000005b0       0x20 ./SDK/CMSIS/system_MK64F12.o

.debug_macro    0x00000000    0x11947
 .debug_macro   0x00000000      0x117 ./source/App.o
 .debug_macro   0x00000117       0x1c ./source/App.o
 .debug_macro   0x00000133       0x1c ./source/App.o
 .debug_macro   0x0000014f      0x34e ./source/App.o
 .debug_macro   0x0000049d       0x22 ./source/App.o
 .debug_macro   0x000004bf       0x22 ./source/App.o
 .debug_macro   0x000004e1       0x52 ./source/App.o
 .debug_macro   0x00000533       0x17 ./source/App.o
 .debug_macro   0x0000054a       0x8d ./source/App.o
 .debug_macro   0x000005d7       0x35 ./source/App.o
 .debug_macro   0x0000060c       0x9c ./source/App.o
 .debug_macro   0x000006a8      0x174 ./source/App.o
 .debug_macro   0x0000081c       0x57 ./source/App.o
 .debug_macro   0x00000873       0x58 ./source/App.o
 .debug_macro   0x000008cb       0x1f ./source/App.o
 .debug_macro   0x000008ea       0x43 ./source/App.o
 .debug_macro   0x0000092d       0x20 ./source/App.o
 .debug_macro   0x0000094d      0x18e ./source/App.o
 .debug_macro   0x00000adb      0x330 ./source/App.o
 .debug_macro   0x00000e0b      0x1e1 ./source/App.o
 .debug_macro   0x00000fec       0xae ./source/CMP.o
 .debug_macro   0x0000109a       0x5c ./source/CMP.o
 .debug_macro   0x000010f6       0x1c ./source/CMP.o
 .debug_macro   0x00001112       0x22 ./source/CMP.o
 .debug_macro   0x00001134       0xdf ./source/CMP.o
 .debug_macro   0x00001213      0xecf ./source/CMP.o
 .debug_macro   0x000020e2       0x48 ./source/CMP.o
 .debug_macro   0x0000212a     0xe07b ./source/CMP.o
 .debug_macro   0x000101a5       0x22 ./source/CMP.o
 .debug_macro   0x000101c7       0xa1 ./source/FTM.o
 .debug_macro   0x00010268       0x22 ./source/FTM.o
 .debug_macro   0x0001028a       0x96 ./source/SysTick.o
 .debug_macro   0x00010320       0x92 ./source/pinsHandler.o
 .debug_macro   0x000103b2      0x118 ./source/uart.o
 .debug_macro   0x000104ca       0x40 ./source/uart.o
 .debug_macro   0x0001050a       0x10 ./source/uart.o
 .debug_macro   0x0001051a     0x122b ./source/uart.o
 .debug_macro   0x00011745       0x16 ./source/uart.o
 .debug_macro   0x0001175b       0x9c ./SDK/startup/hardware.o
 .debug_macro   0x000117f7       0x9c ./SDK/startup/main.o
 .debug_macro   0x00011893       0x11 ./SDK/startup/semihost_hardfault.o
 .debug_macro   0x000118a4       0x23 ./SDK/startup/startup_mk64f12.o
 .debug_macro   0x000118c7       0x80 ./SDK/CMSIS/system_MK64F12.o

.debug_line     0x00000000     0x1b9e
 .debug_line    0x00000000      0x295 ./source/App.o
 .debug_line    0x00000295      0x1e4 ./source/CMP.o
 .debug_line    0x00000479      0x2b9 ./source/FTM.o
 .debug_line    0x00000732      0x163 ./source/SysTick.o
 .debug_line    0x00000895      0x1b3 ./source/pinsHandler.o
 .debug_line    0x00000a48      0x517 ./source/uart.o
 .debug_line    0x00000f5f      0x1cb ./SDK/startup/hardware.o
 .debug_line    0x0000112a      0x175 ./SDK/startup/main.o
 .debug_line    0x0000129f       0x55 ./SDK/startup/semihost_hardfault.o
 .debug_line    0x000012f4      0x6d8 ./SDK/startup/startup_mk64f12.o
 .debug_line    0x000019cc      0x1d2 ./SDK/CMSIS/system_MK64F12.o

.debug_str      0x00000000    0x7c852
 .debug_str     0x00000000     0x727d ./source/App.o
                               0x750f (size before relaxing)
 .debug_str     0x0000727d    0x6d4eb ./source/CMP.o
                              0x70d76 (size before relaxing)
 .debug_str     0x00074768      0x525 ./source/FTM.o
                              0x71090 (size before relaxing)
 .debug_str     0x00074c8d       0xab ./source/SysTick.o
                              0x70db2 (size before relaxing)
 .debug_str     0x00074d38       0xac ./source/pinsHandler.o
                              0x7061b (size before relaxing)
 .debug_str     0x00074de4     0x7162 ./source/uart.o
                              0x77d01 (size before relaxing)
 .debug_str     0x0007bf46      0x16f ./SDK/startup/hardware.o
                              0x771fb (size before relaxing)
 .debug_str     0x0007c0b5       0x1b ./SDK/startup/main.o
                              0x77011 (size before relaxing)
 .debug_str     0x0007c0d0       0x36 ./SDK/startup/semihost_hardfault.o
                               0x2d35 (size before relaxing)
 .debug_str     0x0007c106      0x6f5 ./SDK/startup/startup_mk64f12.o
                               0x35a4 (size before relaxing)
 .debug_str     0x0007c7fb       0x57 ./SDK/CMSIS/system_MK64F12.o
                              0x7710a (size before relaxing)

.comment        0x00000000       0x7e
 .comment       0x00000000       0x7e ./source/App.o
                                 0x7f (size before relaxing)
 .comment       0x0000007e       0x7f ./source/CMP.o
 .comment       0x0000007e       0x7f ./source/FTM.o
 .comment       0x0000007e       0x7f ./source/SysTick.o
 .comment       0x0000007e       0x7f ./source/pinsHandler.o
 .comment       0x0000007e       0x7f ./source/uart.o
 .comment       0x0000007e       0x7f ./SDK/startup/hardware.o
 .comment       0x0000007e       0x7f ./SDK/startup/main.o
 .comment       0x0000007e       0x7f ./SDK/startup/semihost_hardfault.o
 .comment       0x0000007e       0x7f ./SDK/startup/startup_mk64f12.o
 .comment       0x0000007e       0x7f ./SDK/CMSIS/system_MK64F12.o

.ARM.attributes
                0x00000000       0x39
 .ARM.attributes
                0x00000000       0x39 ./source/App.o
 .ARM.attributes
                0x00000039       0x39 ./source/CMP.o
 .ARM.attributes
                0x00000072       0x39 ./source/FTM.o
 .ARM.attributes
                0x000000ab       0x39 ./source/SysTick.o
 .ARM.attributes
                0x000000e4       0x39 ./source/pinsHandler.o
 .ARM.attributes
                0x0000011d       0x39 ./source/uart.o
 .ARM.attributes
                0x00000156       0x39 ./SDK/startup/hardware.o
 .ARM.attributes
                0x0000018f       0x39 ./SDK/startup/main.o
 .ARM.attributes
                0x000001c8       0x39 ./SDK/startup/semihost_hardfault.o
 .ARM.attributes
                0x00000201       0x39 ./SDK/startup/startup_mk64f12.o
 .ARM.attributes
                0x0000023a       0x39 ./SDK/CMSIS/system_MK64F12.o

.debug_frame    0x00000000      0xf74
 .debug_frame   0x00000000       0x54 ./source/App.o
 .debug_frame   0x00000054       0xb0 ./source/CMP.o
 .debug_frame   0x00000104      0x130 ./source/FTM.o
 .debug_frame   0x00000234       0x38 ./source/SysTick.o
 .debug_frame   0x0000026c       0x80 ./source/pinsHandler.o
 .debug_frame   0x000002ec      0x2b4 ./source/uart.o
 .debug_frame   0x000005a0       0x40 ./SDK/startup/hardware.o
 .debug_frame   0x000005e0       0x28 ./SDK/startup/main.o
 .debug_frame   0x00000608       0x20 ./SDK/startup/semihost_hardfault.o
 .debug_frame   0x00000628      0x904 ./SDK/startup/startup_mk64f12.o
 .debug_frame   0x00000f2c       0x48 ./SDK/CMSIS/system_MK64F12.o
