
Discarded input sections

 .group         0x00000000        0xc ./source/ADC.o
 .text          0x00000000        0x0 ./source/ADC.o
 .data          0x00000000        0x0 ./source/ADC.o
 .bss           0x00000000        0x0 ./source/ADC.o
 .debug_info    0x00000000       0x21 ./source/ADC.o
 .debug_abbrev  0x00000000       0x13 ./source/ADC.o
 .debug_aranges
                0x00000000       0x18 ./source/ADC.o
 .debug_macro   0x00000000       0x1b ./source/ADC.o
 .debug_macro   0x00000000      0xa5a ./source/ADC.o
 .debug_line    0x00000000       0x39 ./source/ADC.o
 .debug_str     0x00000000     0x2d17 ./source/ADC.o
 .comment       0x00000000       0x7f ./source/ADC.o
 .ARM.attributes
                0x00000000       0x39 ./source/ADC.o
 .group         0x00000000        0xc ./source/App.o
 .group         0x00000000        0xc ./source/App.o
 .group         0x00000000        0xc ./source/App.o
 .group         0x00000000        0xc ./source/App.o
 .group         0x00000000        0xc ./source/App.o
 .group         0x00000000        0xc ./source/App.o
 .group         0x00000000        0xc ./source/App.o
 .group         0x00000000        0xc ./source/App.o
 .group         0x00000000        0xc ./source/App.o
 .group         0x00000000        0xc ./source/App.o
 .group         0x00000000        0xc ./source/App.o
 .group         0x00000000        0xc ./source/App.o
 .group         0x00000000        0xc ./source/App.o
 .group         0x00000000        0xc ./source/App.o
 .group         0x00000000        0xc ./source/App.o
 .group         0x00000000        0xc ./source/App.o
 .group         0x00000000        0xc ./source/App.o
 .group         0x00000000        0xc ./source/App.o
 .group         0x00000000        0xc ./source/App.o
 .group         0x00000000        0xc ./source/App.o
 .group         0x00000000        0xc ./source/App.o
 .text          0x00000000        0x0 ./source/App.o
 .data          0x00000000        0x0 ./source/App.o
 .bss           0x00000000        0x0 ./source/App.o
 .debug_macro   0x00000000      0xa5a ./source/App.o
 .group         0x00000000        0xc ./source/CMP.o
 .group         0x00000000        0xc ./source/CMP.o
 .group         0x00000000        0xc ./source/CMP.o
 .group         0x00000000        0xc ./source/CMP.o
 .group         0x00000000        0xc ./source/CMP.o
 .group         0x00000000        0xc ./source/CMP.o
 .group         0x00000000        0xc ./source/CMP.o
 .group         0x00000000        0xc ./source/CMP.o
 .group         0x00000000        0xc ./source/CMP.o
 .group         0x00000000        0xc ./source/CMP.o
 .group         0x00000000        0xc ./source/CMP.o
 .text          0x00000000        0x0 ./source/CMP.o
 .data          0x00000000        0x0 ./source/CMP.o
 .bss           0x00000000        0x0 ./source/CMP.o
 .text.enableDMA
                0x00000000        0x2 ./source/CMP.o
 .debug_macro   0x00000000      0xa5a ./source/CMP.o
 .debug_macro   0x00000000      0x34e ./source/CMP.o
 .debug_macro   0x00000000       0x22 ./source/CMP.o
 .group         0x00000000        0xc ./source/DAC.o
 .group         0x00000000        0xc ./source/DAC.o
 .group         0x00000000        0xc ./source/DAC.o
 .group         0x00000000        0xc ./source/DAC.o
 .group         0x00000000        0xc ./source/DAC.o
 .group         0x00000000        0xc ./source/DAC.o
 .group         0x00000000        0xc ./source/DAC.o
 .group         0x00000000        0xc ./source/DAC.o
 .group         0x00000000        0xc ./source/DAC.o
 .group         0x00000000        0xc ./source/DAC.o
 .group         0x00000000        0xc ./source/DAC.o
 .group         0x00000000        0xc ./source/DAC.o
 .text          0x00000000        0x0 ./source/DAC.o
 .data          0x00000000        0x0 ./source/DAC.o
 .bss           0x00000000        0x0 ./source/DAC.o
 .text.writeDACvalue
                0x00000000       0x58 ./source/DAC.o
 .text.DACclockGating
                0x00000000       0x1c ./source/DAC.o
 .text.DACinit  0x00000000       0x3c ./source/DAC.o
 .data.arrayP2DAC
                0x00000000        0x8 ./source/DAC.o
 .debug_info    0x00000000      0x426 ./source/DAC.o
 .debug_abbrev  0x00000000      0x1af ./source/DAC.o
 .debug_loc     0x00000000       0xaf ./source/DAC.o
 .debug_aranges
                0x00000000       0x30 ./source/DAC.o
 .debug_ranges  0x00000000       0x20 ./source/DAC.o
 .debug_macro   0x00000000       0x95 ./source/DAC.o
 .debug_macro   0x00000000      0xa5a ./source/DAC.o
 .debug_macro   0x00000000       0x1c ./source/DAC.o
 .debug_macro   0x00000000       0x5c ./source/DAC.o
 .debug_macro   0x00000000      0x34e ./source/DAC.o
 .debug_macro   0x00000000       0x1c ./source/DAC.o
 .debug_macro   0x00000000       0x22 ./source/DAC.o
 .debug_macro   0x00000000       0xdf ./source/DAC.o
 .debug_macro   0x00000000      0xecf ./source/DAC.o
 .debug_macro   0x00000000       0x48 ./source/DAC.o
 .debug_macro   0x00000000     0xe07b ./source/DAC.o
 .debug_macro   0x00000000       0x22 ./source/DAC.o
 .debug_macro   0x00000000       0x22 ./source/DAC.o
 .debug_line    0x00000000      0x173 ./source/DAC.o
 .debug_str     0x00000000    0x70705 ./source/DAC.o
 .comment       0x00000000       0x7f ./source/DAC.o
 .debug_frame   0x00000000       0x48 ./source/DAC.o
 .ARM.attributes
                0x00000000       0x39 ./source/DAC.o
 .group         0x00000000        0xc ./source/DMA.o
 .group         0x00000000        0xc ./source/DMA.o
 .group         0x00000000        0xc ./source/DMA.o
 .group         0x00000000        0xc ./source/DMA.o
 .group         0x00000000        0xc ./source/DMA.o
 .group         0x00000000        0xc ./source/DMA.o
 .group         0x00000000        0xc ./source/DMA.o
 .group         0x00000000        0xc ./source/DMA.o
 .group         0x00000000        0xc ./source/DMA.o
 .group         0x00000000        0xc ./source/DMA.o
 .text          0x00000000        0x0 ./source/DMA.o
 .data          0x00000000        0x0 ./source/DMA.o
 .bss           0x00000000        0x0 ./source/DMA.o
 .debug_macro   0x00000000      0xa5a ./source/DMA.o
 .debug_macro   0x00000000       0x5c ./source/DMA.o
 .debug_macro   0x00000000      0x34e ./source/DMA.o
 .debug_macro   0x00000000       0x1c ./source/DMA.o
 .debug_macro   0x00000000       0x22 ./source/DMA.o
 .debug_macro   0x00000000       0xdf ./source/DMA.o
 .debug_macro   0x00000000      0xecf ./source/DMA.o
 .debug_macro   0x00000000       0x48 ./source/DMA.o
 .debug_macro   0x00000000     0xe07b ./source/DMA.o
 .debug_macro   0x00000000       0x22 ./source/DMA.o
 .group         0x00000000        0xc ./source/DMAMUX.o
 .group         0x00000000        0xc ./source/DMAMUX.o
 .group         0x00000000        0xc ./source/DMAMUX.o
 .group         0x00000000        0xc ./source/DMAMUX.o
 .group         0x00000000        0xc ./source/DMAMUX.o
 .group         0x00000000        0xc ./source/DMAMUX.o
 .group         0x00000000        0xc ./source/DMAMUX.o
 .group         0x00000000        0xc ./source/DMAMUX.o
 .group         0x00000000        0xc ./source/DMAMUX.o
 .group         0x00000000        0xc ./source/DMAMUX.o
 .text          0x00000000        0x0 ./source/DMAMUX.o
 .data          0x00000000        0x0 ./source/DMAMUX.o
 .bss           0x00000000        0x0 ./source/DMAMUX.o
 .debug_macro   0x00000000      0xa5a ./source/DMAMUX.o
 .debug_macro   0x00000000       0x5c ./source/DMAMUX.o
 .debug_macro   0x00000000      0x34e ./source/DMAMUX.o
 .debug_macro   0x00000000       0x1c ./source/DMAMUX.o
 .debug_macro   0x00000000       0x22 ./source/DMAMUX.o
 .debug_macro   0x00000000       0xdf ./source/DMAMUX.o
 .debug_macro   0x00000000      0xecf ./source/DMAMUX.o
 .debug_macro   0x00000000       0x48 ./source/DMAMUX.o
 .debug_macro   0x00000000     0xe07b ./source/DMAMUX.o
 .debug_macro   0x00000000       0x22 ./source/DMAMUX.o
 .group         0x00000000        0xc ./source/FTM.o
 .group         0x00000000        0xc ./source/FTM.o
 .group         0x00000000        0xc ./source/FTM.o
 .group         0x00000000        0xc ./source/FTM.o
 .group         0x00000000        0xc ./source/FTM.o
 .group         0x00000000        0xc ./source/FTM.o
 .group         0x00000000        0xc ./source/FTM.o
 .group         0x00000000        0xc ./source/FTM.o
 .group         0x00000000        0xc ./source/FTM.o
 .group         0x00000000        0xc ./source/FTM.o
 .group         0x00000000        0xc ./source/FTM.o
 .group         0x00000000        0xc ./source/FTM.o
 .text          0x00000000        0x0 ./source/FTM.o
 .data          0x00000000        0x0 ./source/FTM.o
 .bss           0x00000000        0x0 ./source/FTM.o
 .text.setFTMtimer
                0x00000000       0xb0 ./source/FTM.o
 .text.FTMclockGating
                0x00000000       0x38 ./source/FTM.o
 .text.setFTMprescaler
                0x00000000       0x14 ./source/FTM.o
 .text.FTMinit  0x00000000       0xf8 ./source/FTM.o
 .text.updatePWMduty
                0x00000000        0x2 ./source/FTM.o
 .text.updatePWMperiod
                0x00000000        0x2 ./source/FTM.o
 .text.updateCnV
                0x00000000        0x2 ./source/FTM.o
 .text.getCnV   0x00000000        0x4 ./source/FTM.o
 .text.enableFTMinterrupts
                0x00000000       0x24 ./source/FTM.o
 .text.disableFTMinterrupts
                0x00000000       0x2c ./source/FTM.o
 .data.arrayFTMirqs
                0x00000000        0x4 ./source/FTM.o
 .debug_macro   0x00000000      0xa5a ./source/FTM.o
 .debug_macro   0x00000000       0x5c ./source/FTM.o
 .debug_macro   0x00000000      0x34e ./source/FTM.o
 .debug_macro   0x00000000       0x1c ./source/FTM.o
 .debug_macro   0x00000000       0x22 ./source/FTM.o
 .debug_macro   0x00000000       0xdf ./source/FTM.o
 .debug_macro   0x00000000      0xecf ./source/FTM.o
 .debug_macro   0x00000000       0x48 ./source/FTM.o
 .debug_macro   0x00000000     0xe07b ./source/FTM.o
 .debug_macro   0x00000000       0x22 ./source/FTM.o
 .debug_macro   0x00000000       0x22 ./source/FTM.o
 .group         0x00000000        0xc ./source/PIT.o
 .group         0x00000000        0xc ./source/PIT.o
 .group         0x00000000        0xc ./source/PIT.o
 .group         0x00000000        0xc ./source/PIT.o
 .group         0x00000000        0xc ./source/PIT.o
 .group         0x00000000        0xc ./source/PIT.o
 .group         0x00000000        0xc ./source/PIT.o
 .group         0x00000000        0xc ./source/PIT.o
 .group         0x00000000        0xc ./source/PIT.o
 .group         0x00000000        0xc ./source/PIT.o
 .group         0x00000000        0xc ./source/PIT.o
 .text          0x00000000        0x0 ./source/PIT.o
 .data          0x00000000        0x0 ./source/PIT.o
 .bss           0x00000000        0x0 ./source/PIT.o
 .text.PITmodifyTimer
                0x00000000       0x1c ./source/PIT.o
 .debug_macro   0x00000000      0xa5a ./source/PIT.o
 .debug_macro   0x00000000       0x22 ./source/PIT.o
 .debug_macro   0x00000000      0x34e ./source/PIT.o
 .debug_macro   0x00000000       0x5c ./source/PIT.o
 .debug_macro   0x00000000       0x1c ./source/PIT.o
 .debug_macro   0x00000000       0x22 ./source/PIT.o
 .debug_macro   0x00000000       0xdf ./source/PIT.o
 .debug_macro   0x00000000      0xecf ./source/PIT.o
 .debug_macro   0x00000000       0x48 ./source/PIT.o
 .debug_macro   0x00000000     0xe07b ./source/PIT.o
 .group         0x00000000        0xc ./source/SysTick.o
 .group         0x00000000        0xc ./source/SysTick.o
 .group         0x00000000        0xc ./source/SysTick.o
 .group         0x00000000        0xc ./source/SysTick.o
 .group         0x00000000        0xc ./source/SysTick.o
 .group         0x00000000        0xc ./source/SysTick.o
 .group         0x00000000        0xc ./source/SysTick.o
 .group         0x00000000        0xc ./source/SysTick.o
 .group         0x00000000        0xc ./source/SysTick.o
 .group         0x00000000        0xc ./source/SysTick.o
 .group         0x00000000        0xc ./source/SysTick.o
 .text          0x00000000        0x0 ./source/SysTick.o
 .data          0x00000000        0x0 ./source/SysTick.o
 .bss           0x00000000        0x0 ./source/SysTick.o
 .text.SysTick_Init
                0x00000000       0x2c ./source/SysTick.o
 .debug_macro   0x00000000      0xa5a ./source/SysTick.o
 .debug_macro   0x00000000       0x22 ./source/SysTick.o
 .debug_macro   0x00000000       0x5c ./source/SysTick.o
 .debug_macro   0x00000000      0x34e ./source/SysTick.o
 .debug_macro   0x00000000       0x1c ./source/SysTick.o
 .debug_macro   0x00000000       0x22 ./source/SysTick.o
 .debug_macro   0x00000000       0xdf ./source/SysTick.o
 .debug_macro   0x00000000      0xecf ./source/SysTick.o
 .debug_macro   0x00000000       0x48 ./source/SysTick.o
 .debug_macro   0x00000000     0xe07b ./source/SysTick.o
 .debug_macro   0x00000000      0x174 ./source/SysTick.o
 .group         0x00000000        0xc ./source/comController2pc.o
 .group         0x00000000        0xc ./source/comController2pc.o
 .group         0x00000000        0xc ./source/comController2pc.o
 .group         0x00000000        0xc ./source/comController2pc.o
 .group         0x00000000        0xc ./source/comController2pc.o
 .text          0x00000000        0x0 ./source/comController2pc.o
 .data          0x00000000        0x0 ./source/comController2pc.o
 .bss           0x00000000        0x0 ./source/comController2pc.o
 .text.initResourcesController2pc
                0x00000000       0x48 ./source/comController2pc.o
 .text.sendMessage2pc
                0x00000000       0x3c ./source/comController2pc.o
 .text.areStringsEqual
                0x00000000       0x24 ./source/comController2pc.o
 .text.rxCallback
                0x00000000       0x68 ./source/comController2pc.o
 .bss.answerMsg
                0x00000000        0x1 ./source/comController2pc.o
 .bss.cantCharsInPackage
                0x00000000        0x4 ./source/comController2pc.o
 .bss.errorsCounter
                0x00000000        0x4 ./source/comController2pc.o
 .bss.package2pc
                0x00000000        0x6 ./source/comController2pc.o
 .debug_info    0x00000000      0x3a4 ./source/comController2pc.o
 .debug_abbrev  0x00000000      0x166 ./source/comController2pc.o
 .debug_loc     0x00000000      0x118 ./source/comController2pc.o
 .debug_aranges
                0x00000000       0x38 ./source/comController2pc.o
 .debug_ranges  0x00000000       0x28 ./source/comController2pc.o
 .debug_macro   0x00000000       0x61 ./source/comController2pc.o
 .debug_macro   0x00000000      0xa5a ./source/comController2pc.o
 .debug_macro   0x00000000       0x1c ./source/comController2pc.o
 .debug_macro   0x00000000       0x22 ./source/comController2pc.o
 .debug_macro   0x00000000      0x34e ./source/comController2pc.o
 .debug_macro   0x00000000       0x46 ./source/comController2pc.o
 .debug_line    0x00000000      0x173 ./source/comController2pc.o
 .debug_str     0x00000000     0x3b4d ./source/comController2pc.o
 .comment       0x00000000       0x7f ./source/comController2pc.o
 .debug_frame   0x00000000       0x88 ./source/comController2pc.o
 .ARM.attributes
                0x00000000       0x39 ./source/comController2pc.o
 .group         0x00000000        0xc ./source/pinsHandler.o
 .group         0x00000000        0xc ./source/pinsHandler.o
 .group         0x00000000        0xc ./source/pinsHandler.o
 .group         0x00000000        0xc ./source/pinsHandler.o
 .group         0x00000000        0xc ./source/pinsHandler.o
 .group         0x00000000        0xc ./source/pinsHandler.o
 .group         0x00000000        0xc ./source/pinsHandler.o
 .group         0x00000000        0xc ./source/pinsHandler.o
 .group         0x00000000        0xc ./source/pinsHandler.o
 .group         0x00000000        0xc ./source/pinsHandler.o
 .group         0x00000000        0xc ./source/pinsHandler.o
 .text          0x00000000        0x0 ./source/pinsHandler.o
 .data          0x00000000        0x0 ./source/pinsHandler.o
 .bss           0x00000000        0x0 ./source/pinsHandler.o
 .text.isPinValid
                0x00000000        0xc ./source/pinsHandler.o
 .text.setPCRpullEnable
                0x00000000        0xe ./source/pinsHandler.o
 .text.setPCRpullUp
                0x00000000        0xe ./source/pinsHandler.o
 .text.setPCRpullDown
                0x00000000        0xe ./source/pinsHandler.o
 .text.setPCRopenDrainEnable
                0x00000000        0xe ./source/pinsHandler.o
 .debug_macro   0x00000000      0xa5a ./source/pinsHandler.o
 .debug_macro   0x00000000       0x5c ./source/pinsHandler.o
 .debug_macro   0x00000000      0x34e ./source/pinsHandler.o
 .debug_macro   0x00000000       0x1c ./source/pinsHandler.o
 .debug_macro   0x00000000       0x22 ./source/pinsHandler.o
 .debug_macro   0x00000000       0xdf ./source/pinsHandler.o
 .debug_macro   0x00000000      0xecf ./source/pinsHandler.o
 .debug_macro   0x00000000       0x48 ./source/pinsHandler.o
 .debug_macro   0x00000000     0xe07b ./source/pinsHandler.o
 .debug_macro   0x00000000       0x22 ./source/pinsHandler.o
 .debug_macro   0x00000000       0x22 ./source/pinsHandler.o
 .group         0x00000000        0xc ./source/timer.o
 .group         0x00000000        0xc ./source/timer.o
 .group         0x00000000        0xc ./source/timer.o
 .group         0x00000000        0xc ./source/timer.o
 .text          0x00000000        0x0 ./source/timer.o
 .data          0x00000000        0x0 ./source/timer.o
 .bss           0x00000000        0x0 ./source/timer.o
 .text.sysTickCallback
                0x00000000       0x34 ./source/timer.o
 .text.InitializeTimers
                0x00000000       0x40 ./source/timer.o
 .text.SetTimer
                0x00000000       0x54 ./source/timer.o
 .text.EnableTimer
                0x00000000       0x10 ./source/timer.o
 .text.DisableTimer
                0x00000000       0x10 ./source/timer.o
 .text.RestartTimer
                0x00000000       0x10 ./source/timer.o
 .text.GetTimerCount
                0x00000000       0x10 ./source/timer.o
 .bss.initialized
                0x00000000        0x1 ./source/timer.o
 .bss.timers    0x00000000       0x50 ./source/timer.o
 .debug_info    0x00000000      0x27a ./source/timer.o
 .debug_abbrev  0x00000000      0x140 ./source/timer.o
 .debug_loc     0x00000000      0x13b ./source/timer.o
 .debug_aranges
                0x00000000       0x50 ./source/timer.o
 .debug_ranges  0x00000000       0x40 ./source/timer.o
 .debug_macro   0x00000000       0x58 ./source/timer.o
 .debug_macro   0x00000000      0xa5a ./source/timer.o
 .debug_macro   0x00000000       0x22 ./source/timer.o
 .debug_macro   0x00000000      0x34e ./source/timer.o
 .debug_macro   0x00000000       0x10 ./source/timer.o
 .debug_line    0x00000000      0x178 ./source/timer.o
 .debug_str     0x00000000     0x39dd ./source/timer.o
 .comment       0x00000000       0x7f ./source/timer.o
 .debug_frame   0x00000000       0xa4 ./source/timer.o
 .ARM.attributes
                0x00000000       0x39 ./source/timer.o
 .group         0x00000000        0xc ./source/uart.o
 .group         0x00000000        0xc ./source/uart.o
 .group         0x00000000        0xc ./source/uart.o
 .group         0x00000000        0xc ./source/uart.o
 .group         0x00000000        0xc ./source/uart.o
 .group         0x00000000        0xc ./source/uart.o
 .group         0x00000000        0xc ./source/uart.o
 .group         0x00000000        0xc ./source/uart.o
 .group         0x00000000        0xc ./source/uart.o
 .group         0x00000000        0xc ./source/uart.o
 .group         0x00000000        0xc ./source/uart.o
 .group         0x00000000        0xc ./source/uart.o
 .group         0x00000000        0xc ./source/uart.o
 .group         0x00000000        0xc ./source/uart.o
 .group         0x00000000        0xc ./source/uart.o
 .text          0x00000000        0x0 ./source/uart.o
 .data          0x00000000        0x0 ./source/uart.o
 .bss           0x00000000        0x0 ./source/uart.o
 .text.uartIsRxMsg
                0x00000000       0x64 ./source/uart.o
 .text.uartGetRxMsgLength
                0x00000000       0x10 ./source/uart.o
 .text.uartReadMsg
                0x00000000       0xec ./source/uart.o
 .text.uartIsTxMsgComplete
                0x00000000       0x38 ./source/uart.o
 .text.resetRXbuffer
                0x00000000       0x18 ./source/uart.o
 .text.isRXrejected
                0x00000000        0xc ./source/uart.o
 .text.copyTXmsg
                0x00000000       0x50 ./source/uart.o
 .text.uartWriteMsg
                0x00000000       0xbc ./source/uart.o
 .text.UARTX_LON_IRQHandler
                0x00000000        0x2 ./source/uart.o
 .text.UARTX_ERR_IRQHandler
                0x00000000        0x2 ./source/uart.o
 .text.UART_setParity
                0x00000000       0x38 ./source/uart.o
 .text.UART_setBaudRate
                0x00000000       0x68 ./source/uart.o
 .text.UART_setNdataBits
                0x00000000       0x24 ./source/uart.o
 .text.UART_clockGating
                0x00000000       0x64 ./source/uart.o
 .text.uartInit
                0x00000000      0x1a4 ./source/uart.o
 .bss.inMarkersTXbuffer
                0x00000000        0x5 ./source/uart.o
 .bss.uartMode  0x00000000        0x5 ./source/uart.o
 .data.uartIRQs_ERR
                0x00000000        0x6 ./source/uart.o
 .data.uartIRQs_LON
                0x00000000        0x6 ./source/uart.o
 .data.uartIRQs_TX_RX
                0x00000000        0x6 ./source/uart.o
 .rodata.uartRXpins
                0x00000000        0x5 ./source/uart.o
 .rodata.uartTXpins
                0x00000000        0x5 ./source/uart.o
 .debug_macro   0x00000000      0xa5a ./source/uart.o
 .debug_macro   0x00000000      0x34e ./source/uart.o
 .debug_macro   0x00000000       0x5c ./source/uart.o
 .debug_macro   0x00000000       0x1c ./source/uart.o
 .debug_macro   0x00000000       0x22 ./source/uart.o
 .debug_macro   0x00000000       0xdf ./source/uart.o
 .debug_macro   0x00000000      0xecf ./source/uart.o
 .debug_macro   0x00000000       0x48 ./source/uart.o
 .debug_macro   0x00000000     0xe07b ./source/uart.o
 .debug_macro   0x00000000       0x22 ./source/uart.o
 .debug_macro   0x00000000       0x22 ./source/uart.o
 .group         0x00000000        0xc ./SDK/startup/hardware.o
 .group         0x00000000        0xc ./SDK/startup/hardware.o
 .group         0x00000000        0xc ./SDK/startup/hardware.o
 .group         0x00000000        0xc ./SDK/startup/hardware.o
 .group         0x00000000        0xc ./SDK/startup/hardware.o
 .group         0x00000000        0xc ./SDK/startup/hardware.o
 .group         0x00000000        0xc ./SDK/startup/hardware.o
 .group         0x00000000        0xc ./SDK/startup/hardware.o
 .group         0x00000000        0xc ./SDK/startup/hardware.o
 .group         0x00000000        0xc ./SDK/startup/hardware.o
 .group         0x00000000        0xc ./SDK/startup/hardware.o
 .group         0x00000000        0xc ./SDK/startup/hardware.o
 .group         0x00000000        0xc ./SDK/startup/hardware.o
 .text          0x00000000        0x0 ./SDK/startup/hardware.o
 .data          0x00000000        0x0 ./SDK/startup/hardware.o
 .bss           0x00000000        0x0 ./SDK/startup/hardware.o
 .debug_macro   0x00000000      0xa5a ./SDK/startup/hardware.o
 .debug_macro   0x00000000      0x34e ./SDK/startup/hardware.o
 .debug_macro   0x00000000       0x22 ./SDK/startup/hardware.o
 .debug_macro   0x00000000       0x10 ./SDK/startup/hardware.o
 .debug_macro   0x00000000       0x5c ./SDK/startup/hardware.o
 .debug_macro   0x00000000       0x1c ./SDK/startup/hardware.o
 .debug_macro   0x00000000       0x22 ./SDK/startup/hardware.o
 .debug_macro   0x00000000       0xdf ./SDK/startup/hardware.o
 .debug_macro   0x00000000      0xecf ./SDK/startup/hardware.o
 .debug_macro   0x00000000       0x48 ./SDK/startup/hardware.o
 .debug_macro   0x00000000     0xe07b ./SDK/startup/hardware.o
 .debug_macro   0x00000000     0x122b ./SDK/startup/hardware.o
 .debug_macro   0x00000000       0x16 ./SDK/startup/hardware.o
 .group         0x00000000        0xc ./SDK/startup/main.o
 .group         0x00000000        0xc ./SDK/startup/main.o
 .group         0x00000000        0xc ./SDK/startup/main.o
 .group         0x00000000        0xc ./SDK/startup/main.o
 .group         0x00000000        0xc ./SDK/startup/main.o
 .group         0x00000000        0xc ./SDK/startup/main.o
 .group         0x00000000        0xc ./SDK/startup/main.o
 .group         0x00000000        0xc ./SDK/startup/main.o
 .group         0x00000000        0xc ./SDK/startup/main.o
 .group         0x00000000        0xc ./SDK/startup/main.o
 .group         0x00000000        0xc ./SDK/startup/main.o
 .group         0x00000000        0xc ./SDK/startup/main.o
 .group         0x00000000        0xc ./SDK/startup/main.o
 .text          0x00000000        0x0 ./SDK/startup/main.o
 .data          0x00000000        0x0 ./SDK/startup/main.o
 .bss           0x00000000        0x0 ./SDK/startup/main.o
 .debug_macro   0x00000000      0xa5a ./SDK/startup/main.o
 .debug_macro   0x00000000      0x34e ./SDK/startup/main.o
 .debug_macro   0x00000000       0x22 ./SDK/startup/main.o
 .debug_macro   0x00000000       0x10 ./SDK/startup/main.o
 .debug_macro   0x00000000       0x5c ./SDK/startup/main.o
 .debug_macro   0x00000000       0x1c ./SDK/startup/main.o
 .debug_macro   0x00000000       0x22 ./SDK/startup/main.o
 .debug_macro   0x00000000       0xdf ./SDK/startup/main.o
 .debug_macro   0x00000000      0xecf ./SDK/startup/main.o
 .debug_macro   0x00000000       0x48 ./SDK/startup/main.o
 .debug_macro   0x00000000     0xe07b ./SDK/startup/main.o
 .debug_macro   0x00000000     0x122b ./SDK/startup/main.o
 .debug_macro   0x00000000       0x16 ./SDK/startup/main.o
 .group         0x00000000        0xc ./SDK/startup/semihost_hardfault.o
 .text          0x00000000        0x0 ./SDK/startup/semihost_hardfault.o
 .data          0x00000000        0x0 ./SDK/startup/semihost_hardfault.o
 .bss           0x00000000        0x0 ./SDK/startup/semihost_hardfault.o
 .debug_macro   0x00000000      0xa5a ./SDK/startup/semihost_hardfault.o
 .group         0x00000000        0xc ./SDK/startup/startup_mk64f12.o
 .text          0x00000000        0x0 ./SDK/startup/startup_mk64f12.o
 .data          0x00000000        0x0 ./SDK/startup/startup_mk64f12.o
 .bss           0x00000000        0x0 ./SDK/startup/startup_mk64f12.o
 .text.DMA0_IRQHandler
                0x00000000        0x8 ./SDK/startup/startup_mk64f12.o
 .text.DMA1_IRQHandler
                0x00000000        0x8 ./SDK/startup/startup_mk64f12.o
 .text.DMA2_IRQHandler
                0x00000000        0x8 ./SDK/startup/startup_mk64f12.o
 .text.DMA3_IRQHandler
                0x00000000        0x8 ./SDK/startup/startup_mk64f12.o
 .text.UART0_LON_IRQHandler
                0x00000000        0x8 ./SDK/startup/startup_mk64f12.o
 .text.UART0_RX_TX_IRQHandler
                0x00000000        0x8 ./SDK/startup/startup_mk64f12.o
 .text.UART0_ERR_IRQHandler
                0x00000000        0x8 ./SDK/startup/startup_mk64f12.o
 .text.UART1_RX_TX_IRQHandler
                0x00000000        0x8 ./SDK/startup/startup_mk64f12.o
 .text.UART1_ERR_IRQHandler
                0x00000000        0x8 ./SDK/startup/startup_mk64f12.o
 .text.UART2_RX_TX_IRQHandler
                0x00000000        0x8 ./SDK/startup/startup_mk64f12.o
 .text.UART2_ERR_IRQHandler
                0x00000000        0x8 ./SDK/startup/startup_mk64f12.o
 .text.UART3_RX_TX_IRQHandler
                0x00000000        0x8 ./SDK/startup/startup_mk64f12.o
 .text.UART3_ERR_IRQHandler
                0x00000000        0x8 ./SDK/startup/startup_mk64f12.o
 .text.CMP0_IRQHandler
                0x00000000        0x8 ./SDK/startup/startup_mk64f12.o
 .text.FTM0_IRQHandler
                0x00000000        0x8 ./SDK/startup/startup_mk64f12.o
 .text.FTM1_IRQHandler
                0x00000000        0x8 ./SDK/startup/startup_mk64f12.o
 .text.FTM2_IRQHandler
                0x00000000        0x8 ./SDK/startup/startup_mk64f12.o
 .text.PIT0_IRQHandler
                0x00000000        0x8 ./SDK/startup/startup_mk64f12.o
 .text.PIT1_IRQHandler
                0x00000000        0x8 ./SDK/startup/startup_mk64f12.o
 .text.PIT2_IRQHandler
                0x00000000        0x8 ./SDK/startup/startup_mk64f12.o
 .text.PIT3_IRQHandler
                0x00000000        0x8 ./SDK/startup/startup_mk64f12.o
 .text.UART4_RX_TX_IRQHandler
                0x00000000        0x8 ./SDK/startup/startup_mk64f12.o
 .text.UART4_ERR_IRQHandler
                0x00000000        0x8 ./SDK/startup/startup_mk64f12.o
 .debug_macro   0x00000000      0xa5a ./SDK/startup/startup_mk64f12.o
 .group         0x00000000        0xc ./SDK/CMSIS/system_MK64F12.o
 .group         0x00000000        0xc ./SDK/CMSIS/system_MK64F12.o
 .group         0x00000000        0xc ./SDK/CMSIS/system_MK64F12.o
 .group         0x00000000        0xc ./SDK/CMSIS/system_MK64F12.o
 .group         0x00000000        0xc ./SDK/CMSIS/system_MK64F12.o
 .group         0x00000000        0xc ./SDK/CMSIS/system_MK64F12.o
 .group         0x00000000        0xc ./SDK/CMSIS/system_MK64F12.o
 .group         0x00000000        0xc ./SDK/CMSIS/system_MK64F12.o
 .group         0x00000000        0xc ./SDK/CMSIS/system_MK64F12.o
 .group         0x00000000        0xc ./SDK/CMSIS/system_MK64F12.o
 .group         0x00000000        0xc ./SDK/CMSIS/system_MK64F12.o
 .text          0x00000000        0x0 ./SDK/CMSIS/system_MK64F12.o
 .data          0x00000000        0x0 ./SDK/CMSIS/system_MK64F12.o
 .bss           0x00000000        0x0 ./SDK/CMSIS/system_MK64F12.o
 .text.SystemCoreClockUpdate
                0x00000000      0x1ac ./SDK/CMSIS/system_MK64F12.o
 .data.SystemCoreClock
                0x00000000        0x4 ./SDK/CMSIS/system_MK64F12.o
 .debug_macro   0x00000000      0xa5a ./SDK/CMSIS/system_MK64F12.o
 .debug_macro   0x00000000      0x34e ./SDK/CMSIS/system_MK64F12.o
 .debug_macro   0x00000000       0x10 ./SDK/CMSIS/system_MK64F12.o
 .debug_macro   0x00000000       0x5c ./SDK/CMSIS/system_MK64F12.o
 .debug_macro   0x00000000       0x1c ./SDK/CMSIS/system_MK64F12.o
 .debug_macro   0x00000000       0x22 ./SDK/CMSIS/system_MK64F12.o
 .debug_macro   0x00000000       0xdf ./SDK/CMSIS/system_MK64F12.o
 .debug_macro   0x00000000      0xecf ./SDK/CMSIS/system_MK64F12.o
 .debug_macro   0x00000000       0x48 ./SDK/CMSIS/system_MK64F12.o
 .debug_macro   0x00000000     0xe07b ./SDK/CMSIS/system_MK64F12.o
 .debug_macro   0x00000000     0x122b ./SDK/CMSIS/system_MK64F12.o

Memory Configuration

Name             Origin             Length             Attributes
PROGRAM_FLASH    0x00000000         0x00100000         xr
SRAM_UPPER       0x20000000         0x00030000         xrw
SRAM_LOWER       0x1fff0000         0x00010000         xrw
FLEX_RAM         0x14000000         0x00001000         xrw
*default*        0x00000000         0xffffffff

Linker script and memory map

LOAD ./source/ADC.o
LOAD ./source/App.o
LOAD ./source/CMP.o
LOAD ./source/DAC.o
LOAD ./source/DMA.o
LOAD ./source/DMAMUX.o
LOAD ./source/FTM.o
LOAD ./source/PIT.o
LOAD ./source/SysTick.o
LOAD ./source/comController2pc.o
LOAD ./source/pinsHandler.o
LOAD ./source/timer.o
LOAD ./source/uart.o
LOAD ./SDK/startup/hardware.o
LOAD ./SDK/startup/main.o
LOAD ./SDK/startup/semihost_hardfault.o
LOAD ./SDK/startup/startup_mk64f12.o
LOAD ./SDK/CMSIS/system_MK64F12.o
START GROUP
LOAD c:/nxp/mcuxpressoide_10.2.0_759/ide/tools/bin/../lib/gcc/arm-none-eabi/7.2.1/../../../../arm-none-eabi/lib/thumb/v7e-m/fpv4-sp/hard\libcr_c.a
LOAD c:/nxp/mcuxpressoide_10.2.0_759/ide/tools/bin/../lib/gcc/arm-none-eabi/7.2.1/thumb/v7e-m/fpv4-sp/hard\libcr_eabihelpers.a
END GROUP
                0x00000000                __base_PROGRAM_FLASH = 0x0
                0x00000000                __base_Flash = 0x0
                0x00100000                __top_PROGRAM_FLASH = 0x100000
                0x00100000                __top_Flash = 0x100000
                0x20000000                __base_SRAM_UPPER = 0x20000000
                0x20000000                __base_RAM = 0x20000000
                0x20030000                __top_SRAM_UPPER = 0x20030000
                0x20030000                __top_RAM = 0x20030000
                0x1fff0000                __base_SRAM_LOWER = 0x1fff0000
                0x1fff0000                __base_RAM2 = 0x1fff0000
                0x20000000                __top_SRAM_LOWER = 0x20000000
                0x20000000                __top_RAM2 = 0x20000000
                0x14000000                __base_FLEX_RAM = 0x14000000
                0x14000000                __base_RAM3 = 0x14000000
                0x14001000                __top_FLEX_RAM = 0x14001000
                0x14001000                __top_RAM3 = 0x14001000

.text           0x00000000     0x1050
 FILL mask 0xff
                0x00000000                __vectors_start__ = ABSOLUTE (.)
 *(SORT_BY_ALIGNMENT(.isr_vector))
 .isr_vector    0x00000000      0x198 ./SDK/startup/startup_mk64f12.o
                0x00000000                g_pfnVectors
                0x00000000                __Vectors
                0x00000198                . = ALIGN (0x4)
                0x00000198                __section_table_start = .
                0x00000198                __data_section_table = .
                0x00000198        0x4 LONG 0x1050 LOADADDR (.data)
                0x0000019c        0x4 LONG 0x20000000 ADDR (.data)
                0x000001a0        0x4 LONG 0x50 SIZEOF (.data)
                0x000001a4        0x4 LONG 0x1050 LOADADDR (.data_RAM2)
                0x000001a8        0x4 LONG 0x1fff0000 ADDR (.data_RAM2)
                0x000001ac        0x4 LONG 0x0 SIZEOF (.data_RAM2)
                0x000001b0        0x4 LONG 0x1050 LOADADDR (.data_RAM3)
                0x000001b4        0x4 LONG 0x14000000 ADDR (.data_RAM3)
                0x000001b8        0x4 LONG 0x0 SIZEOF (.data_RAM3)
                0x000001bc                __data_section_table_end = .
                0x000001bc                __bss_section_table = .
                0x000001bc        0x4 LONG 0x20000050 ADDR (.bss)
                0x000001c0        0x4 LONG 0x490 SIZEOF (.bss)
                0x000001c4        0x4 LONG 0x1fff0000 ADDR (.bss_RAM2)
                0x000001c8        0x4 LONG 0x0 SIZEOF (.bss_RAM2)
                0x000001cc        0x4 LONG 0x14000000 ADDR (.bss_RAM3)
                0x000001d0        0x4 LONG 0x0 SIZEOF (.bss_RAM3)
                0x000001d4                __bss_section_table_end = .
                0x000001d4                __section_table_end = .
 *(SORT_BY_ALIGNMENT(.after_vectors*))
 .after_vectors.reset
                0x000001d4       0x4c ./SDK/startup/startup_mk64f12.o
                0x000001d4                ResetISR
 .after_vectors
                0x00000220       0x14 ./SDK/startup/startup_mk64f12.o
                0x00000220                NMI_Handler
                0x00000224                MemManage_Handler
                0x00000226                BusFault_Handler
                0x00000228                UsageFault_Handler
                0x0000022a                SVC_Handler
                0x0000022c                DebugMon_Handler
                0x0000022e                PendSV_Handler
                0x00000232                DMA_Error_DriverIRQHandler
                0x00000232                LPTMR0_DriverIRQHandler
                0x00000232                FTM1_DriverIRQHandler
                0x00000232                FTM2_DriverIRQHandler
                0x00000232                PIT2_DriverIRQHandler
                0x00000232                SDHC_DriverIRQHandler
                0x00000232                I2S0_Tx_DriverIRQHandler
                0x00000232                RTC_Seconds_DriverIRQHandler
                0x00000232                DMA6_DriverIRQHandler
                0x00000232                LLWU_DriverIRQHandler
                0x00000232                MCM_DriverIRQHandler
                0x00000232                MCG_DriverIRQHandler
                0x00000232                ENET_1588_Timer_DriverIRQHandler
                0x00000232                I2C2_DriverIRQHandler
                0x00000232                DAC1_DriverIRQHandler
                0x00000232                SPI1_DriverIRQHandler
                0x00000232                CMP1_DriverIRQHandler
                0x00000232                UART5_RX_TX_DriverIRQHandler
                0x00000232                FTM0_DriverIRQHandler
                0x00000232                IntDefaultHandler
                0x00000232                USB0_DriverIRQHandler
                0x00000232                UART5_ERR_DriverIRQHandler
                0x00000232                PORTC_DriverIRQHandler
                0x00000232                DMA11_DriverIRQHandler
                0x00000232                DAC0_DriverIRQHandler
                0x00000232                DMA10_DriverIRQHandler
                0x00000232                CMP2_DriverIRQHandler
                0x00000232                UART2_ERR_DriverIRQHandler
                0x00000232                SPI2_DriverIRQHandler
                0x00000232                LVD_LVW_DriverIRQHandler
                0x00000232                PIT0_DriverIRQHandler
                0x00000232                RNG_DriverIRQHandler
                0x00000232                DMA5_DriverIRQHandler
                0x00000232                DMA12_DriverIRQHandler
                0x00000232                UART2_RX_TX_DriverIRQHandler
                0x00000232                USBDCD_DriverIRQHandler
                0x00000232                UART3_ERR_DriverIRQHandler
                0x00000232                DMA3_DriverIRQHandler
                0x00000232                DMA8_DriverIRQHandler
                0x00000232                DMA9_DriverIRQHandler
                0x00000232                UART0_ERR_DriverIRQHandler
                0x00000232                CMT_DriverIRQHandler
                0x00000232                Reserved71_DriverIRQHandler
                0x00000232                ADC1_DriverIRQHandler
                0x00000232                PORTA_DriverIRQHandler
                0x00000232                DMA14_DriverIRQHandler
                0x00000232                PIT3_DriverIRQHandler
                0x00000232                PIT1_DriverIRQHandler
                0x00000232                WDOG_EWM_DriverIRQHandler
                0x00000232                PDB0_DriverIRQHandler
                0x00000232                RTC_DriverIRQHandler
                0x00000232                I2S0_Rx_DriverIRQHandler
                0x00000232                Read_Collision_DriverIRQHandler
                0x00000232                SWI_DriverIRQHandler
                0x00000232                UART4_RX_TX_DriverIRQHandler
                0x00000232                UART4_ERR_DriverIRQHandler
                0x00000232                PORTB_DriverIRQHandler
                0x00000232                UART0_LON_DriverIRQHandler
                0x00000232                DMA0_DriverIRQHandler
                0x00000232                DMA1_DriverIRQHandler
                0x00000232                I2C1_DriverIRQHandler
                0x00000232                UART3_RX_TX_DriverIRQHandler
                0x00000232                ENET_Receive_DriverIRQHandler
                0x00000232                DMA13_DriverIRQHandler
                0x00000232                ENET_Error_DriverIRQHandler
                0x00000232                DMA15_DriverIRQHandler
                0x00000232                UART0_RX_TX_DriverIRQHandler
                0x00000232                SPI0_DriverIRQHandler
                0x00000232                ADC0_DriverIRQHandler
                0x00000232                CMP0_DriverIRQHandler
                0x00000232                CAN0_DriverIRQHandler
                0x00000232                FTM3_DriverIRQHandler
                0x00000232                DMA4_DriverIRQHandler
                0x00000232                UART1_ERR_DriverIRQHandler
                0x00000232                DMA2_DriverIRQHandler
                0x00000232                ENET_Transmit_DriverIRQHandler
                0x00000232                PORTD_DriverIRQHandler
                0x00000232                PORTE_DriverIRQHandler
                0x00000232                FTFE_DriverIRQHandler
                0x00000232                I2C0_DriverIRQHandler
                0x00000232                DMA7_DriverIRQHandler
                0x00000232                UART1_RX_TX_DriverIRQHandler
 .after_vectors.init_data
                0x00000234       0x1e ./SDK/startup/startup_mk64f12.o
                0x00000234                data_init
 .after_vectors.init_bss
                0x00000252       0x12 ./SDK/startup/startup_mk64f12.o
                0x00000252                bss_init
                0x00000400                . = 0x400
 *fill*         0x00000264      0x19c ff
                0x00000400                PROVIDE (__FLASH_CONFIG_START__, .)
 *(SORT_BY_ALIGNMENT(.FlashConfig))
 .FlashConfig   0x00000400       0x10 ./SDK/startup/startup_mk64f12.o
                0x00000400                Flash_Config
                0x00000410                PROVIDE (__FLASH_CONFIG_END__, .)
                0x00000001                ASSERT (! ((__FLASH_CONFIG_START__ == __FLASH_CONFIG_END__)), Linker Flash Config Support Enabled, but no .FlashConfig section provided within application)
 *(SORT_BY_ALIGNMENT(.text*))
 .text.App_Init
                0x00000410       0x68 ./source/App.o
                0x00000410                App_Init
 .text.clockGating
                0x00000478       0x20 ./source/CMP.o
 .text.enableInterrupts
                0x00000498       0x14 ./source/CMP.o
 .text.configureInputs
                0x000004ac       0x20 ./source/CMP.o
 .text.configureDAC
                0x000004cc       0x14 ./source/CMP.o
 .text.configurePins
                0x000004e0       0x74 ./source/CMP.o
 .text.initCMP  0x00000554       0x70 ./source/CMP.o
                0x00000554                initCMP
 .text.CMP0_IRQHandler
                0x000005c4       0x14 ./source/CMP.o
                0x000005c4                CMP0_IRQHandler
 .text.clockGating
                0x000005d8       0x10 ./source/DMA.o
                0x000005d8                clockGating
 .text.initDMA  0x000005e8       0x24 ./source/DMA.o
                0x000005e8                initDMA
 .text.isDMAnTransferDone
                0x0000060c        0xc ./source/DMA.o
                0x0000060c                isDMAnTransferDone
 .text.DMAPrepareTransfer
                0x00000618      0x140 ./source/DMA.o
                0x00000618                DMAPrepareTransfer
 .text.DMAIrqHandler
                0x00000758       0x10 ./source/DMA.o
                0x00000758                DMAIrqHandler
 .text.DMA0_IRQHandler
                0x00000768       0x14 ./source/DMA.o
                0x00000768                DMA0_IRQHandler
 .text.DMA1_IRQHandler
                0x0000077c       0x14 ./source/DMA.o
                0x0000077c                DMA1_IRQHandler
 .text.DMA2_IRQHandler
                0x00000790       0x14 ./source/DMA.o
                0x00000790                DMA2_IRQHandler
 .text.DMA3_IRQHandler
                0x000007a4       0x14 ./source/DMA.o
                0x000007a4                DMA3_IRQHandler
 .text.clockGating
                0x000007b8       0x14 ./source/DMAMUX.o
 .text.configureDMAMUX
                0x000007cc       0x3c ./source/DMAMUX.o
                0x000007cc                configureDMAMUX
 .text.FTMx_IRQHandler
                0x00000808       0x74 ./source/FTM.o
                0x00000808                FTMx_IRQHandler
 .text.PITenableClock
                0x0000087c       0x20 ./source/PIT.o
 .text.PITtimerSet
                0x0000089c       0x58 ./source/PIT.o
 .text.PITinit  0x000008f4      0x114 ./source/PIT.o
                0x000008f4                PITinit
 .text.PIT0_IRQHandler
                0x00000a08       0x24 ./source/PIT.o
                0x00000a08                PIT0_IRQHandler
 .text.PIT1_IRQHandler
                0x00000a2c       0x24 ./source/PIT.o
                0x00000a2c                PIT1_IRQHandler
 .text.PIT2_IRQHandler
                0x00000a50       0x24 ./source/PIT.o
                0x00000a50                PIT2_IRQHandler
 .text.PIT3_IRQHandler
                0x00000a74       0x24 ./source/PIT.o
                0x00000a74                PIT3_IRQHandler
 .text.SysTick_Handler
                0x00000a98       0x10 ./source/SysTick.o
                0x00000a98                SysTick_Handler
 .text.UARTX_RX_TX_IRQHandler
                0x00000aa8      0x118 ./source/uart.o
                0x00000aa8                UARTX_RX_TX_IRQHandler
 .text.hw_Init  0x00000bc0       0xc0 ./SDK/startup/hardware.o
                0x00000bc0                hw_Init
 .text.hw_EnableInterrupts
                0x00000c80       0x18 ./SDK/startup/hardware.o
                0x00000c80                hw_EnableInterrupts
 .text.hw_DisableInterrupts
                0x00000c98       0x10 ./SDK/startup/hardware.o
                0x00000c98                hw_DisableInterrupts
 .text.SystemInit
                0x00000ca8       0x34 ./SDK/CMSIS/system_MK64F12.o
                0x00000ca8                SystemInit
 .text.dummy    0x00000cdc        0x2 ./source/App.o
                0x00000cdc                dummy
 .text.App_Run  0x00000cde        0xa ./source/App.o
                0x00000cde                App_Run
 .text.initDMAMUX
                0x00000ce8        0x8 ./source/DMAMUX.o
                0x00000ce8                initDMAMUX
 .text.FTM0_IRQHandler
                0x00000cf0        0xa ./source/FTM.o
                0x00000cf0                FTM0_IRQHandler
 .text.FTM1_IRQHandler
                0x00000cfa        0xa ./source/FTM.o
                0x00000cfa                FTM1_IRQHandler
 .text.FTM2_IRQHandler
                0x00000d04        0xa ./source/FTM.o
                0x00000d04                FTM2_IRQHandler
 .text.PITenable
                0x00000d0e       0x20 ./source/PIT.o
 .text.PITtimerInit
                0x00000d2e       0x3a ./source/PIT.o
 .text.setPCRmux
                0x00000d68       0x16 ./source/pinsHandler.o
                0x00000d68                setPCRmux
 .text.setPCRirqc
                0x00000d7e       0x16 ./source/pinsHandler.o
                0x00000d7e                setPCRirqc
 .text.UART0_LON_IRQHandler
                0x00000d94        0x2 ./source/uart.o
                0x00000d94                UART0_LON_IRQHandler
 .text.UART0_RX_TX_IRQHandler
                0x00000d96        0xa ./source/uart.o
                0x00000d96                UART0_RX_TX_IRQHandler
 .text.UART0_ERR_IRQHandler
                0x00000da0        0x2 ./source/uart.o
                0x00000da0                UART0_ERR_IRQHandler
 .text.UART1_RX_TX_IRQHandler
                0x00000da2        0xa ./source/uart.o
                0x00000da2                UART1_RX_TX_IRQHandler
 .text.UART1_ERR_IRQHandler
                0x00000dac        0x2 ./source/uart.o
                0x00000dac                UART1_ERR_IRQHandler
 .text.UART2_RX_TX_IRQHandler
                0x00000dae        0xa ./source/uart.o
                0x00000dae                UART2_RX_TX_IRQHandler
 .text.UART2_ERR_IRQHandler
                0x00000db8        0x2 ./source/uart.o
                0x00000db8                UART2_ERR_IRQHandler
 .text.UART3_RX_TX_IRQHandler
                0x00000dba        0xa ./source/uart.o
                0x00000dba                UART3_RX_TX_IRQHandler
 .text.UART3_ERR_IRQHandler
                0x00000dc4        0x2 ./source/uart.o
                0x00000dc4                UART3_ERR_IRQHandler
 .text.UART4_RX_TX_IRQHandler
                0x00000dc6        0xa ./source/uart.o
                0x00000dc6                UART4_RX_TX_IRQHandler
 .text.UART4_ERR_IRQHandler
                0x00000dd0        0x2 ./source/uart.o
                0x00000dd0                UART4_ERR_IRQHandler
 .text.main     0x00000dd2       0x18 ./SDK/startup/main.o
                0x00000dd2                main
 .text.HardFault_Handler
                0x00000dea       0x2a ./SDK/startup/semihost_hardfault.o
                0x00000dea                HardFault_Handler
 .text.DMA4_IRQHandler
                0x00000e14        0x8 ./SDK/startup/startup_mk64f12.o
                0x00000e14                DMA4_IRQHandler
 .text.DMA5_IRQHandler
                0x00000e1c        0x8 ./SDK/startup/startup_mk64f12.o
                0x00000e1c                DMA5_IRQHandler
 .text.DMA6_IRQHandler
                0x00000e24        0x8 ./SDK/startup/startup_mk64f12.o
                0x00000e24                DMA6_IRQHandler
 .text.DMA7_IRQHandler
                0x00000e2c        0x8 ./SDK/startup/startup_mk64f12.o
                0x00000e2c                DMA7_IRQHandler
 .text.DMA8_IRQHandler
                0x00000e34        0x8 ./SDK/startup/startup_mk64f12.o
                0x00000e34                DMA8_IRQHandler
 .text.DMA9_IRQHandler
                0x00000e3c        0x8 ./SDK/startup/startup_mk64f12.o
                0x00000e3c                DMA9_IRQHandler
 .text.DMA10_IRQHandler
                0x00000e44        0x8 ./SDK/startup/startup_mk64f12.o
                0x00000e44                DMA10_IRQHandler
 .text.DMA11_IRQHandler
                0x00000e4c        0x8 ./SDK/startup/startup_mk64f12.o
                0x00000e4c                DMA11_IRQHandler
 .text.DMA12_IRQHandler
                0x00000e54        0x8 ./SDK/startup/startup_mk64f12.o
                0x00000e54                DMA12_IRQHandler
 .text.DMA13_IRQHandler
                0x00000e5c        0x8 ./SDK/startup/startup_mk64f12.o
                0x00000e5c                DMA13_IRQHandler
 .text.DMA14_IRQHandler
                0x00000e64        0x8 ./SDK/startup/startup_mk64f12.o
                0x00000e64                DMA14_IRQHandler
 .text.DMA15_IRQHandler
                0x00000e6c        0x8 ./SDK/startup/startup_mk64f12.o
                0x00000e6c                DMA15_IRQHandler
 .text.DMA_Error_IRQHandler
                0x00000e74        0x8 ./SDK/startup/startup_mk64f12.o
                0x00000e74                DMA_Error_IRQHandler
 .text.MCM_IRQHandler
                0x00000e7c        0x8 ./SDK/startup/startup_mk64f12.o
                0x00000e7c                MCM_IRQHandler
 .text.FTFE_IRQHandler
                0x00000e84        0x8 ./SDK/startup/startup_mk64f12.o
                0x00000e84                FTFE_IRQHandler
 .text.Read_Collision_IRQHandler
                0x00000e8c        0x8 ./SDK/startup/startup_mk64f12.o
                0x00000e8c                Read_Collision_IRQHandler
 .text.LVD_LVW_IRQHandler
                0x00000e94        0x8 ./SDK/startup/startup_mk64f12.o
                0x00000e94                LVD_LVW_IRQHandler
 .text.LLWU_IRQHandler
                0x00000e9c        0x8 ./SDK/startup/startup_mk64f12.o
                0x00000e9c                LLWU_IRQHandler
 .text.WDOG_EWM_IRQHandler
                0x00000ea4        0x8 ./SDK/startup/startup_mk64f12.o
                0x00000ea4                WDOG_EWM_IRQHandler
 .text.RNG_IRQHandler
                0x00000eac        0x8 ./SDK/startup/startup_mk64f12.o
                0x00000eac                RNG_IRQHandler
 .text.I2C0_IRQHandler
                0x00000eb4        0x8 ./SDK/startup/startup_mk64f12.o
                0x00000eb4                I2C0_IRQHandler
 .text.I2C1_IRQHandler
                0x00000ebc        0x8 ./SDK/startup/startup_mk64f12.o
                0x00000ebc                I2C1_IRQHandler
 .text.SPI0_IRQHandler
                0x00000ec4        0x8 ./SDK/startup/startup_mk64f12.o
                0x00000ec4                SPI0_IRQHandler
 .text.SPI1_IRQHandler
                0x00000ecc        0x8 ./SDK/startup/startup_mk64f12.o
                0x00000ecc                SPI1_IRQHandler
 .text.I2S0_Tx_IRQHandler
                0x00000ed4        0x8 ./SDK/startup/startup_mk64f12.o
                0x00000ed4                I2S0_Tx_IRQHandler
 .text.I2S0_Rx_IRQHandler
                0x00000edc        0x8 ./SDK/startup/startup_mk64f12.o
                0x00000edc                I2S0_Rx_IRQHandler
 .text.ADC0_IRQHandler
                0x00000ee4        0x8 ./SDK/startup/startup_mk64f12.o
                0x00000ee4                ADC0_IRQHandler
 .text.CMP1_IRQHandler
                0x00000eec        0x8 ./SDK/startup/startup_mk64f12.o
                0x00000eec                CMP1_IRQHandler
 .text.CMT_IRQHandler
                0x00000ef4        0x8 ./SDK/startup/startup_mk64f12.o
                0x00000ef4                CMT_IRQHandler
 .text.RTC_IRQHandler
                0x00000efc        0x8 ./SDK/startup/startup_mk64f12.o
                0x00000efc                RTC_IRQHandler
 .text.RTC_Seconds_IRQHandler
                0x00000f04        0x8 ./SDK/startup/startup_mk64f12.o
                0x00000f04                RTC_Seconds_IRQHandler
 .text.PDB0_IRQHandler
                0x00000f0c        0x8 ./SDK/startup/startup_mk64f12.o
                0x00000f0c                PDB0_IRQHandler
 .text.USB0_IRQHandler
                0x00000f14        0x8 ./SDK/startup/startup_mk64f12.o
                0x00000f14                USB0_IRQHandler
 .text.USBDCD_IRQHandler
                0x00000f1c        0x8 ./SDK/startup/startup_mk64f12.o
                0x00000f1c                USBDCD_IRQHandler
 .text.Reserved71_IRQHandler
                0x00000f24        0x8 ./SDK/startup/startup_mk64f12.o
                0x00000f24                Reserved71_IRQHandler
 .text.DAC0_IRQHandler
                0x00000f2c        0x8 ./SDK/startup/startup_mk64f12.o
                0x00000f2c                DAC0_IRQHandler
 .text.MCG_IRQHandler
                0x00000f34        0x8 ./SDK/startup/startup_mk64f12.o
                0x00000f34                MCG_IRQHandler
 .text.LPTMR0_IRQHandler
                0x00000f3c        0x8 ./SDK/startup/startup_mk64f12.o
                0x00000f3c                LPTMR0_IRQHandler
 .text.PORTA_IRQHandler
                0x00000f44        0x8 ./SDK/startup/startup_mk64f12.o
                0x00000f44                PORTA_IRQHandler
 .text.PORTB_IRQHandler
                0x00000f4c        0x8 ./SDK/startup/startup_mk64f12.o
                0x00000f4c                PORTB_IRQHandler
 .text.PORTC_IRQHandler
                0x00000f54        0x8 ./SDK/startup/startup_mk64f12.o
                0x00000f54                PORTC_IRQHandler
 .text.PORTD_IRQHandler
                0x00000f5c        0x8 ./SDK/startup/startup_mk64f12.o
                0x00000f5c                PORTD_IRQHandler
 .text.PORTE_IRQHandler
                0x00000f64        0x8 ./SDK/startup/startup_mk64f12.o
                0x00000f64                PORTE_IRQHandler
 .text.SWI_IRQHandler
                0x00000f6c        0x8 ./SDK/startup/startup_mk64f12.o
                0x00000f6c                SWI_IRQHandler
 .text.SPI2_IRQHandler
                0x00000f74        0x8 ./SDK/startup/startup_mk64f12.o
                0x00000f74                SPI2_IRQHandler
 .text.UART5_RX_TX_IRQHandler
                0x00000f7c        0x8 ./SDK/startup/startup_mk64f12.o
                0x00000f7c                UART5_RX_TX_IRQHandler
 .text.UART5_ERR_IRQHandler
                0x00000f84        0x8 ./SDK/startup/startup_mk64f12.o
                0x00000f84                UART5_ERR_IRQHandler
 .text.CMP2_IRQHandler
                0x00000f8c        0x8 ./SDK/startup/startup_mk64f12.o
                0x00000f8c                CMP2_IRQHandler
 .text.FTM3_IRQHandler
                0x00000f94        0x8 ./SDK/startup/startup_mk64f12.o
                0x00000f94                FTM3_IRQHandler
 .text.DAC1_IRQHandler
                0x00000f9c        0x8 ./SDK/startup/startup_mk64f12.o
                0x00000f9c                DAC1_IRQHandler
 .text.ADC1_IRQHandler
                0x00000fa4        0x8 ./SDK/startup/startup_mk64f12.o
                0x00000fa4                ADC1_IRQHandler
 .text.I2C2_IRQHandler
                0x00000fac        0x8 ./SDK/startup/startup_mk64f12.o
                0x00000fac                I2C2_IRQHandler
 .text.CAN0_ORed_Message_buffer_IRQHandler
                0x00000fb4        0x8 ./SDK/startup/startup_mk64f12.o
                0x00000fb4                CAN0_ORed_Message_buffer_IRQHandler
 .text.CAN0_Bus_Off_IRQHandler
                0x00000fbc        0x8 ./SDK/startup/startup_mk64f12.o
                0x00000fbc                CAN0_Bus_Off_IRQHandler
 .text.CAN0_Error_IRQHandler
                0x00000fc4        0x8 ./SDK/startup/startup_mk64f12.o
                0x00000fc4                CAN0_Error_IRQHandler
 .text.CAN0_Tx_Warning_IRQHandler
                0x00000fcc        0x8 ./SDK/startup/startup_mk64f12.o
                0x00000fcc                CAN0_Tx_Warning_IRQHandler
 .text.CAN0_Rx_Warning_IRQHandler
                0x00000fd4        0x8 ./SDK/startup/startup_mk64f12.o
                0x00000fd4                CAN0_Rx_Warning_IRQHandler
 .text.CAN0_Wake_Up_IRQHandler
                0x00000fdc        0x8 ./SDK/startup/startup_mk64f12.o
                0x00000fdc                CAN0_Wake_Up_IRQHandler
 .text.SDHC_IRQHandler
                0x00000fe4        0x8 ./SDK/startup/startup_mk64f12.o
                0x00000fe4                SDHC_IRQHandler
 .text.ENET_1588_Timer_IRQHandler
                0x00000fec        0x8 ./SDK/startup/startup_mk64f12.o
                0x00000fec                ENET_1588_Timer_IRQHandler
 .text.ENET_Transmit_IRQHandler
                0x00000ff4        0x8 ./SDK/startup/startup_mk64f12.o
                0x00000ff4                ENET_Transmit_IRQHandler
 .text.ENET_Receive_IRQHandler
                0x00000ffc        0x8 ./SDK/startup/startup_mk64f12.o
                0x00000ffc                ENET_Receive_IRQHandler
 .text.ENET_Error_IRQHandler
                0x00001004        0x8 ./SDK/startup/startup_mk64f12.o
                0x00001004                ENET_Error_IRQHandler
 .text.SystemInitHook
                0x0000100c        0x2 ./SDK/CMSIS/system_MK64F12.o
                0x0000100c                SystemInitHook
 *(SORT_BY_ALIGNMENT(.rodata) SORT_BY_ALIGNMENT(.rodata.*) SORT_BY_ALIGNMENT(.constdata) SORT_BY_ALIGNMENT(.constdata.*))
 *fill*         0x0000100e        0x2 ff
 .rodata        0x00001010       0x14 ./source/CMP.o
 .rodata        0x00001024       0x2c ./source/uart.o
                0x00001050                . = ALIGN (0x8)

.glue_7         0x00001050        0x0
 .glue_7        0x00001050        0x0 linker stubs

.glue_7t        0x00001050        0x0
 .glue_7t       0x00001050        0x0 linker stubs

.vfp11_veneer   0x00001050        0x0
 .vfp11_veneer  0x00001050        0x0 linker stubs

.v4_bx          0x00001050        0x0
 .v4_bx         0x00001050        0x0 linker stubs

.iplt           0x00001050        0x0
 .iplt          0x00001050        0x0 ./source/App.o

.rel.dyn        0x00001050        0x0
 .rel.iplt      0x00001050        0x0 ./source/App.o

.ARM.extab
 *(SORT_BY_ALIGNMENT(.ARM.extab*) SORT_BY_ALIGNMENT(.gnu.linkonce.armextab.*))
                0x00001050                __exidx_start = .

.ARM.exidx
 *(SORT_BY_ALIGNMENT(.ARM.exidx*) SORT_BY_ALIGNMENT(.gnu.linkonce.armexidx.*))
                0x00001050                __exidx_end = .
                0x00001050                _etext = .

.m_usb_data
 *(SORT_BY_ALIGNMENT(m_usb_bdt))

.data_RAM2      0x1fff0000        0x0 load address 0x00001050
 FILL mask 0xff
                [!provide]                PROVIDE (__start_data_RAM2, .)
 *(SORT_BY_ALIGNMENT(.ramfunc.$RAM2))
 *(SORT_BY_ALIGNMENT(.ramfunc.$SRAM_LOWER))
 *(SORT_BY_ALIGNMENT(.data.$RAM2*))
 *(SORT_BY_ALIGNMENT(.data.$SRAM_LOWER*))
                0x1fff0000                . = ALIGN (0x8)
                [!provide]                PROVIDE (__end_data_RAM2, .)

.data_RAM3      0x14000000        0x0 load address 0x00001050
 FILL mask 0xff
                [!provide]                PROVIDE (__start_data_RAM3, .)
 *(SORT_BY_ALIGNMENT(.ramfunc.$RAM3))
 *(SORT_BY_ALIGNMENT(.ramfunc.$FLEX_RAM))
 *(SORT_BY_ALIGNMENT(.data.$RAM3*))
 *(SORT_BY_ALIGNMENT(.data.$FLEX_RAM*))
                0x14000000                . = ALIGN (0x8)
                [!provide]                PROVIDE (__end_data_RAM3, .)

.uninit_RESERVED
                0x20000000        0x0
 *(SORT_BY_ALIGNMENT(.bss.$RESERVED*))
                0x20000000                . = ALIGN (0x4)
                0x20000000                _end_uninit_RESERVED = .

.data           0x20000000       0x50 load address 0x00001050
 FILL mask 0xff
                0x20000000                _data = .
 *(SORT_BY_ALIGNMENT(vtable))
 *(SORT_BY_ALIGNMENT(.ramfunc*))
 *(SORT_BY_ALIGNMENT(.data*))
 .data.sourceBuffer
                0x20000000       0x14 ./source/App.o
                0x20000000                sourceBuffer
 .data.CMP_in_pins
                0x20000014        0x2 ./source/CMP.o
                0x20000014                CMP_in_pins
 *fill*         0x20000016        0x2 ff
 .data.CMP_out_pins
                0x20000018        0x2 ./source/CMP.o
                0x20000018                CMP_out_pins
 *fill*         0x2000001a        0x2 ff
 .data.arrayCMPirqs
                0x2000001c        0x3 ./source/CMP.o
                0x2000001c                arrayCMPirqs
 *fill*         0x2000001f        0x1 ff
 .data.arrayP2CMP
                0x20000020        0xc ./source/CMP.o
                0x20000020                arrayP2CMP
 .data.arrayP2FTM
                0x2000002c       0x10 ./source/FTM.o
                0x2000002c                arrayP2FTM
 .data.markersRXbuffer
                0x2000003c       0x14 ./source/uart.o
                0x20000050                . = ALIGN (0x8)
                0x20000050                _edata = .

.igot.plt       0x20000050        0x0 load address 0x000010a0
 .igot.plt      0x20000050        0x0 ./source/App.o

.bss_RAM2       0x1fff0000        0x0
                [!provide]                PROVIDE (__start_bss_RAM2, .)
 *(SORT_BY_ALIGNMENT(.bss.$RAM2*))
 *(SORT_BY_ALIGNMENT(.bss.$SRAM_LOWER*))
                0x1fff0000                . = ALIGN ((. != 0x0)?0x8:0x1)
                [!provide]                PROVIDE (__end_bss_RAM2, .)

.bss_RAM3       0x14000000        0x0
                [!provide]                PROVIDE (__start_bss_RAM3, .)
 *(SORT_BY_ALIGNMENT(.bss.$RAM3*))
 *(SORT_BY_ALIGNMENT(.bss.$FLEX_RAM*))
                0x14000000                . = ALIGN ((. != 0x0)?0x8:0x1)
                [!provide]                PROVIDE (__end_bss_RAM3, .)

.bss            0x20000050      0x490
                0x20000050                _bss = .
 *(SORT_BY_ALIGNMENT(.bss*))
 .bss.conf      0x20000050       0x14 ./source/App.o
                0x20000050                conf
 .bss.base      0x20000064        0x4 ./source/CMP.o
                0x20000064                base
 .bss.finished  0x20000068       0x10 ./source/DMA.o
                0x20000068                finished
 .bss.arrayFTMcallbacks
                0x20000078       0x10 ./source/FTM.o
                0x20000078                arrayFTMcallbacks
 .bss.pitFuns   0x20000088       0x10 ./source/PIT.o
 .bss.timerEnabled
                0x20000098        0x4 ./source/PIT.o
 .bss.timerInChainMode
                0x2000009c        0x4 ./source/PIT.o
 .bss.sysTickFun
                0x200000a0        0x4 ./source/SysTick.o
                0x200000a0                sysTickFun
 .bss.RXbuffers
                0x200000a4       0x28 ./source/uart.o
 .bss.TXbuffers
                0x200000cc      0x3e8 ./source/uart.o
 .bss.countersRXfailed
                0x200004b4        0x5 ./source/uart.o
 *fill*         0x200004b9        0x3 
 .bss.flagsReading
                0x200004bc        0x5 ./source/uart.o
 *fill*         0x200004c1        0x3 
 .bss.lensTXbuffer
                0x200004c4        0x5 ./source/uart.o
 *fill*         0x200004c9        0x3 
 .bss.outMarkersTXbuffer
                0x200004cc        0x5 ./source/uart.o
 *fill*         0x200004d1        0x3 
 .bss.__LDM_interruptDisableCount
                0x200004d4        0x4 ./SDK/startup/hardware.o
 .bss.destiny   0x200004d8        0x2 ./source/App.o
                0x200004d8                destiny
 *(SORT_BY_ALIGNMENT(COMMON))
                0x200004e0                . = ALIGN (0x8)
 *fill*         0x200004da        0x6 
                0x200004e0                _ebss = .
                [!provide]                PROVIDE (end, .)

.noinit_RAM2    0x1fff0000        0x0
 *(SORT_BY_ALIGNMENT(.noinit.$RAM2*))
 *(SORT_BY_ALIGNMENT(.noinit.$SRAM_LOWER*))
                0x1fff0000                . = ALIGN (0x8)

.noinit_RAM3    0x14000000        0x0
 *(SORT_BY_ALIGNMENT(.noinit.$RAM3*))
 *(SORT_BY_ALIGNMENT(.noinit.$FLEX_RAM*))
                0x14000000                . = ALIGN (0x8)

.noinit         0x200004e0        0x0
                0x200004e0                _noinit = .
 *(SORT_BY_ALIGNMENT(.noinit*))
                0x200004e0                . = ALIGN (0x8)
                0x200004e0                _end_noinit = .
                0x00001000                _HeapSize = 0x1000

.heap           0x200004e0     0x1000
                0x200004e0                _pvHeapStart = .
                0x200014e0                . = (. + _HeapSize)
 *fill*         0x200004e0     0x1000 
                0x200014e0                . = ALIGN (0x8)
                0x200014e0                _pvHeapLimit = .
                0x00001000                _StackSize = 0x1000

.heap2stackfill
                0x200014e0     0x1000
                0x200024e0                . = (. + _StackSize)
 *fill*         0x200014e0     0x1000 

.stack          0x2002f000        0x0
                0x2002f000                _vStackBase = .
                0x2002f000                . = ALIGN (0x8)
                0x20030000                _vStackTop = (. + _StackSize)
                0x00000000                _image_start = LOADADDR (.text)
                0x000010a0                _image_end = (LOADADDR (.data) + SIZEOF (.data))
                0x000010a0                _image_size = (_image_end - _image_start)
OUTPUT(CMPplusDMA.axf elf32-littlearm)

.debug_info     0x00000000     0x7397
 .debug_info    0x00000000      0xbc9 ./source/App.o
 .debug_info    0x00000bc9      0xa92 ./source/CMP.o
 .debug_info    0x0000165b      0xc5a ./source/DMA.o
 .debug_info    0x000022b5      0x328 ./source/DMAMUX.o
 .debug_info    0x000025dd      0xe3a ./source/FTM.o
 .debug_info    0x00003417      0xa50 ./source/PIT.o
 .debug_info    0x00003e67      0x518 ./source/SysTick.o
 .debug_info    0x0000437f      0x369 ./source/pinsHandler.o
 .debug_info    0x000046e8     0x1266 ./source/uart.o
 .debug_info    0x0000594e      0x675 ./SDK/startup/hardware.o
 .debug_info    0x00005fc3      0x120 ./SDK/startup/main.o
 .debug_info    0x000060e3       0x3b ./SDK/startup/semihost_hardfault.o
 .debug_info    0x0000611e      0xc71 ./SDK/startup/startup_mk64f12.o
 .debug_info    0x00006d8f      0x608 ./SDK/CMSIS/system_MK64F12.o

.debug_abbrev   0x00000000     0x18b0
 .debug_abbrev  0x00000000      0x253 ./source/App.o
 .debug_abbrev  0x00000253      0x260 ./source/CMP.o
 .debug_abbrev  0x000004b3      0x283 ./source/DMA.o
 .debug_abbrev  0x00000736      0x139 ./source/DMAMUX.o
 .debug_abbrev  0x0000086f      0x30b ./source/FTM.o
 .debug_abbrev  0x00000b7a      0x261 ./source/PIT.o
 .debug_abbrev  0x00000ddb      0x19c ./source/SysTick.o
 .debug_abbrev  0x00000f77      0x160 ./source/pinsHandler.o
 .debug_abbrev  0x000010d7      0x352 ./source/uart.o
 .debug_abbrev  0x00001429      0x138 ./SDK/startup/hardware.o
 .debug_abbrev  0x00001561       0x9b ./SDK/startup/main.o
 .debug_abbrev  0x000015fc       0x2f ./SDK/startup/semihost_hardfault.o
 .debug_abbrev  0x0000162b      0x13b ./SDK/startup/startup_mk64f12.o
 .debug_abbrev  0x00001766      0x14a ./SDK/CMSIS/system_MK64F12.o

.debug_aranges  0x00000000      0x740
 .debug_aranges
                0x00000000       0x30 ./source/App.o
 .debug_aranges
                0x00000030       0x58 ./source/CMP.o
 .debug_aranges
                0x00000088       0x60 ./source/DMA.o
 .debug_aranges
                0x000000e8       0x30 ./source/DMAMUX.o
 .debug_aranges
                0x00000118       0x88 ./source/FTM.o
 .debug_aranges
                0x000001a0       0x68 ./source/PIT.o
 .debug_aranges
                0x00000208       0x28 ./source/SysTick.o
 .debug_aranges
                0x00000230       0x50 ./source/pinsHandler.o
 .debug_aranges
                0x00000280       0xf0 ./source/uart.o
 .debug_aranges
                0x00000370       0x30 ./SDK/startup/hardware.o
 .debug_aranges
                0x000003a0       0x20 ./SDK/startup/main.o
 .debug_aranges
                0x000003c0       0x20 ./SDK/startup/semihost_hardfault.o
 .debug_aranges
                0x000003e0      0x330 ./SDK/startup/startup_mk64f12.o
 .debug_aranges
                0x00000710       0x30 ./SDK/CMSIS/system_MK64F12.o

.debug_ranges   0x00000000      0x6b0
 .debug_ranges  0x00000000       0x20 ./source/App.o
 .debug_ranges  0x00000020       0x48 ./source/CMP.o
 .debug_ranges  0x00000068       0x50 ./source/DMA.o
 .debug_ranges  0x000000b8       0x20 ./source/DMAMUX.o
 .debug_ranges  0x000000d8       0xb0 ./source/FTM.o
 .debug_ranges  0x00000188       0x70 ./source/PIT.o
 .debug_ranges  0x000001f8       0x18 ./source/SysTick.o
 .debug_ranges  0x00000210       0x40 ./source/pinsHandler.o
 .debug_ranges  0x00000250       0xe0 ./source/uart.o
 .debug_ranges  0x00000330       0x20 ./SDK/startup/hardware.o
 .debug_ranges  0x00000350       0x10 ./SDK/startup/main.o
 .debug_ranges  0x00000360       0x10 ./SDK/startup/semihost_hardfault.o
 .debug_ranges  0x00000370      0x320 ./SDK/startup/startup_mk64f12.o
 .debug_ranges  0x00000690       0x20 ./SDK/CMSIS/system_MK64F12.o

.debug_macro    0x00000000    0x11b3a
 .debug_macro   0x00000000      0x13a ./source/App.o
 .debug_macro   0x0000013a       0x1c ./source/App.o
 .debug_macro   0x00000156       0x1c ./source/App.o
 .debug_macro   0x00000172      0x34e ./source/App.o
 .debug_macro   0x000004c0       0x22 ./source/App.o
 .debug_macro   0x000004e2       0x16 ./source/App.o
 .debug_macro   0x000004f8       0x22 ./source/App.o
 .debug_macro   0x0000051a       0x52 ./source/App.o
 .debug_macro   0x0000056c       0x17 ./source/App.o
 .debug_macro   0x00000583       0x8d ./source/App.o
 .debug_macro   0x00000610       0x35 ./source/App.o
 .debug_macro   0x00000645       0x9c ./source/App.o
 .debug_macro   0x000006e1      0x174 ./source/App.o
 .debug_macro   0x00000855       0x57 ./source/App.o
 .debug_macro   0x000008ac       0x58 ./source/App.o
 .debug_macro   0x00000904       0x1f ./source/App.o
 .debug_macro   0x00000923       0x43 ./source/App.o
 .debug_macro   0x00000966       0x20 ./source/App.o
 .debug_macro   0x00000986      0x18e ./source/App.o
 .debug_macro   0x00000b14      0x330 ./source/App.o
 .debug_macro   0x00000e44      0x1e1 ./source/App.o
 .debug_macro   0x00001025       0xae ./source/CMP.o
 .debug_macro   0x000010d3       0x5c ./source/CMP.o
 .debug_macro   0x0000112f       0x1c ./source/CMP.o
 .debug_macro   0x0000114b       0x22 ./source/CMP.o
 .debug_macro   0x0000116d       0xdf ./source/CMP.o
 .debug_macro   0x0000124c      0xecf ./source/CMP.o
 .debug_macro   0x0000211b       0x48 ./source/CMP.o
 .debug_macro   0x00002163     0xe07b ./source/CMP.o
 .debug_macro   0x000101de       0x22 ./source/CMP.o
 .debug_macro   0x00010200       0x8b ./source/DMA.o
 .debug_macro   0x0001028b       0x81 ./source/DMAMUX.o
 .debug_macro   0x0001030c       0xa1 ./source/FTM.o
 .debug_macro   0x000103ad       0x22 ./source/FTM.o
 .debug_macro   0x000103cf       0x9e ./source/PIT.o
 .debug_macro   0x0001046d       0x10 ./source/PIT.o
 .debug_macro   0x0001047d       0x96 ./source/SysTick.o
 .debug_macro   0x00010513       0x92 ./source/pinsHandler.o
 .debug_macro   0x000105a5      0x118 ./source/uart.o
 .debug_macro   0x000106bd       0x40 ./source/uart.o
 .debug_macro   0x000106fd       0x10 ./source/uart.o
 .debug_macro   0x0001070d     0x122b ./source/uart.o
 .debug_macro   0x00011938       0x16 ./source/uart.o
 .debug_macro   0x0001194e       0x9c ./SDK/startup/hardware.o
 .debug_macro   0x000119ea       0x9c ./SDK/startup/main.o
 .debug_macro   0x00011a86       0x11 ./SDK/startup/semihost_hardfault.o
 .debug_macro   0x00011a97       0x23 ./SDK/startup/startup_mk64f12.o
 .debug_macro   0x00011aba       0x80 ./SDK/CMSIS/system_MK64F12.o

.debug_line     0x00000000     0x21ab
 .debug_line    0x00000000      0x2bc ./source/App.o
 .debug_line    0x000002bc      0x1e4 ./source/CMP.o
 .debug_line    0x000004a0      0x208 ./source/DMA.o
 .debug_line    0x000006a8      0x160 ./source/DMAMUX.o
 .debug_line    0x00000808      0x2b9 ./source/FTM.o
 .debug_line    0x00000ac1      0x27e ./source/PIT.o
 .debug_line    0x00000d3f      0x163 ./source/SysTick.o
 .debug_line    0x00000ea2      0x1b3 ./source/pinsHandler.o
 .debug_line    0x00001055      0x517 ./source/uart.o
 .debug_line    0x0000156c      0x1cb ./SDK/startup/hardware.o
 .debug_line    0x00001737      0x175 ./SDK/startup/main.o
 .debug_line    0x000018ac       0x55 ./SDK/startup/semihost_hardfault.o
 .debug_line    0x00001901      0x6d8 ./SDK/startup/startup_mk64f12.o
 .debug_line    0x00001fd9      0x1d2 ./SDK/CMSIS/system_MK64F12.o

.debug_str      0x00000000    0x7cda5
 .debug_str     0x00000000     0x7407 ./source/App.o
                               0x76c2 (size before relaxing)
 .debug_str     0x00007407    0x6d4d7 ./source/CMP.o
                              0x70d73 (size before relaxing)
 .debug_str     0x000748de      0x2e4 ./source/DMA.o
                              0x70e7f (size before relaxing)
 .debug_str     0x00074bc2       0x45 ./source/DMAMUX.o
                              0x705c3 (size before relaxing)
 .debug_str     0x00074c07      0x517 ./source/FTM.o
                              0x7108d (size before relaxing)
 .debug_str     0x0007511e      0x142 ./source/PIT.o
                              0x70c81 (size before relaxing)
 .debug_str     0x00075260       0xab ./source/SysTick.o
                              0x70daf (size before relaxing)
 .debug_str     0x0007530b       0xac ./source/pinsHandler.o
                              0x70618 (size before relaxing)
 .debug_str     0x000753b7     0x7162 ./source/uart.o
                              0x77cfe (size before relaxing)
 .debug_str     0x0007c519      0x16f ./SDK/startup/hardware.o
                              0x771f8 (size before relaxing)
 .debug_str     0x0007c688       0x1b ./SDK/startup/main.o
                              0x7700e (size before relaxing)
 .debug_str     0x0007c6a3       0x36 ./SDK/startup/semihost_hardfault.o
                               0x2d35 (size before relaxing)
 .debug_str     0x0007c6d9      0x675 ./SDK/startup/startup_mk64f12.o
                               0x35a4 (size before relaxing)
 .debug_str     0x0007cd4e       0x57 ./SDK/CMSIS/system_MK64F12.o
                              0x77107 (size before relaxing)

.comment        0x00000000       0x7e
 .comment       0x00000000       0x7e ./source/App.o
                                 0x7f (size before relaxing)
 .comment       0x0000007e       0x7f ./source/CMP.o
 .comment       0x0000007e       0x7f ./source/DMA.o
 .comment       0x0000007e       0x7f ./source/DMAMUX.o
 .comment       0x0000007e       0x7f ./source/FTM.o
 .comment       0x0000007e       0x7f ./source/PIT.o
 .comment       0x0000007e       0x7f ./source/SysTick.o
 .comment       0x0000007e       0x7f ./source/pinsHandler.o
 .comment       0x0000007e       0x7f ./source/uart.o
 .comment       0x0000007e       0x7f ./SDK/startup/hardware.o
 .comment       0x0000007e       0x7f ./SDK/startup/main.o
 .comment       0x0000007e       0x7f ./SDK/startup/semihost_hardfault.o
 .comment       0x0000007e       0x7f ./SDK/startup/startup_mk64f12.o
 .comment       0x0000007e       0x7f ./SDK/CMSIS/system_MK64F12.o

.ARM.attributes
                0x00000000       0x39
 .ARM.attributes
                0x00000000       0x39 ./source/App.o
 .ARM.attributes
                0x00000039       0x39 ./source/CMP.o
 .ARM.attributes
                0x00000072       0x39 ./source/DMA.o
 .ARM.attributes
                0x000000ab       0x39 ./source/DMAMUX.o
 .ARM.attributes
                0x000000e4       0x39 ./source/FTM.o
 .ARM.attributes
                0x0000011d       0x39 ./source/PIT.o
 .ARM.attributes
                0x00000156       0x39 ./source/SysTick.o
 .ARM.attributes
                0x0000018f       0x39 ./source/pinsHandler.o
 .ARM.attributes
                0x000001c8       0x39 ./source/uart.o
 .ARM.attributes
                0x00000201       0x39 ./SDK/startup/hardware.o
 .ARM.attributes
                0x0000023a       0x39 ./SDK/startup/main.o
 .ARM.attributes
                0x00000273       0x39 ./SDK/startup/semihost_hardfault.o
 .ARM.attributes
                0x000002ac       0x39 ./SDK/startup/startup_mk64f12.o
 .ARM.attributes
                0x000002e5       0x39 ./SDK/CMSIS/system_MK64F12.o

.debug_frame    0x00000000     0x119c
 .debug_frame   0x00000000       0x58 ./source/App.o
 .debug_frame   0x00000058       0xb0 ./source/CMP.o
 .debug_frame   0x00000108       0xd8 ./source/DMA.o
 .debug_frame   0x000001e0       0x54 ./source/DMAMUX.o
 .debug_frame   0x00000234      0x130 ./source/FTM.o
 .debug_frame   0x00000364       0xf8 ./source/PIT.o
 .debug_frame   0x0000045c       0x38 ./source/SysTick.o
 .debug_frame   0x00000494       0x80 ./source/pinsHandler.o
 .debug_frame   0x00000514      0x2b4 ./source/uart.o
 .debug_frame   0x000007c8       0x40 ./SDK/startup/hardware.o
 .debug_frame   0x00000808       0x28 ./SDK/startup/main.o
 .debug_frame   0x00000830       0x20 ./SDK/startup/semihost_hardfault.o
 .debug_frame   0x00000850      0x904 ./SDK/startup/startup_mk64f12.o
 .debug_frame   0x00001154       0x48 ./SDK/CMSIS/system_MK64F12.o

.debug_loc      0x00000000     0x119a
 .debug_loc     0x00000000      0x113 ./source/CMP.o
 .debug_loc     0x00000113      0x13d ./source/DMA.o
 .debug_loc     0x00000250       0x42 ./source/DMAMUX.o
 .debug_loc     0x00000292      0x207 ./source/FTM.o
 .debug_loc     0x00000499      0x2a0 ./source/PIT.o
 .debug_loc     0x00000739       0x6b ./source/SysTick.o
 .debug_loc     0x000007a4       0xe3 ./source/pinsHandler.o
 .debug_loc     0x00000887      0x683 ./source/uart.o
 .debug_loc     0x00000f0a      0x1e7 ./SDK/startup/startup_mk64f12.o
 .debug_loc     0x000010f1       0xa9 ./SDK/CMSIS/system_MK64F12.o
