
Discarded input sections

 .group         0x00000000        0xc ./source/ADC.o
 .text          0x00000000        0x0 ./source/ADC.o
 .data          0x00000000        0x0 ./source/ADC.o
 .bss           0x00000000        0x0 ./source/ADC.o
 .debug_info    0x00000000       0x21 ./source/ADC.o
 .debug_abbrev  0x00000000       0x13 ./source/ADC.o
 .debug_aranges
                0x00000000       0x18 ./source/ADC.o
 .debug_macro   0x00000000       0x1b ./source/ADC.o
 .debug_macro   0x00000000      0xa5a ./source/ADC.o
 .debug_line    0x00000000       0x39 ./source/ADC.o
 .debug_str     0x00000000     0x2d18 ./source/ADC.o
 .comment       0x00000000       0x7f ./source/ADC.o
 .ARM.attributes
                0x00000000       0x39 ./source/ADC.o
 .group         0x00000000        0xc ./source/App.o
 .group         0x00000000        0xc ./source/App.o
 .group         0x00000000        0xc ./source/App.o
 .group         0x00000000        0xc ./source/App.o
 .group         0x00000000        0xc ./source/App.o
 .group         0x00000000        0xc ./source/App.o
 .group         0x00000000        0xc ./source/App.o
 .group         0x00000000        0xc ./source/App.o
 .group         0x00000000        0xc ./source/App.o
 .group         0x00000000        0xc ./source/App.o
 .group         0x00000000        0xc ./source/App.o
 .group         0x00000000        0xc ./source/App.o
 .group         0x00000000        0xc ./source/App.o
 .group         0x00000000        0xc ./source/App.o
 .group         0x00000000        0xc ./source/App.o
 .group         0x00000000        0xc ./source/App.o
 .group         0x00000000        0xc ./source/App.o
 .group         0x00000000        0xc ./source/App.o
 .group         0x00000000        0xc ./source/App.o
 .group         0x00000000        0xc ./source/App.o
 .group         0x00000000        0xc ./source/App.o
 .text          0x00000000        0x0 ./source/App.o
 .data          0x00000000        0x0 ./source/App.o
 .bss           0x00000000        0x0 ./source/App.o
 .bss.destinationBuffer
                0x00000000       0x14 ./source/App.o
 .data.origin   0x00000000        0x2 ./source/App.o
 .text.dummy    0x00000000       0x1c ./source/App.o
 .debug_macro   0x00000000      0xa5a ./source/App.o
 .group         0x00000000        0xc ./source/CMP.o
 .group         0x00000000        0xc ./source/CMP.o
 .group         0x00000000        0xc ./source/CMP.o
 .group         0x00000000        0xc ./source/CMP.o
 .group         0x00000000        0xc ./source/CMP.o
 .group         0x00000000        0xc ./source/CMP.o
 .group         0x00000000        0xc ./source/CMP.o
 .group         0x00000000        0xc ./source/CMP.o
 .group         0x00000000        0xc ./source/CMP.o
 .group         0x00000000        0xc ./source/CMP.o
 .group         0x00000000        0xc ./source/CMP.o
 .text          0x00000000        0x0 ./source/CMP.o
 .data          0x00000000        0x0 ./source/CMP.o
 .bss           0x00000000        0x0 ./source/CMP.o
 .text.enableDMA
                0x00000000        0xe ./source/CMP.o
 .debug_macro   0x00000000      0xa5a ./source/CMP.o
 .debug_macro   0x00000000      0x34e ./source/CMP.o
 .debug_macro   0x00000000       0x22 ./source/CMP.o
 .group         0x00000000        0xc ./source/DAC.o
 .group         0x00000000        0xc ./source/DAC.o
 .group         0x00000000        0xc ./source/DAC.o
 .group         0x00000000        0xc ./source/DAC.o
 .group         0x00000000        0xc ./source/DAC.o
 .group         0x00000000        0xc ./source/DAC.o
 .group         0x00000000        0xc ./source/DAC.o
 .group         0x00000000        0xc ./source/DAC.o
 .group         0x00000000        0xc ./source/DAC.o
 .group         0x00000000        0xc ./source/DAC.o
 .group         0x00000000        0xc ./source/DAC.o
 .group         0x00000000        0xc ./source/DAC.o
 .text          0x00000000        0x0 ./source/DAC.o
 .data          0x00000000        0x0 ./source/DAC.o
 .bss           0x00000000        0x0 ./source/DAC.o
 .data.arrayP2DAC
                0x00000000        0x8 ./source/DAC.o
 .text.DACinit  0x00000000       0x68 ./source/DAC.o
 .text.writeDACvalue
                0x00000000       0x8c ./source/DAC.o
 .text.DACclockGating
                0x00000000       0x44 ./source/DAC.o
 .debug_info    0x00000000      0x418 ./source/DAC.o
 .debug_abbrev  0x00000000      0x1a0 ./source/DAC.o
 .debug_aranges
                0x00000000       0x30 ./source/DAC.o
 .debug_ranges  0x00000000       0x20 ./source/DAC.o
 .debug_macro   0x00000000       0x95 ./source/DAC.o
 .debug_macro   0x00000000      0xa5a ./source/DAC.o
 .debug_macro   0x00000000       0x1c ./source/DAC.o
 .debug_macro   0x00000000       0x5c ./source/DAC.o
 .debug_macro   0x00000000      0x34e ./source/DAC.o
 .debug_macro   0x00000000       0x1c ./source/DAC.o
 .debug_macro   0x00000000       0x22 ./source/DAC.o
 .debug_macro   0x00000000       0xdf ./source/DAC.o
 .debug_macro   0x00000000      0xecf ./source/DAC.o
 .debug_macro   0x00000000       0x48 ./source/DAC.o
 .debug_macro   0x00000000     0xe07b ./source/DAC.o
 .debug_macro   0x00000000       0x22 ./source/DAC.o
 .debug_macro   0x00000000       0x22 ./source/DAC.o
 .debug_line    0x00000000      0x172 ./source/DAC.o
 .debug_str     0x00000000    0x70706 ./source/DAC.o
 .comment       0x00000000       0x7f ./source/DAC.o
 .debug_frame   0x00000000       0x7c ./source/DAC.o
 .ARM.attributes
                0x00000000       0x39 ./source/DAC.o
 .group         0x00000000        0xc ./source/DMA.o
 .group         0x00000000        0xc ./source/DMA.o
 .group         0x00000000        0xc ./source/DMA.o
 .group         0x00000000        0xc ./source/DMA.o
 .group         0x00000000        0xc ./source/DMA.o
 .group         0x00000000        0xc ./source/DMA.o
 .group         0x00000000        0xc ./source/DMA.o
 .group         0x00000000        0xc ./source/DMA.o
 .group         0x00000000        0xc ./source/DMA.o
 .group         0x00000000        0xc ./source/DMA.o
 .text          0x00000000        0x0 ./source/DMA.o
 .data          0x00000000        0x0 ./source/DMA.o
 .bss           0x00000000        0x0 ./source/DMA.o
 .debug_macro   0x00000000      0xa5a ./source/DMA.o
 .debug_macro   0x00000000       0x5c ./source/DMA.o
 .debug_macro   0x00000000      0x34e ./source/DMA.o
 .debug_macro   0x00000000       0x1c ./source/DMA.o
 .debug_macro   0x00000000       0x22 ./source/DMA.o
 .debug_macro   0x00000000       0xdf ./source/DMA.o
 .debug_macro   0x00000000      0xecf ./source/DMA.o
 .debug_macro   0x00000000       0x48 ./source/DMA.o
 .debug_macro   0x00000000     0xe07b ./source/DMA.o
 .debug_macro   0x00000000       0x22 ./source/DMA.o
 .group         0x00000000        0xc ./source/DMAMUX.o
 .group         0x00000000        0xc ./source/DMAMUX.o
 .group         0x00000000        0xc ./source/DMAMUX.o
 .group         0x00000000        0xc ./source/DMAMUX.o
 .group         0x00000000        0xc ./source/DMAMUX.o
 .group         0x00000000        0xc ./source/DMAMUX.o
 .group         0x00000000        0xc ./source/DMAMUX.o
 .group         0x00000000        0xc ./source/DMAMUX.o
 .group         0x00000000        0xc ./source/DMAMUX.o
 .group         0x00000000        0xc ./source/DMAMUX.o
 .text          0x00000000        0x0 ./source/DMAMUX.o
 .data          0x00000000        0x0 ./source/DMAMUX.o
 .bss           0x00000000        0x0 ./source/DMAMUX.o
 .debug_macro   0x00000000      0xa5a ./source/DMAMUX.o
 .debug_macro   0x00000000       0x5c ./source/DMAMUX.o
 .debug_macro   0x00000000      0x34e ./source/DMAMUX.o
 .debug_macro   0x00000000       0x1c ./source/DMAMUX.o
 .debug_macro   0x00000000       0x22 ./source/DMAMUX.o
 .debug_macro   0x00000000       0xdf ./source/DMAMUX.o
 .debug_macro   0x00000000      0xecf ./source/DMAMUX.o
 .debug_macro   0x00000000       0x48 ./source/DMAMUX.o
 .debug_macro   0x00000000     0xe07b ./source/DMAMUX.o
 .debug_macro   0x00000000       0x22 ./source/DMAMUX.o
 .group         0x00000000        0xc ./source/FTM.o
 .group         0x00000000        0xc ./source/FTM.o
 .group         0x00000000        0xc ./source/FTM.o
 .group         0x00000000        0xc ./source/FTM.o
 .group         0x00000000        0xc ./source/FTM.o
 .group         0x00000000        0xc ./source/FTM.o
 .group         0x00000000        0xc ./source/FTM.o
 .group         0x00000000        0xc ./source/FTM.o
 .group         0x00000000        0xc ./source/FTM.o
 .group         0x00000000        0xc ./source/FTM.o
 .group         0x00000000        0xc ./source/FTM.o
 .group         0x00000000        0xc ./source/FTM.o
 .text          0x00000000        0x0 ./source/FTM.o
 .data          0x00000000        0x0 ./source/FTM.o
 .bss           0x00000000        0x0 ./source/FTM.o
 .text.__NVIC_EnableIRQ
                0x00000000       0x3c ./source/FTM.o
 .text.__NVIC_DisableIRQ
                0x00000000       0x44 ./source/FTM.o
 .data.arrayFTMirqs
                0x00000000        0x4 ./source/FTM.o
 .text.FTMinit  0x00000000      0x188 ./source/FTM.o
 .text.setFTMtimer
                0x00000000       0xf8 ./source/FTM.o
 .text.FTMclockGating
                0x00000000       0x8c ./source/FTM.o
 .text.setFTMprescaler
                0x00000000       0x34 ./source/FTM.o
 .text.updatePWMduty
                0x00000000       0x1c ./source/FTM.o
 .text.updatePWMperiod
                0x00000000       0x1c ./source/FTM.o
 .text.updateCnV
                0x00000000       0x1c ./source/FTM.o
 .text.getCnV   0x00000000       0x1e ./source/FTM.o
 .text.enableFTMinterrupts
                0x00000000       0x24 ./source/FTM.o
 .text.disableFTMinterrupts
                0x00000000       0x24 ./source/FTM.o
 .debug_macro   0x00000000      0xa5a ./source/FTM.o
 .debug_macro   0x00000000       0x5c ./source/FTM.o
 .debug_macro   0x00000000      0x34e ./source/FTM.o
 .debug_macro   0x00000000       0x1c ./source/FTM.o
 .debug_macro   0x00000000       0x22 ./source/FTM.o
 .debug_macro   0x00000000       0xdf ./source/FTM.o
 .debug_macro   0x00000000      0xecf ./source/FTM.o
 .debug_macro   0x00000000       0x48 ./source/FTM.o
 .debug_macro   0x00000000     0xe07b ./source/FTM.o
 .debug_macro   0x00000000       0x22 ./source/FTM.o
 .debug_macro   0x00000000       0x22 ./source/FTM.o
 .group         0x00000000        0xc ./source/PDB.o
 .group         0x00000000        0xc ./source/PDB.o
 .group         0x00000000        0xc ./source/PDB.o
 .group         0x00000000        0xc ./source/PDB.o
 .group         0x00000000        0xc ./source/PDB.o
 .group         0x00000000        0xc ./source/PDB.o
 .group         0x00000000        0xc ./source/PDB.o
 .group         0x00000000        0xc ./source/PDB.o
 .group         0x00000000        0xc ./source/PDB.o
 .group         0x00000000        0xc ./source/PDB.o
 .text          0x00000000        0x0 ./source/PDB.o
 .data          0x00000000        0x0 ./source/PDB.o
 .bss           0x00000000        0x0 ./source/PDB.o
 .text.initPDB  0x00000000        0xc ./source/PDB.o
 .text.clockGating
                0x00000000       0x2c ./source/PDB.o
 .debug_info    0x00000000      0x28a ./source/PDB.o
 .debug_abbrev  0x00000000       0xeb ./source/PDB.o
 .debug_aranges
                0x00000000       0x28 ./source/PDB.o
 .debug_ranges  0x00000000       0x18 ./source/PDB.o
 .debug_macro   0x00000000       0x81 ./source/PDB.o
 .debug_macro   0x00000000      0xa5a ./source/PDB.o
 .debug_macro   0x00000000       0x5c ./source/PDB.o
 .debug_macro   0x00000000      0x34e ./source/PDB.o
 .debug_macro   0x00000000       0x1c ./source/PDB.o
 .debug_macro   0x00000000       0x22 ./source/PDB.o
 .debug_macro   0x00000000       0xdf ./source/PDB.o
 .debug_macro   0x00000000      0xecf ./source/PDB.o
 .debug_macro   0x00000000       0x48 ./source/PDB.o
 .debug_macro   0x00000000     0xe07b ./source/PDB.o
 .debug_macro   0x00000000       0x22 ./source/PDB.o
 .debug_line    0x00000000      0x144 ./source/PDB.o
 .debug_str     0x00000000    0x7056a ./source/PDB.o
 .comment       0x00000000       0x7f ./source/PDB.o
 .debug_frame   0x00000000       0x4c ./source/PDB.o
 .ARM.attributes
                0x00000000       0x39 ./source/PDB.o
 .group         0x00000000        0xc ./source/PIT.o
 .group         0x00000000        0xc ./source/PIT.o
 .group         0x00000000        0xc ./source/PIT.o
 .group         0x00000000        0xc ./source/PIT.o
 .group         0x00000000        0xc ./source/PIT.o
 .group         0x00000000        0xc ./source/PIT.o
 .group         0x00000000        0xc ./source/PIT.o
 .group         0x00000000        0xc ./source/PIT.o
 .group         0x00000000        0xc ./source/PIT.o
 .group         0x00000000        0xc ./source/PIT.o
 .group         0x00000000        0xc ./source/PIT.o
 .text          0x00000000        0x0 ./source/PIT.o
 .data          0x00000000        0x0 ./source/PIT.o
 .bss           0x00000000        0x0 ./source/PIT.o
 .text.__NVIC_EnableIRQ
                0x00000000       0x3c ./source/PIT.o
 .bss.timerEnabled
                0x00000000        0x4 ./source/PIT.o
 .bss.timerInChainMode
                0x00000000        0x4 ./source/PIT.o
 .text.PITinit  0x00000000      0x178 ./source/PIT.o
 .text.PITmodifyTimer
                0x00000000       0x38 ./source/PIT.o
 .text.PITenableClock
                0x00000000       0x3c ./source/PIT.o
 .text.PITenable
                0x00000000       0x4e ./source/PIT.o
 .text.PITtimerInit
                0x00000000       0x74 ./source/PIT.o
 .text.PITtimerSet
                0x00000000       0x9c ./source/PIT.o
 .debug_macro   0x00000000      0xa5a ./source/PIT.o
 .debug_macro   0x00000000       0x22 ./source/PIT.o
 .debug_macro   0x00000000      0x34e ./source/PIT.o
 .debug_macro   0x00000000       0x5c ./source/PIT.o
 .debug_macro   0x00000000       0x1c ./source/PIT.o
 .debug_macro   0x00000000       0x22 ./source/PIT.o
 .debug_macro   0x00000000       0xdf ./source/PIT.o
 .debug_macro   0x00000000      0xecf ./source/PIT.o
 .debug_macro   0x00000000       0x48 ./source/PIT.o
 .debug_macro   0x00000000     0xe07b ./source/PIT.o
 .group         0x00000000        0xc ./source/SysTick.o
 .group         0x00000000        0xc ./source/SysTick.o
 .group         0x00000000        0xc ./source/SysTick.o
 .group         0x00000000        0xc ./source/SysTick.o
 .group         0x00000000        0xc ./source/SysTick.o
 .group         0x00000000        0xc ./source/SysTick.o
 .group         0x00000000        0xc ./source/SysTick.o
 .group         0x00000000        0xc ./source/SysTick.o
 .group         0x00000000        0xc ./source/SysTick.o
 .group         0x00000000        0xc ./source/SysTick.o
 .group         0x00000000        0xc ./source/SysTick.o
 .text          0x00000000        0x0 ./source/SysTick.o
 .data          0x00000000        0x0 ./source/SysTick.o
 .bss           0x00000000        0x0 ./source/SysTick.o
 .text.__NVIC_EnableIRQ
                0x00000000       0x3c ./source/SysTick.o
 .text.SysTick_Init
                0x00000000       0x50 ./source/SysTick.o
 .debug_macro   0x00000000      0xa5a ./source/SysTick.o
 .debug_macro   0x00000000       0x22 ./source/SysTick.o
 .debug_macro   0x00000000       0x5c ./source/SysTick.o
 .debug_macro   0x00000000      0x34e ./source/SysTick.o
 .debug_macro   0x00000000       0x1c ./source/SysTick.o
 .debug_macro   0x00000000       0x22 ./source/SysTick.o
 .debug_macro   0x00000000       0xdf ./source/SysTick.o
 .debug_macro   0x00000000      0xecf ./source/SysTick.o
 .debug_macro   0x00000000       0x48 ./source/SysTick.o
 .debug_macro   0x00000000     0xe07b ./source/SysTick.o
 .debug_macro   0x00000000      0x174 ./source/SysTick.o
 .group         0x00000000        0xc ./source/comController2pc.o
 .group         0x00000000        0xc ./source/comController2pc.o
 .group         0x00000000        0xc ./source/comController2pc.o
 .group         0x00000000        0xc ./source/comController2pc.o
 .group         0x00000000        0xc ./source/comController2pc.o
 .text          0x00000000        0x0 ./source/comController2pc.o
 .data          0x00000000        0x0 ./source/comController2pc.o
 .bss           0x00000000        0x0 ./source/comController2pc.o
 .bss.cantCharsInPackage
                0x00000000        0x4 ./source/comController2pc.o
 .bss.package2pc
                0x00000000        0x6 ./source/comController2pc.o
 .bss.answerMsg
                0x00000000        0x1 ./source/comController2pc.o
 .bss.errorsCounter
                0x00000000        0x4 ./source/comController2pc.o
 .text.initResourcesController2pc
                0x00000000       0x50 ./source/comController2pc.o
 .text.sendMessage2pc
                0x00000000       0x74 ./source/comController2pc.o
 .text.rxCallback
                0x00000000       0x7c ./source/comController2pc.o
 .text.areStringsEqual
                0x00000000       0x6c ./source/comController2pc.o
 .debug_info    0x00000000      0x29d ./source/comController2pc.o
 .debug_abbrev  0x00000000      0x120 ./source/comController2pc.o
 .debug_aranges
                0x00000000       0x38 ./source/comController2pc.o
 .debug_ranges  0x00000000       0x28 ./source/comController2pc.o
 .debug_macro   0x00000000       0x61 ./source/comController2pc.o
 .debug_macro   0x00000000      0xa5a ./source/comController2pc.o
 .debug_macro   0x00000000       0x1c ./source/comController2pc.o
 .debug_macro   0x00000000       0x22 ./source/comController2pc.o
 .debug_macro   0x00000000      0x34e ./source/comController2pc.o
 .debug_macro   0x00000000       0x46 ./source/comController2pc.o
 .debug_line    0x00000000      0x172 ./source/comController2pc.o
 .debug_str     0x00000000     0x3afc ./source/comController2pc.o
 .comment       0x00000000       0x7f ./source/comController2pc.o
 .debug_frame   0x00000000       0xa4 ./source/comController2pc.o
 .ARM.attributes
                0x00000000       0x39 ./source/comController2pc.o
 .group         0x00000000        0xc ./source/pinsHandler.o
 .group         0x00000000        0xc ./source/pinsHandler.o
 .group         0x00000000        0xc ./source/pinsHandler.o
 .group         0x00000000        0xc ./source/pinsHandler.o
 .group         0x00000000        0xc ./source/pinsHandler.o
 .group         0x00000000        0xc ./source/pinsHandler.o
 .group         0x00000000        0xc ./source/pinsHandler.o
 .group         0x00000000        0xc ./source/pinsHandler.o
 .group         0x00000000        0xc ./source/pinsHandler.o
 .group         0x00000000        0xc ./source/pinsHandler.o
 .group         0x00000000        0xc ./source/pinsHandler.o
 .text          0x00000000        0x0 ./source/pinsHandler.o
 .data          0x00000000        0x0 ./source/pinsHandler.o
 .bss           0x00000000        0x0 ./source/pinsHandler.o
 .text.isPinValid
                0x00000000       0x26 ./source/pinsHandler.o
 .text.setPCRpullEnable
                0x00000000       0x30 ./source/pinsHandler.o
 .text.setPCRpullUp
                0x00000000       0x30 ./source/pinsHandler.o
 .text.setPCRpullDown
                0x00000000       0x32 ./source/pinsHandler.o
 .text.setPCRopenDrainEnable
                0x00000000       0x2c ./source/pinsHandler.o
 .debug_macro   0x00000000      0xa5a ./source/pinsHandler.o
 .debug_macro   0x00000000       0x5c ./source/pinsHandler.o
 .debug_macro   0x00000000      0x34e ./source/pinsHandler.o
 .debug_macro   0x00000000       0x1c ./source/pinsHandler.o
 .debug_macro   0x00000000       0x22 ./source/pinsHandler.o
 .debug_macro   0x00000000       0xdf ./source/pinsHandler.o
 .debug_macro   0x00000000      0xecf ./source/pinsHandler.o
 .debug_macro   0x00000000       0x48 ./source/pinsHandler.o
 .debug_macro   0x00000000     0xe07b ./source/pinsHandler.o
 .debug_macro   0x00000000       0x22 ./source/pinsHandler.o
 .debug_macro   0x00000000       0x22 ./source/pinsHandler.o
 .group         0x00000000        0xc ./source/timer.o
 .group         0x00000000        0xc ./source/timer.o
 .group         0x00000000        0xc ./source/timer.o
 .group         0x00000000        0xc ./source/timer.o
 .text          0x00000000        0x0 ./source/timer.o
 .data          0x00000000        0x0 ./source/timer.o
 .bss           0x00000000        0x0 ./source/timer.o
 .bss.timers    0x00000000       0x50 ./source/timer.o
 .bss.initialized
                0x00000000        0x1 ./source/timer.o
 .text.InitializeTimers
                0x00000000       0x78 ./source/timer.o
 .text.SetTimer
                0x00000000       0x98 ./source/timer.o
 .text.EnableTimer
                0x00000000       0x28 ./source/timer.o
 .text.DisableTimer
                0x00000000       0x28 ./source/timer.o
 .text.RestartTimer
                0x00000000       0x28 ./source/timer.o
 .text.GetTimerCount
                0x00000000       0x24 ./source/timer.o
 .text.sysTickCallback
                0x00000000       0x68 ./source/timer.o
 .debug_info    0x00000000      0x24f ./source/timer.o
 .debug_abbrev  0x00000000      0x130 ./source/timer.o
 .debug_aranges
                0x00000000       0x50 ./source/timer.o
 .debug_ranges  0x00000000       0x40 ./source/timer.o
 .debug_macro   0x00000000       0x58 ./source/timer.o
 .debug_macro   0x00000000      0xa5a ./source/timer.o
 .debug_macro   0x00000000       0x22 ./source/timer.o
 .debug_macro   0x00000000      0x34e ./source/timer.o
 .debug_macro   0x00000000       0x10 ./source/timer.o
 .debug_line    0x00000000      0x17a ./source/timer.o
 .debug_str     0x00000000     0x39d1 ./source/timer.o
 .comment       0x00000000       0x7f ./source/timer.o
 .debug_frame   0x00000000      0x120 ./source/timer.o
 .ARM.attributes
                0x00000000       0x39 ./source/timer.o
 .group         0x00000000        0xc ./source/uart.o
 .group         0x00000000        0xc ./source/uart.o
 .group         0x00000000        0xc ./source/uart.o
 .group         0x00000000        0xc ./source/uart.o
 .group         0x00000000        0xc ./source/uart.o
 .group         0x00000000        0xc ./source/uart.o
 .group         0x00000000        0xc ./source/uart.o
 .group         0x00000000        0xc ./source/uart.o
 .group         0x00000000        0xc ./source/uart.o
 .group         0x00000000        0xc ./source/uart.o
 .group         0x00000000        0xc ./source/uart.o
 .group         0x00000000        0xc ./source/uart.o
 .group         0x00000000        0xc ./source/uart.o
 .group         0x00000000        0xc ./source/uart.o
 .group         0x00000000        0xc ./source/uart.o
 .text          0x00000000        0x0 ./source/uart.o
 .data          0x00000000        0x0 ./source/uart.o
 .bss           0x00000000        0x0 ./source/uart.o
 .text.__NVIC_EnableIRQ
                0x00000000       0x3c ./source/uart.o
 .data.uartRXpins
                0x00000000        0x5 ./source/uart.o
 .data.uartTXpins
                0x00000000        0x5 ./source/uart.o
 .bss.uartMode  0x00000000        0x5 ./source/uart.o
 .bss.inMarkersTXbuffer
                0x00000000        0x5 ./source/uart.o
 .bss.flagsWriting
                0x00000000        0x5 ./source/uart.o
 .data.uartIRQs_TX_RX
                0x00000000        0x6 ./source/uart.o
 .data.uartIRQs_ERR
                0x00000000        0x6 ./source/uart.o
 .data.uartIRQs_LON
                0x00000000        0x6 ./source/uart.o
 .text.uartInit
                0x00000000      0x250 ./source/uart.o
 .text.uartIsRxMsg
                0x00000000       0xa4 ./source/uart.o
 .text.uartGetRxMsgLength
                0x00000000       0x28 ./source/uart.o
 .text.uartReadMsg
                0x00000000      0x170 ./source/uart.o
 .text.uartWriteMsg
                0x00000000      0x134 ./source/uart.o
 .text.uartIsTxMsgComplete
                0x00000000       0x5c ./source/uart.o
 .text.resetRXbuffer
                0x00000000       0x34 ./source/uart.o
 .text.isRXrejected
                0x00000000       0x20 ./source/uart.o
 .text.copyTXmsg
                0x00000000       0x90 ./source/uart.o
 .text.UART_setParity
                0x00000000       0x7e ./source/uart.o
 .text.UART_setBaudRate
                0x00000000       0xb0 ./source/uart.o
 .text.UART_setNdataBits
                0x00000000       0x5a ./source/uart.o
 .text.UART_clockGating
                0x00000000       0xc4 ./source/uart.o
 .debug_macro   0x00000000      0xa5a ./source/uart.o
 .debug_macro   0x00000000      0x34e ./source/uart.o
 .debug_macro   0x00000000       0x5c ./source/uart.o
 .debug_macro   0x00000000       0x1c ./source/uart.o
 .debug_macro   0x00000000       0x22 ./source/uart.o
 .debug_macro   0x00000000       0xdf ./source/uart.o
 .debug_macro   0x00000000      0xecf ./source/uart.o
 .debug_macro   0x00000000       0x48 ./source/uart.o
 .debug_macro   0x00000000     0xe07b ./source/uart.o
 .debug_macro   0x00000000       0x22 ./source/uart.o
 .debug_macro   0x00000000       0x22 ./source/uart.o
 .group         0x00000000        0xc ./SDK/startup/hardware.o
 .group         0x00000000        0xc ./SDK/startup/hardware.o
 .group         0x00000000        0xc ./SDK/startup/hardware.o
 .group         0x00000000        0xc ./SDK/startup/hardware.o
 .group         0x00000000        0xc ./SDK/startup/hardware.o
 .group         0x00000000        0xc ./SDK/startup/hardware.o
 .group         0x00000000        0xc ./SDK/startup/hardware.o
 .group         0x00000000        0xc ./SDK/startup/hardware.o
 .group         0x00000000        0xc ./SDK/startup/hardware.o
 .group         0x00000000        0xc ./SDK/startup/hardware.o
 .group         0x00000000        0xc ./SDK/startup/hardware.o
 .group         0x00000000        0xc ./SDK/startup/hardware.o
 .group         0x00000000        0xc ./SDK/startup/hardware.o
 .text          0x00000000        0x0 ./SDK/startup/hardware.o
 .data          0x00000000        0x0 ./SDK/startup/hardware.o
 .bss           0x00000000        0x0 ./SDK/startup/hardware.o
 .debug_macro   0x00000000      0xa5a ./SDK/startup/hardware.o
 .debug_macro   0x00000000      0x34e ./SDK/startup/hardware.o
 .debug_macro   0x00000000       0x22 ./SDK/startup/hardware.o
 .debug_macro   0x00000000       0x10 ./SDK/startup/hardware.o
 .debug_macro   0x00000000       0x5c ./SDK/startup/hardware.o
 .debug_macro   0x00000000       0x1c ./SDK/startup/hardware.o
 .debug_macro   0x00000000       0x22 ./SDK/startup/hardware.o
 .debug_macro   0x00000000       0xdf ./SDK/startup/hardware.o
 .debug_macro   0x00000000      0xecf ./SDK/startup/hardware.o
 .debug_macro   0x00000000       0x48 ./SDK/startup/hardware.o
 .debug_macro   0x00000000     0xe07b ./SDK/startup/hardware.o
 .debug_macro   0x00000000     0x122b ./SDK/startup/hardware.o
 .debug_macro   0x00000000       0x16 ./SDK/startup/hardware.o
 .group         0x00000000        0xc ./SDK/startup/main.o
 .group         0x00000000        0xc ./SDK/startup/main.o
 .group         0x00000000        0xc ./SDK/startup/main.o
 .group         0x00000000        0xc ./SDK/startup/main.o
 .group         0x00000000        0xc ./SDK/startup/main.o
 .group         0x00000000        0xc ./SDK/startup/main.o
 .group         0x00000000        0xc ./SDK/startup/main.o
 .group         0x00000000        0xc ./SDK/startup/main.o
 .group         0x00000000        0xc ./SDK/startup/main.o
 .group         0x00000000        0xc ./SDK/startup/main.o
 .group         0x00000000        0xc ./SDK/startup/main.o
 .group         0x00000000        0xc ./SDK/startup/main.o
 .group         0x00000000        0xc ./SDK/startup/main.o
 .text          0x00000000        0x0 ./SDK/startup/main.o
 .data          0x00000000        0x0 ./SDK/startup/main.o
 .bss           0x00000000        0x0 ./SDK/startup/main.o
 .debug_macro   0x00000000      0xa5a ./SDK/startup/main.o
 .debug_macro   0x00000000      0x34e ./SDK/startup/main.o
 .debug_macro   0x00000000       0x22 ./SDK/startup/main.o
 .debug_macro   0x00000000       0x10 ./SDK/startup/main.o
 .debug_macro   0x00000000       0x5c ./SDK/startup/main.o
 .debug_macro   0x00000000       0x1c ./SDK/startup/main.o
 .debug_macro   0x00000000       0x22 ./SDK/startup/main.o
 .debug_macro   0x00000000       0xdf ./SDK/startup/main.o
 .debug_macro   0x00000000      0xecf ./SDK/startup/main.o
 .debug_macro   0x00000000       0x48 ./SDK/startup/main.o
 .debug_macro   0x00000000     0xe07b ./SDK/startup/main.o
 .debug_macro   0x00000000     0x122b ./SDK/startup/main.o
 .debug_macro   0x00000000       0x16 ./SDK/startup/main.o
 .group         0x00000000        0xc ./SDK/startup/semihost_hardfault.o
 .text          0x00000000        0x0 ./SDK/startup/semihost_hardfault.o
 .data          0x00000000        0x0 ./SDK/startup/semihost_hardfault.o
 .bss           0x00000000        0x0 ./SDK/startup/semihost_hardfault.o
 .debug_macro   0x00000000      0xa5a ./SDK/startup/semihost_hardfault.o
 .group         0x00000000        0xc ./SDK/startup/startup_mk64f12.o
 .text          0x00000000        0x0 ./SDK/startup/startup_mk64f12.o
 .data          0x00000000        0x0 ./SDK/startup/startup_mk64f12.o
 .bss           0x00000000        0x0 ./SDK/startup/startup_mk64f12.o
 .text.DMA0_IRQHandler
                0x00000000        0x8 ./SDK/startup/startup_mk64f12.o
 .text.DMA1_IRQHandler
                0x00000000        0x8 ./SDK/startup/startup_mk64f12.o
 .text.DMA2_IRQHandler
                0x00000000        0x8 ./SDK/startup/startup_mk64f12.o
 .text.DMA3_IRQHandler
                0x00000000        0x8 ./SDK/startup/startup_mk64f12.o
 .text.UART0_LON_IRQHandler
                0x00000000        0x8 ./SDK/startup/startup_mk64f12.o
 .text.UART0_RX_TX_IRQHandler
                0x00000000        0x8 ./SDK/startup/startup_mk64f12.o
 .text.UART0_ERR_IRQHandler
                0x00000000        0x8 ./SDK/startup/startup_mk64f12.o
 .text.UART1_RX_TX_IRQHandler
                0x00000000        0x8 ./SDK/startup/startup_mk64f12.o
 .text.UART1_ERR_IRQHandler
                0x00000000        0x8 ./SDK/startup/startup_mk64f12.o
 .text.UART2_RX_TX_IRQHandler
                0x00000000        0x8 ./SDK/startup/startup_mk64f12.o
 .text.UART2_ERR_IRQHandler
                0x00000000        0x8 ./SDK/startup/startup_mk64f12.o
 .text.UART3_RX_TX_IRQHandler
                0x00000000        0x8 ./SDK/startup/startup_mk64f12.o
 .text.UART3_ERR_IRQHandler
                0x00000000        0x8 ./SDK/startup/startup_mk64f12.o
 .text.CMP0_IRQHandler
                0x00000000        0x8 ./SDK/startup/startup_mk64f12.o
 .text.FTM0_IRQHandler
                0x00000000        0x8 ./SDK/startup/startup_mk64f12.o
 .text.FTM1_IRQHandler
                0x00000000        0x8 ./SDK/startup/startup_mk64f12.o
 .text.FTM2_IRQHandler
                0x00000000        0x8 ./SDK/startup/startup_mk64f12.o
 .text.PIT0_IRQHandler
                0x00000000        0x8 ./SDK/startup/startup_mk64f12.o
 .text.PIT1_IRQHandler
                0x00000000        0x8 ./SDK/startup/startup_mk64f12.o
 .text.PIT2_IRQHandler
                0x00000000        0x8 ./SDK/startup/startup_mk64f12.o
 .text.PIT3_IRQHandler
                0x00000000        0x8 ./SDK/startup/startup_mk64f12.o
 .text.UART4_RX_TX_IRQHandler
                0x00000000        0x8 ./SDK/startup/startup_mk64f12.o
 .text.UART4_ERR_IRQHandler
                0x00000000        0x8 ./SDK/startup/startup_mk64f12.o
 .debug_macro   0x00000000      0xa5a ./SDK/startup/startup_mk64f12.o
 .group         0x00000000        0xc ./SDK/CMSIS/system_MK64F12.o
 .group         0x00000000        0xc ./SDK/CMSIS/system_MK64F12.o
 .group         0x00000000        0xc ./SDK/CMSIS/system_MK64F12.o
 .group         0x00000000        0xc ./SDK/CMSIS/system_MK64F12.o
 .group         0x00000000        0xc ./SDK/CMSIS/system_MK64F12.o
 .group         0x00000000        0xc ./SDK/CMSIS/system_MK64F12.o
 .group         0x00000000        0xc ./SDK/CMSIS/system_MK64F12.o
 .group         0x00000000        0xc ./SDK/CMSIS/system_MK64F12.o
 .group         0x00000000        0xc ./SDK/CMSIS/system_MK64F12.o
 .group         0x00000000        0xc ./SDK/CMSIS/system_MK64F12.o
 .group         0x00000000        0xc ./SDK/CMSIS/system_MK64F12.o
 .text          0x00000000        0x0 ./SDK/CMSIS/system_MK64F12.o
 .data          0x00000000        0x0 ./SDK/CMSIS/system_MK64F12.o
 .bss           0x00000000        0x0 ./SDK/CMSIS/system_MK64F12.o
 .data.SystemCoreClock
                0x00000000        0x4 ./SDK/CMSIS/system_MK64F12.o
 .text.SystemCoreClockUpdate
                0x00000000      0x278 ./SDK/CMSIS/system_MK64F12.o
 .debug_macro   0x00000000      0xa5a ./SDK/CMSIS/system_MK64F12.o
 .debug_macro   0x00000000      0x34e ./SDK/CMSIS/system_MK64F12.o
 .debug_macro   0x00000000       0x10 ./SDK/CMSIS/system_MK64F12.o
 .debug_macro   0x00000000       0x5c ./SDK/CMSIS/system_MK64F12.o
 .debug_macro   0x00000000       0x1c ./SDK/CMSIS/system_MK64F12.o
 .debug_macro   0x00000000       0x22 ./SDK/CMSIS/system_MK64F12.o
 .debug_macro   0x00000000       0xdf ./SDK/CMSIS/system_MK64F12.o
 .debug_macro   0x00000000      0xecf ./SDK/CMSIS/system_MK64F12.o
 .debug_macro   0x00000000       0x48 ./SDK/CMSIS/system_MK64F12.o
 .debug_macro   0x00000000     0xe07b ./SDK/CMSIS/system_MK64F12.o
 .debug_macro   0x00000000     0x122b ./SDK/CMSIS/system_MK64F12.o

Memory Configuration

Name             Origin             Length             Attributes
PROGRAM_FLASH    0x00000000         0x00100000         xr
SRAM_UPPER       0x20000000         0x00030000         xrw
SRAM_LOWER       0x1fff0000         0x00010000         xrw
FLEX_RAM         0x14000000         0x00001000         xrw
*default*        0x00000000         0xffffffff

Linker script and memory map

LOAD ./source/ADC.o
LOAD ./source/App.o
LOAD ./source/CMP.o
LOAD ./source/DAC.o
LOAD ./source/DMA.o
LOAD ./source/DMAMUX.o
LOAD ./source/FTM.o
LOAD ./source/PDB.o
LOAD ./source/PIT.o
LOAD ./source/SysTick.o
LOAD ./source/comController2pc.o
LOAD ./source/pinsHandler.o
LOAD ./source/timer.o
LOAD ./source/uart.o
LOAD ./SDK/startup/hardware.o
LOAD ./SDK/startup/main.o
LOAD ./SDK/startup/semihost_hardfault.o
LOAD ./SDK/startup/startup_mk64f12.o
LOAD ./SDK/CMSIS/system_MK64F12.o
START GROUP
LOAD c:/nxp/mcuxpressoide_10.2.0_759/ide/tools/bin/../lib/gcc/arm-none-eabi/7.2.1/../../../../arm-none-eabi/lib/thumb/v7e-m/fpv4-sp/hard\libcr_c.a
LOAD c:/nxp/mcuxpressoide_10.2.0_759/ide/tools/bin/../lib/gcc/arm-none-eabi/7.2.1/thumb/v7e-m/fpv4-sp/hard\libcr_eabihelpers.a
END GROUP
                0x00000000                __base_PROGRAM_FLASH = 0x0
                0x00000000                __base_Flash = 0x0
                0x00100000                __top_PROGRAM_FLASH = 0x100000
                0x00100000                __top_Flash = 0x100000
                0x20000000                __base_SRAM_UPPER = 0x20000000
                0x20000000                __base_RAM = 0x20000000
                0x20030000                __top_SRAM_UPPER = 0x20030000
                0x20030000                __top_RAM = 0x20030000
                0x1fff0000                __base_SRAM_LOWER = 0x1fff0000
                0x1fff0000                __base_RAM2 = 0x1fff0000
                0x20000000                __top_SRAM_LOWER = 0x20000000
                0x20000000                __top_RAM2 = 0x20000000
                0x14000000                __base_FLEX_RAM = 0x14000000
                0x14000000                __base_RAM3 = 0x14000000
                0x14001000                __top_FLEX_RAM = 0x14001000
                0x14001000                __top_RAM3 = 0x14001000

.text           0x00000000     0x14e0
 FILL mask 0xff
                0x00000000                __vectors_start__ = ABSOLUTE (.)
 *(SORT_BY_ALIGNMENT(.isr_vector))
 .isr_vector    0x00000000      0x198 ./SDK/startup/startup_mk64f12.o
                0x00000000                g_pfnVectors
                0x00000000                __Vectors
                0x00000198                . = ALIGN (0x4)
                0x00000198                __section_table_start = .
                0x00000198                __data_section_table = .
                0x00000198        0x4 LONG 0x14e0 LOADADDR (.data)
                0x0000019c        0x4 LONG 0x20000000 ADDR (.data)
                0x000001a0        0x4 LONG 0x60 SIZEOF (.data)
                0x000001a4        0x4 LONG 0x14e0 LOADADDR (.data_RAM2)
                0x000001a8        0x4 LONG 0x1fff0000 ADDR (.data_RAM2)
                0x000001ac        0x4 LONG 0x0 SIZEOF (.data_RAM2)
                0x000001b0        0x4 LONG 0x14e0 LOADADDR (.data_RAM3)
                0x000001b4        0x4 LONG 0x14000000 ADDR (.data_RAM3)
                0x000001b8        0x4 LONG 0x0 SIZEOF (.data_RAM3)
                0x000001bc                __data_section_table_end = .
                0x000001bc                __bss_section_table = .
                0x000001bc        0x4 LONG 0x20000060 ADDR (.bss)
                0x000001c0        0x4 LONG 0x488 SIZEOF (.bss)
                0x000001c4        0x4 LONG 0x1fff0000 ADDR (.bss_RAM2)
                0x000001c8        0x4 LONG 0x0 SIZEOF (.bss_RAM2)
                0x000001cc        0x4 LONG 0x14000000 ADDR (.bss_RAM3)
                0x000001d0        0x4 LONG 0x0 SIZEOF (.bss_RAM3)
                0x000001d4                __bss_section_table_end = .
                0x000001d4                __section_table_end = .
 *(SORT_BY_ALIGNMENT(.after_vectors*))
 .after_vectors.reset
                0x000001d4       0x4c ./SDK/startup/startup_mk64f12.o
                0x000001d4                ResetISR
 .after_vectors.init_data
                0x00000220       0x1e ./SDK/startup/startup_mk64f12.o
                0x00000220                data_init
 .after_vectors.init_bss
                0x0000023e       0x12 ./SDK/startup/startup_mk64f12.o
                0x0000023e                bss_init
 .after_vectors
                0x00000250       0x14 ./SDK/startup/startup_mk64f12.o
                0x00000250                NMI_Handler
                0x00000254                MemManage_Handler
                0x00000256                BusFault_Handler
                0x00000258                UsageFault_Handler
                0x0000025a                SVC_Handler
                0x0000025c                DebugMon_Handler
                0x0000025e                PendSV_Handler
                0x00000262                DMA_Error_DriverIRQHandler
                0x00000262                LPTMR0_DriverIRQHandler
                0x00000262                FTM1_DriverIRQHandler
                0x00000262                FTM2_DriverIRQHandler
                0x00000262                PIT2_DriverIRQHandler
                0x00000262                SDHC_DriverIRQHandler
                0x00000262                I2S0_Tx_DriverIRQHandler
                0x00000262                RTC_Seconds_DriverIRQHandler
                0x00000262                DMA6_DriverIRQHandler
                0x00000262                LLWU_DriverIRQHandler
                0x00000262                MCM_DriverIRQHandler
                0x00000262                MCG_DriverIRQHandler
                0x00000262                ENET_1588_Timer_DriverIRQHandler
                0x00000262                I2C2_DriverIRQHandler
                0x00000262                DAC1_DriverIRQHandler
                0x00000262                SPI1_DriverIRQHandler
                0x00000262                CMP1_DriverIRQHandler
                0x00000262                UART5_RX_TX_DriverIRQHandler
                0x00000262                FTM0_DriverIRQHandler
                0x00000262                IntDefaultHandler
                0x00000262                USB0_DriverIRQHandler
                0x00000262                UART5_ERR_DriverIRQHandler
                0x00000262                PORTC_DriverIRQHandler
                0x00000262                DMA11_DriverIRQHandler
                0x00000262                DAC0_DriverIRQHandler
                0x00000262                DMA10_DriverIRQHandler
                0x00000262                CMP2_DriverIRQHandler
                0x00000262                UART2_ERR_DriverIRQHandler
                0x00000262                SPI2_DriverIRQHandler
                0x00000262                LVD_LVW_DriverIRQHandler
                0x00000262                PIT0_DriverIRQHandler
                0x00000262                RNG_DriverIRQHandler
                0x00000262                DMA5_DriverIRQHandler
                0x00000262                DMA12_DriverIRQHandler
                0x00000262                UART2_RX_TX_DriverIRQHandler
                0x00000262                USBDCD_DriverIRQHandler
                0x00000262                UART3_ERR_DriverIRQHandler
                0x00000262                DMA3_DriverIRQHandler
                0x00000262                DMA8_DriverIRQHandler
                0x00000262                DMA9_DriverIRQHandler
                0x00000262                UART0_ERR_DriverIRQHandler
                0x00000262                CMT_DriverIRQHandler
                0x00000262                Reserved71_DriverIRQHandler
                0x00000262                ADC1_DriverIRQHandler
                0x00000262                PORTA_DriverIRQHandler
                0x00000262                DMA14_DriverIRQHandler
                0x00000262                PIT3_DriverIRQHandler
                0x00000262                PIT1_DriverIRQHandler
                0x00000262                WDOG_EWM_DriverIRQHandler
                0x00000262                PDB0_DriverIRQHandler
                0x00000262                RTC_DriverIRQHandler
                0x00000262                I2S0_Rx_DriverIRQHandler
                0x00000262                Read_Collision_DriverIRQHandler
                0x00000262                SWI_DriverIRQHandler
                0x00000262                UART4_RX_TX_DriverIRQHandler
                0x00000262                UART4_ERR_DriverIRQHandler
                0x00000262                PORTB_DriverIRQHandler
                0x00000262                UART0_LON_DriverIRQHandler
                0x00000262                DMA0_DriverIRQHandler
                0x00000262                DMA1_DriverIRQHandler
                0x00000262                I2C1_DriverIRQHandler
                0x00000262                UART3_RX_TX_DriverIRQHandler
                0x00000262                ENET_Receive_DriverIRQHandler
                0x00000262                DMA13_DriverIRQHandler
                0x00000262                ENET_Error_DriverIRQHandler
                0x00000262                DMA15_DriverIRQHandler
                0x00000262                UART0_RX_TX_DriverIRQHandler
                0x00000262                SPI0_DriverIRQHandler
                0x00000262                ADC0_DriverIRQHandler
                0x00000262                CMP0_DriverIRQHandler
                0x00000262                CAN0_DriverIRQHandler
                0x00000262                FTM3_DriverIRQHandler
                0x00000262                DMA4_DriverIRQHandler
                0x00000262                UART1_ERR_DriverIRQHandler
                0x00000262                DMA2_DriverIRQHandler
                0x00000262                ENET_Transmit_DriverIRQHandler
                0x00000262                PORTD_DriverIRQHandler
                0x00000262                PORTE_DriverIRQHandler
                0x00000262                FTFE_DriverIRQHandler
                0x00000262                I2C0_DriverIRQHandler
                0x00000262                DMA7_DriverIRQHandler
                0x00000262                UART1_RX_TX_DriverIRQHandler
                0x00000400                . = 0x400
 *fill*         0x00000264      0x19c ff
                0x00000400                PROVIDE (__FLASH_CONFIG_START__, .)
 *(SORT_BY_ALIGNMENT(.FlashConfig))
 .FlashConfig   0x00000400       0x10 ./SDK/startup/startup_mk64f12.o
                0x00000400                Flash_Config
                0x00000410                PROVIDE (__FLASH_CONFIG_END__, .)
                0x00000001                ASSERT (! ((__FLASH_CONFIG_START__ == __FLASH_CONFIG_END__)), Linker Flash Config Support Enabled, but no .FlashConfig section provided within application)
 *(SORT_BY_ALIGNMENT(.text*))
 .text.App_Init
                0x00000410       0x60 ./source/App.o
                0x00000410                App_Init
 .text.__NVIC_EnableIRQ
                0x00000470       0x3c ./source/CMP.o
 .text.initCMP  0x000004ac       0x88 ./source/CMP.o
                0x000004ac                initCMP
 .text.clockGating
                0x00000534       0x44 ./source/CMP.o
 .text.configurePins
                0x00000578      0x10c ./source/CMP.o
 .text.enableInterrupts
                0x00000684       0x28 ./source/CMP.o
 .text.configureInputs
                0x000006ac       0x58 ./source/CMP.o
 .text.configureDAC
                0x00000704       0x28 ./source/CMP.o
 .text.CMP0_IRQHandler
                0x0000072c       0x2c ./source/CMP.o
                0x0000072c                CMP0_IRQHandler
 .text.__NVIC_EnableIRQ
                0x00000758       0x3c ./source/DMA.o
 .text.clockGating
                0x00000794       0x28 ./source/DMA.o
                0x00000794                clockGating
 .text.isDMAnTransferDone
                0x000007bc       0x20 ./source/DMA.o
                0x000007bc                isDMAnTransferDone
 .text.DMAPrepareTransfer
                0x000007dc      0x248 ./source/DMA.o
                0x000007dc                DMAPrepareTransfer
 .text.DMAIrqHandler
                0x00000a24       0x1c ./source/DMA.o
                0x00000a24                DMAIrqHandler
 .text.DMA0_IRQHandler
                0x00000a40       0x18 ./source/DMA.o
                0x00000a40                DMA0_IRQHandler
 .text.DMA1_IRQHandler
                0x00000a58       0x18 ./source/DMA.o
                0x00000a58                DMA1_IRQHandler
 .text.DMA2_IRQHandler
                0x00000a70       0x18 ./source/DMA.o
                0x00000a70                DMA2_IRQHandler
 .text.DMA3_IRQHandler
                0x00000a88       0x18 ./source/DMA.o
                0x00000a88                DMA3_IRQHandler
 .text.clockGating
                0x00000aa0       0x2c ./source/DMAMUX.o
 .text.configureDMAMUX
                0x00000acc       0x88 ./source/DMAMUX.o
                0x00000acc                configureDMAMUX
 .text.FTMx_IRQHandler
                0x00000b54       0xd4 ./source/FTM.o
                0x00000b54                FTMx_IRQHandler
 .text.PIT0_IRQHandler
                0x00000c28       0x30 ./source/PIT.o
                0x00000c28                PIT0_IRQHandler
 .text.PIT1_IRQHandler
                0x00000c58       0x30 ./source/PIT.o
                0x00000c58                PIT1_IRQHandler
 .text.PIT2_IRQHandler
                0x00000c88       0x30 ./source/PIT.o
                0x00000c88                PIT2_IRQHandler
 .text.PIT3_IRQHandler
                0x00000cb8       0x30 ./source/PIT.o
                0x00000cb8                PIT3_IRQHandler
 .text.SysTick_Handler
                0x00000ce8       0x14 ./source/SysTick.o
                0x00000ce8                SysTick_Handler
 .text.UARTX_RX_TX_IRQHandler
                0x00000cfc      0x1e8 ./source/uart.o
                0x00000cfc                UARTX_RX_TX_IRQHandler
 .text.hw_Init  0x00000ee4      0x10c ./SDK/startup/hardware.o
                0x00000ee4                hw_Init
 .text.hw_EnableInterrupts
                0x00000ff0       0x30 ./SDK/startup/hardware.o
                0x00000ff0                hw_EnableInterrupts
 .text.hw_DisableInterrupts
                0x00001020       0x20 ./SDK/startup/hardware.o
                0x00001020                hw_DisableInterrupts
 .text.SystemInit
                0x00001040       0x3c ./SDK/CMSIS/system_MK64F12.o
                0x00001040                SystemInit
 .text.App_Run  0x0000107c       0x22 ./source/App.o
                0x0000107c                App_Run
 .text.initDMA  0x0000109e       0x28 ./source/DMA.o
                0x0000109e                initDMA
 .text.initDMAMUX
                0x000010c6        0xc ./source/DMAMUX.o
                0x000010c6                initDMAMUX
 .text.FTM0_IRQHandler
                0x000010d2        0xe ./source/FTM.o
                0x000010d2                FTM0_IRQHandler
 .text.FTM1_IRQHandler
                0x000010e0        0xe ./source/FTM.o
                0x000010e0                FTM1_IRQHandler
 .text.FTM2_IRQHandler
                0x000010ee        0xe ./source/FTM.o
                0x000010ee                FTM2_IRQHandler
 .text.setPCRmux
                0x000010fc       0x46 ./source/pinsHandler.o
                0x000010fc                setPCRmux
 .text.setPCRirqc
                0x00001142       0x46 ./source/pinsHandler.o
                0x00001142                setPCRirqc
 .text.UARTX_LON_IRQHandler
                0x00001188       0x16 ./source/uart.o
                0x00001188                UARTX_LON_IRQHandler
 .text.UARTX_ERR_IRQHandler
                0x0000119e       0x16 ./source/uart.o
                0x0000119e                UARTX_ERR_IRQHandler
 .text.UART0_LON_IRQHandler
                0x000011b4        0xe ./source/uart.o
                0x000011b4                UART0_LON_IRQHandler
 .text.UART0_RX_TX_IRQHandler
                0x000011c2        0xe ./source/uart.o
                0x000011c2                UART0_RX_TX_IRQHandler
 .text.UART0_ERR_IRQHandler
                0x000011d0        0xe ./source/uart.o
                0x000011d0                UART0_ERR_IRQHandler
 .text.UART1_RX_TX_IRQHandler
                0x000011de        0xe ./source/uart.o
                0x000011de                UART1_RX_TX_IRQHandler
 .text.UART1_ERR_IRQHandler
                0x000011ec        0xe ./source/uart.o
                0x000011ec                UART1_ERR_IRQHandler
 .text.UART2_RX_TX_IRQHandler
                0x000011fa        0xe ./source/uart.o
                0x000011fa                UART2_RX_TX_IRQHandler
 .text.UART2_ERR_IRQHandler
                0x00001208        0xe ./source/uart.o
                0x00001208                UART2_ERR_IRQHandler
 .text.UART3_RX_TX_IRQHandler
                0x00001216        0xe ./source/uart.o
                0x00001216                UART3_RX_TX_IRQHandler
 .text.UART3_ERR_IRQHandler
                0x00001224        0xe ./source/uart.o
                0x00001224                UART3_ERR_IRQHandler
 .text.UART4_RX_TX_IRQHandler
                0x00001232        0xe ./source/uart.o
                0x00001232                UART4_RX_TX_IRQHandler
 .text.UART4_ERR_IRQHandler
                0x00001240        0xe ./source/uart.o
                0x00001240                UART4_ERR_IRQHandler
 .text.main     0x0000124e       0x1a ./SDK/startup/main.o
                0x0000124e                main
 .text.HardFault_Handler
                0x00001268       0x2c ./SDK/startup/semihost_hardfault.o
                0x00001268                HardFault_Handler
 .text.DMA4_IRQHandler
                0x00001294        0x8 ./SDK/startup/startup_mk64f12.o
                0x00001294                DMA4_IRQHandler
 .text.DMA5_IRQHandler
                0x0000129c        0x8 ./SDK/startup/startup_mk64f12.o
                0x0000129c                DMA5_IRQHandler
 .text.DMA6_IRQHandler
                0x000012a4        0x8 ./SDK/startup/startup_mk64f12.o
                0x000012a4                DMA6_IRQHandler
 .text.DMA7_IRQHandler
                0x000012ac        0x8 ./SDK/startup/startup_mk64f12.o
                0x000012ac                DMA7_IRQHandler
 .text.DMA8_IRQHandler
                0x000012b4        0x8 ./SDK/startup/startup_mk64f12.o
                0x000012b4                DMA8_IRQHandler
 .text.DMA9_IRQHandler
                0x000012bc        0x8 ./SDK/startup/startup_mk64f12.o
                0x000012bc                DMA9_IRQHandler
 .text.DMA10_IRQHandler
                0x000012c4        0x8 ./SDK/startup/startup_mk64f12.o
                0x000012c4                DMA10_IRQHandler
 .text.DMA11_IRQHandler
                0x000012cc        0x8 ./SDK/startup/startup_mk64f12.o
                0x000012cc                DMA11_IRQHandler
 .text.DMA12_IRQHandler
                0x000012d4        0x8 ./SDK/startup/startup_mk64f12.o
                0x000012d4                DMA12_IRQHandler
 .text.DMA13_IRQHandler
                0x000012dc        0x8 ./SDK/startup/startup_mk64f12.o
                0x000012dc                DMA13_IRQHandler
 .text.DMA14_IRQHandler
                0x000012e4        0x8 ./SDK/startup/startup_mk64f12.o
                0x000012e4                DMA14_IRQHandler
 .text.DMA15_IRQHandler
                0x000012ec        0x8 ./SDK/startup/startup_mk64f12.o
                0x000012ec                DMA15_IRQHandler
 .text.DMA_Error_IRQHandler
                0x000012f4        0x8 ./SDK/startup/startup_mk64f12.o
                0x000012f4                DMA_Error_IRQHandler
 .text.MCM_IRQHandler
                0x000012fc        0x8 ./SDK/startup/startup_mk64f12.o
                0x000012fc                MCM_IRQHandler
 .text.FTFE_IRQHandler
                0x00001304        0x8 ./SDK/startup/startup_mk64f12.o
                0x00001304                FTFE_IRQHandler
 .text.Read_Collision_IRQHandler
                0x0000130c        0x8 ./SDK/startup/startup_mk64f12.o
                0x0000130c                Read_Collision_IRQHandler
 .text.LVD_LVW_IRQHandler
                0x00001314        0x8 ./SDK/startup/startup_mk64f12.o
                0x00001314                LVD_LVW_IRQHandler
 .text.LLWU_IRQHandler
                0x0000131c        0x8 ./SDK/startup/startup_mk64f12.o
                0x0000131c                LLWU_IRQHandler
 .text.WDOG_EWM_IRQHandler
                0x00001324        0x8 ./SDK/startup/startup_mk64f12.o
                0x00001324                WDOG_EWM_IRQHandler
 .text.RNG_IRQHandler
                0x0000132c        0x8 ./SDK/startup/startup_mk64f12.o
                0x0000132c                RNG_IRQHandler
 .text.I2C0_IRQHandler
                0x00001334        0x8 ./SDK/startup/startup_mk64f12.o
                0x00001334                I2C0_IRQHandler
 .text.I2C1_IRQHandler
                0x0000133c        0x8 ./SDK/startup/startup_mk64f12.o
                0x0000133c                I2C1_IRQHandler
 .text.SPI0_IRQHandler
                0x00001344        0x8 ./SDK/startup/startup_mk64f12.o
                0x00001344                SPI0_IRQHandler
 .text.SPI1_IRQHandler
                0x0000134c        0x8 ./SDK/startup/startup_mk64f12.o
                0x0000134c                SPI1_IRQHandler
 .text.I2S0_Tx_IRQHandler
                0x00001354        0x8 ./SDK/startup/startup_mk64f12.o
                0x00001354                I2S0_Tx_IRQHandler
 .text.I2S0_Rx_IRQHandler
                0x0000135c        0x8 ./SDK/startup/startup_mk64f12.o
                0x0000135c                I2S0_Rx_IRQHandler
 .text.ADC0_IRQHandler
                0x00001364        0x8 ./SDK/startup/startup_mk64f12.o
                0x00001364                ADC0_IRQHandler
 .text.CMP1_IRQHandler
                0x0000136c        0x8 ./SDK/startup/startup_mk64f12.o
                0x0000136c                CMP1_IRQHandler
 .text.CMT_IRQHandler
                0x00001374        0x8 ./SDK/startup/startup_mk64f12.o
                0x00001374                CMT_IRQHandler
 .text.RTC_IRQHandler
                0x0000137c        0x8 ./SDK/startup/startup_mk64f12.o
                0x0000137c                RTC_IRQHandler
 .text.RTC_Seconds_IRQHandler
                0x00001384        0x8 ./SDK/startup/startup_mk64f12.o
                0x00001384                RTC_Seconds_IRQHandler
 .text.PDB0_IRQHandler
                0x0000138c        0x8 ./SDK/startup/startup_mk64f12.o
                0x0000138c                PDB0_IRQHandler
 .text.USB0_IRQHandler
                0x00001394        0x8 ./SDK/startup/startup_mk64f12.o
                0x00001394                USB0_IRQHandler
 .text.USBDCD_IRQHandler
                0x0000139c        0x8 ./SDK/startup/startup_mk64f12.o
                0x0000139c                USBDCD_IRQHandler
 .text.Reserved71_IRQHandler
                0x000013a4        0x8 ./SDK/startup/startup_mk64f12.o
                0x000013a4                Reserved71_IRQHandler
 .text.DAC0_IRQHandler
                0x000013ac        0x8 ./SDK/startup/startup_mk64f12.o
                0x000013ac                DAC0_IRQHandler
 .text.MCG_IRQHandler
                0x000013b4        0x8 ./SDK/startup/startup_mk64f12.o
                0x000013b4                MCG_IRQHandler
 .text.LPTMR0_IRQHandler
                0x000013bc        0x8 ./SDK/startup/startup_mk64f12.o
                0x000013bc                LPTMR0_IRQHandler
 .text.PORTA_IRQHandler
                0x000013c4        0x8 ./SDK/startup/startup_mk64f12.o
                0x000013c4                PORTA_IRQHandler
 .text.PORTB_IRQHandler
                0x000013cc        0x8 ./SDK/startup/startup_mk64f12.o
                0x000013cc                PORTB_IRQHandler
 .text.PORTC_IRQHandler
                0x000013d4        0x8 ./SDK/startup/startup_mk64f12.o
                0x000013d4                PORTC_IRQHandler
 .text.PORTD_IRQHandler
                0x000013dc        0x8 ./SDK/startup/startup_mk64f12.o
                0x000013dc                PORTD_IRQHandler
 .text.PORTE_IRQHandler
                0x000013e4        0x8 ./SDK/startup/startup_mk64f12.o
                0x000013e4                PORTE_IRQHandler
 .text.SWI_IRQHandler
                0x000013ec        0x8 ./SDK/startup/startup_mk64f12.o
                0x000013ec                SWI_IRQHandler
 .text.SPI2_IRQHandler
                0x000013f4        0x8 ./SDK/startup/startup_mk64f12.o
                0x000013f4                SPI2_IRQHandler
 .text.UART5_RX_TX_IRQHandler
                0x000013fc        0x8 ./SDK/startup/startup_mk64f12.o
                0x000013fc                UART5_RX_TX_IRQHandler
 .text.UART5_ERR_IRQHandler
                0x00001404        0x8 ./SDK/startup/startup_mk64f12.o
                0x00001404                UART5_ERR_IRQHandler
 .text.CMP2_IRQHandler
                0x0000140c        0x8 ./SDK/startup/startup_mk64f12.o
                0x0000140c                CMP2_IRQHandler
 .text.FTM3_IRQHandler
                0x00001414        0x8 ./SDK/startup/startup_mk64f12.o
                0x00001414                FTM3_IRQHandler
 .text.DAC1_IRQHandler
                0x0000141c        0x8 ./SDK/startup/startup_mk64f12.o
                0x0000141c                DAC1_IRQHandler
 .text.ADC1_IRQHandler
                0x00001424        0x8 ./SDK/startup/startup_mk64f12.o
                0x00001424                ADC1_IRQHandler
 .text.I2C2_IRQHandler
                0x0000142c        0x8 ./SDK/startup/startup_mk64f12.o
                0x0000142c                I2C2_IRQHandler
 .text.CAN0_ORed_Message_buffer_IRQHandler
                0x00001434        0x8 ./SDK/startup/startup_mk64f12.o
                0x00001434                CAN0_ORed_Message_buffer_IRQHandler
 .text.CAN0_Bus_Off_IRQHandler
                0x0000143c        0x8 ./SDK/startup/startup_mk64f12.o
                0x0000143c                CAN0_Bus_Off_IRQHandler
 .text.CAN0_Error_IRQHandler
                0x00001444        0x8 ./SDK/startup/startup_mk64f12.o
                0x00001444                CAN0_Error_IRQHandler
 .text.CAN0_Tx_Warning_IRQHandler
                0x0000144c        0x8 ./SDK/startup/startup_mk64f12.o
                0x0000144c                CAN0_Tx_Warning_IRQHandler
 .text.CAN0_Rx_Warning_IRQHandler
                0x00001454        0x8 ./SDK/startup/startup_mk64f12.o
                0x00001454                CAN0_Rx_Warning_IRQHandler
 .text.CAN0_Wake_Up_IRQHandler
                0x0000145c        0x8 ./SDK/startup/startup_mk64f12.o
                0x0000145c                CAN0_Wake_Up_IRQHandler
 .text.SDHC_IRQHandler
                0x00001464        0x8 ./SDK/startup/startup_mk64f12.o
                0x00001464                SDHC_IRQHandler
 .text.ENET_1588_Timer_IRQHandler
                0x0000146c        0x8 ./SDK/startup/startup_mk64f12.o
                0x0000146c                ENET_1588_Timer_IRQHandler
 .text.ENET_Transmit_IRQHandler
                0x00001474        0x8 ./SDK/startup/startup_mk64f12.o
                0x00001474                ENET_Transmit_IRQHandler
 .text.ENET_Receive_IRQHandler
                0x0000147c        0x8 ./SDK/startup/startup_mk64f12.o
                0x0000147c                ENET_Receive_IRQHandler
 .text.ENET_Error_IRQHandler
                0x00001484        0x8 ./SDK/startup/startup_mk64f12.o
                0x00001484                ENET_Error_IRQHandler
 .text.SystemInitHook
                0x0000148c        0xe ./SDK/CMSIS/system_MK64F12.o
                0x0000148c                SystemInitHook
 *(SORT_BY_ALIGNMENT(.rodata) SORT_BY_ALIGNMENT(.rodata.*) SORT_BY_ALIGNMENT(.constdata) SORT_BY_ALIGNMENT(.constdata.*))
 *fill*         0x0000149a        0x2 ff
 .rodata        0x0000149c       0x14 ./source/CMP.o
 .rodata        0x000014b0       0x2c ./source/uart.o
                0x000014e0                . = ALIGN (0x8)
 *fill*         0x000014dc        0x4 ff

.glue_7         0x000014e0        0x0
 .glue_7        0x000014e0        0x0 linker stubs

.glue_7t        0x000014e0        0x0
 .glue_7t       0x000014e0        0x0 linker stubs

.vfp11_veneer   0x000014e0        0x0
 .vfp11_veneer  0x000014e0        0x0 linker stubs

.v4_bx          0x000014e0        0x0
 .v4_bx         0x000014e0        0x0 linker stubs

.iplt           0x000014e0        0x0
 .iplt          0x000014e0        0x0 ./source/App.o

.rel.dyn        0x000014e0        0x0
 .rel.iplt      0x000014e0        0x0 ./source/App.o

.ARM.extab
 *(SORT_BY_ALIGNMENT(.ARM.extab*) SORT_BY_ALIGNMENT(.gnu.linkonce.armextab.*))
                0x000014e0                __exidx_start = .

.ARM.exidx
 *(SORT_BY_ALIGNMENT(.ARM.exidx*) SORT_BY_ALIGNMENT(.gnu.linkonce.armexidx.*))
                0x000014e0                __exidx_end = .
                0x000014e0                _etext = .

.m_usb_data
 *(SORT_BY_ALIGNMENT(m_usb_bdt))

.data_RAM2      0x1fff0000        0x0 load address 0x000014e0
 FILL mask 0xff
                [!provide]                PROVIDE (__start_data_RAM2, .)
 *(SORT_BY_ALIGNMENT(.ramfunc.$RAM2))
 *(SORT_BY_ALIGNMENT(.ramfunc.$SRAM_LOWER))
 *(SORT_BY_ALIGNMENT(.data.$RAM2*))
 *(SORT_BY_ALIGNMENT(.data.$SRAM_LOWER*))
                0x1fff0000                . = ALIGN (0x8)
                [!provide]                PROVIDE (__end_data_RAM2, .)

.data_RAM3      0x14000000        0x0 load address 0x000014e0
 FILL mask 0xff
                [!provide]                PROVIDE (__start_data_RAM3, .)
 *(SORT_BY_ALIGNMENT(.ramfunc.$RAM3))
 *(SORT_BY_ALIGNMENT(.ramfunc.$FLEX_RAM))
 *(SORT_BY_ALIGNMENT(.data.$RAM3*))
 *(SORT_BY_ALIGNMENT(.data.$FLEX_RAM*))
                0x14000000                . = ALIGN (0x8)
                [!provide]                PROVIDE (__end_data_RAM3, .)

.uninit_RESERVED
                0x20000000        0x0
 *(SORT_BY_ALIGNMENT(.bss.$RESERVED*))
                0x20000000                . = ALIGN (0x4)
                0x20000000                _end_uninit_RESERVED = .

.data           0x20000000       0x60 load address 0x000014e0
 FILL mask 0xff
                0x20000000                _data = .
 *(SORT_BY_ALIGNMENT(vtable))
 *(SORT_BY_ALIGNMENT(.ramfunc*))
 *(SORT_BY_ALIGNMENT(.data*))
 .data.sourceBuffer
                0x20000000       0x20 ./source/App.o
                0x20000000                sourceBuffer
 .data.CMP_in_pins
                0x20000020        0x2 ./source/CMP.o
                0x20000020                CMP_in_pins
 *fill*         0x20000022        0x2 ff
 .data.CMP_out_pins
                0x20000024        0x2 ./source/CMP.o
                0x20000024                CMP_out_pins
 *fill*         0x20000026        0x2 ff
 .data.arrayP2CMP
                0x20000028        0xc ./source/CMP.o
                0x20000028                arrayP2CMP
 .data.arrayCMPirqs
                0x20000034        0x3 ./source/CMP.o
                0x20000034                arrayCMPirqs
 *fill*         0x20000037        0x1 ff
 .data.arrayP2FTM
                0x20000038       0x10 ./source/FTM.o
                0x20000038                arrayP2FTM
 .data.markersRXbuffer
                0x20000048       0x14 ./source/uart.o
                0x20000060                . = ALIGN (0x8)
 *fill*         0x2000005c        0x4 ff
                0x20000060                _edata = .

.igot.plt       0x20000060        0x0 load address 0x00001540
 .igot.plt      0x20000060        0x0 ./source/App.o

.bss_RAM2       0x1fff0000        0x0
                [!provide]                PROVIDE (__start_bss_RAM2, .)
 *(SORT_BY_ALIGNMENT(.bss.$RAM2*))
 *(SORT_BY_ALIGNMENT(.bss.$SRAM_LOWER*))
                0x1fff0000                . = ALIGN ((. != 0x0)?0x8:0x1)
                [!provide]                PROVIDE (__end_bss_RAM2, .)

.bss_RAM3       0x14000000        0x0
                [!provide]                PROVIDE (__start_bss_RAM3, .)
 *(SORT_BY_ALIGNMENT(.bss.$RAM3*))
 *(SORT_BY_ALIGNMENT(.bss.$FLEX_RAM*))
                0x14000000                . = ALIGN ((. != 0x0)?0x8:0x1)
                [!provide]                PROVIDE (__end_bss_RAM3, .)

.bss            0x20000060      0x488
                0x20000060                _bss = .
 *(SORT_BY_ALIGNMENT(.bss*))
 .bss.conf      0x20000060       0x18 ./source/App.o
                0x20000060                conf
 .bss.base      0x20000078        0x4 ./source/CMP.o
                0x20000078                base
 .bss.finished  0x2000007c       0x10 ./source/DMA.o
                0x2000007c                finished
 .bss.arrayFTMcallbacks
                0x2000008c       0x10 ./source/FTM.o
                0x2000008c                arrayFTMcallbacks
 .bss.pitFuns   0x2000009c       0x10 ./source/PIT.o
 .bss.sysTickFun
                0x200000ac        0x4 ./source/SysTick.o
                0x200000ac                sysTickFun
 .bss.RXbuffers
                0x200000b0       0x28 ./source/uart.o
 .bss.flagsReading
                0x200000d8        0x5 ./source/uart.o
 *fill*         0x200000dd        0x3 
 .bss.countersRXfailed
                0x200000e0        0x5 ./source/uart.o
 *fill*         0x200000e5        0x3 
 .bss.TXbuffers
                0x200000e8      0x3e8 ./source/uart.o
 .bss.outMarkersTXbuffer
                0x200004d0        0x5 ./source/uart.o
 *fill*         0x200004d5        0x3 
 .bss.lensTXbuffer
                0x200004d8        0x5 ./source/uart.o
 *fill*         0x200004dd        0x3 
 .bss.__LDM_interruptDisableCount
                0x200004e0        0x4 ./SDK/startup/hardware.o
 .bss.destiny   0x200004e4        0x2 ./source/App.o
                0x200004e4                destiny
 *(SORT_BY_ALIGNMENT(COMMON))
                0x200004e8                . = ALIGN (0x8)
 *fill*         0x200004e6        0x2 
                0x200004e8                _ebss = .
                [!provide]                PROVIDE (end, .)

.noinit_RAM2    0x1fff0000        0x0
 *(SORT_BY_ALIGNMENT(.noinit.$RAM2*))
 *(SORT_BY_ALIGNMENT(.noinit.$SRAM_LOWER*))
                0x1fff0000                . = ALIGN (0x8)

.noinit_RAM3    0x14000000        0x0
 *(SORT_BY_ALIGNMENT(.noinit.$RAM3*))
 *(SORT_BY_ALIGNMENT(.noinit.$FLEX_RAM*))
                0x14000000                . = ALIGN (0x8)

.noinit         0x200004e8        0x0
                0x200004e8                _noinit = .
 *(SORT_BY_ALIGNMENT(.noinit*))
                0x200004e8                . = ALIGN (0x8)
                0x200004e8                _end_noinit = .
                0x00001000                _HeapSize = 0x1000

.heap           0x200004e8     0x1000
                0x200004e8                _pvHeapStart = .
                0x200014e8                . = (. + _HeapSize)
 *fill*         0x200004e8     0x1000 
                0x200014e8                . = ALIGN (0x8)
                0x200014e8                _pvHeapLimit = .
                0x00001000                _StackSize = 0x1000

.heap2stackfill
                0x200014e8     0x1000
                0x200024e8                . = (. + _StackSize)
 *fill*         0x200014e8     0x1000 

.stack          0x2002f000        0x0
                0x2002f000                _vStackBase = .
                0x2002f000                . = ALIGN (0x8)
                0x20030000                _vStackTop = (. + _StackSize)
                0x00000000                _image_start = LOADADDR (.text)
                0x00001540                _image_end = (LOADADDR (.data) + SIZEOF (.data))
                0x00001540                _image_size = (_image_end - _image_start)
OUTPUT(CMPplusDMA.axf elf32-littlearm)

.debug_info     0x00000000     0x692d
 .debug_info    0x00000000      0xab2 ./source/App.o
 .debug_info    0x00000ab2      0x9a4 ./source/CMP.o
 .debug_info    0x00001456      0xb95 ./source/DMA.o
 .debug_info    0x00001feb      0x319 ./source/DMAMUX.o
 .debug_info    0x00002304      0xd47 ./source/FTM.o
 .debug_info    0x0000304b      0x970 ./source/PIT.o
 .debug_info    0x000039bb      0x522 ./source/SysTick.o
 .debug_info    0x00003edd      0x375 ./source/pinsHandler.o
 .debug_info    0x00004252     0x10c8 ./source/uart.o
 .debug_info    0x0000531a      0x675 ./SDK/startup/hardware.o
 .debug_info    0x0000598f       0xb7 ./SDK/startup/main.o
 .debug_info    0x00005a46       0x3b ./SDK/startup/semihost_hardfault.o
 .debug_info    0x00005a81      0x8b0 ./SDK/startup/startup_mk64f12.o
 .debug_info    0x00006331      0x5fc ./SDK/CMSIS/system_MK64F12.o

.debug_abbrev   0x00000000     0x167e
 .debug_abbrev  0x00000000      0x234 ./source/App.o
 .debug_abbrev  0x00000234      0x221 ./source/CMP.o
 .debug_abbrev  0x00000455      0x25b ./source/DMA.o
 .debug_abbrev  0x000006b0      0x11d ./source/DMAMUX.o
 .debug_abbrev  0x000007cd      0x29a ./source/FTM.o
 .debug_abbrev  0x00000a67      0x203 ./source/PIT.o
 .debug_abbrev  0x00000c6a      0x1a5 ./source/SysTick.o
 .debug_abbrev  0x00000e0f      0x142 ./source/pinsHandler.o
 .debug_abbrev  0x00000f51      0x2ae ./source/uart.o
 .debug_abbrev  0x000011ff      0x138 ./SDK/startup/hardware.o
 .debug_abbrev  0x00001337       0x7d ./SDK/startup/main.o
 .debug_abbrev  0x000013b4       0x2f ./SDK/startup/semihost_hardfault.o
 .debug_abbrev  0x000013e3      0x15c ./SDK/startup/startup_mk64f12.o
 .debug_abbrev  0x0000153f      0x13f ./SDK/CMSIS/system_MK64F12.o

.debug_aranges  0x00000000      0x778
 .debug_aranges
                0x00000000       0x30 ./source/App.o
 .debug_aranges
                0x00000030       0x60 ./source/CMP.o
 .debug_aranges
                0x00000090       0x68 ./source/DMA.o
 .debug_aranges
                0x000000f8       0x30 ./source/DMAMUX.o
 .debug_aranges
                0x00000128       0x98 ./source/FTM.o
 .debug_aranges
                0x000001c0       0x70 ./source/PIT.o
 .debug_aranges
                0x00000230       0x30 ./source/SysTick.o
 .debug_aranges
                0x00000260       0x50 ./source/pinsHandler.o
 .debug_aranges
                0x000002b0       0xf8 ./source/uart.o
 .debug_aranges
                0x000003a8       0x30 ./SDK/startup/hardware.o
 .debug_aranges
                0x000003d8       0x20 ./SDK/startup/main.o
 .debug_aranges
                0x000003f8       0x20 ./SDK/startup/semihost_hardfault.o
 .debug_aranges
                0x00000418      0x330 ./SDK/startup/startup_mk64f12.o
 .debug_aranges
                0x00000748       0x30 ./SDK/CMSIS/system_MK64F12.o

.debug_ranges   0x00000000      0x6b8
 .debug_ranges  0x00000000       0x20 ./source/App.o
 .debug_ranges  0x00000020       0x50 ./source/CMP.o
 .debug_ranges  0x00000070       0x58 ./source/DMA.o
 .debug_ranges  0x000000c8       0x20 ./source/DMAMUX.o
 .debug_ranges  0x000000e8       0xa8 ./source/FTM.o
 .debug_ranges  0x00000190       0x60 ./source/PIT.o
 .debug_ranges  0x000001f0       0x20 ./source/SysTick.o
 .debug_ranges  0x00000210       0x40 ./source/pinsHandler.o
 .debug_ranges  0x00000250       0xe8 ./source/uart.o
 .debug_ranges  0x00000338       0x20 ./SDK/startup/hardware.o
 .debug_ranges  0x00000358       0x10 ./SDK/startup/main.o
 .debug_ranges  0x00000368       0x10 ./SDK/startup/semihost_hardfault.o
 .debug_ranges  0x00000378      0x320 ./SDK/startup/startup_mk64f12.o
 .debug_ranges  0x00000698       0x20 ./SDK/CMSIS/system_MK64F12.o

.debug_macro    0x00000000    0x11b46
 .debug_macro   0x00000000      0x140 ./source/App.o
 .debug_macro   0x00000140       0x1c ./source/App.o
 .debug_macro   0x0000015c       0x1c ./source/App.o
 .debug_macro   0x00000178      0x34e ./source/App.o
 .debug_macro   0x000004c6       0x22 ./source/App.o
 .debug_macro   0x000004e8       0x16 ./source/App.o
 .debug_macro   0x000004fe       0x22 ./source/App.o
 .debug_macro   0x00000520       0x52 ./source/App.o
 .debug_macro   0x00000572       0x17 ./source/App.o
 .debug_macro   0x00000589       0x8d ./source/App.o
 .debug_macro   0x00000616       0x35 ./source/App.o
 .debug_macro   0x0000064b       0x9c ./source/App.o
 .debug_macro   0x000006e7      0x174 ./source/App.o
 .debug_macro   0x0000085b       0x57 ./source/App.o
 .debug_macro   0x000008b2       0x58 ./source/App.o
 .debug_macro   0x0000090a       0x1f ./source/App.o
 .debug_macro   0x00000929       0x43 ./source/App.o
 .debug_macro   0x0000096c       0x20 ./source/App.o
 .debug_macro   0x0000098c      0x18e ./source/App.o
 .debug_macro   0x00000b1a      0x330 ./source/App.o
 .debug_macro   0x00000e4a      0x1e1 ./source/App.o
 .debug_macro   0x0000102b       0xae ./source/CMP.o
 .debug_macro   0x000010d9       0x5c ./source/CMP.o
 .debug_macro   0x00001135       0x1c ./source/CMP.o
 .debug_macro   0x00001151       0x22 ./source/CMP.o
 .debug_macro   0x00001173       0xdf ./source/CMP.o
 .debug_macro   0x00001252      0xecf ./source/CMP.o
 .debug_macro   0x00002121       0x48 ./source/CMP.o
 .debug_macro   0x00002169     0xe07b ./source/CMP.o
 .debug_macro   0x000101e4       0x22 ./source/CMP.o
 .debug_macro   0x00010206       0x8b ./source/DMA.o
 .debug_macro   0x00010291       0x81 ./source/DMAMUX.o
 .debug_macro   0x00010312       0xa1 ./source/FTM.o
 .debug_macro   0x000103b3       0x22 ./source/FTM.o
 .debug_macro   0x000103d5       0x9e ./source/PIT.o
 .debug_macro   0x00010473       0x10 ./source/PIT.o
 .debug_macro   0x00010483       0x96 ./source/SysTick.o
 .debug_macro   0x00010519       0x92 ./source/pinsHandler.o
 .debug_macro   0x000105ab      0x118 ./source/uart.o
 .debug_macro   0x000106c3       0x40 ./source/uart.o
 .debug_macro   0x00010703       0x10 ./source/uart.o
 .debug_macro   0x00010713     0x122b ./source/uart.o
 .debug_macro   0x0001193e       0x16 ./source/uart.o
 .debug_macro   0x00011954       0x9c ./SDK/startup/hardware.o
 .debug_macro   0x000119f0       0x9c ./SDK/startup/main.o
 .debug_macro   0x00011a8c       0x11 ./SDK/startup/semihost_hardfault.o
 .debug_macro   0x00011a9d       0x29 ./SDK/startup/startup_mk64f12.o
 .debug_macro   0x00011ac6       0x80 ./SDK/CMSIS/system_MK64F12.o

.debug_line     0x00000000     0x2278
 .debug_line    0x00000000      0x2bf ./source/App.o
 .debug_line    0x000002bf      0x202 ./source/CMP.o
 .debug_line    0x000004c1      0x21d ./source/DMA.o
 .debug_line    0x000006de      0x160 ./source/DMAMUX.o
 .debug_line    0x0000083e      0x2da ./source/FTM.o
 .debug_line    0x00000b18      0x296 ./source/PIT.o
 .debug_line    0x00000dae      0x178 ./source/SysTick.o
 .debug_line    0x00000f26      0x1b5 ./source/pinsHandler.o
 .debug_line    0x000010db      0x55c ./source/uart.o
 .debug_line    0x00001637      0x1d4 ./SDK/startup/hardware.o
 .debug_line    0x0000180b      0x175 ./SDK/startup/main.o
 .debug_line    0x00001980       0x59 ./SDK/startup/semihost_hardfault.o
 .debug_line    0x000019d9      0x6d8 ./SDK/startup/startup_mk64f12.o
 .debug_line    0x000020b1      0x1c7 ./SDK/CMSIS/system_MK64F12.o

.debug_str      0x00000000    0x7cdde
 .debug_str     0x00000000     0x73a3 ./source/App.o
                               0x7650 (size before relaxing)
 .debug_str     0x000073a3    0x6d4ca ./source/CMP.o
                              0x70d5f (size before relaxing)
 .debug_str     0x0007486d      0x302 ./source/DMA.o
                              0x70e76 (size before relaxing)
 .debug_str     0x00074b6f       0x60 ./source/DMAMUX.o
                              0x705c4 (size before relaxing)
 .debug_str     0x00074bcf      0x517 ./source/FTM.o
                              0x7108e (size before relaxing)
 .debug_str     0x000750e6      0x18f ./source/PIT.o
                              0x70c82 (size before relaxing)
 .debug_str     0x00075275       0xab ./source/SysTick.o
                              0x70db0 (size before relaxing)
 .debug_str     0x00075320       0xc1 ./source/pinsHandler.o
                              0x70619 (size before relaxing)
 .debug_str     0x000753e1     0x7162 ./source/uart.o
                              0x77cea (size before relaxing)
 .debug_str     0x0007c543      0x16f ./SDK/startup/hardware.o
                              0x771f9 (size before relaxing)
 .debug_str     0x0007c6b2       0x1b ./SDK/startup/main.o
                              0x76fcd (size before relaxing)
 .debug_str     0x0007c6cd       0x36 ./SDK/startup/semihost_hardfault.o
                               0x2d36 (size before relaxing)
 .debug_str     0x0007c703      0x679 ./SDK/startup/startup_mk64f12.o
                               0x35a4 (size before relaxing)
 .debug_str     0x0007cd7c       0x62 ./SDK/CMSIS/system_MK64F12.o
                              0x77108 (size before relaxing)

.comment        0x00000000       0x7e
 .comment       0x00000000       0x7e ./source/App.o
                                 0x7f (size before relaxing)
 .comment       0x0000007e       0x7f ./source/CMP.o
 .comment       0x0000007e       0x7f ./source/DMA.o
 .comment       0x0000007e       0x7f ./source/DMAMUX.o
 .comment       0x0000007e       0x7f ./source/FTM.o
 .comment       0x0000007e       0x7f ./source/PIT.o
 .comment       0x0000007e       0x7f ./source/SysTick.o
 .comment       0x0000007e       0x7f ./source/pinsHandler.o
 .comment       0x0000007e       0x7f ./source/uart.o
 .comment       0x0000007e       0x7f ./SDK/startup/hardware.o
 .comment       0x0000007e       0x7f ./SDK/startup/main.o
 .comment       0x0000007e       0x7f ./SDK/startup/semihost_hardfault.o
 .comment       0x0000007e       0x7f ./SDK/startup/startup_mk64f12.o
 .comment       0x0000007e       0x7f ./SDK/CMSIS/system_MK64F12.o

.ARM.attributes
                0x00000000       0x39
 .ARM.attributes
                0x00000000       0x39 ./source/App.o
 .ARM.attributes
                0x00000039       0x39 ./source/CMP.o
 .ARM.attributes
                0x00000072       0x39 ./source/DMA.o
 .ARM.attributes
                0x000000ab       0x39 ./source/DMAMUX.o
 .ARM.attributes
                0x000000e4       0x39 ./source/FTM.o
 .ARM.attributes
                0x0000011d       0x39 ./source/PIT.o
 .ARM.attributes
                0x00000156       0x39 ./source/SysTick.o
 .ARM.attributes
                0x0000018f       0x39 ./source/pinsHandler.o
 .ARM.attributes
                0x000001c8       0x39 ./source/uart.o
 .ARM.attributes
                0x00000201       0x39 ./SDK/startup/hardware.o
 .ARM.attributes
                0x0000023a       0x39 ./SDK/startup/main.o
 .ARM.attributes
                0x00000273       0x39 ./SDK/startup/semihost_hardfault.o
 .ARM.attributes
                0x000002ac       0x39 ./SDK/startup/startup_mk64f12.o
 .ARM.attributes
                0x000002e5       0x39 ./SDK/CMSIS/system_MK64F12.o

.debug_frame    0x00000000     0x1754
 .debug_frame   0x00000000       0x78 ./source/App.o
 .debug_frame   0x00000078      0x154 ./source/CMP.o
 .debug_frame   0x000001cc      0x154 ./source/DMA.o
 .debug_frame   0x00000320       0x74 ./source/DMAMUX.o
 .debug_frame   0x00000394      0x250 ./source/FTM.o
 .debug_frame   0x000005e4      0x190 ./source/PIT.o
 .debug_frame   0x00000774       0x78 ./source/SysTick.o
 .debug_frame   0x000007ec      0x128 ./source/pinsHandler.o
 .debug_frame   0x00000914      0x40c ./source/uart.o
 .debug_frame   0x00000d20       0x70 ./SDK/startup/hardware.o
 .debug_frame   0x00000d90       0x2c ./SDK/startup/main.o
 .debug_frame   0x00000dbc       0x20 ./SDK/startup/semihost_hardfault.o
 .debug_frame   0x00000ddc      0x904 ./SDK/startup/startup_mk64f12.o
 .debug_frame   0x000016e0       0x74 ./SDK/CMSIS/system_MK64F12.o
