   1              		.cpu cortex-m4
   2              		.eabi_attribute 27, 1
   3              		.eabi_attribute 28, 1
   4              		.eabi_attribute 20, 1
   5              		.eabi_attribute 21, 1
   6              		.eabi_attribute 23, 3
   7              		.eabi_attribute 24, 1
   8              		.eabi_attribute 25, 1
   9              		.eabi_attribute 26, 1
  10              		.eabi_attribute 30, 6
  11              		.eabi_attribute 34, 1
  12              		.eabi_attribute 18, 4
  13              		.file	"main.c"
  14              		.text
  15              	.Ltext0:
  16              		.cfi_sections	.debug_frame
  17              		.section	.bss.adc_data,"aw",%nobits
  18              		.align	1
  21              	adc_data:
  22 0000 0000     		.space	2
  23              		.global	__aeabi_i2d
  24              		.global	__aeabi_dmul
  25              		.global	__aeabi_f2d
  26              		.global	__aeabi_ddiv
  27              		.global	__aeabi_d2f
  28              		.section	.text.main,"ax",%progbits
  29              		.align	1
  30              		.global	main
  31              		.syntax unified
  32              		.thumb
  33              		.thumb_func
  34              		.fpu fpv4-sp-d16
  36              	main:
  37              	.LFB123:
  38              		.file 1 "../source/main.c"
   1:../source/main.c **** /*
   2:../source/main.c ****  * main.c
   3:../source/main.c ****  *
   4:../source/main.c ****  *  Created on: May 1, 2015
   5:../source/main.c ****  *      Author: Juan Pablo VEGA - Laboratorio de Microprocesadores
   6:../source/main.c ****  */
   7:../source/main.c **** 
   8:../source/main.c **** #include "hardware.h"
   9:../source/main.c **** #include <math.h>
  10:../source/main.c **** #include <stdint.h>
  11:../source/main.c **** #include "FSK_Demodulator.h"
  12:../source/main.c **** #include "DAC.h"
  13:../source/main.c **** #include "ADC.h"
  14:../source/main.c **** 
  15:../source/main.c **** #define PI 3.14159
  16:../source/main.c **** #define SIZE 45
  17:../source/main.c **** 
  18:../source/main.c **** #define __FOREVER__ 	for(;;)
  19:../source/main.c **** 
  20:../source/main.c **** void adc_func(void);
  21:../source/main.c **** 
  22:../source/main.c **** 
  23:../source/main.c **** static ADC_Data_t adc_data;
  24:../source/main.c **** 
  25:../source/main.c **** int main (void)
  26:../source/main.c **** {
  39              		.loc 1 26 0
  40              		.cfi_startproc
  41              		@ args = 0, pretend = 0, frame = 200
  42              		@ frame_needed = 1, uses_anonymous_args = 0
  43 0000 B0B5     		push	{r4, r5, r7, lr}
  44              		.cfi_def_cfa_offset 16
  45              		.cfi_offset 4, -16
  46              		.cfi_offset 5, -12
  47              		.cfi_offset 7, -8
  48              		.cfi_offset 14, -4
  49 0002 B2B0     		sub	sp, sp, #200
  50              		.cfi_def_cfa_offset 216
  51 0004 00AF     		add	r7, sp, #0
  52              		.cfi_def_cfa_register 7
  27:../source/main.c **** 
  28:../source/main.c **** 	float vector[SIZE];
  29:../source/main.c **** 	int i =0;
  53              		.loc 1 29 0
  54 0006 0023     		movs	r3, #0
  55 0008 C7F8C430 		str	r3, [r7, #196]
  30:../source/main.c **** 	float sample_freq = 12000;
  56              		.loc 1 30 0
  57 000c 364B     		ldr	r3, .L5+8
  58 000e C7F8C030 		str	r3, [r7, #192]	@ float
  31:../source/main.c **** 	int f = 2200;
  59              		.loc 1 31 0
  60 0012 40F69803 		movw	r3, #2200
  61 0016 C7F8BC30 		str	r3, [r7, #188]
  32:../source/main.c **** 	DemodulatorInit(sample_freq);
  62              		.loc 1 32 0
  63 001a D7ED307A 		vldr.32	s15, [r7, #192]
  64 001e FCEEE77A 		vcvt.u32.f32	s15, s15
  65 0022 17EE900A 		vmov	r0, s15	@ int
  66 0026 FFF7FEFF 		bl	DemodulatorInit
  33:../source/main.c **** 	float amplitude = 100;
  67              		.loc 1 33 0
  68 002a 304B     		ldr	r3, .L5+12
  69 002c C7F8B830 		str	r3, [r7, #184]	@ float
  34:../source/main.c **** 	for(i=0; i<SIZE; i++)
  70              		.loc 1 34 0
  71 0030 0023     		movs	r3, #0
  72 0032 C7F8C430 		str	r3, [r7, #196]
  73 0036 42E0     		b	.L2
  74              	.L3:
  35:../source/main.c **** 	{
  36:../source/main.c **** 		vector[i] = sin( (2*PI*f*i)/sample_freq );
  75              		.loc 1 36 0 discriminator 3
  76 0038 D7F8BC00 		ldr	r0, [r7, #188]
  77 003c FFF7FEFF 		bl	__aeabi_i2d
  78              	.LVL0:
  79 0040 27A3     		adr	r3, .L5
  80 0042 D3E90023 		ldrd	r2, [r3]
  81 0046 FFF7FEFF 		bl	__aeabi_dmul
  82              	.LVL1:
  83 004a 0346     		mov	r3, r0
  84 004c 0C46     		mov	r4, r1
  85 004e 2546     		mov	r5, r4
  86 0050 1C46     		mov	r4, r3
  87 0052 D7F8C400 		ldr	r0, [r7, #196]
  88 0056 FFF7FEFF 		bl	__aeabi_i2d
  89              	.LVL2:
  90 005a 0246     		mov	r2, r0
  91 005c 0B46     		mov	r3, r1
  92 005e 2046     		mov	r0, r4
  93 0060 2946     		mov	r1, r5
  94 0062 FFF7FEFF 		bl	__aeabi_dmul
  95              	.LVL3:
  96 0066 0346     		mov	r3, r0
  97 0068 0C46     		mov	r4, r1
  98 006a 2546     		mov	r5, r4
  99 006c 1C46     		mov	r4, r3
 100 006e D7F8C000 		ldr	r0, [r7, #192]	@ float
 101 0072 FFF7FEFF 		bl	__aeabi_f2d
 102              	.LVL4:
 103 0076 0246     		mov	r2, r0
 104 0078 0B46     		mov	r3, r1
 105 007a 2046     		mov	r0, r4
 106 007c 2946     		mov	r1, r5
 107 007e FFF7FEFF 		bl	__aeabi_ddiv
 108              	.LVL5:
 109 0082 0346     		mov	r3, r0
 110 0084 0C46     		mov	r4, r1
 111 0086 44EC173B 		vmov	d7, r3, r4
 112 008a B0EE470A 		vmov.f32	s0, s14
 113 008e F0EE670A 		vmov.f32	s1, s15
 114 0092 FFF7FEFF 		bl	sin
 115 0096 54EC103B 		vmov	r3, r4, d0
 116 009a 1846     		mov	r0, r3
 117 009c 2146     		mov	r1, r4
 118 009e FFF7FEFF 		bl	__aeabi_d2f
 119              	.LVL6:
 120 00a2 0246     		mov	r2, r0	@ float
 121 00a4 D7F8C430 		ldr	r3, [r7, #196]
 122 00a8 9B00     		lsls	r3, r3, #2
 123 00aa 07F1C801 		add	r1, r7, #200
 124 00ae 0B44     		add	r3, r3, r1
 125 00b0 C43B     		subs	r3, r3, #196
 126 00b2 1A60     		str	r2, [r3]	@ float
  34:../source/main.c **** 	for(i=0; i<SIZE; i++)
 127              		.loc 1 34 0 discriminator 3
 128 00b4 D7F8C430 		ldr	r3, [r7, #196]
 129 00b8 0133     		adds	r3, r3, #1
 130 00ba C7F8C430 		str	r3, [r7, #196]
 131              	.L2:
  34:../source/main.c **** 	for(i=0; i<SIZE; i++)
 132              		.loc 1 34 0 is_stmt 0 discriminator 1
 133 00be D7F8C430 		ldr	r3, [r7, #196]
 134 00c2 2C2B     		cmp	r3, #44
 135 00c4 B8DD     		ble	.L3
  37:../source/main.c **** 	}
  38:../source/main.c **** 
  39:../source/main.c **** 	DemodulateSignal(vector, SIZE);
 136              		.loc 1 39 0 is_stmt 1
 137 00c6 3B1D     		adds	r3, r7, #4
 138 00c8 2D21     		movs	r1, #45
 139 00ca 1846     		mov	r0, r3
 140 00cc FFF7FEFF 		bl	DemodulateSignal
 141 00d0 0023     		movs	r3, #0
  40:../source/main.c **** 
  41:../source/main.c **** 
  42:../source/main.c **** 
  43:../source/main.c **** }
 142              		.loc 1 43 0
 143 00d2 1846     		mov	r0, r3
 144 00d4 C837     		adds	r7, r7, #200
 145              		.cfi_def_cfa_offset 16
 146 00d6 BD46     		mov	sp, r7
 147              		.cfi_def_cfa_register 13
 148              		@ sp needed
 149 00d8 B0BD     		pop	{r4, r5, r7, pc}
 150              	.L6:
 151 00da 00BFAFF3 		.align	3
 151      0080
 152              	.L5:
 153 00e0 6E861BF0 		.word	-266631570
 154 00e4 F9211940 		.word	1075388921
 155 00e8 00803B46 		.word	1178304512
 156 00ec 0000C842 		.word	1120403456
 157              		.cfi_endproc
 158              	.LFE123:
 160              		.text
 161              	.Letext0:
 162              		.file 2 "c:\\nxp\\mcuxpressoide_10.2.0_759\\ide\\tools\\redlib\\include\\sys\\libconfig-arm.h"
 163              		.file 3 "c:\\nxp\\mcuxpressoide_10.2.0_759\\ide\\tools\\redlib\\include\\stdint.h"
 164              		.file 4 "C:\\Users\\HP\\source\\repos\\TP3-LABmicros\\projectsTP3\\FSKprueba\\CMSIS/core_cm4.h"
 165              		.file 5 "C:\\Users\\HP\\source\\repos\\TP3-LABmicros\\projectsTP3\\FSKprueba\\CMSIS/system_MK64F12
 166              		.file 6 "c:\\nxp\\mcuxpressoide_10.2.0_759\\ide\\tools\\redlib\\include\\math.h"
 167              		.file 7 "../source/ADC.h"
DEFINED SYMBOLS
                            *ABS*:00000000 main.c
C:\Users\HP\AppData\Local\Temp\ccj2DwSX.s:18     .bss.adc_data:00000000 $d
C:\Users\HP\AppData\Local\Temp\ccj2DwSX.s:21     .bss.adc_data:00000000 adc_data
C:\Users\HP\AppData\Local\Temp\ccj2DwSX.s:29     .text.main:00000000 $t
C:\Users\HP\AppData\Local\Temp\ccj2DwSX.s:36     .text.main:00000000 main
C:\Users\HP\AppData\Local\Temp\ccj2DwSX.s:153    .text.main:000000e0 $d
                           .group:00000000 wm4.0.33db8b643112917ec54934b4f2c2f387
                           .group:00000000 wm4.redlib_version.h.16.f905717e4b3a91dcbdbb631865150df4
                           .group:00000000 wm4.libconfigarm.h.18.1ad1d24f96d0dc8c4cf52dc19b0aa2c7
                           .group:00000000 wm4.stdint.h.30.079ac5d9930c76ab215c1ab68adcbe08
                           .group:00000000 wm4.stdbool.h.15.fddf1cb2402fd739d8e2516677869231
                           .group:00000000 wm4.fsl_device_registers.h.32.f10b25a7fd7ad45b9a40904c33f28816
                           .group:00000000 wm4.MK64F12.h.105.e884e5c80776532d2ec0f5c21e2ea7cb
                           .group:00000000 wm4.core_cm4.h.42.42f38327ee0970d80f60117e6a3ba2b0
                           .group:00000000 wm4.cmsis_gcc.h.36.39970cb43ce4b53c82644a1f9bc2eab9
                           .group:00000000 wm4.core_cm4.h.223.7b48c9958ef5573320c4765074c8b0ce
                           .group:00000000 wm4.system_MK64F12.h.109.c6d21568e03be21b21c922eb7345d6e3
                           .group:00000000 wm4.MK64F12.h.475.cafa8e1e521f96f0b72de286863a6df7
                           .group:00000000 wm4.MK64F12_features.h.92.512cea46d882153168efeec0bc3a9da7
                           .group:00000000 wm4.hardware.h.27.0531344360c1b4ef1fba1263e2a4c488
                           .group:00000000 wm4.math.h.9.e0fac7c18ffc4430a3b17b4c6aa65d4f
                           .group:00000000 wm4.DAC.h.9.a0a8b96f131343e08c8609ae233571d2

UNDEFINED SYMBOLS
__aeabi_i2d
__aeabi_dmul
__aeabi_f2d
__aeabi_ddiv
__aeabi_d2f
DemodulatorInit
sin
DemodulateSignal
