   1              		.cpu cortex-m4
   2              		.eabi_attribute 27, 1
   3              		.eabi_attribute 28, 1
   4              		.eabi_attribute 20, 1
   5              		.eabi_attribute 21, 1
   6              		.eabi_attribute 23, 3
   7              		.eabi_attribute 24, 1
   8              		.eabi_attribute 25, 1
   9              		.eabi_attribute 26, 1
  10              		.eabi_attribute 30, 6
  11              		.eabi_attribute 34, 1
  12              		.eabi_attribute 18, 4
  13              		.file	"main.c"
  14              		.text
  15              	.Ltext0:
  16              		.cfi_sections	.debug_frame
  17              		.section	.bss.adc_data,"aw",%nobits
  18              		.align	1
  21              	adc_data:
  22 0000 0000     		.space	2
  23              		.section	.text.main,"ax",%progbits
  24              		.align	1
  25              		.global	main
  26              		.syntax unified
  27              		.thumb
  28              		.thumb_func
  29              		.fpu fpv4-sp-d16
  31              	main:
  32              	.LFB123:
  33              		.file 1 "../source/main.c"
   1:../source/main.c **** /*
   2:../source/main.c ****  * main.c
   3:../source/main.c ****  *
   4:../source/main.c ****  *  Created on: May 1, 2015
   5:../source/main.c ****  *      Author: Juan Pablo VEGA - Laboratorio de Microprocesadores
   6:../source/main.c ****  */
   7:../source/main.c **** 
   8:../source/main.c **** #include "hardware.h"
   9:../source/main.c **** #include <math.h>
  10:../source/main.c **** #include <stdint.h>
  11:../source/main.c **** #include "FSK_Demodulator.h"
  12:../source/main.c **** #include "DAC.h"
  13:../source/main.c **** #include "ADC.h"
  14:../source/main.c **** 
  15:../source/main.c **** #define PI 3.14159
  16:../source/main.c **** #define SIZE 20
  17:../source/main.c **** 
  18:../source/main.c **** #define __FOREVER__ 	for(;;)
  19:../source/main.c **** 
  20:../source/main.c **** void adc_func(void);
  21:../source/main.c **** 
  22:../source/main.c **** 
  23:../source/main.c **** static ADC_Data_t adc_data;
  24:../source/main.c **** 
  25:../source/main.c **** int main (void)
  26:../source/main.c **** {
  34              		.loc 1 26 0
  35              		.cfi_startproc
  36              		@ args = 0, pretend = 0, frame = 96
  37              		@ frame_needed = 1, uses_anonymous_args = 0
  38 0000 80B5     		push	{r7, lr}
  39              		.cfi_def_cfa_offset 8
  40              		.cfi_offset 7, -8
  41              		.cfi_offset 14, -4
  42 0002 98B0     		sub	sp, sp, #96
  43              		.cfi_def_cfa_offset 104
  44 0004 00AF     		add	r7, sp, #0
  45              		.cfi_def_cfa_register 7
  27:../source/main.c **** 
  28:../source/main.c **** 	float vector[SIZE];
  29:../source/main.c **** 	int i =0;
  46              		.loc 1 29 0
  47 0006 0023     		movs	r3, #0
  48 0008 FB65     		str	r3, [r7, #92]
  30:../source/main.c **** 	uint32_t sample_freq = 12000;
  49              		.loc 1 30 0
  50 000a 42F6E063 		movw	r3, #12000
  51 000e BB65     		str	r3, [r7, #88]
  31:../source/main.c **** 	int f = 1200;
  52              		.loc 1 31 0
  53 0010 4FF49663 		mov	r3, #1200
  54 0014 7B65     		str	r3, [r7, #84]
  32:../source/main.c **** 	DemodulatorInit(sample_freq);
  55              		.loc 1 32 0
  56 0016 B86D     		ldr	r0, [r7, #88]
  57 0018 FFF7FEFF 		bl	DemodulatorInit
  33:../source/main.c **** 	float amplitude = 100;
  58              		.loc 1 33 0
  59 001c 0E4B     		ldr	r3, .L5
  60 001e 3B65     		str	r3, [r7, #80]	@ float
  34:../source/main.c **** 	for(i=0; i<SIZE; i++)
  61              		.loc 1 34 0
  62 0020 0023     		movs	r3, #0
  63 0022 FB65     		str	r3, [r7, #92]
  64 0024 0AE0     		b	.L2
  65              	.L3:
  35:../source/main.c **** 	{
  36:../source/main.c **** 		vector[i] = 1000;
  66              		.loc 1 36 0 discriminator 3
  67 0026 FB6D     		ldr	r3, [r7, #92]
  68 0028 9B00     		lsls	r3, r3, #2
  69 002a 07F16002 		add	r2, r7, #96
  70 002e 1344     		add	r3, r3, r2
  71 0030 603B     		subs	r3, r3, #96
  72 0032 0A4A     		ldr	r2, .L5+4
  73 0034 1A60     		str	r2, [r3]	@ float
  34:../source/main.c **** 	for(i=0; i<SIZE; i++)
  74              		.loc 1 34 0 discriminator 3
  75 0036 FB6D     		ldr	r3, [r7, #92]
  76 0038 0133     		adds	r3, r3, #1
  77 003a FB65     		str	r3, [r7, #92]
  78              	.L2:
  34:../source/main.c **** 	for(i=0; i<SIZE; i++)
  79              		.loc 1 34 0 is_stmt 0 discriminator 1
  80 003c FB6D     		ldr	r3, [r7, #92]
  81 003e 132B     		cmp	r3, #19
  82 0040 F1DD     		ble	.L3
  37:../source/main.c **** 	}
  38:../source/main.c **** 
  39:../source/main.c **** 	DemodulateSignal(vector, SIZE);
  83              		.loc 1 39 0 is_stmt 1
  84 0042 3B46     		mov	r3, r7
  85 0044 1421     		movs	r1, #20
  86 0046 1846     		mov	r0, r3
  87 0048 FFF7FEFF 		bl	DemodulateSignal
  88 004c 0023     		movs	r3, #0
  40:../source/main.c **** 
  41:../source/main.c **** 
  42:../source/main.c **** 
  43:../source/main.c **** }
  89              		.loc 1 43 0
  90 004e 1846     		mov	r0, r3
  91 0050 6037     		adds	r7, r7, #96
  92              		.cfi_def_cfa_offset 8
  93 0052 BD46     		mov	sp, r7
  94              		.cfi_def_cfa_register 13
  95              		@ sp needed
  96 0054 80BD     		pop	{r7, pc}
  97              	.L6:
  98 0056 00BF     		.align	2
  99              	.L5:
 100 0058 0000C842 		.word	1120403456
 101 005c 00007A44 		.word	1148846080
 102              		.cfi_endproc
 103              	.LFE123:
 105              		.text
 106              	.Letext0:
 107              		.file 2 "c:\\nxp\\mcuxpressoide_10.2.0_759\\ide\\tools\\redlib\\include\\sys\\libconfig-arm.h"
 108              		.file 3 "c:\\nxp\\mcuxpressoide_10.2.0_759\\ide\\tools\\redlib\\include\\stdint.h"
 109              		.file 4 "C:\\Users\\HP\\source\\repos\\TP3-LABmicros\\projectsTP3\\FSKprueba\\CMSIS/core_cm4.h"
 110              		.file 5 "C:\\Users\\HP\\source\\repos\\TP3-LABmicros\\projectsTP3\\FSKprueba\\CMSIS/system_MK64F12
 111              		.file 6 "c:\\nxp\\mcuxpressoide_10.2.0_759\\ide\\tools\\redlib\\include\\math.h"
 112              		.file 7 "../source/ADC.h"
DEFINED SYMBOLS
                            *ABS*:00000000 main.c
C:\Users\HP\AppData\Local\Temp\ccUzFBYN.s:18     .bss.adc_data:00000000 $d
C:\Users\HP\AppData\Local\Temp\ccUzFBYN.s:21     .bss.adc_data:00000000 adc_data
C:\Users\HP\AppData\Local\Temp\ccUzFBYN.s:24     .text.main:00000000 $t
C:\Users\HP\AppData\Local\Temp\ccUzFBYN.s:31     .text.main:00000000 main
C:\Users\HP\AppData\Local\Temp\ccUzFBYN.s:100    .text.main:00000058 $d
                           .group:00000000 wm4.0.33db8b643112917ec54934b4f2c2f387
                           .group:00000000 wm4.redlib_version.h.16.f905717e4b3a91dcbdbb631865150df4
                           .group:00000000 wm4.libconfigarm.h.18.1ad1d24f96d0dc8c4cf52dc19b0aa2c7
                           .group:00000000 wm4.stdint.h.30.079ac5d9930c76ab215c1ab68adcbe08
                           .group:00000000 wm4.stdbool.h.15.fddf1cb2402fd739d8e2516677869231
                           .group:00000000 wm4.fsl_device_registers.h.32.f10b25a7fd7ad45b9a40904c33f28816
                           .group:00000000 wm4.MK64F12.h.105.e884e5c80776532d2ec0f5c21e2ea7cb
                           .group:00000000 wm4.core_cm4.h.42.42f38327ee0970d80f60117e6a3ba2b0
                           .group:00000000 wm4.cmsis_gcc.h.36.39970cb43ce4b53c82644a1f9bc2eab9
                           .group:00000000 wm4.core_cm4.h.223.7b48c9958ef5573320c4765074c8b0ce
                           .group:00000000 wm4.system_MK64F12.h.109.c6d21568e03be21b21c922eb7345d6e3
                           .group:00000000 wm4.MK64F12.h.475.cafa8e1e521f96f0b72de286863a6df7
                           .group:00000000 wm4.MK64F12_features.h.92.512cea46d882153168efeec0bc3a9da7
                           .group:00000000 wm4.hardware.h.27.0531344360c1b4ef1fba1263e2a4c488
                           .group:00000000 wm4.math.h.9.e0fac7c18ffc4430a3b17b4c6aa65d4f
                           .group:00000000 wm4.DAC.h.9.a0a8b96f131343e08c8609ae233571d2

UNDEFINED SYMBOLS
DemodulatorInit
DemodulateSignal
